06-08 16:22:35.869: I/System.out(10218): Command Executed TECH 01 1F
06-08 16:22:36.017: W/bt_hci_packet_fragmenter(9553): reassemble_and_dispatch complete l2cap packet received:l2cap full length 6 and hci length 14.
06-08 16:22:36.021: W/bt_hci_packet_fragmenter(9553): reassemble_and_dispatch complete l2cap packet received:l2cap full length 6 and hci length 14.
06-08 16:22:36.022: W/bt_hci_packet_fragmenter(9553): reassemble_and_dispatch complete l2cap packet received:l2cap full length 6 and hci length 14.
06-08 16:22:36.024: W/bt_hci_packet_fragmenter(9553): reassemble_and_dispatch complete l2cap packet received:l2cap full length 6 and hci length 14.
06-08 16:22:36.025: W/bt_hci_packet_fragmenter(9553): reassemble_and_dispatch complete l2cap packet received:l2cap full length 16 and hci length 24.
06-08 16:22:36.082: I/System.out(10218): DATA from OBD TECH 411F0056
06-08 16:22:36.087: D/com.obd.reader.io.ObdGatewayService(10218): Taking job[47/2] from queue..
06-08 16:22:36.087: D/com.obd.reader.io.ObdGatewayService(10218): Job state is NEW. Run it..
06-08 16:22:36.087: I/System.out(10218): Command Executed TECH 01 10
06-08 16:22:36.136: W/bt_hci_packet_fragmenter(9553): reassemble_and_dispatch complete l2cap packet received:l2cap full length 6 and hci length 14.
06-08 16:22:36.373: W/bt_hci_packet_fragmenter(9553): reassemble_and_dispatch complete l2cap packet received:l2cap full length 7 and hci length 15.
06-08 16:22:36.375: W/bt_hci_packet_fragmenter(9553): reassemble_and_dispatch complete l2cap packet received:l2cap full length 6 and hci length 14.
06-08 16:22:36.379: W/bt_hci_packet_fragmenter(9553): reassemble_and_dispatch complete l2cap packet received:l2cap full length 6 and hci length 14.
06-08 16:22:36.381: W/bt_hci_packet_fragmenter(9553): reassemble_and_dispatch complete l2cap packet received:l2cap full length 6 and hci length 14.
06-08 16:22:36.382: W/bt_hci_packet_fragmenter(9553): reassemble_and_dispatch complete l2cap packet received:l2cap full length 10 and hci length 18.
06-08 16:22:36.383: I/System.out(10218): DATA from OBD TECH NODATA
06-08 16:22:36.388: E/com.obd.reader.io.ObdGatewayService(10218): Failed to run command. -> Error running 01 10, response: NODATA
06-08 16:22:36.388: D/com.obd.reader.io.ObdGatewayService(10218): Taking job[48/1] from queue..
06-08 16:22:36.388: D/com.obd.reader.io.ObdGatewayService(10218): Job state is NEW. Run it..
06-08 16:22:36.389: I/System.out(10218): Command Executed TECH 01 11
06-08 16:22:36.491: W/bt_hci_packet_fragmenter(9553): reassemble_and_dispatch complete l2cap packet received:l2cap full length 7 and hci length 15.
06-08 16:22:36.493: W/bt_hci_packet_fragmenter(9553): reassemble_and_dispatch complete l2cap packet received:l2cap full length 6 and hci length 14.
06-08 16:22:36.494: W/bt_hci_packet_fragmenter(9553): reassemble_and_dispatch complete l2cap packet received:l2cap full length 6 and hci length 14.
06-08 16:22:36.499: W/bt_hci_packet_fragmenter(9553): reassemble_and_dispatch complete l2cap packet received:l2cap full length 6 and hci length 14.
06-08 16:22:36.501: W/bt_hci_packet_fragmenter(9553): reassemble_and_dispatch complete l2cap packet received:l2cap full length 12 and hci length 20.
06-08 16:22:36.592: I/System.out(10218): DATA from OBD TECH 41110D
06-08 16:22:36.596: D/com.obd.reader.io.ObdGatewayService(10218): Taking job[49/0] from queue..
06-08 16:22:36.596: D/com.obd.reader.io.ObdGatewayService(10218): Job state is NEW. Run it..
06-08 16:22:36.597: I/System.out(10218): Command Executed TECH 01 0D 1
06-08 16:22:36.610: W/bt_hci_packet_fragmenter(9553): reassemble_and_dispatch complete l2cap packet received:l2cap full length 6 and hci length 14.
06-08 16:22:36.610: W/bt_hci_packet_fragmenter(9553): reassemble_and_dispatch complete l2cap packet received:l2cap full length 6 and hci length 14.
06-08 16:22:36.610: W/bt_hci_packet_fragmenter(9553): reassemble_and_dispatch complete l2cap packet received:l2cap full length 7 and hci length 15.
06-08 16:22:36.611: W/bt_hci_packet_fragmenter(9553): reassemble_and_dispatch complete l2cap packet received:l2cap full length 7 and hci length 15.
06-08 16:22:36.612: W/bt_hci_packet_fragmenter(9553): reassemble_and_dispatch complete l2cap packet received:l2cap full length 8 and hci length 16.
06-08 16:22:36.613: W/bt_hci_packet_fragmenter(9553): reassemble_and_dispatch complete l2cap packet received:l2cap full length 8 and hci length 16.
06-08 16:22:36.809: I/System.out(10218): DATA from OBD TECH 410D00
06-08 16:22:36.815: I/System.out(10218): ((MainActivity) ctx).commandResult {MAF=NODATA, ENGINE_RPM=0RPM, SPEED=0km/h, THROTTLE_POS=5.1%, ENGINE_LOAD=0.0%, TROUBLE_CODES=4300, ENGINE_RUNTIME=00:01:26}
06-08 16:22:36.816: I/System.out(10218): Unable to find float  value for 
06-08 16:22:36.819: D/GPS Enabled(10218): GPS Enabled
06-08 16:22:36.820: D/Network(10218): Network
06-08 16:22:36.823: I/System.out(10218): MSG 0.0,0.0,0.0,5.099999904632568,0.0,0.0,0.0,352494060195210,,,1496919156818
06-08 16:22:36.825: D/com.obd.activity.MainActivity(10218): throttle,vss,rpm 5.099999904632568,0.0,0.0
06-08 16:22:36.827: I/System.out(10218): url  http://project-111.ind-cloud.everdata.com:8080/CenteralServer/pages/tiles/save.jsp?lngsend=&load_pct=0.0&temp=0.0&throttlepos=5.099999904632568&method=send&time=1496919156818&imei=352494060195210&latsend=&rpm=0.0&ctime=08-Jun-2017+16%3A22%3A36&maf=0.0&vss=0.0&iat=0.0
06-08 16:22:36.827: V/HttpView(10218): http://project-111.ind-cloud.everdata.com:8080/CenteralServer/pages/tiles/save.jsp?lngsend=&load_pct=0.0&temp=0.0&throttlepos=5.099999904632568&method=send&time=1496919156818&imei=352494060195210&latsend=&rpm=0.0&ctime=08-Jun-2017+16%3A22%3A36&maf=0.0&vss=0.0&iat=0.0
06-08 16:22:37.223: V/HttpView(10218): 0 DONE
06-08 16:22:37.224: V/HttpView(10218): HttpView.count 0
06-08 16:22:37.251: I/Gobi(445): vendor/qcom/proprietary/RIDL/RIDLClient/RIDLSQL.cpp:2500: GetTransState() EBADF
06-08 16:22:37.251: I/Gobi(445): vendor/qcom/proprietary/RIDL/RIDLClient/MainCore.cpp:1550: Failed to get TransState, rc 9
06-08 16:22:37.251: I/Gobi(445): vendor/qcom/proprietary/RIDL/RIDLClient/RIDLSQL.cpp:2500: GetTransState() EBADF
06-08 16:22:37.251: I/Gobi(445): vendor/qcom/proprietary/RIDL/RIDLClient/RIDLSQL.cpp:2500: GetTransState() EBADF
06-08 16:22:37.311: D/==FindMyPhone==(26284): 1496919157307
06-08 16:22:37.686: I/System.out(10218): In Aysnc
06-08 16:22:37.708: I/System.out(10218): Checking Connectivity With project-111.ind-cloud.everdata.com 80
06-08 16:22:38.017: I/TWILIGHT(4358): [16:22:38.017, main]: Accessibility skip 
06-08 16:22:38.040: I/ActivityManager(1043): Waited long enough for: ServiceRecord{ff47e86 u0 com.lenovo.anyshare.gps/com.lenovo.analytics.AnalyticsService}
06-08 16:22:38.184: I/System.out(10218):  Connecting to server true
06-08 16:22:38.216: W/InputMethodManagerService(1043): Window already focused, ignoring focus gain of: com.android.internal.view.IInputMethodClient$Stub$Proxy@4df63b7 attribute=null, token = android.os.BinderProxy@51e54d3
06-08 16:22:38.535: I/TWILIGHT(4358): [16:22:38.535, main]: Accessibility skip 
06-08 16:22:38.585: W/toolbox(13118): type=1400 audit(0.0:4235082): avc: denied { getattr } for path="/proc/1" dev="proc" ino=9224 scontext=u:r:untrusted_app:s0:c512,c768 tcontext=u:r:init:s0 tclass=dir permissive=0 ppid=13115 pcomm="sh" tgid=13115 tgcomm="sh"
06-08 16:22:38.585: W/toolbox(13118): type=1400 audit(0.0:4235083): avc: denied { search } for name="1" dev="proc" ino=9224 scontext=u:r:untrusted_app:s0:c512,c768 tcontext=u:r:init:s0 tclass=dir permissive=0 ppid=13115 pcomm="sh" tgid=13115 tgcomm="sh"
06-08 16:22:38.585: W/toolbox(13118): type=1400 audit(0.0:4235084): avc: denied { search } for name="1" dev="proc" ino=9224 scontext=u:r:untrusted_app:s0:c512,c768 tcontext=u:r:init:s0 tclass=dir permissive=0 ppid=13115 pcomm="sh" tgid=13115 tgcomm="sh"
06-08 16:22:38.585: W/toolbox(13118): type=1400 audit(0.0:4235085): avc: denied { getattr } for path="/proc/2" dev="proc" ino=11460 scontext=u:r:untrusted_app:s0:c512,c768 tcontext=u:r:kernel:s0 tclass=dir permissive=0 ppid=13115 pcomm="sh" tgid=13115 tgcomm="sh"
06-08 16:22:38.585: W/toolbox(13118): type=1400 audit(0.0:4235086): avc: denied { search } for name="2" dev="proc" ino=11460 scontext=u:r:untrusted_app:s0:c512,c768 tcontext=u:r:kernel:s0 tclass=dir permissive=0 ppid=13115 pcomm="sh" tgid=13115 tgcomm="sh"
06-08 16:22:39.062: I/Timeline(10218): Timeline: Activity_launch_request id:com.obd.reader.activity time:95386052
06-08 16:22:39.063: I/ActivityManager(1043): START u0 {cmp=com.obd.reader.activity/com.obd.activity.MainActivity} from uid 10484 on display 0
06-08 16:22:39.089: I/System.out(10218): in oncreate method
06-08 16:22:39.105: I/System.out(10218): MSG 0.0,0.0,0.0,0.0,0.0,0.0,0.0,,,,1496919159104
06-08 16:22:39.105: D/com.obd.activity.MainActivity(10218): throttle,vss,rpm 0.0,0.0,0.0
06-08 16:22:39.106: I/System.out(10218): Device IMEI is 352494060195210
06-08 16:22:39.222: D/QcrilMsgTunnelSocket(4353): readRilMessage: Buffer = [B@c379f6d HexData = [010000000404000011000000514f454d484f4f4bef0308000100000003]
06-08 16:22:39.222: D/QcrilMsgTunnelSocket(4353): Rcvd UNSOL response with 28 bytes data for SUB0
06-08 16:22:39.222: D/QcrilMsgTunnelSocket(4353): Response ID 525295 is not served in this process.
06-08 16:22:39.222: D/QcrilMsgTunnelSocket(4353): To broadcast an Intent via the notifier to external apps
06-08 16:22:39.222: D/QcrilMsgTunnelIfaceManager(4353): handleMessage what = 0
06-08 16:22:39.226: D/QC_RIL_OEM_HOOK(3930): Received Broadcast Intent ACTION_UNSOL_RESPONSE_OEM_HOOK_RAW
06-08 16:22:39.226: D/QC_RIL_OEM_HOOK(3930): Oem ID in QCRILHOOK UNSOL RESP is QOEMHOOK
06-08 16:22:39.254: V/ConfigResourceUtil(3930): resourceName = config_spn_display_control resourceId = 2130837514resourceValue = false
06-08 16:22:39.754: D/GPS Enabled(10218): GPS Enabled
06-08 16:22:39.756: D/IzatProviderEngine_jni(1043): onAddRequest called by network
06-08 16:22:39.756: D/IzatProviderEngine_jni(1043): Provider Type: 2
06-08 16:22:39.756: D/IzatProviderEngine_jni(1043): Num Updates : 2147483647
06-08 16:22:39.756: D/IzatProviderEngine_jni(1043): Interval : 0
06-08 16:22:39.756: D/IzatProviderEngine_jni(1043): Displacement : 10.000000
06-08 16:22:39.756: D/IzatProviderEngine_jni(1043): Accuracy : 1
06-08 16:22:39.756: V/OSNPGlue_jni(1043): Entering  : void onSetRequestJNI(izat_manager::IzatRequest*)
06-08 16:22:39.758: D/Network(10218): Network
06-08 16:22:39.762: D/com.obd.activity.MainActivity(10218): Entered onStart...
06-08 16:22:39.763: D/com.obd.activity.MainActivity(10218): Resuming..
06-08 16:22:39.767: I/System.out(10218): In ready function
06-08 16:22:39.779: D/com.obd.reader.io.AbstractGatewayService(10218): Adding job[50] to queue..
06-08 16:22:39.780: D/com.obd.reader.io.ObdGatewayService(10218): Taking job[50/0] from queue..
06-08 16:22:39.780: D/com.obd.reader.io.ObdGatewayService(10218): Job state is NEW. Run it..
06-08 16:22:39.780: I/System.out(10218): Command Executed TECH 03
06-08 16:22:39.781: D/WifiService(1043): acquireWifiLockLocked: WifiLock{NlpWifiLock type=2 binder=android.os.BinderProxy@f176523}
06-08 16:22:39.781: D/com.obd.reader.io.AbstractGatewayService(10218): Job queued successfully.
06-08 16:22:39.781: D/com.obd.reader.io.AbstractGatewayService(10218): Adding job[51] to queue..
06-08 16:22:39.781: D/com.obd.reader.io.AbstractGatewayService(10218): Job queued successfully.
06-08 16:22:39.781: D/com.obd.reader.io.AbstractGatewayService(10218): Adding job[52] to queue..
06-08 16:22:39.781: D/com.obd.reader.io.AbstractGatewayService(10218): Job queued successfully.
06-08 16:22:39.781: D/com.obd.reader.io.AbstractGatewayService(10218): Adding job[53] to queue..
06-08 16:22:39.781: D/com.obd.reader.io.AbstractGatewayService(10218): Job queued successfully.
06-08 16:22:39.781: D/com.obd.reader.io.AbstractGatewayService(10218): Adding job[54] to queue..
06-08 16:22:39.781: D/com.obd.reader.io.AbstractGatewayService(10218): Job queued successfully.
06-08 16:22:39.782: D/com.obd.reader.io.AbstractGatewayService(10218): Adding job[55] to queue..
06-08 16:22:39.782: D/com.obd.reader.io.AbstractGatewayService(10218): Job queued successfully.
06-08 16:22:39.782: D/com.obd.reader.io.AbstractGatewayService(10218): Adding job[56] to queue..
06-08 16:22:39.782: D/com.obd.reader.io.AbstractGatewayService(10218): Job queued successfully.
06-08 16:22:39.798: W/bt_hci_packet_fragmenter(9553): reassemble_and_dispatch complete l2cap packet received:l2cap full length 6 and hci length 14.
06-08 16:22:39.856: D/WifiService(1043): releaseWifiLockLocked: WifiLock{NlpWifiLock type=2 binder=android.os.BinderProxy@f176523}
06-08 16:22:39.857: V/OSNPGlue_jni(1043): Entering  : void onJavaLocationChanged(JNIEnv*, jobject, jboolean, jlong, jboolean, jlong, jboolean, jdouble, jboolean, jdouble, jboolean, jfloat, jboolean, jdouble, jboolean, jfloat, jboolean, jfloat)
06-08 16:22:39.859: I/ActivityManager(1043): Displayed com.obd.reader.activity/com.obd.activity.MainActivity: +775ms
06-08 16:22:39.863: D/Network(10218): Got Location Updates 18.5094821 73.7946677
06-08 16:22:39.871: W/ctxmgr(4881): [AclManager]No 2 for (accnt=account#1618635401#, com.google.android.gms(10030):UserLocationProducer, vrsn=11055000, 0, 3pPkg = null ,  3pMdlId = null ,  pid = 4881). Was: 2 for 1, account#1618635401#
06-08 16:22:39.887: W/bt_hci_packet_fragmenter(9553): reassemble_and_dispatch complete l2cap packet received:l2cap full length 6 and hci length 14.
06-08 16:22:39.891: I/System.out(10218): Device IMEI is 352494060195210
06-08 16:22:39.916: W/bt_hci_packet_fragmenter(9553): reassemble_and_dispatch complete l2cap packet received:l2cap full length 6 and hci length 14.
06-08 16:22:39.918: D/Network(10218): Got Location Updates 18.5094821 73.7946677
06-08 16:22:39.924: I/System.out(10218): Device IMEI is 352494060195210
06-08 16:22:39.968: W/bt_hci_packet_fragmenter(9553): reassemble_and_dispatch complete l2cap packet received:l2cap full length 6 and hci length 14.
06-08 16:22:39.976: W/bt_hci_packet_fragmenter(9553): reassemble_and_dispatch complete l2cap packet received:l2cap full length 6 and hci length 14.
06-08 16:22:39.983: W/bt_hci_packet_fragmenter(9553): reassemble_and_dispatch complete l2cap packet received:l2cap full length 10 and hci length 18.
06-08 16:22:39.995: E/com.obd.reader.io.ObdGatewayService(10218): Failed to run command. -> length=4; regionStart=3; regionLength=3
06-08 16:22:39.995: D/com.obd.reader.io.ObdGatewayService(10218): Taking job[51/5] from queue..
06-08 16:22:39.995: D/com.obd.reader.io.ObdGatewayService(10218): Job state is NEW. Run it..
06-08 16:22:39.995: I/System.out(10218): Command Executed TECH 01 04
06-08 16:22:40.006: V/RenderScript(10218): 0x9f23d000 Launching thread(s), CPUs 4
06-08 16:22:40.016: I/Timeline(10218): Timeline: Activity_idle id: android.os.BinderProxy@d33af09 time:95387005
06-08 16:22:40.041: I/Timeline(1043): Timeline: Activity_windows_visible id: ActivityRecord{a096724 u0 com.obd.reader.activity/com.obd.activity.MainActivity t4070} time:95387030
06-08 16:22:40.068: W/bt_hci_packet_fragmenter(9553): reassemble_and_dispatch complete l2cap packet received:l2cap full length 6 and hci length 14.
06-08 16:22:40.071: W/bt_hci_packet_fragmenter(9553): reassemble_and_dispatch complete l2cap packet received:l2cap full length 7 and hci length 15.
06-08 16:22:40.075: W/bt_hci_packet_fragmenter(9553): reassemble_and_dispatch complete l2cap packet received:l2cap full length 7 and hci length 15.
06-08 16:22:40.082: W/bt_hci_packet_fragmenter(9553): reassemble_and_dispatch complete l2cap packet received:l2cap full length 6 and hci length 14.
06-08 16:22:40.090: W/bt_hci_packet_fragmenter(9553): reassemble_and_dispatch complete l2cap packet received:l2cap full length 11 and hci length 19.
06-08 16:22:40.111: I/TWILIGHT(4358): [16:22:40.110, main]: Accessibility skip 
06-08 16:22:40.208: I/System.out(10218): DATA from OBD TECH 410400
06-08 16:22:40.219: D/com.obd.reader.io.ObdGatewayService(10218): Taking job[52/4] from queue..
06-08 16:22:40.220: D/com.obd.reader.io.ObdGatewayService(10218): Job state is NEW. Run it..
06-08 16:22:40.220: I/System.out(10218): Command Executed TECH 01 0C
06-08 16:22:40.292: W/bt_hci_packet_fragmenter(9553): reassemble_and_dispatch complete l2cap packet received:l2cap full length 7 and hci length 15.
06-08 16:22:40.350: D/==FindMyPhone==(26284): 1496919160350
06-08 16:22:40.353: I/GmsBackupTransport(4881): Http Response Code : 200
06-08 16:22:40.353: W/bt_hci_packet_fragmenter(9553): reassemble_and_dispatch complete l2cap packet received:l2cap full length 6 and hci length 14.
06-08 16:22:40.363: I/Backup(4881): [GmsBackupTransport] Backup finished for android
06-08 16:22:40.368: I/BackupManagerService(1043): Backup pass finished.
06-08 16:22:40.371: W/bt_hci_packet_fragmenter(9553): reassemble_and_dispatch complete l2cap packet received:l2cap full length 6 and hci length 14.
06-08 16:22:40.384: W/bt_hci_packet_fragmenter(9553): reassemble_and_dispatch complete l2cap packet received:l2cap full length 7 and hci length 15.
06-08 16:22:40.440: W/bt_hci_packet_fragmenter(9553): reassemble_and_dispatch complete l2cap packet received:l2cap full length 14 and hci length 22.
06-08 16:22:40.442: I/System.out(10218): DATA from OBD TECH 410C0000
06-08 16:22:40.451: D/com.obd.reader.io.ObdGatewayService(10218): Taking job[53/3] from queue..
06-08 16:22:40.451: D/com.obd.reader.io.ObdGatewayService(10218): Job state is NEW. Run it..
06-08 16:22:40.452: I/System.out(10218): Command Executed TECH 01 1F
06-08 16:22:40.469: W/bt_hci_packet_fragmenter(9553): reassemble_and_dispatch complete l2cap packet received:l2cap full length 6 and hci length 14.
06-08 16:22:40.561: W/bt_hci_packet_fragmenter(9553): reassemble_and_dispatch complete l2cap packet received:l2cap full length 7 and hci length 15.
06-08 16:22:40.620: W/bt_hci_packet_fragmenter(9553): reassemble_and_dispatch complete l2cap packet received:l2cap full length 6 and hci length 14.
06-08 16:22:40.627: W/bt_hci_packet_fragmenter(9553): reassemble_and_dispatch complete l2cap packet received:l2cap full length 6 and hci length 14.
06-08 16:22:40.653: W/bt_hci_packet_fragmenter(9553): reassemble_and_dispatch complete l2cap packet received:l2cap full length 6 and hci length 14.
06-08 16:22:40.674: W/bt_hci_packet_fragmenter(9553): reassemble_and_dispatch complete l2cap packet received:l2cap full length 15 and hci length 23.
06-08 16:22:40.677: I/System.out(10218): DATA from OBD TECH 411F0056
06-08 16:22:40.685: D/com.obd.reader.io.ObdGatewayService(10218): Taking job[54/2] from queue..
06-08 16:22:40.685: D/com.obd.reader.io.ObdGatewayService(10218): Job state is NEW. Run it..
06-08 16:22:40.685: I/System.out(10218): Command Executed TECH 01 10
06-08 16:22:40.913: W/bt_hci_packet_fragmenter(9553): reassemble_and_dispatch complete l2cap packet received:l2cap full length 7 and hci length 15.
06-08 16:22:40.915: W/bt_hci_packet_fragmenter(9553): reassemble_and_dispatch complete l2cap packet received:l2cap full length 7 and hci length 15.
06-08 16:22:40.917: W/bt_hci_packet_fragmenter(9553): reassemble_and_dispatch complete l2cap packet received:l2cap full length 6 and hci length 14.
06-08 16:22:40.917: W/bt_hci_packet_fragmenter(9553): reassemble_and_dispatch complete l2cap packet received:l2cap full length 7 and hci length 15.
06-08 16:22:40.918: W/bt_hci_packet_fragmenter(9553): reassemble_and_dispatch complete l2cap packet received:l2cap full length 8 and hci length 16.
06-08 16:22:40.919: I/System.out(10218): DATA from OBD TECH NODATA
06-08 16:22:40.921: E/com.obd.reader.io.ObdGatewayService(10218): Failed to run command. -> Error running 01 10, response: NODATA
06-08 16:22:40.921: D/com.obd.reader.io.ObdGatewayService(10218): Taking job[55/1] from queue..
06-08 16:22:40.921: D/com.obd.reader.io.ObdGatewayService(10218): Job state is NEW. Run it..
06-08 16:22:40.921: I/System.out(10218): Command Executed TECH 01 11
06-08 16:22:40.983: W/bt_hci_packet_fragmenter(9553): reassemble_and_dispatch complete l2cap packet received:l2cap full length 6 and hci length 14.
06-08 16:22:40.986: W/bt_hci_packet_fragmenter(9553): reassemble_and_dispatch complete l2cap packet received:l2cap full length 6 and hci length 14.
06-08 16:22:40.992: W/bt_hci_packet_fragmenter(9553): reassemble_and_dispatch complete l2cap packet received:l2cap full length 6 and hci length 14.
06-08 16:22:40.994: W/bt_hci_packet_fragmenter(9553): reassemble_and_dispatch complete l2cap packet received:l2cap full length 6 and hci length 14.
06-08 16:22:40.996: W/bt_hci_packet_fragmenter(9553): reassemble_and_dispatch complete l2cap packet received:l2cap full length 13 and hci length 21.
06-08 16:22:41.122: I/System.out(10218): DATA from OBD TECH 41110D
06-08 16:22:41.126: D/com.obd.reader.io.ObdGatewayService(10218): Taking job[56/0] from queue..
06-08 16:22:41.126: D/com.obd.reader.io.ObdGatewayService(10218): Job state is NEW. Run it..
06-08 16:22:41.126: I/System.out(10218): Command Executed TECH 01 0D 1
06-08 16:22:41.134: W/bt_hci_packet_fragmenter(9553): reassemble_and_dispatch complete l2cap packet received:l2cap full length 6 and hci length 14.
06-08 16:22:41.139: W/bt_hci_packet_fragmenter(9553): reassemble_and_dispatch complete l2cap packet received:l2cap full length 7 and hci length 15.
06-08 16:22:41.140: W/bt_hci_packet_fragmenter(9553): reassemble_and_dispatch complete l2cap packet received:l2cap full length 7 and hci length 15.
06-08 16:22:41.148: W/bt_hci_packet_fragmenter(9553): reassemble_and_dispatch complete l2cap packet received:l2cap full length 6 and hci length 14.
06-08 16:22:41.149: W/bt_hci_packet_fragmenter(9553): reassemble_and_dispatch complete l2cap packet received:l2cap full length 7 and hci length 15.
06-08 16:22:41.151: W/bt_hci_packet_fragmenter(9553): reassemble_and_dispatch complete l2cap packet received:l2cap full length 10 and hci length 18.
06-08 16:22:41.242: I/TWILIGHT(4358): [16:22:41.242, main]: Accessibility skip 
06-08 16:22:41.338: I/System.out(10218): DATA from OBD TECH 410D00
06-08 16:22:41.347: I/System.out(10218): ((MainActivity) ctx).commandResult {MAF=NODATA, ENGINE_RPM=0RPM, THROTTLE_POS=5.1%, ENGINE_LOAD=0.0%, TROUBLE_CODES=4300, ENGINE_RUNTIME=00:01:26}
06-08 16:22:41.347: I/System.out(10218): Unable to find float  value for 
06-08 16:22:41.347: I/System.out(10218): Unable to find float  value for 
06-08 16:22:41.356: D/Network(10218): Network
06-08 16:22:41.358: I/System.out(10218): Device IMEI is 352494060195210
06-08 16:22:41.358: I/System.out(10218): LAT18.5094821LONG73.7946677
06-08 16:22:41.360: I/System.out(10218): MSG 0.0,0.0,0.0,5.099999904632568,0.0,0.0,0.0,352494060195210,18.5094821,73.7946677,1496919161354
06-08 16:22:41.360: D/com.obd.activity.MainActivity(10218): throttle,vss,rpm 5.099999904632568,0.0,0.0
06-08 16:22:41.361: I/System.out(10218): url  http://project-111.ind-cloud.everdata.com:80/CenteralServer/pages/tiles/save.jsp?lngsend=73.7946677&load_pct=0.0&temp=0.0&throttlepos=5.099999904632568&method=send&time=1496919161354&imei=352494060195210&latsend=18.5094821&rpm=0.0&ctime=08-Jun-2017+16%3A22%3A41&maf=0.0&vss=0.0&iat=0.0
06-08 16:22:41.361: V/HttpView(10218): http://project-111.ind-cloud.everdata.com:80/CenteralServer/pages/tiles/save.jsp?lngsend=73.7946677&load_pct=0.0&temp=0.0&throttlepos=5.099999904632568&method=send&time=1496919161354&imei=352494060195210&latsend=18.5094821&rpm=0.0&ctime=08-Jun-2017+16%3A22%3A41&maf=0.0&vss=0.0&iat=0.0
06-08 16:22:41.373: I/TWILIGHT(4358): [16:22:41.373, main]: Accessibility skip 
06-08 16:22:42.269: V/HttpView(10218): 0 DONE
06-08 16:22:42.269: V/HttpView(10218): HttpView.count 0
06-08 16:22:43.391: D/==FindMyPhone==(26284): 1496919163390
06-08 16:22:43.784: D/com.obd.reader.io.AbstractGatewayService(10218): Adding job[57] to queue..
06-08 16:22:43.785: D/com.obd.reader.io.AbstractGatewayService(10218): Job queued successfully.
06-08 16:22:43.785: D/com.obd.reader.io.ObdGatewayService(10218): Taking job[57/0] from queue..
06-08 16:22:43.785: D/com.obd.reader.io.ObdGatewayService(10218): Job state is NEW. Run it..
06-08 16:22:43.785: I/System.out(10218): Command Executed TECH 03
06-08 16:22:43.785: D/com.obd.reader.io.AbstractGatewayService(10218): Adding job[58] to queue..
06-08 16:22:43.789: D/com.obd.reader.io.AbstractGatewayService(10218): Job queued successfully.
06-08 16:22:43.789: D/com.obd.reader.io.AbstractGatewayService(10218): Adding job[59] to queue..
06-08 16:22:43.789: D/com.obd.reader.io.AbstractGatewayService(10218): Job queued successfully.
06-08 16:22:43.789: D/com.obd.reader.io.AbstractGatewayService(10218): Adding job[60] to queue..
06-08 16:22:43.789: D/com.obd.reader.io.AbstractGatewayService(10218): Job queued successfully.
06-08 16:22:43.789: D/com.obd.reader.io.AbstractGatewayService(10218): Adding job[61] to queue..
06-08 16:22:43.790: D/com.obd.reader.io.AbstractGatewayService(10218): Job queued successfully.
06-08 16:22:43.790: D/com.obd.reader.io.AbstractGatewayService(10218): Adding job[62] to queue..
06-08 16:22:43.790: D/com.obd.reader.io.AbstractGatewayService(10218): Job queued successfully.
06-08 16:22:43.790: D/com.obd.reader.io.AbstractGatewayService(10218): Adding job[63] to queue..
06-08 16:22:43.792: D/com.obd.reader.io.AbstractGatewayService(10218): Job queued successfully.
06-08 16:22:43.850: W/bt_hci_packet_fragmenter(9553): reassemble_and_dispatch complete l2cap packet received:l2cap full length 6 and hci length 14.
06-08 16:22:43.853: W/bt_hci_packet_fragmenter(9553): reassemble_and_dispatch complete l2cap packet received:l2cap full length 6 and hci length 14.
06-08 16:22:43.853: W/bt_hci_packet_fragmenter(9553): reassemble_and_dispatch complete l2cap packet received:l2cap full length 6 and hci length 14.
06-08 16:22:43.855: W/bt_hci_packet_fragmenter(9553): reassemble_and_dispatch complete l2cap packet received:l2cap full length 7 and hci length 15.
06-08 16:22:43.858: W/bt_hci_packet_fragmenter(9553): reassemble_and_dispatch complete l2cap packet received:l2cap full length 9 and hci length 17.
06-08 16:22:44.005: E/com.obd.reader.io.ObdGatewayService(10218): Failed to run command. -> length=4; regionStart=3; regionLength=3
06-08 16:22:44.005: D/com.obd.reader.io.ObdGatewayService(10218): Taking job[58/5] from queue..
06-08 16:22:44.005: D/com.obd.reader.io.ObdGatewayService(10218): Job state is NEW. Run it..
06-08 16:22:44.005: I/System.out(10218): Command Executed TECH 01 04
06-08 16:22:44.070: W/bt_hci_packet_fragmenter(9553): reassemble_and_dispatch complete l2cap packet received:l2cap full length 6 and hci length 14.
06-08 16:22:44.071: W/bt_hci_packet_fragmenter(9553): reassemble_and_dispatch complete l2cap packet received:l2cap full length 6 and hci length 14.
06-08 16:22:44.075: W/bt_hci_packet_fragmenter(9553): reassemble_and_dispatch complete l2cap packet received:l2cap full length 6 and hci length 14.
06-08 16:22:44.081: W/bt_hci_packet_fragmenter(9553): reassemble_and_dispatch complete l2cap packet received:l2cap full length 6 and hci length 14.
06-08 16:22:44.086: W/bt_hci_packet_fragmenter(9553): reassemble_and_dispatch complete l2cap packet received:l2cap full length 13 and hci length 21.
06-08 16:22:44.219: I/System.out(10218): DATA from OBD TECH 410400
06-08 16:22:44.226: D/com.obd.reader.io.ObdGatewayService(10218): Taking job[59/4] from queue..
06-08 16:22:44.226: D/com.obd.reader.io.ObdGatewayService(10218): Job state is NEW. Run it..
06-08 16:22:44.226: I/System.out(10218): Command Executed TECH 01 0C
06-08 16:22:44.237: W/bt_hci_packet_fragmenter(9553): reassemble_and_dispatch complete l2cap packet received:l2cap full length 6 and hci length 14.
06-08 16:22:44.302: W/bt_hci_packet_fragmenter(9553): reassemble_and_dispatch complete l2cap packet received:l2cap full length 6 and hci length 14.
06-08 16:22:44.302: W/bt_hci_packet_fragmenter(9553): reassemble_and_dispatch complete l2cap packet received:l2cap full length 7 and hci length 15.
06-08 16:22:44.305: W/bt_hci_packet_fragmenter(9553): reassemble_and_dispatch complete l2cap packet received:l2cap full length 6 and hci length 14.
06-08 16:22:44.305: W/bt_hci_packet_fragmenter(9553): reassemble_and_dispatch complete l2cap packet received:l2cap full length 6 and hci length 14.
06-08 16:22:44.306: W/bt_hci_packet_fragmenter(9553): reassemble_and_dispatch complete l2cap packet received:l2cap full length 15 and hci length 23.
06-08 16:22:44.429: I/System.out(10218): DATA from OBD TECH 410C0000
06-08 16:22:44.434: D/com.obd.reader.io.ObdGatewayService(10218): Taking job[60/3] from queue..
06-08 16:22:44.434: D/com.obd.reader.io.ObdGatewayService(10218): Job state is NEW. Run it..
06-08 16:22:44.434: I/System.out(10218): Command Executed TECH 01 1F
06-08 16:22:44.498: W/bt_hci_packet_fragmenter(9553): reassemble_and_dispatch complete l2cap packet received:l2cap full length 6 and hci length 14.
06-08 16:22:44.499: W/bt_hci_packet_fragmenter(9553): reassemble_and_dispatch complete l2cap packet received:l2cap full length 6 and hci length 14.
06-08 16:22:44.503: W/bt_hci_packet_fragmenter(9553): reassemble_and_dispatch complete l2cap packet received:l2cap full length 6 and hci length 14.
06-08 16:22:44.505: W/bt_hci_packet_fragmenter(9553): reassemble_and_dispatch complete l2cap packet received:l2cap full length 7 and hci length 15.
06-08 16:22:44.508: W/bt_hci_packet_fragmenter(9553): reassemble_and_dispatch complete l2cap packet received:l2cap full length 15 and hci length 23.
06-08 16:22:44.636: I/System.out(10218): DATA from OBD TECH 411F0056
06-08 16:22:44.640: D/com.obd.reader.io.ObdGatewayService(10218): Taking job[61/2] from queue..
06-08 16:22:44.640: D/com.obd.reader.io.ObdGatewayService(10218): Job state is NEW. Run it..
06-08 16:22:44.640: I/System.out(10218): Command Executed TECH 01 10
06-08 16:22:44.855: W/bt_hci_packet_fragmenter(9553): reassemble_and_dispatch complete l2cap packet received:l2cap full length 6 and hci length 14.
06-08 16:22:44.862: W/bt_hci_packet_fragmenter(9553): reassemble_and_dispatch complete l2cap packet received:l2cap full length 6 and hci length 14.
06-08 16:22:44.867: W/bt_hci_packet_fragmenter(9553): reassemble_and_dispatch complete l2cap packet received:l2cap full length 6 and hci length 14.
06-08 16:22:44.868: W/bt_hci_packet_fragmenter(9553): reassemble_and_dispatch complete l2cap packet received:l2cap full length 6 and hci length 14.
06-08 16:22:44.872: W/bt_hci_packet_fragmenter(9553): reassemble_and_dispatch complete l2cap packet received:l2cap full length 11 and hci length 19.
06-08 16:22:44.874: I/System.out(10218): DATA from OBD TECH NODATA
06-08 16:22:44.882: E/com.obd.reader.io.ObdGatewayService(10218): Failed to run command. -> Error running 01 10, response: NODATA
06-08 16:22:44.882: D/com.obd.reader.io.ObdGatewayService(10218): Taking job[62/1] from queue..
06-08 16:22:44.882: D/com.obd.reader.io.ObdGatewayService(10218): Job state is NEW. Run it..
06-08 16:22:44.882: I/System.out(10218): Command Executed TECH 01 11
06-08 16:22:44.888: W/bt_hci_packet_fragmenter(9553): reassemble_and_dispatch complete l2cap packet received:l2cap full length 6 and hci length 14.
06-08 16:22:44.955: W/bt_hci_packet_fragmenter(9553): reassemble_and_dispatch complete l2cap packet received:l2cap full length 6 and hci length 14.
06-08 16:22:44.969: W/bt_hci_packet_fragmenter(9553): reassemble_and_dispatch complete l2cap packet received:l2cap full length 6 and hci length 14.
06-08 16:22:44.970: W/bt_hci_packet_fragmenter(9553): reassemble_and_dispatch complete l2cap packet received:l2cap full length 7 and hci length 15.
06-08 16:22:44.971: W/bt_hci_packet_fragmenter(9553): reassemble_and_dispatch complete l2cap packet received:l2cap full length 7 and hci length 15.
06-08 16:22:44.972: W/bt_hci_packet_fragmenter(9553): reassemble_and_dispatch complete l2cap packet received:l2cap full length 11 and hci length 19.
06-08 16:22:45.084: I/System.out(10218): DATA from OBD TECH 41110D
06-08 16:22:45.088: D/com.obd.reader.io.ObdGatewayService(10218): Taking job[63/0] from queue..
06-08 16:22:45.088: D/com.obd.reader.io.ObdGatewayService(10218): Job state is NEW. Run it..
06-08 16:22:45.088: I/System.out(10218): Command Executed TECH 01 0D 1
06-08 16:22:45.100: W/bt_hci_packet_fragmenter(9553): reassemble_and_dispatch complete l2cap packet received:l2cap full length 6 and hci length 14.
06-08 16:22:45.102: W/bt_hci_packet_fragmenter(9553): reassemble_and_dispatch complete l2cap packet received:l2cap full length 7 and hci length 15.
06-08 16:22:45.108: W/bt_hci_packet_fragmenter(9553): reassemble_and_dispatch complete l2cap packet received:l2cap full length 6 and hci length 14.
06-08 16:22:45.112: W/bt_hci_packet_fragmenter(9553): reassemble_and_dispatch complete l2cap packet received:l2cap full length 7 and hci length 15.
06-08 16:22:45.112: W/bt_hci_packet_fragmenter(9553): reassemble_and_dispatch complete l2cap packet received:l2cap full length 11 and hci length 19.
06-08 16:22:45.290: I/System.out(10218): DATA from OBD TECH 410D00
06-08 16:22:45.301: I/System.out(10218): ((MainActivity) ctx).commandResult {MAF=NODATA, ENGINE_RPM=0RPM, THROTTLE_POS=5.1%, ENGINE_LOAD=0.0%, TROUBLE_CODES=4300, ENGINE_RUNTIME=00:01:26}
06-08 16:22:45.301: I/System.out(10218): Unable to find float  value for 
06-08 16:22:45.302: I/System.out(10218): Unable to find float  value for 
06-08 16:22:45.312: D/Network(10218): Network
06-08 16:22:45.315: I/System.out(10218): Device IMEI is 352494060195210
06-08 16:22:45.315: I/System.out(10218): LAT18.5094821LONG73.7946677
06-08 16:22:45.317: I/System.out(10218): MSG 0.0,0.0,0.0,5.099999904632568,0.0,0.0,0.0,352494060195210,18.5094821,73.7946677,1496919165310
06-08 16:22:45.317: D/com.obd.activity.MainActivity(10218): throttle,vss,rpm 5.099999904632568,0.0,0.0
06-08 16:22:45.318: I/System.out(10218): url  http://project-111.ind-cloud.everdata.com:80/CenteralServer/pages/tiles/save.jsp?lngsend=73.7946677&load_pct=0.0&temp=0.0&throttlepos=5.099999904632568&method=send&time=1496919165310&imei=352494060195210&latsend=18.5094821&rpm=0.0&ctime=08-Jun-2017+16%3A22%3A45&maf=0.0&vss=0.0&iat=0.0
06-08 16:22:45.318: V/HttpView(10218): http://project-111.ind-cloud.everdata.com:80/CenteralServer/pages/tiles/save.jsp?lngsend=73.7946677&load_pct=0.0&temp=0.0&throttlepos=5.099999904632568&method=send&time=1496919165310&imei=352494060195210&latsend=18.5094821&rpm=0.0&ctime=08-Jun-2017+16%3A22%3A45&maf=0.0&vss=0.0&iat=0.0
06-08 16:22:45.503: D/ConnectivityService(1043): notifyType CAP_CHANGED for NetworkAgentInfo [WIFI () - 142]
06-08 16:22:45.654: D/com.obd.activity.MainActivity(10218): Starting live data..
06-08 16:22:45.655: D/com.obd.activity.MainActivity(10218): Binding OBD service..
06-08 16:22:45.699: D/com.obd.activity.MainActivity(10218): ComponentInfo{com.obd.reader.activity/com.obd.reader.io.ObdGatewayService} service is bound
06-08 16:22:45.699: D/com.obd.activity.MainActivity(10218): Starting live data
06-08 16:22:45.699: D/com.obd.reader.io.ObdGatewayService(10218): Starting service..
06-08 16:22:45.699: D/com.obd.reader.io.ObdGatewayService(10218): Stopping Bluetooth discovery.
06-08 16:22:45.701: E/bt_btif_dm(9553): ### ASSERT : system/bt/main/../btif/src/btif_dm.c line 1769 unhandled search services event (6) ###
06-08 16:22:45.705: D/com.obd.reader.io.ObdGatewayService(10218): Starting OBD connection..
06-08 16:22:45.707: W/BluetoothAdapter(10218): getBluetoothService() called with no BluetoothManagerCallback
06-08 16:22:45.710: W/bt_l2cap(9553): L2CA_ErtmConnectReq()  PSM: 0x0001  BDA: 001da568988d  p_ertm_info: 0x00000000 allowed:0x0 preferred:0
06-08 16:22:45.710: W/bt_l2cap(9553): L2CAP - st: CLOSED evt: 21
06-08 16:22:45.710: W/bt_l2cap(9553): L2CAP - st: CLOSED evt: 7
06-08 16:22:45.723: W/bt_hci_packet_fragmenter(9553): reassemble_and_dispatch complete l2cap packet received:l2cap full length 12 and hci length 20.
06-08 16:22:45.723: W/bt_l2cap(9553): L2CAP - st: W4_L2CAP_CON_RSP evt: 11
06-08 16:22:45.723: W/bt_l2cap(9553): L2CAP - st: CONFIG evt: 24
06-08 16:22:45.737: W/bt_hci_packet_fragmenter(9553): reassemble_and_dispatch complete l2cap packet received:l2cap full length 12 and hci length 20.
06-08 16:22:45.737: W/bt_l2cap(9553): L2CAP - st: CONFIG evt: 14
06-08 16:22:45.737: W/bt_l2cap(9553): L2CAP - st: CONFIG evt: 25
06-08 16:22:45.737: W/bt_l2cap(9553): L2CAP-Upper layer Config_Rsp,Local CID: 0x0046,Remote CID: 0x0045,PSM:1,our MTU present:1,our MTU:768
06-08 16:22:45.742: W/bt_hci_packet_fragmenter(9553): reassemble_and_dispatch complete l2cap packet received:l2cap full length 10 and hci length 18.
06-08 16:22:45.742: W/bt_l2cap(9553): L2CAP - st: CONFIG evt: 15
06-08 16:22:45.743: W/bt_l2cap(9553): L2CAP-peer_Config_Rsp,Local CID: 0x0046,Remote CID: 0x0045,PSM: 1,peer MTU present: 0,peer MTU: 128
06-08 16:22:45.755: W/bt_hci_packet_fragmenter(9553): reassemble_and_dispatch complete l2cap packet received:l2cap full length 68 and hci length 76.
06-08 16:22:45.755: W/bt_sdp(9553): process_service_search_attr_rsp
06-08 16:22:45.755: W/bt_l2cap(9553): L2CA_DisconnectReq()  CID: 0x0046
06-08 16:22:45.764: W/bt_hci_packet_fragmenter(9553): reassemble_and_dispatch complete l2cap packet received:l2cap full length 8 and hci length 16.
06-08 16:22:45.765: W/bt_l2cap(9553): L2CAP - st: W4_L2CAP_DISC_RSP evt: 18
06-08 16:22:45.765: E/bt_rfcomm(9553): RFCOMM_CreateConnection - already opened state:2, RFC state:4, MCB state:5
06-08 16:22:45.765: E/bt_btif(9553): bta_jv_rfcomm_connect, RFCOMM_CreateConnection failed
06-08 16:22:45.765: E/bt_btif_sock_rfcomm(9553): find_rfc_slot_by_id unable to find RFCOMM slot id: 6
06-08 16:22:45.766: E/com.obd.reader.io.ObdGatewayService(10218): There was an error while establishing Bluetooth connection. Falling back..
06-08 16:22:45.766: E/com.obd.reader.io.ObdGatewayService(10218): java.io.IOException: read failed, socket might closed or timeout, read ret: -1
06-08 16:22:45.766: E/com.obd.reader.io.ObdGatewayService(10218): 	at android.bluetooth.BluetoothSocket.readAll(BluetoothSocket.java:764)
06-08 16:22:45.766: E/com.obd.reader.io.ObdGatewayService(10218): 	at android.bluetooth.BluetoothSocket.waitSocketSignal(BluetoothSocket.java:723)
06-08 16:22:45.766: E/com.obd.reader.io.ObdGatewayService(10218): 	at android.bluetooth.BluetoothSocket.connect(BluetoothSocket.java:388)
06-08 16:22:45.766: E/com.obd.reader.io.ObdGatewayService(10218): 	at com.obd.reader.io.ObdGatewayService.startObdConnection(ObdGatewayService.java:147)
06-08 16:22:45.766: E/com.obd.reader.io.ObdGatewayService(10218): 	at com.obd.reader.io.ObdGatewayService.startService(ObdGatewayService.java:108)
06-08 16:22:45.766: E/com.obd.reader.io.ObdGatewayService(10218): 	at com.obd.activity.MainActivity$3.onServiceConnected(MainActivity.java:235)
06-08 16:22:45.766: E/com.obd.reader.io.ObdGatewayService(10218): 	at android.app.LoadedApk$ServiceDispatcher.doConnected(LoadedApk.java:1227)
06-08 16:22:45.766: E/com.obd.reader.io.ObdGatewayService(10218): 	at android.app.LoadedApk$ServiceDispatcher$RunConnection.run(LoadedApk.java:1244)
06-08 16:22:45.766: E/com.obd.reader.io.ObdGatewayService(10218): 	at android.os.Handler.handleCallback(Handler.java:739)
06-08 16:22:45.766: E/com.obd.reader.io.ObdGatewayService(10218): 	at android.os.Handler.dispatchMessage(Handler.java:95)
06-08 16:22:45.766: E/com.obd.reader.io.ObdGatewayService(10218): 	at android.os.Looper.loop(Looper.java:234)
06-08 16:22:45.766: E/com.obd.reader.io.ObdGatewayService(10218): 	at android.app.ActivityThread.main(ActivityThread.java:5526)
06-08 16:22:45.766: E/com.obd.reader.io.ObdGatewayService(10218): 	at java.lang.reflect.Method.invoke(Native Method)
06-08 16:22:45.766: E/com.obd.reader.io.ObdGatewayService(10218): 	at com.android.internal.os.ZygoteInit$MethodAndArgsCaller.run(ZygoteInit.java:726)
06-08 16:22:45.766: E/com.obd.reader.io.ObdGatewayService(10218): 	at com.android.internal.os.ZygoteInit.main(ZygoteInit.java:616)
06-08 16:22:45.768: W/BluetoothAdapter(10218): getBluetoothService() called with no BluetoothManagerCallback
06-08 16:22:45.770: E/bt_rfcomm(9553): RFCOMM_CreateConnection - already opened state:2, RFC state:4, MCB state:5
06-08 16:22:45.770: E/bt_btif(9553): bta_jv_rfcomm_connect, RFCOMM_CreateConnection failed
06-08 16:22:45.770: E/bt_btif_sock_rfcomm(9553): find_rfc_slot_by_id unable to find RFCOMM slot id: 7
06-08 16:22:45.771: E/com.obd.reader.io.ObdGatewayService(10218): Couldn't fallback while establishing Bluetooth connection. Stopping app..
06-08 16:22:45.771: E/com.obd.reader.io.ObdGatewayService(10218): java.io.IOException: read failed, socket might closed or timeout, read ret: -1
06-08 16:22:45.771: E/com.obd.reader.io.ObdGatewayService(10218): 	at android.bluetooth.BluetoothSocket.readAll(BluetoothSocket.java:764)
06-08 16:22:45.771: E/com.obd.reader.io.ObdGatewayService(10218): 	at android.bluetooth.BluetoothSocket.waitSocketSignal(BluetoothSocket.java:723)
06-08 16:22:45.771: E/com.obd.reader.io.ObdGatewayService(10218): 	at android.bluetooth.BluetoothSocket.connect(BluetoothSocket.java:388)
06-08 16:22:45.771: E/com.obd.reader.io.ObdGatewayService(10218): 	at com.obd.reader.io.ObdGatewayService.startObdConnection(ObdGatewayService.java:159)
06-08 16:22:45.771: E/com.obd.reader.io.ObdGatewayService(10218): 	at com.obd.reader.io.ObdGatewayService.startService(ObdGatewayService.java:108)
06-08 16:22:45.771: E/com.obd.reader.io.ObdGatewayService(10218): 	at com.obd.activity.MainActivity$3.onServiceConnected(MainActivity.java:235)
06-08 16:22:45.771: E/com.obd.reader.io.ObdGatewayService(10218): 	at android.app.LoadedApk$ServiceDispatcher.doConnected(LoadedApk.java:1227)
06-08 16:22:45.771: E/com.obd.reader.io.ObdGatewayService(10218): 	at android.app.LoadedApk$ServiceDispatcher$RunConnection.run(LoadedApk.java:1244)
06-08 16:22:45.771: E/com.obd.reader.io.ObdGatewayService(10218): 	at android.os.Handler.handleCallback(Handler.java:739)
06-08 16:22:45.771: E/com.obd.reader.io.ObdGatewayService(10218): 	at android.os.Handler.dispatchMessage(Handler.java:95)
06-08 16:22:45.771: E/com.obd.reader.io.ObdGatewayService(10218): 	at android.os.Looper.loop(Looper.java:234)
06-08 16:22:45.771: E/com.obd.reader.io.ObdGatewayService(10218): 	at android.app.ActivityThread.main(ActivityThread.java:5526)
06-08 16:22:45.771: E/com.obd.reader.io.ObdGatewayService(10218): 	at java.lang.reflect.Method.invoke(Native Method)
06-08 16:22:45.771: E/com.obd.reader.io.ObdGatewayService(10218): 	at com.android.internal.os.ZygoteInit$MethodAndArgsCaller.run(ZygoteInit.java:726)
06-08 16:22:45.771: E/com.obd.reader.io.ObdGatewayService(10218): 	at com.android.internal.os.ZygoteInit.main(ZygoteInit.java:616)
06-08 16:22:45.771: D/com.obd.reader.io.ObdGatewayService(10218): Stopping service..
06-08 16:22:45.772: E/com.obd.reader.io.ObdGatewayService(10218): There was an error while establishing connection. -> null
06-08 16:22:45.772: D/com.obd.reader.io.ObdGatewayService(10218): Stopping service..
06-08 16:22:45.773: E/com.obd.activity.MainActivity(10218): Failure Starting live data
06-08 16:22:45.775: D/com.obd.activity.MainActivity(10218): Unbinding OBD service..
06-08 16:22:45.780: W/InputMethodManagerService(1043): Window already focused, ignoring focus gain of: com.android.internal.view.IInputMethodClient$Stub$Proxy@243db6d attribute=null, token = android.os.BinderProxy@8e4a89
06-08 16:22:45.844: I/TWILIGHT(4358): [16:22:45.844, main]: Accessibility skip 
06-08 16:22:45.875: V/HttpView(10218): 0 DONE
06-08 16:22:45.876: V/HttpView(10218): HttpView.count 0
06-08 16:22:46.048: I/TWILIGHT(4358): [16:22:46.048, main]: Accessibility skip 
06-08 16:22:46.428: D/==FindMyPhone==(26284): 1496919166428
06-08 16:22:47.260: I/Gobi(445): vendor/qcom/proprietary/RIDL/RIDLClient/RIDLSQL.cpp:2500: GetTransState() EBADF
06-08 16:22:47.261: I/Gobi(445): vendor/qcom/proprietary/RIDL/RIDLClient/MainCore.cpp:1550: Failed to get TransState, rc 9
06-08 16:22:47.261: I/Gobi(445): vendor/qcom/proprietary/RIDL/RIDLClient/RIDLSQL.cpp:2500: GetTransState() EBADF
06-08 16:22:47.261: I/Gobi(445): vendor/qcom/proprietary/RIDL/RIDLClient/RIDLSQL.cpp:2500: GetTransState() EBADF
06-08 16:22:48.625: W/toolbox(13188): type=1400 audit(0.0:4235886): avc: denied { getattr } for path="/proc/1" dev="proc" ino=9224 scontext=u:r:untrusted_app:s0:c512,c768 tcontext=u:r:init:s0 tclass=dir permissive=0 ppid=13185 pcomm="sh" tgid=13185 tgcomm="sh"
06-08 16:22:48.645: W/toolbox(13188): type=1400 audit(0.0:4235887): avc: denied { search } for name="1" dev="proc" ino=9224 scontext=u:r:untrusted_app:s0:c512,c768 tcontext=u:r:init:s0 tclass=dir permissive=0 ppid=13185 pcomm="sh" tgid=13185 tgcomm="sh"
06-08 16:22:48.645: W/toolbox(13188): type=1400 audit(0.0:4235888): avc: denied { search } for name="1" dev="proc" ino=9224 scontext=u:r:untrusted_app:s0:c512,c768 tcontext=u:r:init:s0 tclass=dir permissive=0 ppid=13185 pcomm="sh" tgid=13185 tgcomm="sh"
06-08 16:22:48.645: W/toolbox(13188): type=1400 audit(0.0:4235889): avc: denied { getattr } for path="/proc/2" dev="proc" ino=11460 scontext=u:r:untrusted_app:s0:c512,c768 tcontext=u:r:kernel:s0 tclass=dir permissive=0 ppid=13185 pcomm="sh" tgid=13185 tgcomm="sh"
06-08 16:22:48.645: W/toolbox(13188): type=1400 audit(0.0:4235890): avc: denied { search } for name="2" dev="proc" ino=11460 scontext=u:r:untrusted_app:s0:c512,c768 tcontext=u:r:kernel:s0 tclass=dir permissive=0 ppid=13185 pcomm="sh" tgid=13185 tgcomm="sh"
06-08 16:22:49.457: D/==FindMyPhone==(26284): 1496919169457
06-08 16:22:50.884: D/bt_btm_pm(9553): btm_pm_snd_md_req switching from ACTIVE to SNIFF.
06-08 16:22:50.921: D/bt_btm_pm(9553): btm_pm_proc_mode_change switched from UNKNOWN to ACTIVE.
06-08 16:22:50.921: E/bt_btif(9553): bta_dm_pm_btm_status hci_status=36
06-08 16:22:51.548: D/ConnectivityService(1043): notifyType CAP_CHANGED for NetworkAgentInfo [WIFI () - 142]
06-08 16:22:52.494: D/==FindMyPhone==(26284): 1496919172494
06-08 16:22:52.512: I/ActivityManager(1043): Start proc 13213:com.google.android.gm/u0a113 for service com.google.android.gm/.provider.MailSyncAdapterService
06-08 16:22:52.571: W/System(13213): ClassLoader referenced unknown path: /data/app/com.google.android.gm-2/lib/arm
06-08 16:22:52.622: W/EasBundling(13213): in EasBundling.init, isBundlingEnabled=true
06-08 16:22:52.649: D/ActivityThread(13213): Loading provider com.google.android.gmail.provider;com.android.mail.notifier;com.google.android.gm.email.provider;com.google.android.gm.email.notifier: com.android.email.provider.EmailProvider
06-08 16:22:52.650: I/Gmail(13213): getAccountsCursor
06-08 16:22:52.713: W/GAV2(13213): Thread[main,5,main]: Need to call initialize() and be in fallback mode to start dispatch.
06-08 16:22:52.759: I/Gmail(13213): Initiated Service map for: [gPop3, gLegacyImap, gEas, gmail]
06-08 16:22:52.776: I/Exchange(13213): EasService.onCreate
06-08 16:22:52.777: W/ActivityManager(1043): Unable to start service Intent { cmp=com.google.android.gm.exchange/com.android.exchange.service.EasService } U=0: not found
06-08 16:22:52.777: I/Exchange(13213): EasService.onCreate stoppedOldService=false
06-08 16:22:52.781: I/Exchange(13213): needResyncCalendar: false, hasCalendarPermission: true, needResyncContacts: false, hasContactsPermission: true
06-08 16:22:52.783: W/Gmail(13213): Sync started for account: account:1618635401
06-08 16:22:52.785: I/Gmail(13213): getAccountsCursor
06-08 16:22:52.792: I/Exchange(13213): RestartPingTask
06-08 16:22:52.809: W/ActivityManager(1043): Unable to start service Intent { cmp=com.google.android.gm/com.android.email.service.AttachmentService } U=0: not found
06-08 16:22:52.817: I/Exchange(13213): RestartPingsTask did not start any pings.
06-08 16:22:52.827: I/Gmail(13213): Observing account changes for notifications
06-08 16:22:52.829: I/Exchange(13213): onDestroy
06-08 16:22:52.957: I/Gmail(13213): notifyAccountChanged
06-08 16:22:52.968: I/Gmail(13213): calculateUnknownSyncRationalesAndPurgeInBackground: queueing
06-08 16:22:52.971: I/Gmail(13213): calculateUnknownSyncRationalesAndPurgeInBackground: queueing
06-08 16:22:52.977: I/Gmail(13213): notifyAccountChanged
06-08 16:22:52.988: I/Gmail(13213): calculateUnknownSyncRationalesAndPurgeInBackground: running
06-08 16:22:52.989: I/Gmail(13213): calculateUnknownSyncRationalesAndPurgeInBackground: running
06-08 16:22:53.050: I/Gmail(13213): getAccountsCursor
06-08 16:22:53.054: I/Gmail(13213): MainSyncRequestProto: lowestBkwdConvoId: 0, highestHandledServerOp: 332443, normalSync: true
06-08 16:22:53.060: I/Gmail(13213): getAccountsCursor
06-08 16:22:53.131: D/AS.AnalyticsService(12851): 16:22:53.130[23831] dispatch cached data(2).
06-08 16:22:53.131: D/AS.AnalyticsManager(12851): 16:22:53.131[23831] countEnvent: 0
06-08 16:22:53.159: W/linker(13213): /data/app/com.google.android.gms-1/lib/arm/libconscrypt_gmscore_jni.so: unused DT entry: type 0x1d arg 0x1ed
06-08 16:22:53.166: V/NativeCrypto(13213): Registering com/google/android/gms/org/conscrypt/NativeCrypto's 259 native methods...
06-08 16:22:53.176: I/art(13213): Rejecting re-init on previously-failed class java.lang.Class<com.google.android.gms.org.conscrypt.OpenSSLExtendedSessionImpl>
06-08 16:22:53.176: I/art(13213): Rejecting re-init on previously-failed class java.lang.Class<com.google.android.gms.org.conscrypt.OpenSSLExtendedSessionImpl>
06-08 16:22:53.176: I/art(13213): Rejecting re-init on previously-failed class java.lang.Class<com.google.android.gms.org.conscrypt.OpenSSLExtendedSessionImpl>
06-08 16:22:53.199: I/ProviderInstaller(13213): Installed default security provider GmsCore_OpenSSL
06-08 16:22:53.228: W/System(13213): ClassLoader referenced unknown path: /system/framework/tcmclient.jar
06-08 16:22:53.299: W/System(13213): ClassLoader referenced unknown path: /system/framework/com.qualcomm.qti.GBAHttpAuthentication.jar
