06-08 16:23:42.939: W/bt_btm(9553): btm_read_remote_version_complete lmp_version 4 manufacturer 10 lmp_subversion 4192
06-08 16:23:42.943: W/bt_btif(9553): bta_dm_acl_change info: 0x10
06-08 16:23:42.943: W/bt_l2cap(9553): L2CA_SetDesireRole() new:x0, disallow_switch:0
06-08 16:23:42.943: D/BluetoothRemoteDevices(9553): Remote Device name is: OBDII
06-08 16:23:42.944: D/BluetoothRemoteDevices(9553): Remote class is:7936
06-08 16:23:42.944: D/bt_btif_dm(9553): check_sdp_bl: 00:1d:a5:68:98:8d is not in blacklist for skipping sdp
06-08 16:23:42.944: D/bt_btif_dm(9553): remote version info [00:1d:a5:68:98:8d]: 4, a, 1060
06-08 16:23:42.945: E/BluetoothRemoteDevices(9553): state12newState0
06-08 16:23:42.945: D/BluetoothRemoteDevices(9553): aclStateChangeCallback: State:Connected to Device:00:1D:A5:68:98:8D
06-08 16:23:42.950: I/bt_bta_dm(9553): bta_dm_find_services services_to_search=7fffffff
06-08 16:23:42.950: I/bt_bta_dm(9553): bta_dm_find_services search UUID = 1200
06-08 16:23:42.950: W/bt_l2cap(9553): L2CA_ErtmConnectReq()  PSM: 0x0001  BDA: 001da568988d  p_ertm_info: 0x00000000 allowed:0x0 preferred:0
06-08 16:23:42.950: W/bt_l2cap(9553): L2CAP - st: CLOSED evt: 21
06-08 16:23:42.951: W/bt_l2cap(9553): L2CAP - st: CLOSED evt: 7
06-08 16:23:42.956: W/bt_hci_packet_fragmenter(9553): reassemble_and_dispatch complete l2cap packet received:l2cap full length 12 and hci length 20.
06-08 16:23:42.956: W/bt_l2cap(9553): L2CAP - st: W4_L2CAP_CON_RSP evt: 11
06-08 16:23:42.956: W/bt_l2cap(9553): L2CAP - st: CONFIG evt: 24
06-08 16:23:42.957: W/bt_hci_packet_fragmenter(9553): reassemble_and_dispatch complete l2cap packet received:l2cap full length 12 and hci length 20.
06-08 16:23:42.957: W/bt_l2cap(9553): L2CAP - st: CONFIG evt: 14
06-08 16:23:42.957: W/bt_l2cap(9553): L2CAP - st: CONFIG evt: 25
06-08 16:23:42.957: W/bt_l2cap(9553): L2CAP-Upper layer Config_Rsp,Local CID: 0x0048,Remote CID: 0x0047,PSM:1,our MTU present:1,our MTU:768
06-08 16:23:42.961: W/bt_hci_packet_fragmenter(9553): reassemble_and_dispatch complete l2cap packet received:l2cap full length 10 and hci length 18.
06-08 16:23:42.961: W/bt_l2cap(9553): L2CAP - st: CONFIG evt: 15
06-08 16:23:42.961: W/bt_l2cap(9553): L2CAP-peer_Config_Rsp,Local CID: 0x0048,Remote CID: 0x0047,PSM: 1,peer MTU present: 0,peer MTU: 128
06-08 16:23:42.967: W/bt_hci_packet_fragmenter(9553): reassemble_and_dispatch complete l2cap packet received:l2cap full length 11 and hci length 19.
06-08 16:23:42.967: W/bt_sdp(9553): process_service_search_attr_rsp
06-08 16:23:42.967: W/bt_l2cap(9553): L2CA_DisconnectReq()  CID: 0x0048
06-08 16:23:42.973: W/bt_hci_packet_fragmenter(9553): reassemble_and_dispatch complete l2cap packet received:l2cap full length 8 and hci length 16.
06-08 16:23:42.973: W/bt_l2cap(9553): L2CAP - st: W4_L2CAP_DISC_RSP evt: 18
06-08 16:23:42.973: I/bt_bta_dm(9553): bta_dm_find_services services_to_search=7ffffffe
06-08 16:23:42.973: I/bt_bta_dm(9553): bta_dm_find_services search UUID = 0100
06-08 16:23:42.973: W/bt_l2cap(9553): L2CA_ErtmConnectReq()  PSM: 0x0001  BDA: 001da568988d  p_ertm_info: 0x00000000 allowed:0x0 preferred:0
06-08 16:23:42.973: W/bt_l2cap(9553): L2CAP - st: CLOSED evt: 21
06-08 16:23:42.973: W/bt_l2cap(9553): L2CAP - st: CLOSED evt: 7
06-08 16:23:42.982: W/bt_hci_packet_fragmenter(9553): reassemble_and_dispatch complete l2cap packet received:l2cap full length 12 and hci length 20.
06-08 16:23:42.982: W/bt_l2cap(9553): L2CAP - st: W4_L2CAP_CON_RSP evt: 11
06-08 16:23:42.982: W/bt_l2cap(9553): L2CAP - st: CONFIG evt: 24
06-08 16:23:42.984: W/bt_hci_packet_fragmenter(9553): reassemble_and_dispatch complete l2cap packet received:l2cap full length 12 and hci length 20.
06-08 16:23:42.984: W/bt_l2cap(9553): L2CAP - st: CONFIG evt: 14
06-08 16:23:42.984: W/bt_l2cap(9553): L2CAP - st: CONFIG evt: 25
06-08 16:23:42.984: W/bt_l2cap(9553): L2CAP-Upper layer Config_Rsp,Local CID: 0x0049,Remote CID: 0x0048,PSM:1,our MTU present:1,our MTU:768
06-08 16:23:42.988: W/bt_hci_packet_fragmenter(9553): reassemble_and_dispatch complete l2cap packet received:l2cap full length 10 and hci length 18.
06-08 16:23:42.988: W/bt_l2cap(9553): L2CAP - st: CONFIG evt: 15
06-08 16:23:42.988: W/bt_l2cap(9553): L2CAP-peer_Config_Rsp,Local CID: 0x0049,Remote CID: 0x0048,PSM: 1,peer MTU present: 0,peer MTU: 128
06-08 16:23:43.004: W/bt_hci_packet_fragmenter(9553): reassemble_and_dispatch complete l2cap packet received:l2cap full length 68 and hci length 76.
06-08 16:23:43.004: W/bt_sdp(9553): process_service_search_attr_rsp
06-08 16:23:43.004: W/bt_l2cap(9553): L2CA_DisconnectReq()  CID: 0x0049
06-08 16:23:43.008: W/bt_hci_packet_fragmenter(9553): reassemble_and_dispatch complete l2cap packet received:l2cap full length 8 and hci length 16.
06-08 16:23:43.008: W/bt_l2cap(9553): L2CAP - st: W4_L2CAP_DISC_RSP evt: 18
06-08 16:23:43.010: I/bt_btif_dm(9553): btif_dm_search_services_evt index:0 uuid:00001101-0000-1000-8000-00805f9b34fb
06-08 16:23:43.010: I/bt_btif_dm(9553): btif_dm_search_services_evt index:1 uuid:00000000-0000-1000-8000-00805f9b34fb
06-08 16:23:43.010: I/bt_btif_dm(9553): btif_dm_search_services_evt index:2 uuid:00000000-0000-1000-8000-00805f9b34fb
06-08 16:23:43.011: I/BluetoothBondStateMachine(9553): bondStateChangeCallback: Status: 0 Address: 00:1D:A5:68:98:8D newState: 2
06-08 16:23:43.012: D/BluetoothAdapterProperties(9553): Adding bonded device:00:1D:A5:68:98:8D
06-08 16:23:43.013: I/BluetoothBondStateMachine(9553): Bond State Change Intent:00:1D:A5:68:98:8D OldState: 11 NewState: 12
06-08 16:23:43.013: I/BluetoothBondStateMachine(9553): StableState(): Entering Off State
06-08 16:23:43.013: D/Index(13497): Indexing locale 'en_IN' took 96 millis
06-08 16:23:43.042: D/A2dpService(9553): getA2DPService(): returning com.android.bluetooth.a2dp.A2dpService@8943f02
06-08 16:23:43.042: D/A2dpSinkService(9553): getA2dpSinkService(): service is NULL
06-08 16:23:43.043: D/BluetoothRemoteDevices(9553): Remote Device name is: OBDII
06-08 16:23:43.043: D/CachedBluetoothDevice(3287):  onUuidChanged, mProfile Size 0
06-08 16:23:43.052: D/BluetoothMap(3287): getConnectedDevices()
06-08 16:23:43.054: D/BluetoothMap(3287): getConnectionState(00:1D:A5:68:98:8D)
06-08 16:23:43.055: D/MapProfile(3287): getConnectionStatus: status is: 0
06-08 16:23:43.134: I/TWILIGHT(4358): [16:23:43.133, main]: Accessibility skip 
06-08 16:23:43.319: D/CachedBluetoothDevice(13497): No profiles. Maybe we will connect later
06-08 16:23:43.327: D/CachedBluetoothDevice(13497):  onUuidChanged, mProfile Size 0
06-08 16:23:43.349: D/BluetoothMap(13497): getConnectedDevices()
06-08 16:23:43.351: D/BluetoothMap(13497): getConnectionState(00:1D:A5:68:98:8D)
06-08 16:23:43.353: D/MapProfile(13497): getConnectionStatus: status is: 0
06-08 16:23:43.361: D/WifiService(1043): acquireWifiLockLocked: WifiLock{NlpWifiLock type=2 binder=android.os.BinderProxy@4b433b2}
06-08 16:23:43.375: D/WifiService(1043): releaseWifiLockLocked: WifiLock{NlpWifiLock type=2 binder=android.os.BinderProxy@f176523}
06-08 16:23:43.379: V/OSNPGlue_jni(1043): Entering  : void onJavaLocationChanged(JNIEnv*, jobject, jboolean, jlong, jboolean, jlong, jboolean, jdouble, jboolean, jdouble, jboolean, jfloat, jboolean, jdouble, jboolean, jfloat, jboolean, jfloat)
06-08 16:23:43.384: D/Network(10218): Got Location Updates 18.5084272 73.7938094
06-08 16:23:43.388: W/ctxmgr(4881): [AclManager]No 2 for (accnt=account#1618635401#, com.google.android.gms(10030):UserLocationProducer, vrsn=11055000, 0, 3pPkg = null ,  3pMdlId = null ,  pid = 4881). Was: 2 for 1, account#1618635401#
06-08 16:23:43.406: I/System.out(10218): Device IMEI is 352494060195210
06-08 16:23:43.407: D/Network(10218): Got Location Updates 18.5084272 73.7938094
06-08 16:23:43.410: I/System.out(10218): Device IMEI is 352494060195210
06-08 16:23:43.426: W/ContextImpl(29998): Calling a method in the system process without a qualified user: android.app.ContextImpl.startService:1207 android.content.ContextWrapper.startService:581 android.content.ContextWrapper.startService:581 com.sonymobile.tvout.wifidisplay.bluetooth.BtListenService$BtIntentReceiver.handleBroadcastIntent:746 com.sonymobile.tvout.wifidisplay.common.BaseReceiver$IntentHandler.run:85 
06-08 16:23:43.427: I/art(29998): Rejecting re-init on previously-failed class java.lang.Class<com.sonymobile.wifidisplay.sink.WfdInterface>
06-08 16:23:43.472: I/Timeline(13497): Timeline: Activity_idle id: android.os.BinderProxy@f96faf7 time:95450462
06-08 16:23:43.739: I/TWILIGHT(4358): [16:23:43.738, main]: Accessibility skip 
06-08 16:23:43.852: I/System.out(13618): There is callback from service
06-08 16:23:43.981: D/WifiService(1043): releaseWifiLockLocked: WifiLock{NlpWifiLock type=2 binder=android.os.BinderProxy@4b433b2}
06-08 16:23:44.035: D/==FindMyPhone==(26284): 1496919224035
06-08 16:23:46.197: I/TWILIGHT(4358): [16:23:46.197, main]: Accessibility skip 
06-08 16:23:47.070: D/==FindMyPhone==(26284): 1496919227070
06-08 16:23:47.093: I/bt_btm_sec(9553): btm_sec_disconnected clearing pending flag handle:12 reason:22
06-08 16:23:47.094: W/bt_l2cap(9553): L2CA_SetDesireRole() new:x0, disallow_switch:0
06-08 16:23:47.097: E/BluetoothRemoteDevices(9553): state12newState1
06-08 16:23:47.097: D/BluetoothRemoteDevices(9553): aclStateChangeCallback: sending ACL disconnected intent
06-08 16:23:47.097: D/BluetoothRemoteDevices(9553): aclStateChangeCallback: State:DisConnected to Device:00:1D:A5:68:98:8D
06-08 16:23:47.101: D/BluetoothMapService(9553): onReceive
06-08 16:23:47.101: D/BluetoothMapService(9553): onReceive: android.bluetooth.device.action.ACL_DISCONNECTED
06-08 16:23:47.105: V/BluetoothPbapService(9553): action: android.bluetooth.device.action.ACL_DISCONNECTED
06-08 16:23:47.310: I/Gobi(445): vendor/qcom/proprietary/RIDL/RIDLClient/RIDLSQL.cpp:2500: GetTransState() EBADF
06-08 16:23:47.310: I/Gobi(445): vendor/qcom/proprietary/RIDL/RIDLClient/MainCore.cpp:1550: Failed to get TransState, rc 9
06-08 16:23:47.310: I/Gobi(445): vendor/qcom/proprietary/RIDL/RIDLClient/RIDLSQL.cpp:2500: GetTransState() EBADF
06-08 16:23:47.310: I/Gobi(445): vendor/qcom/proprietary/RIDL/RIDLClient/RIDLSQL.cpp:2500: GetTransState() EBADF
06-08 16:23:48.032: V/NativeCrypto(4881): SSL shutdown failed: ssl=0x996c29c0: I/O error during system call, Connection timed out
06-08 16:23:48.296: I/TWILIGHT(4358): [16:23:48.296, main]: Accessibility skip 
06-08 16:23:48.634: D/LocalBluetoothManager(13497): setting foreground activity to non-null context
06-08 16:23:48.635: D/DeviceProfilesSettings(13497): addPreferencesForProfiles: pbapPermission = 2
06-08 16:23:48.667: D/DeviceProfilesSettings(13497): addPreferencesForProfiles: mapPermission = 0
06-08 16:23:48.795: W/toolbox(13815): type=1400 audit(0.0:4240683): avc: denied { getattr } for path="/proc/1" dev="proc" ino=9224 scontext=u:r:untrusted_app:s0:c512,c768 tcontext=u:r:init:s0 tclass=dir permissive=0 ppid=13812 pcomm="sh" tgid=13812 tgcomm="sh"
06-08 16:23:48.815: W/toolbox(13815): type=1400 audit(0.0:4240684): avc: denied { search } for name="1" dev="proc" ino=9224 scontext=u:r:untrusted_app:s0:c512,c768 tcontext=u:r:init:s0 tclass=dir permissive=0 ppid=13812 pcomm="sh" tgid=13812 tgcomm="sh"
06-08 16:23:48.815: W/toolbox(13815): type=1400 audit(0.0:4240685): avc: denied { search } for name="1" dev="proc" ino=9224 scontext=u:r:untrusted_app:s0:c512,c768 tcontext=u:r:init:s0 tclass=dir permissive=0 ppid=13812 pcomm="sh" tgid=13812 tgcomm="sh"
06-08 16:23:48.815: W/toolbox(13815): type=1400 audit(0.0:4240686): avc: denied { getattr } for path="/proc/2" dev="proc" ino=11460 scontext=u:r:untrusted_app:s0:c512,c768 tcontext=u:r:kernel:s0 tclass=dir permissive=0 ppid=13812 pcomm="sh" tgid=13812 tgcomm="sh"
06-08 16:23:48.815: W/toolbox(13815): type=1400 audit(0.0:4240687): avc: denied { search } for name="2" dev="proc" ino=11460 scontext=u:r:untrusted_app:s0:c512,c768 tcontext=u:r:kernel:s0 tclass=dir permissive=0 ppid=13812 pcomm="sh" tgid=13812 tgcomm="sh"
06-08 16:23:48.969: I/TWILIGHT(4358): [16:23:48.968, main]: Accessibility skip 
06-08 16:23:48.980: I/TWILIGHT(4358): [16:23:48.979, main]: Accessibility skip 
06-08 16:23:49.044: I/TWILIGHT(4358): [16:23:49.044, main]: Accessibility skip 
06-08 16:23:50.111: D/==FindMyPhone==(26284): 1496919230111
06-08 16:23:51.638: W/InputEventReceiver(13497): Attempted to finish an input event but the input event receiver has already been disposed.
06-08 16:23:51.639: D/LocalBluetoothManager(13497): setting foreground activity to null
06-08 16:23:51.844: D/A2dpService(9553): getA2DPService(): returning com.android.bluetooth.a2dp.A2dpService@8943f02
06-08 16:23:51.844: I/A2dpService(9553): audio isMusicActive is false
06-08 16:23:51.845: I/BluetoothAdapterService(9553): setScanMode: prev mode: 23 new mode: 21
06-08 16:23:51.846: D/BluetoothAdapterProperties(9553): Discoverable Timeout:300
06-08 16:23:51.851: D/BluetoothAdapterProperties(9553): Scan Mode:21
06-08 16:23:51.865: D/com.obd.activity.MainActivity(10218): Entered onStart...
06-08 16:23:51.865: D/com.obd.activity.MainActivity(10218): Resuming..
06-08 16:23:51.866: I/System.out(10218): In ready function
06-08 16:23:51.955: I/Timeline(10218): Timeline: Activity_idle id: android.os.BinderProxy@d33af09 time:95458945
06-08 16:23:52.151: I/TWILIGHT(4358): [16:23:52.151, main]: Accessibility skip 
06-08 16:23:52.275: I/Timeline(1043): Timeline: Activity_windows_visible id: ActivityRecord{a096724 u0 com.obd.reader.activity/com.obd.activity.MainActivity t4070} time:95459264
06-08 16:23:52.326: I/ActivityManager(1043): Killing 12346:com.bt.bms/u0a337 (adj 15): empty #17
06-08 16:23:53.139: D/==FindMyPhone==(26284): 1496919233139
06-08 16:23:53.141: D/AS.AnalyticsService(12851): 16:23:53.141[23833] dispatch cached data(3): 0
06-08 16:23:53.142: D/AS.AnalyticsManager(12851): 16:23:53.142[23833] countEnvent: 0
06-08 16:23:53.647: I/TWILIGHT(4358): [16:23:53.646, main]: Accessibility skip 
06-08 16:23:53.657: I/TWILIGHT(4358): [16:23:53.656, main]: Accessibility skip 
06-08 16:23:54.300: I/ProcessStatsService(1043): Prepared write state in 18ms
06-08 16:23:54.745: I/Timeline(10218): Timeline: Activity_launch_request id:com.obd.reader.activity time:95461734
06-08 16:23:54.746: I/ActivityManager(1043): START u0 {cmp=com.obd.reader.activity/com.obd.activity.ConfigActivity} from uid 10484 on display 0
06-08 16:23:54.769: D/com.obd.activity.MainActivity(10218): Pausing..
06-08 16:23:54.916: I/ActivityManager(1043): Displayed com.obd.reader.activity/com.obd.activity.ConfigActivity: +146ms
06-08 16:23:54.919: I/TWILIGHT(4358): [16:23:54.919, main]: Accessibility skip 
06-08 16:23:54.974: I/Timeline(10218): Timeline: Activity_idle id: android.os.BinderProxy@56093d3 time:95461963
06-08 16:23:55.114: I/Timeline(1043): Timeline: Activity_windows_visible id: ActivityRecord{f0044d1 u0 com.obd.reader.activity/com.obd.activity.ConfigActivity t4070} time:95462103
06-08 16:23:55.172: I/TWILIGHT(4358): [16:23:55.171, main]: Accessibility skip 
06-08 16:23:55.255: I/Ads(24444): Ad is not visible. Not refreshing ad.
06-08 16:23:55.255: I/Ads(24444): Scheduling ad refresh 60000 milliseconds from now.
06-08 16:23:56.062: I/TWILIGHT(4358): [16:23:56.061, main]: Accessibility skip 
06-08 16:23:56.172: D/==FindMyPhone==(26284): 1496919236172
06-08 16:23:56.233: I/TWILIGHT(4358): [16:23:56.230, main]: Accessibility skip 
06-08 16:23:57.050: I/TWILIGHT(4358): [16:23:57.050, main]: Accessibility skip 
06-08 16:23:57.320: I/Gobi(445): vendor/qcom/proprietary/RIDL/RIDLClient/RIDLSQL.cpp:2500: GetTransState() EBADF
06-08 16:23:57.320: I/Gobi(445): vendor/qcom/proprietary/RIDL/RIDLClient/MainCore.cpp:1550: Failed to get TransState, rc 9
06-08 16:23:57.320: I/Gobi(445): vendor/qcom/proprietary/RIDL/RIDLClient/RIDLSQL.cpp:2500: GetTransState() EBADF
06-08 16:23:57.320: I/Gobi(445): vendor/qcom/proprietary/RIDL/RIDLClient/RIDLSQL.cpp:2500: GetTransState() EBADF
06-08 16:23:58.825: W/toolbox(13879): type=1400 audit(0.0:4241508): avc: denied { getattr } for path="/proc/1" dev="proc" ino=9224 scontext=u:r:untrusted_app:s0:c512,c768 tcontext=u:r:init:s0 tclass=dir permissive=0 ppid=13876 pcomm="sh" tgid=13876 tgcomm="sh"
06-08 16:23:58.825: W/toolbox(13879): type=1400 audit(0.0:4241509): avc: denied { search } for name="1" dev="proc" ino=9224 scontext=u:r:untrusted_app:s0:c512,c768 tcontext=u:r:init:s0 tclass=dir permissive=0 ppid=13876 pcomm="sh" tgid=13876 tgcomm="sh"
06-08 16:23:58.825: W/toolbox(13879): type=1400 audit(0.0:4241510): avc: denied { search } for name="1" dev="proc" ino=9224 scontext=u:r:untrusted_app:s0:c512,c768 tcontext=u:r:init:s0 tclass=dir permissive=0 ppid=13876 pcomm="sh" tgid=13876 tgcomm="sh"
06-08 16:23:58.825: W/toolbox(13879): type=1400 audit(0.0:4241511): avc: denied { getattr } for path="/proc/2" dev="proc" ino=11460 scontext=u:r:untrusted_app:s0:c512,c768 tcontext=u:r:kernel:s0 tclass=dir permissive=0 ppid=13876 pcomm="sh" tgid=13876 tgcomm="sh"
06-08 16:23:58.825: W/toolbox(13879): type=1400 audit(0.0:4241512): avc: denied { search } for name="2" dev="proc" ino=11460 scontext=u:r:untrusted_app:s0:c512,c768 tcontext=u:r:kernel:s0 tclass=dir permissive=0 ppid=13876 pcomm="sh" tgid=13876 tgcomm="sh"
06-08 16:23:59.210: D/==FindMyPhone==(26284): 1496919239210
06-08 16:23:59.812: D/WifiService(1043): acquireWifiLockLocked: WifiLock{NlpWifiLock type=2 binder=android.os.BinderProxy@f176523}
06-08 16:24:00.525: I/TWILIGHT(4358): [16:24:00.523, main]: Accessibility skip 
06-08 16:24:02.251: D/==FindMyPhone==(26284): 1496919242251
06-08 16:24:02.516: I/TWILIGHT(4358): [16:24:02.516, main]: Accessibility skip 
06-08 16:24:03.298: V/OSNPGlue_jni(1043): Entering  : void onJavaLocationChanged(JNIEnv*, jobject, jboolean, jlong, jboolean, jlong, jboolean, jdouble, jboolean, jdouble, jboolean, jfloat, jboolean, jdouble, jboolean, jfloat, jboolean, jfloat)
06-08 16:24:03.304: D/WifiService(1043): releaseWifiLockLocked: WifiLock{NlpWifiLock type=2 binder=android.os.BinderProxy@f176523}
06-08 16:24:03.311: D/Network(10218): Got Location Updates 18.5091038 73.7919162
06-08 16:24:03.313: W/ctxmgr(4881): [AclManager]No 2 for (accnt=account#1618635401#, com.google.android.gms(10030):UserLocationProducer, vrsn=11055000, 0, 3pPkg = null ,  3pMdlId = null ,  pid = 4881). Was: 2 for 1, account#1618635401#
06-08 16:24:03.334: I/System.out(10218): Device IMEI is 352494060195210
06-08 16:24:03.335: D/Network(10218): Got Location Updates 18.5091038 73.7919162
06-08 16:24:03.339: I/System.out(10218): Device IMEI is 352494060195210
06-08 16:24:03.661: I/TWILIGHT(4358): [16:24:03.661, main]: Accessibility skip 
06-08 16:24:04.228: W/InputMethodManagerService(1043): Window already focused, ignoring focus gain of: com.android.internal.view.IInputMethodClient$Stub$Proxy@f1afa79 attribute=null, token = android.os.BinderProxy@2735d0d
06-08 16:24:04.265: I/TWILIGHT(4358): [16:24:04.264, main]: Accessibility skip 
06-08 16:24:04.500: I/TWILIGHT(4358): [16:24:04.499, main]: Accessibility skip 
06-08 16:24:05.073: V/NativeCrypto(4881): SSL shutdown failed: ssl=0x985d8b40: I/O error during system call, Connection timed out
06-08 16:24:05.292: D/==FindMyPhone==(26284): 1496919245292
06-08 16:24:05.852: E/NetlinkEvent(398): NetlinkEvent::FindParam(): Parameter 'TIME_NS' not found
06-08 16:24:05.852: E/NetlinkEvent(398): NetlinkEvent::FindParam(): Parameter 'UID' not found
06-08 16:24:07.308: D/com.obd.activity.MainActivity(10218): Entered onStart...
06-08 16:24:07.308: D/com.obd.activity.MainActivity(10218): Resuming..
06-08 16:24:07.310: I/System.out(10218): In ready function
06-08 16:24:07.330: I/Gobi(445): vendor/qcom/proprietary/RIDL/RIDLClient/RIDLSQL.cpp:2500: GetTransState() EBADF
06-08 16:24:07.330: I/Gobi(445): vendor/qcom/proprietary/RIDL/RIDLClient/MainCore.cpp:1550: Failed to get TransState, rc 9
06-08 16:24:07.330: I/Gobi(445): vendor/qcom/proprietary/RIDL/RIDLClient/RIDLSQL.cpp:2500: GetTransState() EBADF
06-08 16:24:07.330: I/Gobi(445): vendor/qcom/proprietary/RIDL/RIDLClient/RIDLSQL.cpp:2500: GetTransState() EBADF
06-08 16:24:07.393: I/Timeline(10218): Timeline: Activity_idle id: android.os.BinderProxy@d33af09 time:95474383
06-08 16:24:07.478: I/Timeline(1043): Timeline: Activity_windows_visible id: ActivityRecord{a096724 u0 com.obd.reader.activity/com.obd.activity.MainActivity t4070} time:95474467
06-08 16:24:07.590: I/TWILIGHT(4358): [16:24:07.589, main]: Accessibility skip 
06-08 16:24:07.605: E/NetlinkEvent(398): NetlinkEvent::FindParam(): Parameter 'TIME_NS' not found
06-08 16:24:07.605: E/NetlinkEvent(398): NetlinkEvent::FindParam(): Parameter 'UID' not found
06-08 16:24:08.331: D/==FindMyPhone==(26284): 1496919248331
06-08 16:24:08.567: I/TWILIGHT(4358): [16:24:08.567, main]: Accessibility skip 
06-08 16:24:08.624: I/TWILIGHT(4358): [16:24:08.624, main]: Accessibility skip 
06-08 16:24:08.895: W/toolbox(13992): type=1400 audit(0.0:4242303): avc: denied { getattr } for path="/proc/1" dev="proc" ino=9224 scontext=u:r:untrusted_app:s0:c512,c768 tcontext=u:r:init:s0 tclass=dir permissive=0 ppid=13988 pcomm="sh" tgid=13988 tgcomm="sh"
06-08 16:24:08.895: W/toolbox(13992): type=1400 audit(0.0:4242304): avc: denied { search } for name="1" dev="proc" ino=9224 scontext=u:r:untrusted_app:s0:c512,c768 tcontext=u:r:init:s0 tclass=dir permissive=0 ppid=13988 pcomm="sh" tgid=13988 tgcomm="sh"
06-08 16:24:08.895: W/toolbox(13992): type=1400 audit(0.0:4242305): avc: denied { search } for name="1" dev="proc" ino=9224 scontext=u:r:untrusted_app:s0:c512,c768 tcontext=u:r:init:s0 tclass=dir permissive=0 ppid=13988 pcomm="sh" tgid=13988 tgcomm="sh"
06-08 16:24:08.895: W/toolbox(13992): type=1400 audit(0.0:4242306): avc: denied { getattr } for path="/proc/2" dev="proc" ino=11460 scontext=u:r:untrusted_app:s0:c512,c768 tcontext=u:r:kernel:s0 tclass=dir permissive=0 ppid=13988 pcomm="sh" tgid=13988 tgcomm="sh"
06-08 16:24:08.895: W/toolbox(13992): type=1400 audit(0.0:4242307): avc: denied { search } for name="2" dev="proc" ino=11460 scontext=u:r:untrusted_app:s0:c512,c768 tcontext=u:r:kernel:s0 tclass=dir permissive=0 ppid=13988 pcomm="sh" tgid=13988 tgcomm="sh"
06-08 16:24:09.290: D/com.obd.activity.MainActivity(10218): Starting live data..
06-08 16:24:09.290: D/com.obd.activity.MainActivity(10218): Binding OBD service..
06-08 16:24:09.294: E/GooglePlayServicesUtil(1043): The Google Play services resources were not found. Check your project configuration to ensure that the resources are included.
06-08 16:24:09.294: W/GoogleTagManager(1043): IllegalStateException getting Advertising Id Info
06-08 16:24:09.294: W/GoogleTagManager(1043): java.lang.IllegalStateException: A required meta-data tag in your app's AndroidManifest.xml does not exist.  You must have the following declaration within the <application> element:     <meta-data android:name="com.google.android.gms.version" android:value="@integer/google_play_services_version" />
06-08 16:24:09.294: W/GoogleTagManager(1043): 	at com.google.android.gms.common.GooglePlayServicesUtil.zzak(Unknown Source)
06-08 16:24:09.294: W/GoogleTagManager(1043): 	at com.google.android.gms.common.GooglePlayServicesUtil.isGooglePlayServicesAvailable(Unknown Source)
06-08 16:24:09.294: W/GoogleTagManager(1043): 	at com.google.android.gms.common.GoogleApiAvailability.isGooglePlayServicesAvailable(Unknown Source)
06-08 16:24:09.294: W/GoogleTagManager(1043): 	at com.google.android.gms.common.GooglePlayServicesUtil.zzac(Unknown Source)
06-08 16:24:09.294: W/GoogleTagManager(1043): 	at com.google.android.gms.ads.identifier.AdvertisingIdClient.zzp(Unknown Source)
06-08 16:24:09.294: W/GoogleTagManager(1043): 	at com.google.android.gms.ads.identifier.AdvertisingIdClient.zzb(Unknown Source)
06-08 16:24:09.294: W/GoogleTagManager(1043): 	at com.google.android.gms.ads.identifier.AdvertisingIdClient.getAdvertisingIdInfo(Unknown Source)
06-08 16:24:09.294: W/GoogleTagManager(1043): 	at com.google.android.gms.tagmanager.zza$1.zzDZ(Unknown Source)
06-08 16:24:09.294: W/GoogleTagManager(1043): 	at com.google.android.gms.tagmanager.zza.zzDY(Unknown Source)
06-08 16:24:09.294: W/GoogleTagManager(1043): 	at com.google.android.gms.tagmanager.zza.zzb(Unknown Source)
06-08 16:24:09.294: W/GoogleTagManager(1043): 	at com.google.android.gms.tagmanager.zza$2.run(Unknown Source)
06-08 16:24:09.294: W/GoogleTagManager(1043): 	at java.lang.Thread.run(Thread.java:818)
06-08 16:24:09.322: D/com.obd.activity.MainActivity(10218): ComponentInfo{com.obd.reader.activity/com.obd.reader.io.ObdGatewayService} service is bound
06-08 16:24:09.322: D/com.obd.activity.MainActivity(10218): Starting live data
06-08 16:24:09.322: D/com.obd.reader.io.ObdGatewayService(10218): Starting service..
06-08 16:24:09.322: D/com.obd.reader.io.ObdGatewayService(10218): Stopping Bluetooth discovery.
06-08 16:24:09.323: E/bt_btif_dm(9553): ### ASSERT : system/bt/main/../btif/src/btif_dm.c line 1769 unhandled search services event (6) ###
06-08 16:24:09.328: D/com.obd.reader.io.ObdGatewayService(10218): Starting OBD connection..
06-08 16:24:09.330: W/BluetoothAdapter(10218): getBluetoothService() called with no BluetoothManagerCallback
06-08 16:24:09.332: W/bt_l2cap(9553): L2CA_ErtmConnectReq()  PSM: 0x0001  BDA: 001da568988d  p_ertm_info: 0x00000000 allowed:0x0 preferred:0
06-08 16:24:09.498: I/TWILIGHT(4358): [16:24:09.498, main]: Accessibility skip 
06-08 16:24:10.538: W/bt_btm(9553): btm_acl_created hci_handle=12 link_role=1  transport=1
06-08 16:24:10.553: W/bt_btm(9553): btm_acl_created hci_handle=12 link_role=0  transport=1
06-08 16:24:10.554: W/bt_l2cap(9553): L2CAP - st: CLOSED evt: 0
06-08 16:24:10.554: W/bt_l2cap(9553): L2CAP - st: ORIG_W4_SEC_COMP evt: 7
06-08 16:24:10.599: W/bt_btm(9553): btm_read_remote_version_complete: BDA: 00-1d-a5-68-98-8d
06-08 16:24:10.599: W/bt_btm(9553): btm_read_remote_version_complete lmp_version 4 manufacturer 10 lmp_subversion 4192
06-08 16:24:10.599: W/bt_hci_packet_fragmenter(9553): reassemble_and_dispatch complete l2cap packet received:l2cap full length 12 and hci length 20.
06-08 16:24:10.615: W/bt_l2cap(9553): L2CAP - st: W4_L2CAP_CON_RSP evt: 19
06-08 16:24:10.651: W/bt_btif(9553): bta_dm_acl_change info: 0x10
06-08 16:24:10.652: W/bt_l2cap(9553): L2CA_SetDesireRole() new:x0, disallow_switch:0
06-08 16:24:10.653: D/bt_btif_dm(9553): remote version info [00:1d:a5:68:98:8d]: 4, a, 1060
06-08 16:24:10.664: W/bt_hci_packet_fragmenter(9553): reassemble_and_dispatch complete l2cap packet received:l2cap full length 12 and hci length 20.
06-08 16:24:10.664: W/bt_l2cap(9553): L2CAP - st: W4_L2CAP_CON_RSP evt: 11
06-08 16:24:10.664: W/bt_l2cap(9553): L2CAP - st: CONFIG evt: 24
06-08 16:24:10.664: W/bt_hci_packet_fragmenter(9553): reassemble_and_dispatch complete l2cap packet received:l2cap full length 12 and hci length 20.
06-08 16:24:10.664: W/bt_l2cap(9553): L2CAP - st: CONFIG evt: 14
06-08 16:24:10.664: W/bt_l2cap(9553): L2CAP - st: CONFIG evt: 25
06-08 16:24:10.664: W/bt_l2cap(9553): L2CAP-Upper layer Config_Rsp,Local CID: 0x004a,Remote CID: 0x0049,PSM:1,our MTU present:1,our MTU:768
06-08 16:24:10.666: E/BluetoothRemoteDevices(9553): state12newState0
06-08 16:24:10.666: D/BluetoothRemoteDevices(9553): aclStateChangeCallback: State:Connected to Device:00:1D:A5:68:98:8D
06-08 16:24:10.699: W/bt_hci_packet_fragmenter(9553): reassemble_and_dispatch complete l2cap packet received:l2cap full length 10 and hci length 18.
06-08 16:24:10.699: W/bt_l2cap(9553): L2CAP - st: CONFIG evt: 15
06-08 16:24:10.699: W/bt_l2cap(9553): L2CAP-peer_Config_Rsp,Local CID: 0x004a,Remote CID: 0x0049,PSM: 1,peer MTU present: 0,peer MTU: 128
06-08 16:24:10.706: W/bt_hci_packet_fragmenter(9553): reassemble_and_dispatch complete l2cap packet received:l2cap full length 68 and hci length 76.
06-08 16:24:10.706: W/bt_sdp(9553): process_service_search_attr_rsp
06-08 16:24:10.706: W/bt_l2cap(9553): L2CA_DisconnectReq()  CID: 0x004a
06-08 16:24:10.710: W/bt_hci_packet_fragmenter(9553): reassemble_and_dispatch complete l2cap packet received:l2cap full length 8 and hci length 16.
06-08 16:24:10.710: W/bt_l2cap(9553): L2CAP - st: W4_L2CAP_DISC_RSP evt: 18
06-08 16:24:10.710: W/bt_l2cap(9553): L2CA_ErtmConnectReq()  PSM: 0x0003  BDA: 001da568988d  p_ertm_info: 0x00000000 allowed:0x0 preferred:0
06-08 16:24:10.710: W/bt_l2cap(9553): L2CAP - st: CLOSED evt: 21
06-08 16:24:10.710: W/bt_l2cap(9553): L2CAP - st: CLOSED evt: 7
06-08 16:24:10.715: W/bt_hci_packet_fragmenter(9553): reassemble_and_dispatch complete l2cap packet received:l2cap full length 12 and hci length 20.
06-08 16:24:10.715: W/bt_l2cap(9553): L2CAP - st: W4_L2CAP_CON_RSP evt: 11
06-08 16:24:10.715: W/bt_l2cap(9553): L2CAP - st: CONFIG evt: 24
06-08 16:24:10.716: W/bt_hci_packet_fragmenter(9553): reassemble_and_dispatch complete l2cap packet received:l2cap full length 12 and hci length 20.
06-08 16:24:10.716: W/bt_l2cap(9553): L2CAP - st: CONFIG evt: 14
06-08 16:24:10.716: W/bt_l2cap(9553): L2CAP - st: CONFIG evt: 25
06-08 16:24:10.716: W/bt_l2cap(9553): L2CAP-Upper layer Config_Rsp,Local CID: 0x004b,Remote CID: 0x004a,PSM:3,our MTU present:1,our MTU:1691
06-08 16:24:10.719: W/bt_hci_packet_fragmenter(9553): reassemble_and_dispatch complete l2cap packet received:l2cap full length 10 and hci length 18.
06-08 16:24:10.719: W/bt_l2cap(9553): L2CAP - st: CONFIG evt: 15
06-08 16:24:10.719: W/bt_l2cap(9553): L2CAP-peer_Config_Rsp,Local CID: 0x004b,Remote CID: 0x004a,PSM: 3,peer MTU present: 0,peer MTU: 128
06-08 16:24:10.723: W/bt_hci_packet_fragmenter(9553): reassemble_and_dispatch complete l2cap packet received:l2cap full length 4 and hci length 12.
06-08 16:24:10.729: W/bt_hci_packet_fragmenter(9553): reassemble_and_dispatch complete l2cap packet received:l2cap full length 14 and hci length 22.
06-08 16:24:10.821: W/bt_hci_packet_fragmenter(9553): reassemble_and_dispatch complete l2cap packet received:l2cap full length 4 and hci length 12.
06-08 16:24:10.822: W/bt_l2cap(9553): L2CA_SetDesireRole() new:x0, disallow_switch:0
06-08 16:24:10.822: W/bt_btif(9553): new conn_srvc id:26, app_id:1
06-08 16:24:10.822: W/bt_btif(9553): new conn_srvc id:26, app_id:1 count:1
06-08 16:24:10.822: W/bt_btif(9553): bta_dm_pm_ssr conn_srvc id:26, app_id:1
06-08 16:24:10.822: W/bt_btif(9553): bta_dm_pm_ssr: 2, lat:1200
06-08 16:24:10.822: D/com.obd.reader.io.ObdGatewayService(10218): Queueing jobs for connection configuration..
06-08 16:24:10.823: D/com.obd.reader.io.AbstractGatewayService(10218): Adding job[64] to queue..
06-08 16:24:10.823: D/com.obd.reader.io.AbstractGatewayService(10218): Job queued successfully.
06-08 16:24:10.823: D/com.obd.reader.io.AbstractGatewayService(10218): Adding job[65] to queue..
06-08 16:24:10.823: D/com.obd.reader.io.ObdGatewayService(10218): Taking job[64/0] from queue..
06-08 16:24:10.823: D/com.obd.reader.io.ObdGatewayService(10218): Job state is NEW. Run it..
06-08 16:24:10.823: D/com.obd.reader.io.AbstractGatewayService(10218): Job queued successfully.
06-08 16:24:10.824: I/System.out(10218): Command Executed TECH AT Z
06-08 16:24:10.824: D/com.obd.reader.io.AbstractGatewayService(10218): Adding job[66] to queue..
06-08 16:24:10.824: D/com.obd.reader.io.AbstractGatewayService(10218): Job queued successfully.
06-08 16:24:10.824: D/com.obd.reader.io.AbstractGatewayService(10218): Adding job[67] to queue..
06-08 16:24:10.824: D/com.obd.reader.io.AbstractGatewayService(10218): Job queued successfully.
06-08 16:24:10.825: D/com.obd.reader.io.AbstractGatewayService(10218): Adding job[68] to queue..
06-08 16:24:10.825: D/com.obd.reader.io.AbstractGatewayService(10218): Job queued successfully.
06-08 16:24:10.825: W/bt_hci_packet_fragmenter(9553): reassemble_and_dispatch complete l2cap packet received:l2cap full length 8 and hci length 16.
06-08 16:24:10.825: D/com.obd.reader.io.AbstractGatewayService(10218): Adding job[69] to queue..
06-08 16:24:10.825: D/com.obd.reader.io.AbstractGatewayService(10218): Job queued successfully.
06-08 16:24:10.825: D/com.obd.reader.io.AbstractGatewayService(10218): Adding job[70] to queue..
06-08 16:24:10.826: D/com.obd.reader.io.AbstractGatewayService(10218): Job queued successfully.
06-08 16:24:10.826: D/com.obd.reader.io.ObdGatewayService(10218): Initialization jobs queued.
06-08 16:24:10.831: W/bt_hci_packet_fragmenter(9553): reassemble_and_dispatch complete l2cap packet received:l2cap full length 8 and hci length 16.
06-08 16:24:10.846: W/InputMethodManagerService(1043): Window already focused, ignoring focus gain of: com.android.internal.view.IInputMethodClient$Stub$Proxy@3b3188 attribute=null, token = android.os.BinderProxy@8e4a89
06-08 16:24:11.112: I/TWILIGHT(4358): [16:24:11.111, main]: Accessibility skip 
06-08 16:24:11.355: W/bt_hci_packet_fragmenter(9553): reassemble_and_dispatch complete l2cap packet received:l2cap full length 6 and hci length 14.
06-08 16:24:11.361: W/bt_hci_packet_fragmenter(9553): reassemble_and_dispatch complete l2cap packet received:l2cap full length 6 and hci length 14.
06-08 16:24:11.361: W/bt_hci_packet_fragmenter(9553): reassemble_and_dispatch complete l2cap packet received:l2cap full length 6 and hci length 14.
06-08 16:24:11.362: W/bt_hci_packet_fragmenter(9553): reassemble_and_dispatch complete l2cap packet received:l2cap full length 7 and hci length 15.
06-08 16:24:11.362: W/bt_hci_packet_fragmenter(9553): reassemble_and_dispatch complete l2cap packet received:l2cap full length 16 and hci length 24.
06-08 16:24:11.364: I/System.out(10218): DATA from OBD TECH ELM327v2.1
06-08 16:24:11.370: D/==FindMyPhone==(26284): 1496919251370
06-08 16:24:11.371: D/com.obd.reader.io.ObdGatewayService(10218): Taking job[65/5] from queue..
06-08 16:24:11.371: D/com.obd.reader.io.ObdGatewayService(10218): Job state is NEW. Run it..
06-08 16:24:11.371: I/System.out(10218): Command Executed TECH AT E0
06-08 16:24:11.471: W/bt_hci_packet_fragmenter(9553): reassemble_and_dispatch complete l2cap packet received:l2cap full length 6 and hci length 14.
06-08 16:24:11.474: W/bt_hci_packet_fragmenter(9553): reassemble_and_dispatch complete l2cap packet received:l2cap full length 6 and hci length 14.
06-08 16:24:11.474: W/bt_hci_packet_fragmenter(9553): reassemble_and_dispatch complete l2cap packet received:l2cap full length 6 and hci length 14.
06-08 16:24:11.478: W/bt_hci_packet_fragmenter(9553): reassemble_and_dispatch complete l2cap packet received:l2cap full length 6 and hci length 14.
06-08 16:24:11.479: W/bt_hci_packet_fragmenter(9553): reassemble_and_dispatch complete l2cap packet received:l2cap full length 6 and hci length 14.
06-08 16:24:11.584: I/System.out(10218): DATA from OBD TECH OK
06-08 16:24:11.595: D/com.obd.reader.io.ObdGatewayService(10218): Taking job[66/4] from queue..
06-08 16:24:11.595: D/com.obd.reader.io.ObdGatewayService(10218): Job state is NEW. Run it..
06-08 16:24:11.595: I/System.out(10218): Command Executed TECH AT E0
06-08 16:24:11.625: W/bt_hci_packet_fragmenter(9553): reassemble_and_dispatch complete l2cap packet received:l2cap full length 6 and hci length 14.
06-08 16:24:11.631: W/bt_hci_packet_fragmenter(9553): reassemble_and_dispatch complete l2cap packet received:l2cap full length 6 and hci length 14.
06-08 16:24:11.631: W/bt_hci_packet_fragmenter(9553): reassemble_and_dispatch complete l2cap packet received:l2cap full length 6 and hci length 14.
06-08 16:24:11.633: W/bt_hci_packet_fragmenter(9553): reassemble_and_dispatch complete l2cap packet received:l2cap full length 6 and hci length 14.
06-08 16:24:11.634: W/bt_hci_packet_fragmenter(9553): reassemble_and_dispatch complete l2cap packet received:l2cap full length 7 and hci length 15.
06-08 16:24:11.807: I/System.out(10218): DATA from OBD TECH OK
06-08 16:24:11.819: D/com.obd.reader.io.ObdGatewayService(10218): Taking job[67/3] from queue..
06-08 16:24:11.819: D/com.obd.reader.io.ObdGatewayService(10218): Job state is NEW. Run it..
06-08 16:24:11.819: I/System.out(10218): Command Executed TECH AT L0
06-08 16:24:11.829: W/bt_hci_packet_fragmenter(9553): reassemble_and_dispatch complete l2cap packet received:l2cap full length 6 and hci length 14.
06-08 16:24:11.829: W/bt_hci_packet_fragmenter(9553): reassemble_and_dispatch complete l2cap packet received:l2cap full length 7 and hci length 15.
06-08 16:24:11.834: W/bt_hci_packet_fragmenter(9553): reassemble_and_dispatch complete l2cap packet received:l2cap full length 6 and hci length 14.
06-08 16:24:11.834: W/bt_hci_packet_fragmenter(9553): reassemble_and_dispatch complete l2cap packet received:l2cap full length 6 and hci length 14.
06-08 16:24:12.024: I/System.out(10218): DATA from OBD TECH OK
06-08 16:24:12.034: D/com.obd.reader.io.ObdGatewayService(10218): Taking job[68/2] from queue..
06-08 16:24:12.034: D/com.obd.reader.io.ObdGatewayService(10218): Job state is NEW. Run it..
06-08 16:24:12.034: I/System.out(10218): Command Executed TECH AT ST 3e
06-08 16:24:12.084: W/bt_hci_packet_fragmenter(9553): reassemble_and_dispatch complete l2cap packet received:l2cap full length 6 and hci length 14.
06-08 16:24:12.085: W/bt_hci_packet_fragmenter(9553): reassemble_and_dispatch complete l2cap packet received:l2cap full length 6 and hci length 14.
06-08 16:24:12.088: W/bt_hci_packet_fragmenter(9553): reassemble_and_dispatch complete l2cap packet received:l2cap full length 6 and hci length 14.
06-08 16:24:12.088: W/bt_hci_packet_fragmenter(9553): reassemble_and_dispatch complete l2cap packet received:l2cap full length 7 and hci length 15.
06-08 16:24:12.240: I/System.out(10218): DATA from OBD TECH OK
06-08 16:24:12.255: D/com.obd.reader.io.ObdGatewayService(10218): Taking job[69/1] from queue..
06-08 16:24:12.255: D/com.obd.reader.io.ObdGatewayService(10218): Job state is NEW. Run it..
06-08 16:24:12.260: I/System.out(10218): Command Executed TECH AT SP 0
06-08 16:24:12.279: W/bt_hci_packet_fragmenter(9553): reassemble_and_dispatch complete l2cap packet received:l2cap full length 6 and hci length 14.
06-08 16:24:12.285: W/bt_hci_packet_fragmenter(9553): reassemble_and_dispatch complete l2cap packet received:l2cap full length 6 and hci length 14.
06-08 16:24:12.289: W/bt_hci_packet_fragmenter(9553): reassemble_and_dispatch complete l2cap packet received:l2cap full length 7 and hci length 15.
06-08 16:24:12.290: W/bt_hci_packet_fragmenter(9553): reassemble_and_dispatch complete l2cap packet received:l2cap full length 7 and hci length 15.
06-08 16:24:12.464: I/System.out(10218): DATA from OBD TECH OK
06-08 16:24:12.473: D/com.obd.reader.io.ObdGatewayService(10218): Taking job[70/0] from queue..
06-08 16:24:12.474: D/com.obd.reader.io.ObdGatewayService(10218): Job state is NEW. Run it..
06-08 16:24:12.474: I/System.out(10218): Command Executed TECH 01 46
06-08 16:24:12.482: W/bt_hci_packet_fragmenter(9553): reassemble_and_dispatch complete l2cap packet received:l2cap full length 6 and hci length 14.
06-08 16:24:12.483: W/bt_hci_packet_fragmenter(9553): reassemble_and_dispatch complete l2cap packet received:l2cap full length 7 and hci length 15.
06-08 16:24:12.484: W/bt_hci_packet_fragmenter(9553): reassemble_and_dispatch complete l2cap packet received:l2cap full length 6 and hci length 14.
06-08 16:24:12.486: W/bt_hci_packet_fragmenter(9553): reassemble_and_dispatch complete l2cap packet received:l2cap full length 7 and hci length 15.
06-08 16:24:12.488: W/bt_hci_packet_fragmenter(9553): reassemble_and_dispatch complete l2cap packet received:l2cap full length 7 and hci length 15.
06-08 16:24:12.489: W/bt_hci_packet_fragmenter(9553): reassemble_and_dispatch complete l2cap packet received:l2cap full length 10 and hci length 18.
06-08 16:24:14.410: D/==FindMyPhone==(26284): 1496919254410
06-08 16:24:14.846: D/com.obd.reader.io.AbstractGatewayService(10218): Adding job[1] to queue..
06-08 16:24:14.846: D/com.obd.reader.io.AbstractGatewayService(10218): Job queued successfully.
06-08 16:24:14.846: D/com.obd.reader.io.AbstractGatewayService(10218): Adding job[2] to queue..
06-08 16:24:14.846: D/com.obd.reader.io.AbstractGatewayService(10218): Job queued successfully.
06-08 16:24:14.846: D/com.obd.reader.io.AbstractGatewayService(10218): Adding job[3] to queue..
06-08 16:24:14.846: D/com.obd.reader.io.AbstractGatewayService(10218): Job queued successfully.
06-08 16:24:14.847: D/com.obd.reader.io.AbstractGatewayService(10218): Adding job[4] to queue..
06-08 16:24:14.847: D/com.obd.reader.io.AbstractGatewayService(10218): Job queued successfully.
06-08 16:24:14.847: D/com.obd.reader.io.AbstractGatewayService(10218): Adding job[5] to queue..
06-08 16:24:14.847: D/com.obd.reader.io.AbstractGatewayService(10218): Job queued successfully.
06-08 16:24:14.847: D/com.obd.reader.io.AbstractGatewayService(10218): Adding job[6] to queue..
06-08 16:24:14.847: D/com.obd.reader.io.AbstractGatewayService(10218): Job queued successfully.
06-08 16:24:14.848: D/com.obd.reader.io.AbstractGatewayService(10218): Adding job[7] to queue..
06-08 16:24:14.848: D/com.obd.reader.io.AbstractGatewayService(10218): Job queued successfully.
06-08 16:24:15.215: W/bt_hci_packet_fragmenter(9553): reassemble_and_dispatch complete l2cap packet received:l2cap full length 6 and hci length 14.
06-08 16:24:15.217: W/bt_hci_packet_fragmenter(9553): reassemble_and_dispatch complete l2cap packet received:l2cap full length 6 and hci length 14.
06-08 16:24:15.218: W/bt_hci_packet_fragmenter(9553): reassemble_and_dispatch complete l2cap packet received:l2cap full length 6 and hci length 14.
06-08 16:24:15.219: W/bt_hci_packet_fragmenter(9553): reassemble_and_dispatch complete l2cap packet received:l2cap full length 7 and hci length 15.
06-08 16:24:15.221: W/bt_hci_packet_fragmenter(9553): reassemble_and_dispatch complete l2cap packet received:l2cap full length 10 and hci length 18.
06-08 16:24:15.222: I/System.out(10218): DATA from OBD TECH ...NODATA
06-08 16:24:15.226: E/com.obd.reader.io.ObdGatewayService(10218): Failed to run command. -> Error running 01 46, response: ...NODATA
06-08 16:24:15.228: D/com.obd.reader.io.ObdGatewayService(10218): Taking job[1/6] from queue..
06-08 16:24:15.228: D/com.obd.reader.io.ObdGatewayService(10218): Job state is NEW. Run it..
06-08 16:24:15.228: I/System.out(10218): Command Executed TECH 03
06-08 16:24:15.362: W/bt_hci_packet_fragmenter(9553): reassemble_and_dispatch complete l2cap packet received:l2cap full length 6 and hci length 14.
06-08 16:24:15.363: W/bt_hci_packet_fragmenter(9553): reassemble_and_dispatch complete l2cap packet received:l2cap full length 7 and hci length 15.
06-08 16:24:15.365: W/bt_hci_packet_fragmenter(9553): reassemble_and_dispatch complete l2cap packet received:l2cap full length 6 and hci length 14.
06-08 16:24:15.366: W/bt_hci_packet_fragmenter(9553): reassemble_and_dispatch complete l2cap packet received:l2cap full length 6 and hci length 14.
06-08 16:24:15.367: W/bt_hci_packet_fragmenter(9553): reassemble_and_dispatch complete l2cap packet received:l2cap full length 9 and hci length 17.
06-08 16:24:15.441: E/com.obd.reader.io.ObdGatewayService(10218): Failed to run command. -> length=4; regionStart=3; regionLength=3
06-08 16:24:15.441: D/com.obd.reader.io.ObdGatewayService(10218): Taking job[2/5] from queue..
06-08 16:24:15.442: D/com.obd.reader.io.ObdGatewayService(10218): Job state is NEW. Run it..
06-08 16:24:15.442: I/System.out(10218): Command Executed TECH 01 04
06-08 16:24:15.448: W/bt_hci_packet_fragmenter(9553): reassemble_and_dispatch complete l2cap packet received:l2cap full length 6 and hci length 14.
06-08 16:24:15.506: W/bt_hci_packet_fragmenter(9553): reassemble_and_dispatch complete l2cap packet received:l2cap full length 6 and hci length 14.
06-08 16:24:15.507: W/bt_hci_packet_fragmenter(9553): reassemble_and_dispatch complete l2cap packet received:l2cap full length 6 and hci length 14.
06-08 16:24:15.508: W/bt_hci_packet_fragmenter(9553): reassemble_and_dispatch complete l2cap packet received:l2cap full length 7 and hci length 15.
06-08 16:24:15.509: W/bt_hci_packet_fragmenter(9553): reassemble_and_dispatch complete l2cap packet received:l2cap full length 6 and hci length 14.
06-08 16:24:15.511: W/bt_hci_packet_fragmenter(9553): reassemble_and_dispatch complete l2cap packet received:l2cap full length 12 and hci length 20.
06-08 16:24:15.646: I/System.out(10218): DATA from OBD TECH 410435
06-08 16:24:15.653: D/com.obd.reader.io.ObdGatewayService(10218): Taking job[3/4] from queue..
06-08 16:24:15.653: D/com.obd.reader.io.ObdGatewayService(10218): Job state is NEW. Run it..
06-08 16:24:15.653: I/System.out(10218): Command Executed TECH 01 0C
06-08 16:24:15.714: W/bt_hci_packet_fragmenter(9553): reassemble_and_dispatch complete l2cap packet received:l2cap full length 6 and hci length 14.
06-08 16:24:15.715: W/bt_hci_packet_fragmenter(9553): reassemble_and_dispatch complete l2cap packet received:l2cap full length 7 and hci length 15.
06-08 16:24:15.716: W/bt_hci_packet_fragmenter(9553): reassemble_and_dispatch complete l2cap packet received:l2cap full length 6 and hci length 14.
06-08 16:24:15.718: W/bt_hci_packet_fragmenter(9553): reassemble_and_dispatch complete l2cap packet received:l2cap full length 6 and hci length 14.
06-08 16:24:15.719: W/bt_hci_packet_fragmenter(9553): reassemble_and_dispatch complete l2cap packet received:l2cap full length 14 and hci length 22.
06-08 16:24:15.721: W/bt_hci_packet_fragmenter(9553): reassemble_and_dispatch complete l2cap packet received:l2cap full length 6 and hci length 14.
06-08 16:24:15.860: I/System.out(10218): DATA from OBD TECH 410C0F6E
06-08 16:24:15.872: D/com.obd.reader.io.ObdGatewayService(10218): Taking job[4/3] from queue..
06-08 16:24:15.872: D/com.obd.reader.io.ObdGatewayService(10218): Job state is NEW. Run it..
06-08 16:24:15.872: I/System.out(10218): Command Executed TECH 01 1F
06-08 16:24:15.980: W/bt_hci_packet_fragmenter(9553): reassemble_and_dispatch complete l2cap packet received:l2cap full length 6 and hci length 14.
06-08 16:24:15.981: W/bt_hci_packet_fragmenter(9553): reassemble_and_dispatch complete l2cap packet received:l2cap full length 6 and hci length 14.
06-08 16:24:15.982: W/bt_hci_packet_fragmenter(9553): reassemble_and_dispatch complete l2cap packet received:l2cap full length 7 and hci length 15.
06-08 16:24:15.984: W/bt_hci_packet_fragmenter(9553): reassemble_and_dispatch complete l2cap packet received:l2cap full length 7 and hci length 15.
06-08 16:24:15.985: W/bt_hci_packet_fragmenter(9553): reassemble_and_dispatch complete l2cap packet received:l2cap full length 14 and hci length 22.
06-08 16:24:16.087: I/System.out(10218): DATA from OBD TECH 411F00A6
06-08 16:24:16.096: D/com.obd.reader.io.ObdGatewayService(10218): Taking job[5/2] from queue..
06-08 16:24:16.096: D/com.obd.reader.io.ObdGatewayService(10218): Job state is NEW. Run it..
06-08 16:24:16.096: I/System.out(10218): Command Executed TECH 01 10
06-08 16:24:16.107: W/bt_hci_packet_fragmenter(9553): reassemble_and_dispatch complete l2cap packet received:l2cap full length 6 and hci length 14.
06-08 16:24:16.315: W/bt_hci_packet_fragmenter(9553): reassemble_and_dispatch complete l2cap packet received:l2cap full length 6 and hci length 14.
06-08 16:24:16.320: W/bt_hci_packet_fragmenter(9553): reassemble_and_dispatch complete l2cap packet received:l2cap full length 6 and hci length 14.
06-08 16:24:16.322: W/bt_hci_packet_fragmenter(9553): reassemble_and_dispatch complete l2cap packet received:l2cap full length 7 and hci length 15.
06-08 16:24:16.322: W/bt_hci_packet_fragmenter(9553): reassemble_and_dispatch complete l2cap packet received:l2cap full length 6 and hci length 14.
06-08 16:24:16.323: W/bt_hci_packet_fragmenter(9553): reassemble_and_dispatch complete l2cap packet received:l2cap full length 10 and hci length 18.
06-08 16:24:16.325: I/System.out(10218): DATA from OBD TECH NODATA
06-08 16:24:16.329: E/com.obd.reader.io.ObdGatewayService(10218): Failed to run command. -> Error running 01 10, response: NODATA
06-08 16:24:16.331: D/com.obd.reader.io.ObdGatewayService(10218): Taking job[6/1] from queue..
06-08 16:24:16.331: D/com.obd.reader.io.ObdGatewayService(10218): Job state is NEW. Run it..
06-08 16:24:16.331: I/System.out(10218): Command Executed TECH 01 11
06-08 16:24:16.424: W/bt_hci_packet_fragmenter(9553): reassemble_and_dispatch complete l2cap packet received:l2cap full length 6 and hci length 14.
06-08 16:24:16.425: W/bt_hci_packet_fragmenter(9553): reassemble_and_dispatch complete l2cap packet received:l2cap full length 6 and hci length 14.
06-08 16:24:16.426: W/bt_hci_packet_fragmenter(9553): reassemble_and_dispatch complete l2cap packet received:l2cap full length 6 and hci length 14.
06-08 16:24:16.428: W/bt_hci_packet_fragmenter(9553): reassemble_and_dispatch complete l2cap packet received:l2cap full length 7 and hci length 15.
06-08 16:24:16.429: W/bt_hci_packet_fragmenter(9553): reassemble_and_dispatch complete l2cap packet received:l2cap full length 12 and hci length 20.
06-08 16:24:16.535: I/System.out(10218): DATA from OBD TECH 41110B
06-08 16:24:16.538: D/com.obd.reader.io.ObdGatewayService(10218): Taking job[7/0] from queue..
06-08 16:24:16.538: D/com.obd.reader.io.ObdGatewayService(10218): Job state is NEW. Run it..
06-08 16:24:16.538: I/System.out(10218): Command Executed TECH 01 0D 1
06-08 16:24:16.584: W/bt_hci_packet_fragmenter(9553): reassemble_and_dispatch complete l2cap packet received:l2cap full length 6 and hci length 14.
06-08 16:24:16.587: W/bt_hci_packet_fragmenter(9553): reassemble_and_dispatch complete l2cap packet received:l2cap full length 6 and hci length 14.
06-08 16:24:16.592: W/bt_hci_packet_fragmenter(9553): reassemble_and_dispatch complete l2cap packet received:l2cap full length 7 and hci length 15.
06-08 16:24:16.592: W/bt_hci_packet_fragmenter(9553): reassemble_and_dispatch complete l2cap packet received:l2cap full length 7 and hci length 15.
06-08 16:24:16.592: W/bt_hci_packet_fragmenter(9553): reassemble_and_dispatch complete l2cap packet received:l2cap full length 11 and hci length 19.
06-08 16:24:16.743: I/System.out(10218): DATA from OBD TECH 410D00
