06-08 16:24:49.015: W/toolbox(14186): type=1400 audit(0.0:4245533): avc: denied { search } for name="1" dev="proc" ino=9224 scontext=u:r:untrusted_app:s0:c512,c768 tcontext=u:r:init:s0 tclass=dir permissive=0 ppid=14183 pcomm="sh" tgid=14183 tgcomm="sh"
06-08 16:24:49.015: W/toolbox(14186): type=1400 audit(0.0:4245534): avc: denied { getattr } for path="/proc/2" dev="proc" ino=11460 scontext=u:r:untrusted_app:s0:c512,c768 tcontext=u:r:kernel:s0 tclass=dir permissive=0 ppid=14183 pcomm="sh" tgid=14183 tgcomm="sh"
06-08 16:24:49.015: W/toolbox(14186): type=1400 audit(0.0:4245535): avc: denied { search } for name="2" dev="proc" ino=11460 scontext=u:r:untrusted_app:s0:c512,c768 tcontext=u:r:kernel:s0 tclass=dir permissive=0 ppid=14183 pcomm="sh" tgid=14183 tgcomm="sh"
06-08 16:24:50.811: D/==FindMyPhone==(26284): 1496919290811
06-08 16:24:50.933: D/com.obd.reader.io.AbstractGatewayService(10218): Adding job[64] to queue..
06-08 16:24:50.933: D/com.obd.reader.io.AbstractGatewayService(10218): Job queued successfully.
06-08 16:24:50.933: D/com.obd.reader.io.ObdGatewayService(10218): Taking job[64/0] from queue..
06-08 16:24:50.933: D/com.obd.reader.io.AbstractGatewayService(10218): Adding job[65] to queue..
06-08 16:24:50.934: D/com.obd.reader.io.ObdGatewayService(10218): Job state is NEW. Run it..
06-08 16:24:50.934: D/com.obd.reader.io.AbstractGatewayService(10218): Job queued successfully.
06-08 16:24:50.934: I/System.out(10218): Command Executed TECH 03
06-08 16:24:50.934: D/com.obd.reader.io.AbstractGatewayService(10218): Adding job[66] to queue..
06-08 16:24:50.934: D/com.obd.reader.io.AbstractGatewayService(10218): Job queued successfully.
06-08 16:24:50.934: D/com.obd.reader.io.AbstractGatewayService(10218): Adding job[67] to queue..
06-08 16:24:50.936: D/com.obd.reader.io.AbstractGatewayService(10218): Job queued successfully.
06-08 16:24:50.936: D/com.obd.reader.io.AbstractGatewayService(10218): Adding job[68] to queue..
06-08 16:24:50.937: D/com.obd.reader.io.AbstractGatewayService(10218): Job queued successfully.
06-08 16:24:50.937: D/com.obd.reader.io.AbstractGatewayService(10218): Adding job[69] to queue..
06-08 16:24:50.937: D/com.obd.reader.io.AbstractGatewayService(10218): Job queued successfully.
06-08 16:24:50.937: D/com.obd.reader.io.AbstractGatewayService(10218): Adding job[70] to queue..
06-08 16:24:50.937: D/com.obd.reader.io.AbstractGatewayService(10218): Job queued successfully.
06-08 16:24:51.000: W/bt_hci_packet_fragmenter(9553): reassemble_and_dispatch complete l2cap packet received:l2cap full length 6 and hci length 14.
06-08 16:24:51.002: W/bt_hci_packet_fragmenter(9553): reassemble_and_dispatch complete l2cap packet received:l2cap full length 6 and hci length 14.
06-08 16:24:51.003: W/bt_hci_packet_fragmenter(9553): reassemble_and_dispatch complete l2cap packet received:l2cap full length 7 and hci length 15.
06-08 16:24:51.004: W/bt_hci_packet_fragmenter(9553): reassemble_and_dispatch complete l2cap packet received:l2cap full length 6 and hci length 14.
06-08 16:24:51.005: W/bt_hci_packet_fragmenter(9553): reassemble_and_dispatch complete l2cap packet received:l2cap full length 9 and hci length 17.
06-08 16:24:51.157: E/com.obd.reader.io.ObdGatewayService(10218): Failed to run command. -> length=4; regionStart=3; regionLength=3
06-08 16:24:51.161: D/com.obd.reader.io.ObdGatewayService(10218): Taking job[65/5] from queue..
06-08 16:24:51.161: D/com.obd.reader.io.ObdGatewayService(10218): Job state is NEW. Run it..
06-08 16:24:51.161: I/System.out(10218): Command Executed TECH 01 04
06-08 16:24:51.167: W/bt_hci_packet_fragmenter(9553): reassemble_and_dispatch complete l2cap packet received:l2cap full length 6 and hci length 14.
06-08 16:24:51.229: W/bt_hci_packet_fragmenter(9553): reassemble_and_dispatch complete l2cap packet received:l2cap full length 6 and hci length 14.
06-08 16:24:51.230: W/bt_hci_packet_fragmenter(9553): reassemble_and_dispatch complete l2cap packet received:l2cap full length 7 and hci length 15.
06-08 16:24:51.237: W/bt_hci_packet_fragmenter(9553): reassemble_and_dispatch complete l2cap packet received:l2cap full length 7 and hci length 15.
06-08 16:24:51.239: W/bt_hci_packet_fragmenter(9553): reassemble_and_dispatch complete l2cap packet received:l2cap full length 6 and hci length 14.
06-08 16:24:51.240: W/bt_hci_packet_fragmenter(9553): reassemble_and_dispatch complete l2cap packet received:l2cap full length 11 and hci length 19.
06-08 16:24:51.376: I/System.out(10218): DATA from OBD TECH 410438
06-08 16:24:51.399: D/com.obd.reader.io.ObdGatewayService(10218): Taking job[66/4] from queue..
06-08 16:24:51.399: D/com.obd.reader.io.ObdGatewayService(10218): Job state is NEW. Run it..
06-08 16:24:51.399: I/System.out(10218): Command Executed TECH 01 0C
06-08 16:24:51.465: W/bt_hci_packet_fragmenter(9553): reassemble_and_dispatch complete l2cap packet received:l2cap full length 6 and hci length 14.
06-08 16:24:51.466: W/bt_hci_packet_fragmenter(9553): reassemble_and_dispatch complete l2cap packet received:l2cap full length 6 and hci length 14.
06-08 16:24:51.467: W/bt_hci_packet_fragmenter(9553): reassemble_and_dispatch complete l2cap packet received:l2cap full length 7 and hci length 15.
06-08 16:24:51.469: W/bt_hci_packet_fragmenter(9553): reassemble_and_dispatch complete l2cap packet received:l2cap full length 6 and hci length 14.
06-08 16:24:51.470: W/bt_hci_packet_fragmenter(9553): reassemble_and_dispatch complete l2cap packet received:l2cap full length 15 and hci length 23.
06-08 16:24:51.614: I/System.out(10218): DATA from OBD TECH 410C0ED8
06-08 16:24:51.626: D/com.obd.reader.io.ObdGatewayService(10218): Taking job[67/3] from queue..
06-08 16:24:51.626: D/com.obd.reader.io.ObdGatewayService(10218): Job state is NEW. Run it..
06-08 16:24:51.626: I/System.out(10218): Command Executed TECH 01 1F
06-08 16:24:51.686: W/bt_hci_packet_fragmenter(9553): reassemble_and_dispatch complete l2cap packet received:l2cap full length 6 and hci length 14.
06-08 16:24:51.687: W/bt_hci_packet_fragmenter(9553): reassemble_and_dispatch complete l2cap packet received:l2cap full length 6 and hci length 14.
06-08 16:24:51.689: W/bt_hci_packet_fragmenter(9553): reassemble_and_dispatch complete l2cap packet received:l2cap full length 6 and hci length 14.
06-08 16:24:51.691: W/bt_hci_packet_fragmenter(9553): reassemble_and_dispatch complete l2cap packet received:l2cap full length 6 and hci length 14.
06-08 16:24:51.693: W/bt_hci_packet_fragmenter(9553): reassemble_and_dispatch complete l2cap packet received:l2cap full length 16 and hci length 24.
06-08 16:24:51.832: I/System.out(10218): DATA from OBD TECH 411F00C9
06-08 16:24:51.843: D/com.obd.reader.io.ObdGatewayService(10218): Taking job[68/2] from queue..
06-08 16:24:51.844: D/com.obd.reader.io.ObdGatewayService(10218): Job state is NEW. Run it..
06-08 16:24:51.844: I/System.out(10218): Command Executed TECH 01 10
06-08 16:24:51.849: W/bt_hci_packet_fragmenter(9553): reassemble_and_dispatch complete l2cap packet received:l2cap full length 6 and hci length 14.
06-08 16:24:52.058: W/bt_hci_packet_fragmenter(9553): reassemble_and_dispatch complete l2cap packet received:l2cap full length 7 and hci length 15.
06-08 16:24:52.064: W/bt_hci_packet_fragmenter(9553): reassemble_and_dispatch complete l2cap packet received:l2cap full length 6 and hci length 14.
06-08 16:24:52.064: W/bt_hci_packet_fragmenter(9553): reassemble_and_dispatch complete l2cap packet received:l2cap full length 6 and hci length 14.
06-08 16:24:52.065: W/bt_hci_packet_fragmenter(9553): reassemble_and_dispatch complete l2cap packet received:l2cap full length 6 and hci length 14.
06-08 16:24:52.067: W/bt_hci_packet_fragmenter(9553): reassemble_and_dispatch complete l2cap packet received:l2cap full length 10 and hci length 18.
06-08 16:24:52.068: I/System.out(10218): DATA from OBD TECH NODATA
06-08 16:24:52.069: E/com.obd.reader.io.ObdGatewayService(10218): Failed to run command. -> Error running 01 10, response: NODATA
06-08 16:24:52.069: D/com.obd.reader.io.ObdGatewayService(10218): Taking job[69/1] from queue..
06-08 16:24:52.069: D/com.obd.reader.io.ObdGatewayService(10218): Job state is NEW. Run it..
06-08 16:24:52.069: I/System.out(10218): Command Executed TECH 01 11
06-08 16:24:52.132: W/bt_hci_packet_fragmenter(9553): reassemble_and_dispatch complete l2cap packet received:l2cap full length 6 and hci length 14.
06-08 16:24:52.134: W/bt_hci_packet_fragmenter(9553): reassemble_and_dispatch complete l2cap packet received:l2cap full length 6 and hci length 14.
06-08 16:24:52.135: W/bt_hci_packet_fragmenter(9553): reassemble_and_dispatch complete l2cap packet received:l2cap full length 7 and hci length 15.
06-08 16:24:52.136: W/bt_hci_packet_fragmenter(9553): reassemble_and_dispatch complete l2cap packet received:l2cap full length 7 and hci length 15.
06-08 16:24:52.139: W/bt_hci_packet_fragmenter(9553): reassemble_and_dispatch complete l2cap packet received:l2cap full length 11 and hci length 19.
06-08 16:24:52.274: I/System.out(10218): DATA from OBD TECH 41110B
06-08 16:24:52.277: D/com.obd.reader.io.ObdGatewayService(10218): Taking job[70/0] from queue..
06-08 16:24:52.277: D/com.obd.reader.io.ObdGatewayService(10218): Job state is NEW. Run it..
06-08 16:24:52.277: I/System.out(10218): Command Executed TECH 01 0D 1
06-08 16:24:52.288: W/bt_hci_packet_fragmenter(9553): reassemble_and_dispatch complete l2cap packet received:l2cap full length 6 and hci length 14.
06-08 16:24:52.289: W/bt_hci_packet_fragmenter(9553): reassemble_and_dispatch complete l2cap packet received:l2cap full length 7 and hci length 15.
06-08 16:24:52.292: W/bt_hci_packet_fragmenter(9553): reassemble_and_dispatch complete l2cap packet received:l2cap full length 6 and hci length 14.
06-08 16:24:52.293: W/bt_hci_packet_fragmenter(9553): reassemble_and_dispatch complete l2cap packet received:l2cap full length 7 and hci length 15.
06-08 16:24:52.293: W/bt_hci_packet_fragmenter(9553): reassemble_and_dispatch complete l2cap packet received:l2cap full length 7 and hci length 15.
06-08 16:24:52.294: W/bt_hci_packet_fragmenter(9553): reassemble_and_dispatch complete l2cap packet received:l2cap full length 9 and hci length 17.
06-08 16:24:52.491: I/System.out(10218): DATA from OBD TECH 410D00
06-08 16:24:52.503: I/System.out(10218): ((MainActivity) ctx).commandResult {MAF=NODATA, ENGINE_RPM=950RPM, THROTTLE_POS=4.3%, ENGINE_LOAD=22.0%, TROUBLE_CODES=4300, ENGINE_RUNTIME=00:03:21}
06-08 16:24:52.503: I/System.out(10218): Unable to find float  value for 
06-08 16:24:52.503: I/System.out(10218): Unable to find float  value for 
06-08 16:24:52.509: D/Network(10218): Network
06-08 16:24:52.513: I/System.out(10218): Device IMEI is 352494060195210
06-08 16:24:52.514: I/System.out(10218): LAT18.5091038LONG73.7919162
06-08 16:24:52.516: I/System.out(10218): MSG 0.0,0.0,0.0,4.300000190734863,0.0,950.0,0.0,352494060195210,18.5091038,73.7919162,1496919292508
06-08 16:24:52.516: D/com.obd.activity.MainActivity(10218): throttle,vss,rpm 4.300000190734863,0.0,950.0
06-08 16:24:52.518: I/System.out(10218): url  http://project-111.ind-cloud.everdata.com:80/CenteralServer/pages/tiles/save.jsp?lngsend=73.7919162&load_pct=0.0&temp=0.0&throttlepos=4.300000190734863&method=send&time=1496919292508&imei=352494060195210&latsend=18.5091038&rpm=950.0&ctime=08-Jun-2017+16%3A24%3A52&maf=0.0&vss=0.0&iat=0.0
06-08 16:24:52.518: V/HttpView(10218): http://project-111.ind-cloud.everdata.com:80/CenteralServer/pages/tiles/save.jsp?lngsend=73.7919162&load_pct=0.0&temp=0.0&throttlepos=4.300000190734863&method=send&time=1496919292508&imei=352494060195210&latsend=18.5091038&rpm=950.0&ctime=08-Jun-2017+16%3A24%3A52&maf=0.0&vss=0.0&iat=0.0
06-08 16:24:53.175: D/AS.AnalyticsService(12851): 16:24:53.174[23833] dispatch cached data(3): 1
06-08 16:24:53.176: D/AS.AnalyticsManager(12851): 16:24:53.175[23833] countEnvent: 0
06-08 16:24:53.485: V/HttpView(10218): 0 DONE
06-08 16:24:53.485: V/HttpView(10218): HttpView.count 0
06-08 16:24:53.851: D/==FindMyPhone==(26284): 1496919293850
06-08 16:24:54.938: D/com.obd.reader.io.AbstractGatewayService(10218): Adding job[71] to queue..
06-08 16:24:54.938: D/com.obd.reader.io.AbstractGatewayService(10218): Job queued successfully.
06-08 16:24:54.938: D/com.obd.reader.io.AbstractGatewayService(10218): Adding job[72] to queue..
06-08 16:24:54.938: D/com.obd.reader.io.ObdGatewayService(10218): Taking job[71/0] from queue..
06-08 16:24:54.939: D/com.obd.reader.io.ObdGatewayService(10218): Job state is NEW. Run it..
06-08 16:24:54.939: D/com.obd.reader.io.AbstractGatewayService(10218): Job queued successfully.
06-08 16:24:54.939: I/System.out(10218): Command Executed TECH 03
06-08 16:24:54.939: D/com.obd.reader.io.AbstractGatewayService(10218): Adding job[73] to queue..
06-08 16:24:54.939: D/com.obd.reader.io.AbstractGatewayService(10218): Job queued successfully.
06-08 16:24:54.939: D/com.obd.reader.io.AbstractGatewayService(10218): Adding job[74] to queue..
06-08 16:24:54.939: D/com.obd.reader.io.AbstractGatewayService(10218): Job queued successfully.
06-08 16:24:54.939: D/com.obd.reader.io.AbstractGatewayService(10218): Adding job[75] to queue..
06-08 16:24:54.940: D/com.obd.reader.io.AbstractGatewayService(10218): Job queued successfully.
06-08 16:24:54.940: D/com.obd.reader.io.AbstractGatewayService(10218): Adding job[76] to queue..
06-08 16:24:54.940: D/com.obd.reader.io.AbstractGatewayService(10218): Job queued successfully.
06-08 16:24:54.940: D/com.obd.reader.io.AbstractGatewayService(10218): Adding job[77] to queue..
06-08 16:24:54.943: D/com.obd.reader.io.AbstractGatewayService(10218): Job queued successfully.
06-08 16:24:54.947: W/bt_hci_packet_fragmenter(9553): reassemble_and_dispatch complete l2cap packet received:l2cap full length 6 and hci length 14.
06-08 16:24:55.005: W/bt_hci_packet_fragmenter(9553): reassemble_and_dispatch complete l2cap packet received:l2cap full length 6 and hci length 14.
06-08 16:24:55.007: W/bt_hci_packet_fragmenter(9553): reassemble_and_dispatch complete l2cap packet received:l2cap full length 6 and hci length 14.
06-08 16:24:55.008: W/bt_hci_packet_fragmenter(9553): reassemble_and_dispatch complete l2cap packet received:l2cap full length 7 and hci length 15.
06-08 16:24:55.009: W/bt_hci_packet_fragmenter(9553): reassemble_and_dispatch complete l2cap packet received:l2cap full length 6 and hci length 14.
06-08 16:24:55.010: W/bt_hci_packet_fragmenter(9553): reassemble_and_dispatch complete l2cap packet received:l2cap full length 9 and hci length 17.
06-08 16:24:55.162: E/com.obd.reader.io.ObdGatewayService(10218): Failed to run command. -> length=4; regionStart=3; regionLength=3
06-08 16:24:55.162: D/com.obd.reader.io.ObdGatewayService(10218): Taking job[72/5] from queue..
06-08 16:24:55.162: D/com.obd.reader.io.ObdGatewayService(10218): Job state is NEW. Run it..
06-08 16:24:55.162: I/System.out(10218): Command Executed TECH 01 04
06-08 16:24:55.223: W/bt_hci_packet_fragmenter(9553): reassemble_and_dispatch complete l2cap packet received:l2cap full length 6 and hci length 14.
06-08 16:24:55.224: W/bt_hci_packet_fragmenter(9553): reassemble_and_dispatch complete l2cap packet received:l2cap full length 6 and hci length 14.
06-08 16:24:55.225: W/bt_hci_packet_fragmenter(9553): reassemble_and_dispatch complete l2cap packet received:l2cap full length 7 and hci length 15.
06-08 16:24:55.227: W/bt_hci_packet_fragmenter(9553): reassemble_and_dispatch complete l2cap packet received:l2cap full length 7 and hci length 15.
06-08 16:24:55.230: W/bt_hci_packet_fragmenter(9553): reassemble_and_dispatch complete l2cap packet received:l2cap full length 11 and hci length 19.
06-08 16:24:55.299: I/Ads(24444): Ad is not visible. Not refreshing ad.
06-08 16:24:55.299: I/Ads(24444): Scheduling ad refresh 60000 milliseconds from now.
06-08 16:24:55.366: I/System.out(10218): DATA from OBD TECH 410439
06-08 16:24:55.382: D/com.obd.reader.io.ObdGatewayService(10218): Taking job[73/4] from queue..
06-08 16:24:55.382: D/com.obd.reader.io.ObdGatewayService(10218): Job state is NEW. Run it..
06-08 16:24:55.382: I/System.out(10218): Command Executed TECH 01 0C
06-08 16:24:55.445: W/bt_hci_packet_fragmenter(9553): reassemble_and_dispatch complete l2cap packet received:l2cap full length 6 and hci length 14.
06-08 16:24:55.449: W/bt_hci_packet_fragmenter(9553): reassemble_and_dispatch complete l2cap packet received:l2cap full length 7 and hci length 15.
06-08 16:24:55.450: W/bt_hci_packet_fragmenter(9553): reassemble_and_dispatch complete l2cap packet received:l2cap full length 7 and hci length 15.
06-08 16:24:55.451: W/bt_hci_packet_fragmenter(9553): reassemble_and_dispatch complete l2cap packet received:l2cap full length 6 and hci length 14.
06-08 16:24:55.452: W/bt_hci_packet_fragmenter(9553): reassemble_and_dispatch complete l2cap packet received:l2cap full length 14 and hci length 22.
06-08 16:24:55.587: I/System.out(10218): DATA from OBD TECH 410C0DAC
06-08 16:24:55.593: D/com.obd.reader.io.ObdGatewayService(10218): Taking job[74/3] from queue..
06-08 16:24:55.594: D/com.obd.reader.io.ObdGatewayService(10218): Job state is NEW. Run it..
06-08 16:24:55.594: I/System.out(10218): Command Executed TECH 01 1F
06-08 16:24:55.600: W/bt_hci_packet_fragmenter(9553): reassemble_and_dispatch complete l2cap packet received:l2cap full length 6 and hci length 14.
06-08 16:24:55.657: W/bt_hci_packet_fragmenter(9553): reassemble_and_dispatch complete l2cap packet received:l2cap full length 6 and hci length 14.
06-08 16:24:55.661: W/bt_hci_packet_fragmenter(9553): reassemble_and_dispatch complete l2cap packet received:l2cap full length 6 and hci length 14.
06-08 16:24:55.663: W/bt_hci_packet_fragmenter(9553): reassemble_and_dispatch complete l2cap packet received:l2cap full length 7 and hci length 15.
06-08 16:24:55.663: W/bt_hci_packet_fragmenter(9553): reassemble_and_dispatch complete l2cap packet received:l2cap full length 7 and hci length 15.
06-08 16:24:55.665: W/bt_hci_packet_fragmenter(9553): reassemble_and_dispatch complete l2cap packet received:l2cap full length 14 and hci length 22.
06-08 16:24:55.798: I/System.out(10218): DATA from OBD TECH 411F00CD
06-08 16:24:55.812: D/com.obd.reader.io.ObdGatewayService(10218): Taking job[75/2] from queue..
06-08 16:24:55.812: D/com.obd.reader.io.ObdGatewayService(10218): Job state is NEW. Run it..
06-08 16:24:55.812: I/System.out(10218): Command Executed TECH 01 10
06-08 16:24:56.023: W/bt_hci_packet_fragmenter(9553): reassemble_and_dispatch complete l2cap packet received:l2cap full length 6 and hci length 14.
06-08 16:24:56.029: W/bt_hci_packet_fragmenter(9553): reassemble_and_dispatch complete l2cap packet received:l2cap full length 7 and hci length 15.
06-08 16:24:56.031: W/bt_hci_packet_fragmenter(9553): reassemble_and_dispatch complete l2cap packet received:l2cap full length 6 and hci length 14.
06-08 16:24:56.031: W/bt_hci_packet_fragmenter(9553): reassemble_and_dispatch complete l2cap packet received:l2cap full length 6 and hci length 14.
06-08 16:24:56.031: W/bt_hci_packet_fragmenter(9553): reassemble_and_dispatch complete l2cap packet received:l2cap full length 10 and hci length 18.
06-08 16:24:56.032: I/System.out(10218): DATA from OBD TECH NODATA
06-08 16:24:56.034: E/com.obd.reader.io.ObdGatewayService(10218): Failed to run command. -> Error running 01 10, response: NODATA
06-08 16:24:56.034: D/com.obd.reader.io.ObdGatewayService(10218): Taking job[76/1] from queue..
06-08 16:24:56.034: D/com.obd.reader.io.ObdGatewayService(10218): Job state is NEW. Run it..
06-08 16:24:56.034: I/System.out(10218): Command Executed TECH 01 11
06-08 16:24:56.095: W/bt_hci_packet_fragmenter(9553): reassemble_and_dispatch complete l2cap packet received:l2cap full length 6 and hci length 14.
06-08 16:24:56.096: W/bt_hci_packet_fragmenter(9553): reassemble_and_dispatch complete l2cap packet received:l2cap full length 6 and hci length 14.
06-08 16:24:56.098: W/bt_hci_packet_fragmenter(9553): reassemble_and_dispatch complete l2cap packet received:l2cap full length 6 and hci length 14.
06-08 16:24:56.099: W/bt_hci_packet_fragmenter(9553): reassemble_and_dispatch complete l2cap packet received:l2cap full length 6 and hci length 14.
06-08 16:24:56.101: W/bt_hci_packet_fragmenter(9553): reassemble_and_dispatch complete l2cap packet received:l2cap full length 13 and hci length 21.
06-08 16:24:56.236: I/System.out(10218): DATA from OBD TECH 41110B
06-08 16:24:56.239: D/com.obd.reader.io.ObdGatewayService(10218): Taking job[77/0] from queue..
06-08 16:24:56.239: D/com.obd.reader.io.ObdGatewayService(10218): Job state is NEW. Run it..
06-08 16:24:56.240: I/System.out(10218): Command Executed TECH 01 0D 1
06-08 16:24:56.245: W/bt_hci_packet_fragmenter(9553): reassemble_and_dispatch complete l2cap packet received:l2cap full length 6 and hci length 14.
06-08 16:24:56.248: W/bt_hci_packet_fragmenter(9553): reassemble_and_dispatch complete l2cap packet received:l2cap full length 6 and hci length 14.
06-08 16:24:56.250: W/bt_hci_packet_fragmenter(9553): reassemble_and_dispatch complete l2cap packet received:l2cap full length 7 and hci length 15.
06-08 16:24:56.251: W/bt_hci_packet_fragmenter(9553): reassemble_and_dispatch complete l2cap packet received:l2cap full length 7 and hci length 15.
06-08 16:24:56.252: W/bt_hci_packet_fragmenter(9553): reassemble_and_dispatch complete l2cap packet received:l2cap full length 6 and hci length 14.
06-08 16:24:56.253: W/bt_hci_packet_fragmenter(9553): reassemble_and_dispatch complete l2cap packet received:l2cap full length 10 and hci length 18.
06-08 16:24:56.255: W/bt_hci_packet_fragmenter(9553): reassemble_and_dispatch complete l2cap packet received:l2cap full length 6 and hci length 14.
06-08 16:24:56.444: I/System.out(10218): DATA from OBD TECH 410D00
06-08 16:24:56.454: I/System.out(10218): ((MainActivity) ctx).commandResult {MAF=NODATA, ENGINE_RPM=875RPM, THROTTLE_POS=4.3%, ENGINE_LOAD=22.4%, TROUBLE_CODES=4300, ENGINE_RUNTIME=00:03:25}
06-08 16:24:56.454: I/System.out(10218): Unable to find float  value for 
06-08 16:24:56.454: I/System.out(10218): Unable to find float  value for 
06-08 16:24:56.459: D/Network(10218): Network
06-08 16:24:56.463: I/System.out(10218): Device IMEI is 352494060195210
06-08 16:24:56.463: I/System.out(10218): LAT18.5091038LONG73.7919162
06-08 16:24:56.466: I/System.out(10218): MSG 0.0,0.0,0.0,4.300000190734863,0.0,875.0,0.0,352494060195210,18.5091038,73.7919162,1496919296457
06-08 16:24:56.466: D/com.obd.activity.MainActivity(10218): throttle,vss,rpm 4.300000190734863,0.0,875.0
06-08 16:24:56.469: I/System.out(10218): url  http://project-111.ind-cloud.everdata.com:80/CenteralServer/pages/tiles/save.jsp?lngsend=73.7919162&load_pct=0.0&temp=0.0&throttlepos=4.300000190734863&method=send&time=1496919296457&imei=352494060195210&latsend=18.5091038&rpm=875.0&ctime=08-Jun-2017+16%3A24%3A56&maf=0.0&vss=0.0&iat=0.0
06-08 16:24:56.469: V/HttpView(10218): http://project-111.ind-cloud.everdata.com:80/CenteralServer/pages/tiles/save.jsp?lngsend=73.7919162&load_pct=0.0&temp=0.0&throttlepos=4.300000190734863&method=send&time=1496919296457&imei=352494060195210&latsend=18.5091038&rpm=875.0&ctime=08-Jun-2017+16%3A24%3A56&maf=0.0&vss=0.0&iat=0.0
06-08 16:24:56.890: D/==FindMyPhone==(26284): 1496919296890
06-08 16:24:56.945: V/HttpView(10218): 0 DONE
06-08 16:24:56.946: V/HttpView(10218): HttpView.count 0
06-08 16:24:57.378: I/Gobi(445): vendor/qcom/proprietary/RIDL/RIDLClient/RIDLSQL.cpp:2500: GetTransState() EBADF
06-08 16:24:57.378: I/Gobi(445): vendor/qcom/proprietary/RIDL/RIDLClient/MainCore.cpp:1550: Failed to get TransState, rc 9
06-08 16:24:57.378: I/Gobi(445): vendor/qcom/proprietary/RIDL/RIDLClient/RIDLSQL.cpp:2500: GetTransState() EBADF
06-08 16:24:57.378: I/Gobi(445): vendor/qcom/proprietary/RIDL/RIDLClient/RIDLSQL.cpp:2500: GetTransState() EBADF
06-08 16:24:58.949: D/com.obd.reader.io.AbstractGatewayService(10218): Adding job[78] to queue..
06-08 16:24:58.951: D/com.obd.reader.io.ObdGatewayService(10218): Taking job[78/0] from queue..
06-08 16:24:58.952: D/com.obd.reader.io.ObdGatewayService(10218): Job state is NEW. Run it..
06-08 16:24:58.952: I/System.out(10218): Command Executed TECH 03
06-08 16:24:58.954: D/com.obd.reader.io.AbstractGatewayService(10218): Job queued successfully.
06-08 16:24:58.954: D/com.obd.reader.io.AbstractGatewayService(10218): Adding job[79] to queue..
06-08 16:24:58.954: D/com.obd.reader.io.AbstractGatewayService(10218): Job queued successfully.
06-08 16:24:58.954: D/com.obd.reader.io.AbstractGatewayService(10218): Adding job[80] to queue..
06-08 16:24:58.954: D/com.obd.reader.io.AbstractGatewayService(10218): Job queued successfully.
06-08 16:24:58.954: D/com.obd.reader.io.AbstractGatewayService(10218): Adding job[81] to queue..
06-08 16:24:58.954: D/com.obd.reader.io.AbstractGatewayService(10218): Job queued successfully.
06-08 16:24:58.954: D/com.obd.reader.io.AbstractGatewayService(10218): Adding job[82] to queue..
06-08 16:24:58.954: D/com.obd.reader.io.AbstractGatewayService(10218): Job queued successfully.
06-08 16:24:58.954: D/com.obd.reader.io.AbstractGatewayService(10218): Adding job[83] to queue..
06-08 16:24:58.954: D/com.obd.reader.io.AbstractGatewayService(10218): Job queued successfully.
06-08 16:24:58.954: D/com.obd.reader.io.AbstractGatewayService(10218): Adding job[84] to queue..
06-08 16:24:58.954: D/com.obd.reader.io.AbstractGatewayService(10218): Job queued successfully.
06-08 16:24:59.014: W/bt_hci_packet_fragmenter(9553): reassemble_and_dispatch complete l2cap packet received:l2cap full length 6 and hci length 14.
06-08 16:24:59.015: W/bt_hci_packet_fragmenter(9553): reassemble_and_dispatch complete l2cap packet received:l2cap full length 6 and hci length 14.
06-08 16:24:59.016: W/bt_hci_packet_fragmenter(9553): reassemble_and_dispatch complete l2cap packet received:l2cap full length 6 and hci length 14.
06-08 16:24:59.018: W/bt_hci_packet_fragmenter(9553): reassemble_and_dispatch complete l2cap packet received:l2cap full length 7 and hci length 15.
06-08 16:24:59.021: W/bt_hci_packet_fragmenter(9553): reassemble_and_dispatch complete l2cap packet received:l2cap full length 9 and hci length 17.
06-08 16:24:59.055: W/toolbox(14233): type=1400 audit(0.0:4246326): avc: denied { getattr } for path="/proc/1" dev="proc" ino=9224 scontext=u:r:untrusted_app:s0:c512,c768 tcontext=u:r:init:s0 tclass=dir permissive=0 ppid=14230 pcomm="sh" tgid=14230 tgcomm="sh"
06-08 16:24:59.055: W/toolbox(14233): type=1400 audit(0.0:4246327): avc: denied { search } for name="1" dev="proc" ino=9224 scontext=u:r:untrusted_app:s0:c512,c768 tcontext=u:r:init:s0 tclass=dir permissive=0 ppid=14230 pcomm="sh" tgid=14230 tgcomm="sh"
06-08 16:24:59.055: W/toolbox(14233): type=1400 audit(0.0:4246328): avc: denied { search } for name="1" dev="proc" ino=9224 scontext=u:r:untrusted_app:s0:c512,c768 tcontext=u:r:init:s0 tclass=dir permissive=0 ppid=14230 pcomm="sh" tgid=14230 tgcomm="sh"
06-08 16:24:59.055: W/toolbox(14233): type=1400 audit(0.0:4246329): avc: denied { getattr } for path="/proc/2" dev="proc" ino=11460 scontext=u:r:untrusted_app:s0:c512,c768 tcontext=u:r:kernel:s0 tclass=dir permissive=0 ppid=14230 pcomm="sh" tgid=14230 tgcomm="sh"
06-08 16:24:59.164: E/com.obd.reader.io.ObdGatewayService(10218): Failed to run command. -> length=4; regionStart=3; regionLength=3
06-08 16:24:59.165: D/com.obd.reader.io.ObdGatewayService(10218): Taking job[79/5] from queue..
06-08 16:24:59.165: D/com.obd.reader.io.ObdGatewayService(10218): Job state is NEW. Run it..
06-08 16:24:59.165: I/System.out(10218): Command Executed TECH 01 04
06-08 16:24:59.055: W/toolbox(14233): type=1400 audit(0.0:4246330): avc: denied { search } for name="2" dev="proc" ino=11460 scontext=u:r:untrusted_app:s0:c512,c768 tcontext=u:r:kernel:s0 tclass=dir permissive=0 ppid=14230 pcomm="sh" tgid=14230 tgcomm="sh"
06-08 16:24:59.245: W/bt_hci_packet_fragmenter(9553): reassemble_and_dispatch complete l2cap packet received:l2cap full length 6 and hci length 14.
06-08 16:24:59.247: W/bt_hci_packet_fragmenter(9553): reassemble_and_dispatch complete l2cap packet received:l2cap full length 6 and hci length 14.
06-08 16:24:59.248: W/bt_hci_packet_fragmenter(9553): reassemble_and_dispatch complete l2cap packet received:l2cap full length 6 and hci length 14.
06-08 16:24:59.249: W/bt_hci_packet_fragmenter(9553): reassemble_and_dispatch complete l2cap packet received:l2cap full length 6 and hci length 14.
06-08 16:24:59.250: W/bt_hci_packet_fragmenter(9553): reassemble_and_dispatch complete l2cap packet received:l2cap full length 13 and hci length 21.
06-08 16:24:59.386: I/System.out(10218): DATA from OBD TECH 410433
06-08 16:24:59.388: D/com.obd.reader.io.ObdGatewayService(10218): Taking job[80/4] from queue..
06-08 16:24:59.388: D/com.obd.reader.io.ObdGatewayService(10218): Job state is NEW. Run it..
06-08 16:24:59.388: I/System.out(10218): Command Executed TECH 01 0C
06-08 16:24:59.394: W/bt_hci_packet_fragmenter(9553): reassemble_and_dispatch complete l2cap packet received:l2cap full length 6 and hci length 14.
06-08 16:24:59.451: W/bt_hci_packet_fragmenter(9553): reassemble_and_dispatch complete l2cap packet received:l2cap full length 7 and hci length 15.
06-08 16:24:59.452: W/bt_hci_packet_fragmenter(9553): reassemble_and_dispatch complete l2cap packet received:l2cap full length 6 and hci length 14.
06-08 16:24:59.454: W/bt_hci_packet_fragmenter(9553): reassemble_and_dispatch complete l2cap packet received:l2cap full length 6 and hci length 14.
06-08 16:24:59.455: W/bt_hci_packet_fragmenter(9553): reassemble_and_dispatch complete l2cap packet received:l2cap full length 6 and hci length 14.
06-08 16:24:59.456: W/bt_hci_packet_fragmenter(9553): reassemble_and_dispatch complete l2cap packet received:l2cap full length 15 and hci length 23.
06-08 16:24:59.600: I/System.out(10218): DATA from OBD TECH 410C10FE
06-08 16:24:59.603: D/com.obd.reader.io.ObdGatewayService(10218): Taking job[81/3] from queue..
06-08 16:24:59.603: D/com.obd.reader.io.ObdGatewayService(10218): Job state is NEW. Run it..
06-08 16:24:59.603: I/System.out(10218): Command Executed TECH 01 1F
06-08 16:24:59.665: W/bt_hci_packet_fragmenter(9553): reassemble_and_dispatch complete l2cap packet received:l2cap full length 6 and hci length 14.
06-08 16:24:59.666: W/bt_hci_packet_fragmenter(9553): reassemble_and_dispatch complete l2cap packet received:l2cap full length 6 and hci length 14.
06-08 16:24:59.668: W/bt_hci_packet_fragmenter(9553): reassemble_and_dispatch complete l2cap packet received:l2cap full length 6 and hci length 14.
06-08 16:24:59.669: W/bt_hci_packet_fragmenter(9553): reassemble_and_dispatch complete l2cap packet received:l2cap full length 7 and hci length 15.
06-08 16:24:59.670: W/bt_hci_packet_fragmenter(9553): reassemble_and_dispatch complete l2cap packet received:l2cap full length 15 and hci length 23.
06-08 16:24:59.808: I/System.out(10218): DATA from OBD TECH 411F00D1
06-08 16:24:59.814: D/com.obd.reader.io.ObdGatewayService(10218): Taking job[82/2] from queue..
06-08 16:24:59.814: D/com.obd.reader.io.ObdGatewayService(10218): Job state is NEW. Run it..
06-08 16:24:59.814: I/System.out(10218): Command Executed TECH 01 10
06-08 16:24:59.825: D/WifiService(1043): acquireWifiLockLocked: WifiLock{NlpWifiLock type=2 binder=android.os.BinderProxy@f176523}
06-08 16:24:59.931: D/==FindMyPhone==(26284): 1496919299930
06-08 16:25:00.030: W/bt_hci_packet_fragmenter(9553): reassemble_and_dispatch complete l2cap packet received:l2cap full length 7 and hci length 15.
06-08 16:25:00.034: W/bt_hci_packet_fragmenter(9553): reassemble_and_dispatch complete l2cap packet received:l2cap full length 6 and hci length 14.
06-08 16:25:00.065: W/bt_hci_packet_fragmenter(9553): reassemble_and_dispatch complete l2cap packet received:l2cap full length 6 and hci length 14.
06-08 16:25:00.066: W/bt_hci_packet_fragmenter(9553): reassemble_and_dispatch complete l2cap packet received:l2cap full length 7 and hci length 15.
06-08 16:25:00.109: W/bt_hci_packet_fragmenter(9553): reassemble_and_dispatch complete l2cap packet received:l2cap full length 9 and hci length 17.
06-08 16:25:00.110: I/System.out(10218): DATA from OBD TECH NODATA
06-08 16:25:00.112: E/com.obd.reader.io.ObdGatewayService(10218): Failed to run command. -> Error running 01 10, response: NODATA
06-08 16:25:00.112: D/com.obd.reader.io.ObdGatewayService(10218): Taking job[83/1] from queue..
06-08 16:25:00.112: D/com.obd.reader.io.ObdGatewayService(10218): Job state is NEW. Run it..
06-08 16:25:00.112: I/System.out(10218): Command Executed TECH 01 11
06-08 16:25:00.159: W/bt_hci_packet_fragmenter(9553): reassemble_and_dispatch complete l2cap packet received:l2cap full length 6 and hci length 14.
06-08 16:25:00.213: W/bt_hci_packet_fragmenter(9553): reassemble_and_dispatch complete l2cap packet received:l2cap full length 6 and hci length 14.
06-08 16:25:00.214: W/bt_hci_packet_fragmenter(9553): reassemble_and_dispatch complete l2cap packet received:l2cap full length 6 and hci length 14.
06-08 16:25:00.215: W/bt_hci_packet_fragmenter(9553): reassemble_and_dispatch complete l2cap packet received:l2cap full length 6 and hci length 14.
06-08 16:25:00.258: W/bt_hci_packet_fragmenter(9553): reassemble_and_dispatch complete l2cap packet received:l2cap full length 7 and hci length 15.
06-08 16:25:00.259: W/bt_hci_packet_fragmenter(9553): reassemble_and_dispatch complete l2cap packet received:l2cap full length 12 and hci length 20.
06-08 16:25:00.323: I/System.out(10218): DATA from OBD TECH 41110C
06-08 16:25:00.328: D/com.obd.reader.io.ObdGatewayService(10218): Taking job[84/0] from queue..
06-08 16:25:00.328: D/com.obd.reader.io.ObdGatewayService(10218): Job state is NEW. Run it..
06-08 16:25:00.328: I/System.out(10218): Command Executed TECH 01 0D 1
06-08 16:25:00.364: W/bt_hci_packet_fragmenter(9553): reassemble_and_dispatch complete l2cap packet received:l2cap full length 6 and hci length 14.
06-08 16:25:00.367: W/bt_hci_packet_fragmenter(9553): reassemble_and_dispatch complete l2cap packet received:l2cap full length 6 and hci length 14.
06-08 16:25:00.367: W/bt_hci_packet_fragmenter(9553): reassemble_and_dispatch complete l2cap packet received:l2cap full length 7 and hci length 15.
06-08 16:25:00.368: W/bt_hci_packet_fragmenter(9553): reassemble_and_dispatch complete l2cap packet received:l2cap full length 7 and hci length 15.
06-08 16:25:00.369: W/bt_hci_packet_fragmenter(9553): reassemble_and_dispatch complete l2cap packet received:l2cap full length 9 and hci length 17.
06-08 16:25:00.371: W/bt_hci_packet_fragmenter(9553): reassemble_and_dispatch complete l2cap packet received:l2cap full length 7 and hci length 15.
06-08 16:25:00.536: I/System.out(10218): DATA from OBD TECH 410D00
06-08 16:25:00.544: I/System.out(10218): ((MainActivity) ctx).commandResult {MAF=NODATA, ENGINE_RPM=1087RPM, THROTTLE_POS=4.7%, ENGINE_LOAD=20.0%, TROUBLE_CODES=4300, ENGINE_RUNTIME=00:03:29}
06-08 16:25:00.544: I/System.out(10218): Unable to find float  value for 
06-08 16:25:00.544: I/System.out(10218): Unable to find float  value for 
06-08 16:25:00.549: D/Network(10218): Network
06-08 16:25:00.553: I/System.out(10218): Device IMEI is 352494060195210
06-08 16:25:00.553: I/System.out(10218): LAT18.5091038LONG73.7919162
06-08 16:25:00.554: I/System.out(10218): MSG 0.0,0.0,0.0,4.699999809265137,0.0,1087.0,0.0,352494060195210,18.5091038,73.7919162,1496919300547
06-08 16:25:00.554: D/com.obd.activity.MainActivity(10218): throttle,vss,rpm 4.699999809265137,0.0,1087.0
06-08 16:25:00.555: I/System.out(10218): url  http://project-111.ind-cloud.everdata.com:80/CenteralServer/pages/tiles/save.jsp?lngsend=73.7919162&load_pct=0.0&temp=0.0&throttlepos=4.699999809265137&method=send&time=1496919300547&imei=352494060195210&latsend=18.5091038&rpm=1087.0&ctime=08-Jun-2017+16%3A25%3A00&maf=0.0&vss=0.0&iat=0.0
06-08 16:25:00.555: V/HttpView(10218): http://project-111.ind-cloud.everdata.com:80/CenteralServer/pages/tiles/save.jsp?lngsend=73.7919162&load_pct=0.0&temp=0.0&throttlepos=4.699999809265137&method=send&time=1496919300547&imei=352494060195210&latsend=18.5091038&rpm=1087.0&ctime=08-Jun-2017+16%3A25%3A00&maf=0.0&vss=0.0&iat=0.0
06-08 16:25:01.128: V/HttpView(10218): 0 DONE
06-08 16:25:01.128: V/HttpView(10218): HttpView.count 0
06-08 16:25:02.956: D/com.obd.reader.io.AbstractGatewayService(10218): Adding job[85] to queue..
06-08 16:25:02.957: D/com.obd.reader.io.ObdGatewayService(10218): Taking job[85/0] from queue..
06-08 16:25:02.957: D/com.obd.reader.io.ObdGatewayService(10218): Job state is NEW. Run it..
06-08 16:25:02.957: I/System.out(10218): Command Executed TECH 03
06-08 16:25:02.963: D/com.obd.reader.io.AbstractGatewayService(10218): Job queued successfully.
06-08 16:25:02.963: D/com.obd.reader.io.AbstractGatewayService(10218): Adding job[86] to queue..
06-08 16:25:02.964: D/com.obd.reader.io.AbstractGatewayService(10218): Job queued successfully.
06-08 16:25:02.964: D/com.obd.reader.io.AbstractGatewayService(10218): Adding job[87] to queue..
06-08 16:25:02.964: D/com.obd.reader.io.AbstractGatewayService(10218): Job queued successfully.
06-08 16:25:02.964: D/com.obd.reader.io.AbstractGatewayService(10218): Adding job[88] to queue..
06-08 16:25:02.965: D/com.obd.reader.io.AbstractGatewayService(10218): Job queued successfully.
06-08 16:25:02.965: D/com.obd.reader.io.AbstractGatewayService(10218): Adding job[89] to queue..
06-08 16:25:02.965: D/com.obd.reader.io.AbstractGatewayService(10218): Job queued successfully.
06-08 16:25:02.965: D/com.obd.reader.io.AbstractGatewayService(10218): Adding job[90] to queue..
06-08 16:25:02.965: D/com.obd.reader.io.AbstractGatewayService(10218): Job queued successfully.
06-08 16:25:02.965: D/com.obd.reader.io.AbstractGatewayService(10218): Adding job[91] to queue..
06-08 16:25:02.965: D/com.obd.reader.io.AbstractGatewayService(10218): Job queued successfully.
06-08 16:25:02.970: D/==FindMyPhone==(26284): 1496919302970
06-08 16:25:03.043: W/bt_hci_packet_fragmenter(9553): reassemble_and_dispatch complete l2cap packet received:l2cap full length 6 and hci length 14.
06-08 16:25:03.043: W/bt_hci_packet_fragmenter(9553): reassemble_and_dispatch complete l2cap packet received:l2cap full length 7 and hci length 15.
06-08 16:25:03.043: W/bt_hci_packet_fragmenter(9553): reassemble_and_dispatch complete l2cap packet received:l2cap full length 6 and hci length 14.
06-08 16:25:03.044: W/bt_hci_packet_fragmenter(9553): reassemble_and_dispatch complete l2cap packet received:l2cap full length 7 and hci length 15.
06-08 16:25:03.045: W/bt_hci_packet_fragmenter(9553): reassemble_and_dispatch complete l2cap packet received:l2cap full length 8 and hci length 16.
06-08 16:25:03.188: E/com.obd.reader.io.ObdGatewayService(10218): Failed to run command. -> length=4; regionStart=3; regionLength=3
06-08 16:25:03.190: D/com.obd.reader.io.ObdGatewayService(10218): Taking job[86/5] from queue..
06-08 16:25:03.190: D/com.obd.reader.io.ObdGatewayService(10218): Job state is NEW. Run it..
06-08 16:25:03.190: I/System.out(10218): Command Executed TECH 01 04
06-08 16:25:03.195: W/bt_hci_packet_fragmenter(9553): reassemble_and_dispatch complete l2cap packet received:l2cap full length 6 and hci length 14.
06-08 16:25:03.253: W/bt_hci_packet_fragmenter(9553): reassemble_and_dispatch complete l2cap packet received:l2cap full length 6 and hci length 14.
06-08 16:25:03.260: W/bt_hci_packet_fragmenter(9553): reassemble_and_dispatch complete l2cap packet received:l2cap full length 6 and hci length 14.
06-08 16:25:03.261: W/bt_hci_packet_fragmenter(9553): reassemble_and_dispatch complete l2cap packet received:l2cap full length 6 and hci length 14.
06-08 16:25:03.261: W/bt_hci_packet_fragmenter(9553): reassemble_and_dispatch complete l2cap packet received:l2cap full length 6 and hci length 14.
06-08 16:25:03.261: W/bt_hci_packet_fragmenter(9553): reassemble_and_dispatch complete l2cap packet received:l2cap full length 13 and hci length 21.
06-08 16:25:03.391: D/WifiService(1043): acquireWifiLockLocked: WifiLock{NlpWifiLock type=2 binder=android.os.BinderProxy@4b433b2}
06-08 16:25:03.405: I/System.out(10218): DATA from OBD TECH 410432
06-08 16:25:03.414: D/com.obd.reader.io.ObdGatewayService(10218): Taking job[87/4] from queue..
06-08 16:25:03.414: D/com.obd.reader.io.ObdGatewayService(10218): Job state is NEW. Run it..
06-08 16:25:03.414: I/System.out(10218): Command Executed TECH 01 0C
06-08 16:25:03.526: W/bt_hci_packet_fragmenter(9553): reassemble_and_dispatch complete l2cap packet received:l2cap full length 6 and hci length 14.
06-08 16:25:03.527: W/bt_hci_packet_fragmenter(9553): reassemble_and_dispatch complete l2cap packet received:l2cap full length 6 and hci length 14.
06-08 16:25:03.528: W/bt_hci_packet_fragmenter(9553): reassemble_and_dispatch complete l2cap packet received:l2cap full length 6 and hci length 14.
06-08 16:25:03.529: W/bt_hci_packet_fragmenter(9553): reassemble_and_dispatch complete l2cap packet received:l2cap full length 6 and hci length 14.
06-08 16:25:03.531: W/bt_hci_packet_fragmenter(9553): reassemble_and_dispatch complete l2cap packet received:l2cap full length 16 and hci length 24.
06-08 16:25:03.618: I/System.out(10218): DATA from OBD TECH 410C0E10
06-08 16:25:03.632: D/com.obd.reader.io.ObdGatewayService(10218): Taking job[88/3] from queue..
06-08 16:25:03.632: D/com.obd.reader.io.ObdGatewayService(10218): Job state is NEW. Run it..
06-08 16:25:03.632: I/System.out(10218): Command Executed TECH 01 1F
06-08 16:25:03.693: W/bt_hci_packet_fragmenter(9553): reassemble_and_dispatch complete l2cap packet received:l2cap full length 6 and hci length 14.
06-08 16:25:03.695: W/bt_hci_packet_fragmenter(9553): reassemble_and_dispatch complete l2cap packet received:l2cap full length 7 and hci length 15.
06-08 16:25:03.696: W/bt_hci_packet_fragmenter(9553): reassemble_and_dispatch complete l2cap packet received:l2cap full length 6 and hci length 14.
06-08 16:25:03.697: W/bt_hci_packet_fragmenter(9553): reassemble_and_dispatch complete l2cap packet received:l2cap full length 6 and hci length 14.
06-08 16:25:03.698: W/bt_hci_packet_fragmenter(9553): reassemble_and_dispatch complete l2cap packet received:l2cap full length 15 and hci length 23.
06-08 16:25:03.837: I/System.out(10218): DATA from OBD TECH 411F00D4
06-08 16:25:03.852: D/com.obd.reader.io.ObdGatewayService(10218): Taking job[89/2] from queue..
06-08 16:25:03.852: D/com.obd.reader.io.ObdGatewayService(10218): Job state is NEW. Run it..
06-08 16:25:03.852: I/System.out(10218): Command Executed TECH 01 10
06-08 16:25:03.857: W/bt_hci_packet_fragmenter(9553): reassemble_and_dispatch complete l2cap packet received:l2cap full length 6 and hci length 14.
06-08 16:25:04.083: W/bt_hci_packet_fragmenter(9553): reassemble_and_dispatch complete l2cap packet received:l2cap full length 6 and hci length 14.
06-08 16:25:04.085: W/bt_hci_packet_fragmenter(9553): reassemble_and_dispatch complete l2cap packet received:l2cap full length 6 and hci length 14.
06-08 16:25:04.085: W/bt_hci_packet_fragmenter(9553): reassemble_and_dispatch complete l2cap packet received:l2cap full length 7 and hci length 15.
06-08 16:25:04.087: D/WifiService(1043): releaseWifiLockLocked: WifiLock{NlpWifiLock type=2 binder=android.os.BinderProxy@4b433b2}
06-08 16:25:04.087: W/bt_hci_packet_fragmenter(9553): reassemble_and_dispatch complete l2cap packet received:l2cap full length 7 and hci length 15.
06-08 16:25:04.088: W/bt_hci_packet_fragmenter(9553): reassemble_and_dispatch complete l2cap packet received:l2cap full length 9 and hci length 17.
06-08 16:25:04.088: I/System.out(10218): DATA from OBD TECH NODATA
06-08 16:25:04.091: E/com.obd.reader.io.ObdGatewayService(10218): Failed to run command. -> Error running 01 10, response: NODATA
06-08 16:25:04.091: D/com.obd.reader.io.ObdGatewayService(10218): Taking job[90/1] from queue..
06-08 16:25:04.091: D/com.obd.reader.io.ObdGatewayService(10218): Job state is NEW. Run it..
06-08 16:25:04.091: I/System.out(10218): Command Executed TECH 01 11
06-08 16:25:04.111: V/OSNPGlue_jni(1043): Entering  : void onJavaLocationChanged(JNIEnv*, jobject, jboolean, jlong, jboolean, jlong, jboolean, jdouble, jboolean, jdouble, jboolean, jfloat, jboolean, jdouble, jboolean, jfloat, jboolean, jfloat)
06-08 16:25:04.113: D/Network(10218): Got Location Updates 18.5086394 73.7921056
06-08 16:25:04.125: D/WifiService(1043): releaseWifiLockLocked: WifiLock{NlpWifiLock type=2 binder=android.os.BinderProxy@f176523}
06-08 16:25:04.125: W/ctxmgr(4881): [AclManager]No 2 for (accnt=account#1618635401#, com.google.android.gms(10030):UserLocationProducer, vrsn=11055000, 0, 3pPkg = null ,  3pMdlId = null ,  pid = 4881). Was: 2 for 1, account#1618635401#
06-08 16:25:04.136: I/System.out(10218): Device IMEI is 352494060195210
06-08 16:25:04.141: D/Network(10218): Got Location Updates 18.5086394 73.7921056
06-08 16:25:04.144: I/System.out(10218): Device IMEI is 352494060195210
06-08 16:25:04.193: W/bt_hci_packet_fragmenter(9553): reassemble_and_dispatch complete l2cap packet received:l2cap full length 6 and hci length 14.
06-08 16:25:04.194: W/bt_hci_packet_fragmenter(9553): reassemble_and_dispatch complete l2cap packet received:l2cap full length 6 and hci length 14.
06-08 16:25:04.195: W/bt_hci_packet_fragmenter(9553): reassemble_and_dispatch complete l2cap packet received:l2cap full length 6 and hci length 14.
06-08 16:25:04.197: W/bt_hci_packet_fragmenter(9553): reassemble_and_dispatch complete l2cap packet received:l2cap full length 6 and hci length 14.
06-08 16:25:04.198: W/bt_hci_packet_fragmenter(9553): reassemble_and_dispatch complete l2cap packet received:l2cap full length 8 and hci length 16.
06-08 16:25:04.199: W/bt_hci_packet_fragmenter(9553): reassemble_and_dispatch complete l2cap packet received:l2cap full length 10 and hci length 18.
06-08 16:25:04.297: I/System.out(10218): DATA from OBD TECH 41110A
06-08 16:25:04.306: D/com.obd.reader.io.ObdGatewayService(10218): Taking job[91/0] from queue..
06-08 16:25:04.307: D/com.obd.reader.io.ObdGatewayService(10218): Job state is NEW. Run it..
06-08 16:25:04.307: I/System.out(10218): Command Executed TECH 01 0D 1
06-08 16:25:04.316: W/bt_hci_packet_fragmenter(9553): reassemble_and_dispatch complete l2cap packet received:l2cap full length 6 and hci length 14.
06-08 16:25:04.318: W/bt_hci_packet_fragmenter(9553): reassemble_and_dispatch complete l2cap packet received:l2cap full length 6 and hci length 14.
06-08 16:25:04.319: W/bt_hci_packet_fragmenter(9553): reassemble_and_dispatch complete l2cap packet received:l2cap full length 7 and hci length 15.
06-08 16:25:04.320: W/bt_hci_packet_fragmenter(9553): reassemble_and_dispatch complete l2cap packet received:l2cap full length 7 and hci length 15.
06-08 16:25:04.321: W/bt_hci_packet_fragmenter(9553): reassemble_and_dispatch complete l2cap packet received:l2cap full length 9 and hci length 17.
06-08 16:25:04.322: W/bt_hci_packet_fragmenter(9553): reassemble_and_dispatch complete l2cap packet received:l2cap full length 7 and hci length 15.
06-08 16:25:04.510: I/System.out(10218): DATA from OBD TECH 410D00
06-08 16:25:04.525: I/System.out(10218): ((MainActivity) ctx).commandResult {MAF=NODATA, ENGINE_RPM=900RPM, THROTTLE_POS=3.9%, ENGINE_LOAD=19.6%, TROUBLE_CODES=4300, ENGINE_RUNTIME=00:03:32}
06-08 16:25:04.526: I/System.out(10218): Unable to find float  value for 
06-08 16:25:04.535: D/Network(10218): Network
06-08 16:25:04.541: I/System.out(10218): Device IMEI is 352494060195210
06-08 16:25:04.541: I/System.out(10218): LAT18.5086394LONG73.7921056
06-08 16:25:04.543: I/System.out(10218): MSG 0.0,0.0,0.0,3.9000000953674316,0.0,900.0,0.0,352494060195210,18.5086394,73.7921056,1496919304533
06-08 16:25:04.543: D/com.obd.activity.MainActivity(10218): throttle,vss,rpm 3.9000000953674316,0.0,900.0
06-08 16:25:04.546: I/System.out(10218): url  http://project-111.ind-cloud.everdata.com:80/CenteralServer/pages/tiles/save.jsp?lngsend=73.7921056&load_pct=0.0&temp=0.0&throttlepos=3.9000000953674316&method=send&time=1496919304533&imei=352494060195210&latsend=18.5086394&rpm=900.0&ctime=08-Jun-2017+16%3A25%3A04&maf=0.0&vss=0.0&iat=0.0
06-08 16:25:04.546: V/HttpView(10218): http://project-111.ind-cloud.everdata.com:80/CenteralServer/pages/tiles/save.jsp?lngsend=73.7921056&load_pct=0.0&temp=0.0&throttlepos=3.9000000953674316&method=send&time=1496919304533&imei=352494060195210&latsend=18.5086394&rpm=900.0&ctime=08-Jun-2017+16%3A25%3A04&maf=0.0&vss=0.0&iat=0.0
06-08 16:25:05.346: V/HttpView(10218): 0 DONE
06-08 16:25:05.346: V/HttpView(10218): HttpView.count 0
06-08 16:25:06.011: D/==FindMyPhone==(26284): 1496919306011
06-08 16:25:06.966: D/com.obd.reader.io.AbstractGatewayService(10218): Adding job[92] to queue..
06-08 16:25:06.968: D/com.obd.reader.io.ObdGatewayService(10218): Taking job[92/0] from queue..
06-08 16:25:06.968: D/com.obd.reader.io.ObdGatewayService(10218): Job state is NEW. Run it..
06-08 16:25:06.969: I/System.out(10218): Command Executed TECH 03
06-08 16:25:06.972: D/com.obd.reader.io.AbstractGatewayService(10218): Job queued successfully.
06-08 16:25:06.973: D/com.obd.reader.io.AbstractGatewayService(10218): Adding job[93] to queue..
06-08 16:25:06.973: D/com.obd.reader.io.AbstractGatewayService(10218): Job queued successfully.
06-08 16:25:06.973: D/com.obd.reader.io.AbstractGatewayService(10218): Adding job[94] to queue..
06-08 16:25:06.973: D/com.obd.reader.io.AbstractGatewayService(10218): Job queued successfully.
06-08 16:25:06.974: D/com.obd.reader.io.AbstractGatewayService(10218): Adding job[95] to queue..
06-08 16:25:06.974: D/com.obd.reader.io.AbstractGatewayService(10218): Job queued successfully.
06-08 16:25:06.974: D/com.obd.reader.io.AbstractGatewayService(10218): Adding job[96] to queue..
06-08 16:25:06.974: D/com.obd.reader.io.AbstractGatewayService(10218): Job queued successfully.
