06-08 16:27:02.074: W/GoogleTagManager(5613): java.lang.IllegalStateException: The meta-data tag in your app's AndroidManifest.xml does not have the right value.  Expected 8487000 but found 7571000.  You must have the following declaration within the <application> element:     <meta-data android:name="com.google.android.gms.version" android:value="@integer/google_play_services_version" />
06-08 16:27:02.074: W/GoogleTagManager(5613): 	at com.google.android.gms.common.zze.zzan(Unknown Source)
06-08 16:27:02.074: W/GoogleTagManager(5613): 	at com.google.android.gms.common.zze.isGooglePlayServicesAvailable(Unknown Source)
06-08 16:27:02.074: W/GoogleTagManager(5613): 	at com.google.android.gms.common.zzc.isGooglePlayServicesAvailable(Unknown Source)
06-08 16:27:02.074: W/GoogleTagManager(5613): 	at com.google.android.gms.ads.identifier.AdvertisingIdClient.zzp(Unknown Source)
06-08 16:27:02.074: W/GoogleTagManager(5613): 	at com.google.android.gms.ads.identifier.AdvertisingIdClient.zzb(Unknown Source)
06-08 16:27:02.074: W/GoogleTagManager(5613): 	at com.google.android.gms.ads.identifier.AdvertisingIdClient.getAdvertisingIdInfo(Unknown Source)
06-08 16:27:02.074: W/GoogleTagManager(5613): 	at com.google.android.gms.tagmanager.zza$1.zzFV(Unknown Source)
06-08 16:27:02.074: W/GoogleTagManager(5613): 	at com.google.android.gms.tagmanager.zza.zzFU(Unknown Source)
06-08 16:27:02.074: W/GoogleTagManager(5613): 	at com.google.android.gms.tagmanager.zza.zzb(Unknown Source)
06-08 16:27:02.074: W/GoogleTagManager(5613): 	at com.google.android.gms.tagmanager.zza$2.run(Unknown Source)
06-08 16:27:02.074: W/GoogleTagManager(5613): 	at java.lang.Thread.run(Thread.java:818)
06-08 16:27:02.451: D/WifiService(1043): releaseWifiLockLocked: WifiLock{NlpWifiLock type=2 binder=android.os.BinderProxy@4b433b2}
06-08 16:27:02.467: V/OSNPGlue_jni(1043): Entering  : void onJavaLocationChanged(JNIEnv*, jobject, jboolean, jlong, jboolean, jlong, jboolean, jdouble, jboolean, jdouble, jboolean, jfloat, jboolean, jdouble, jboolean, jfloat, jboolean, jfloat)
06-08 16:27:02.478: D/WifiService(1043): releaseWifiLockLocked: WifiLock{NlpWifiLock type=2 binder=android.os.BinderProxy@f176523}
06-08 16:27:02.516: W/lights-worker(422): _schedule_work: 'bl_update' already scheduled
06-08 16:27:02.643: W/ctxmgr(4881): [AclManager]No 2 for (accnt=account#1618635401#, com.google.android.gms(10030):UserLocationProducer, vrsn=11055000, 0, 3pPkg = null ,  3pMdlId = null ,  pid = 4881). Was: 2 for 1, account#1618635401#
06-08 16:27:03.644: W/ctxmgr(4881): [AclManager]No 2 for (accnt=account#1618635401#, com.google.android.gms(10030):UserLocationProducer, vrsn=11055000, 0, 3pPkg = null ,  3pMdlId = null ,  pid = 4881). Was: 2 for 1, account#1618635401#
06-08 16:27:04.277: D/==FindMyPhone==(26284): 1496919424277
06-08 16:27:04.644: W/ctxmgr(4881): [AclManager]No 2 for (accnt=account#1618635401#, com.google.android.gms(10030):UserLocationProducer, vrsn=11055000, 0, 3pPkg = null ,  3pMdlId = null ,  pid = 4881). Was: 2 for 1, account#1618635401#
06-08 16:27:05.638: W/ctxmgr(4881): [AclManager]No 2 for (accnt=account#1618635401#, com.google.android.gms(10030):UserLocationProducer, vrsn=11055000, 0, 3pPkg = null ,  3pMdlId = null ,  pid = 4881). Was: 2 for 1, account#1618635401#
06-08 16:27:06.633: W/ctxmgr(4881): [AclManager]No 2 for (accnt=account#1618635401#, com.google.android.gms(10030):UserLocationProducer, vrsn=11055000, 0, 3pPkg = null ,  3pMdlId = null ,  pid = 4881). Was: 2 for 1, account#1618635401#
06-08 16:27:07.318: D/==FindMyPhone==(26284): 1496919427318
06-08 16:27:07.481: I/Gobi(445): vendor/qcom/proprietary/RIDL/RIDLClient/RIDLSQL.cpp:2500: GetTransState() EBADF
06-08 16:27:07.481: I/Gobi(445): vendor/qcom/proprietary/RIDL/RIDLClient/MainCore.cpp:1550: Failed to get TransState, rc 9
06-08 16:27:07.481: I/Gobi(445): vendor/qcom/proprietary/RIDL/RIDLClient/RIDLSQL.cpp:2500: GetTransState() EBADF
06-08 16:27:07.481: I/Gobi(445): vendor/qcom/proprietary/RIDL/RIDLClient/RIDLSQL.cpp:2500: GetTransState() EBADF
06-08 16:27:07.644: W/ctxmgr(4881): [AclManager]No 2 for (accnt=account#1618635401#, com.google.android.gms(10030):UserLocationProducer, vrsn=11055000, 0, 3pPkg = null ,  3pMdlId = null ,  pid = 4881). Was: 2 for 1, account#1618635401#
06-08 16:27:08.635: W/ctxmgr(4881): [AclManager]No 2 for (accnt=account#1618635401#, com.google.android.gms(10030):UserLocationProducer, vrsn=11055000, 0, 3pPkg = null ,  3pMdlId = null ,  pid = 4881). Was: 2 for 1, account#1618635401#
06-08 16:27:09.475: W/toolbox(15005): type=1400 audit(0.0:4256721): avc: denied { getattr } for path="/proc/1" dev="proc" ino=9224 scontext=u:r:untrusted_app:s0:c512,c768 tcontext=u:r:init:s0 tclass=dir permissive=0 ppid=15002 pcomm="sh" tgid=15002 tgcomm="sh"
06-08 16:27:09.475: W/toolbox(15005): type=1400 audit(0.0:4256722): avc: denied { search } for name="1" dev="proc" ino=9224 scontext=u:r:untrusted_app:s0:c512,c768 tcontext=u:r:init:s0 tclass=dir permissive=0 ppid=15002 pcomm="sh" tgid=15002 tgcomm="sh"
06-08 16:27:09.475: W/toolbox(15005): type=1400 audit(0.0:4256723): avc: denied { search } for name="1" dev="proc" ino=9224 scontext=u:r:untrusted_app:s0:c512,c768 tcontext=u:r:init:s0 tclass=dir permissive=0 ppid=15002 pcomm="sh" tgid=15002 tgcomm="sh"
06-08 16:27:09.475: W/toolbox(15005): type=1400 audit(0.0:4256724): avc: denied { getattr } for path="/proc/2" dev="proc" ino=11460 scontext=u:r:untrusted_app:s0:c512,c768 tcontext=u:r:kernel:s0 tclass=dir permissive=0 ppid=15002 pcomm="sh" tgid=15002 tgcomm="sh"
06-08 16:27:09.475: W/toolbox(15005): type=1400 audit(0.0:4256725): avc: denied { search } for name="2" dev="proc" ino=11460 scontext=u:r:untrusted_app:s0:c512,c768 tcontext=u:r:kernel:s0 tclass=dir permissive=0 ppid=15002 pcomm="sh" tgid=15002 tgcomm="sh"
06-08 16:27:09.638: W/ctxmgr(4881): [AclManager]No 2 for (accnt=account#1618635401#, com.google.android.gms(10030):UserLocationProducer, vrsn=11055000, 0, 3pPkg = null ,  3pMdlId = null ,  pid = 4881). Was: 2 for 1, account#1618635401#
06-08 16:27:10.358: D/==FindMyPhone==(26284): 1496919430358
06-08 16:27:10.643: W/ctxmgr(4881): [AclManager]No 2 for (accnt=account#1618635401#, com.google.android.gms(10030):UserLocationProducer, vrsn=11055000, 0, 3pPkg = null ,  3pMdlId = null ,  pid = 4881). Was: 2 for 1, account#1618635401#
06-08 16:27:11.644: W/ctxmgr(4881): [AclManager]No 2 for (accnt=account#1618635401#, com.google.android.gms(10030):UserLocationProducer, vrsn=11055000, 0, 3pPkg = null ,  3pMdlId = null ,  pid = 4881). Was: 2 for 1, account#1618635401#
06-08 16:27:12.645: W/ctxmgr(4881): [AclManager]No 2 for (accnt=account#1618635401#, com.google.android.gms(10030):UserLocationProducer, vrsn=11055000, 0, 3pPkg = null ,  3pMdlId = null ,  pid = 4881). Was: 2 for 1, account#1618635401#
06-08 16:27:13.373: D/==FindMyPhone==(26284): 1496919433373
06-08 16:27:13.647: W/ctxmgr(4881): [AclManager]No 2 for (accnt=account#1618635401#, com.google.android.gms(10030):UserLocationProducer, vrsn=11055000, 0, 3pPkg = null ,  3pMdlId = null ,  pid = 4881). Was: 2 for 1, account#1618635401#
06-08 16:27:14.652: W/ctxmgr(4881): [AclManager]No 2 for (accnt=account#1618635401#, com.google.android.gms(10030):UserLocationProducer, vrsn=11055000, 0, 3pPkg = null ,  3pMdlId = null ,  pid = 4881). Was: 2 for 1, account#1618635401#
06-08 16:27:15.639: W/ctxmgr(4881): [AclManager]No 2 for (accnt=account#1618635401#, com.google.android.gms(10030):UserLocationProducer, vrsn=11055000, 0, 3pPkg = null ,  3pMdlId = null ,  pid = 4881). Was: 2 for 1, account#1618635401#
06-08 16:27:16.410: D/==FindMyPhone==(26284): 1496919436410
06-08 16:27:16.639: W/ctxmgr(4881): [AclManager]No 2 for (accnt=account#1618635401#, com.google.android.gms(10030):UserLocationProducer, vrsn=11055000, 0, 3pPkg = null ,  3pMdlId = null ,  pid = 4881). Was: 2 for 1, account#1618635401#
06-08 16:27:17.491: I/Gobi(445): vendor/qcom/proprietary/RIDL/RIDLClient/RIDLSQL.cpp:2500: GetTransState() EBADF
06-08 16:27:17.492: I/Gobi(445): vendor/qcom/proprietary/RIDL/RIDLClient/MainCore.cpp:1550: Failed to get TransState, rc 9
06-08 16:27:17.492: I/Gobi(445): vendor/qcom/proprietary/RIDL/RIDLClient/RIDLSQL.cpp:2500: GetTransState() EBADF
06-08 16:27:17.492: I/Gobi(445): vendor/qcom/proprietary/RIDL/RIDLClient/RIDLSQL.cpp:2500: GetTransState() EBADF
06-08 16:27:17.492: E/NetlinkEvent(398): NetlinkEvent::FindParam(): Parameter 'TIME_NS' not found
06-08 16:27:17.492: E/NetlinkEvent(398): NetlinkEvent::FindParam(): Parameter 'UID' not found
06-08 16:27:17.571: I/TWILIGHT(4358): [16:27:17.571, main]: Service start foreground
06-08 16:27:17.571: I/TWILIGHT(4358): [16:27:17.571, main]: Extra android.intent.extra.ALARM_COUNT
06-08 16:27:17.582: D/WifiService(1043): acquireWifiLockLocked: WifiLock{NlpWifiLock type=2 binder=android.os.BinderProxy@f176523}
06-08 16:27:17.622: I/TWILIGHT(4358): [16:27:17.622, main]: VIEW: final Sunrise Thu Jun 08 02:30:17 GMT+05:30 2017 Sunset Thu Jun 08 18:32:17 GMT+05:30 2017
06-08 16:27:17.630: I/TWILIGHT(4358): [16:27:17.630, main]: VIEW: Sunrise / Sunset = Thu Jun 08 02:30:17 GMT+05:30 2017 / Thu Jun 08 18:32:17 GMT+05:30 2017
06-08 16:27:17.630: I/TWILIGHT(4358): [16:27:17.630, main]: Time for foreground sun 7500010 before 5400000
06-08 16:27:17.631: W/ctxmgr(4881): [AclManager]No 2 for (accnt=account#1618635401#, com.google.android.gms(10030):UserLocationProducer, vrsn=11055000, 0, 3pPkg = null ,  3pMdlId = null ,  pid = 4881). Was: 2 for 1, account#1618635401#
06-08 16:27:17.633: I/TWILIGHT(4358): [16:27:17.633, main]: Needs foreground 1500010
06-08 16:27:17.633: I/TWILIGHT(4358): [16:27:17.633, main]: VIEW: Finally Update current 0 1500
06-08 16:27:18.649: W/ctxmgr(4881): [AclManager]No 2 for (accnt=account#1618635401#, com.google.android.gms(10030):UserLocationProducer, vrsn=11055000, 0, 3pPkg = null ,  3pMdlId = null ,  pid = 4881). Was: 2 for 1, account#1618635401#
06-08 16:27:19.428: D/==FindMyPhone==(26284): 1496919439427
06-08 16:27:19.475: W/toolbox(15055): type=1400 audit(0.0:4257516): avc: denied { getattr } for path="/proc/1" dev="proc" ino=9224 scontext=u:r:untrusted_app:s0:c512,c768 tcontext=u:r:init:s0 tclass=dir permissive=0 ppid=15052 pcomm="sh" tgid=15052 tgcomm="sh"
06-08 16:27:19.505: W/toolbox(15055): type=1400 audit(0.0:4257517): avc: denied { search } for name="1" dev="proc" ino=9224 scontext=u:r:untrusted_app:s0:c512,c768 tcontext=u:r:init:s0 tclass=dir permissive=0 ppid=15052 pcomm="sh" tgid=15052 tgcomm="sh"
06-08 16:27:19.505: W/toolbox(15055): type=1400 audit(0.0:4257518): avc: denied { search } for name="1" dev="proc" ino=9224 scontext=u:r:untrusted_app:s0:c512,c768 tcontext=u:r:init:s0 tclass=dir permissive=0 ppid=15052 pcomm="sh" tgid=15052 tgcomm="sh"
06-08 16:27:19.505: W/toolbox(15055): type=1400 audit(0.0:4257519): avc: denied { getattr } for path="/proc/2" dev="proc" ino=11460 scontext=u:r:untrusted_app:s0:c512,c768 tcontext=u:r:kernel:s0 tclass=dir permissive=0 ppid=15052 pcomm="sh" tgid=15052 tgcomm="sh"
06-08 16:27:19.505: W/toolbox(15055): type=1400 audit(0.0:4257520): avc: denied { search } for name="2" dev="proc" ino=11460 scontext=u:r:untrusted_app:s0:c512,c768 tcontext=u:r:kernel:s0 tclass=dir permissive=0 ppid=15052 pcomm="sh" tgid=15052 tgcomm="sh"
06-08 16:27:19.641: W/ctxmgr(4881): [AclManager]No 2 for (accnt=account#1618635401#, com.google.android.gms(10030):UserLocationProducer, vrsn=11055000, 0, 3pPkg = null ,  3pMdlId = null ,  pid = 4881). Was: 2 for 1, account#1618635401#
06-08 16:27:20.643: W/ctxmgr(4881): [AclManager]No 2 for (accnt=account#1618635401#, com.google.android.gms(10030):UserLocationProducer, vrsn=11055000, 0, 3pPkg = null ,  3pMdlId = null ,  pid = 4881). Was: 2 for 1, account#1618635401#
06-08 16:27:21.134: V/OSNPGlue_jni(1043): Entering  : void onJavaLocationChanged(JNIEnv*, jobject, jboolean, jlong, jboolean, jlong, jboolean, jdouble, jboolean, jdouble, jboolean, jfloat, jboolean, jdouble, jboolean, jfloat, jboolean, jfloat)
06-08 16:27:21.147: D/WifiService(1043): releaseWifiLockLocked: WifiLock{NlpWifiLock type=2 binder=android.os.BinderProxy@f176523}
06-08 16:27:21.648: W/ctxmgr(4881): [AclManager]No 2 for (accnt=account#1618635401#, com.google.android.gms(10030):UserLocationProducer, vrsn=11055000, 0, 3pPkg = null ,  3pMdlId = null ,  pid = 4881). Was: 2 for 1, account#1618635401#
06-08 16:27:22.461: D/==FindMyPhone==(26284): 1496919442461
06-08 16:27:22.642: W/ctxmgr(4881): [AclManager]No 2 for (accnt=account#1618635401#, com.google.android.gms(10030):UserLocationProducer, vrsn=11055000, 0, 3pPkg = null ,  3pMdlId = null ,  pid = 4881). Was: 2 for 1, account#1618635401#
06-08 16:27:23.641: W/ctxmgr(4881): [AclManager]No 2 for (accnt=account#1618635401#, com.google.android.gms(10030):UserLocationProducer, vrsn=11055000, 0, 3pPkg = null ,  3pMdlId = null ,  pid = 4881). Was: 2 for 1, account#1618635401#
06-08 16:27:23.798: I/Process(14639): Sending signal. PID: 14639 SIG: 9
06-08 16:27:23.840: D/IzatProviderEngine_jni(1043): onRemoveRequest called by network
06-08 16:27:23.840: D/IzatProviderEngine_jni(1043): Provider Type: 2
06-08 16:27:23.840: D/IzatProviderEngine_jni(1043): Num Updates : 2147483647
06-08 16:27:23.840: D/IzatProviderEngine_jni(1043): Interval : 0
06-08 16:27:23.840: D/IzatProviderEngine_jni(1043): Displacement : 10.000000
06-08 16:27:23.840: D/IzatProviderEngine_jni(1043): Accuracy : 1
06-08 16:27:23.840: V/OSNPGlue_jni(1043): Entering  : void onSetRequestJNI(izat_manager::IzatRequest*)
06-08 16:27:23.840: D/GpsStatusListenerHelper(1043): Remote Listener died: android.location.IGpsStatusListener$Stub$Proxy@f894246
06-08 16:27:23.841: D/GraphicsStats(1043): Buffer count: 12
06-08 16:27:23.841: I/WindowState(1043): WIN DEATH: Window{1cf1638 u0 com.obd.reader.activity/com.obd.activity.MainActivity}
06-08 16:27:23.851: E/bt_btif_sock_rfcomm(9553): find_rfc_slot_by_id unable to find RFCOMM slot id: 11
06-08 16:27:23.851: E/bt_rfcomm(9553): p_data_co_callback DATA_CO_CALLBACK_TYPE_INCOMING_SIZE failed, available:0
06-08 16:27:23.851: E/bt_btif_sock_rfcomm(9553): find_rfc_slot_by_id unable to find RFCOMM slot id: 11
06-08 16:27:23.852: E/NetlinkEvent(398): NetlinkEvent::FindParam(): Parameter 'TIME_NS' not found
06-08 16:27:23.852: E/NetlinkEvent(398): NetlinkEvent::FindParam(): Parameter 'UID' not found
06-08 16:27:23.880: I/ActivityManager(1043): Process com.obd.reader.activity (pid 14639) has died
06-08 16:27:23.895: V/BoostFramework(1043): BoostFramework() : mPerf = com.qualcomm.qti.Performance@7c6bc07
06-08 16:27:23.895: I/ActivityManager(1043): Start proc 15082:com.obd.reader.activity/u0a484 for activity com.obd.reader.activity/com.obd.activity.WelcomeActivity
06-08 16:27:23.932: I/art(15082): Late-enabling -Xcheck:jni
06-08 16:27:23.937: W/bt_l2cap(9553): L2CA_SetDesireRole() new:x0, disallow_switch:0
06-08 16:27:23.967: W/bt_hci_packet_fragmenter(9553): reassemble_and_dispatch complete l2cap packet received:l2cap full length 4 and hci length 12.
06-08 16:27:23.968: W/bt_rfcomm(9553): rfc_port_closed
06-08 16:27:23.978: W/bt_btif(9553): bta_jv_rfc_port_to_cb(port_handle:0xc):jv handle:0x0 not FOUND
06-08 16:27:23.978: E/bt_btif(9553): bta_jv_port_mgmt_cl_cback, p_cb:0x0, p_cb->p_cback:0x0, p_pcb
06-08 16:27:23.978: W/bt_rfcomm(9553): port_rfc_closed RFCOMM connection in state 3 closed: Closed (res: 19)
06-08 16:27:23.993: W/System(15082): ClassLoader referenced unknown path: /data/app/com.obd.reader.activity-1/lib/arm
06-08 16:27:24.015: W/AppOps(1043): Finishing op nesting under-run: uid 1000 pkg android code 24 time=1461952596542 duration=2194 nesting=0
06-08 16:27:24.020: W/bt_hci_packet_fragmenter(9553): reassemble_and_dispatch complete l2cap packet received:l2cap full length 4 and hci length 12.
06-08 16:27:24.020: W/bt_l2cap(9553): L2CA_DisconnectReq()  CID: 0x004d
06-08 16:27:24.025: W/bt_hci_packet_fragmenter(9553): reassemble_and_dispatch complete l2cap packet received:l2cap full length 8 and hci length 16.
06-08 16:27:24.027: W/bt_l2cap(9553): L2CAP - st: W4_L2CAP_DISC_RSP evt: 18
06-08 16:27:24.042: D/IzatProviderEngine_jni(1043): onStatusChangedJNI :: status : 5
06-08 16:27:24.042: I/IzatProviderEngine(1043): LocTech-Label :: OSDC :: Status Report In
06-08 16:27:24.042: I/IzatProviderEngine(1043): LocTech-Value :: Provider Name: fused Status: 5
06-08 16:27:24.042: D/IzatProviderEngine_jni(1043): onStatusChangedJNI :: status : 7
06-08 16:27:24.042: I/IzatProviderEngine(1043): LocTech-Label :: OSDC :: Status Report In
06-08 16:27:24.042: I/IzatProviderEngine(1043): LocTech-Value :: Provider Name: fused Status: 7
06-08 16:27:24.055: I/System.out(15082): Device IMEI is 352494060195210
06-08 16:27:24.055: I/System.out(15082): Make sure that IMEI is added in 352494060195210 DB
06-08 16:27:24.059: D/BluetoothManagerService(1043): Message: 20
06-08 16:27:24.059: D/BluetoothManagerService(1043): Added callback: android.bluetooth.IBluetoothManagerCallback$Stub$Proxy@8073cd2:true
06-08 16:27:25.462: D/==FindMyPhone==(26284): 1496919445462
06-08 16:27:26.485: W/lights-worker(422): _schedule_work: 'bl_update' already scheduled
06-08 16:27:26.933: V/DeadZone(3287): consuming errant click: (259.0,20.0)
06-08 16:27:27.064: I/Timeline(15082): Timeline: Activity_launch_request id:com.obd.reader.activity time:95674053
06-08 16:27:27.064: I/ActivityManager(1043): START u0 {cmp=com.obd.reader.activity/com.obd.activity.MainActivity} from uid 10484 on display 0
06-08 16:27:27.090: D/OpenGLRenderer(15082): Use EGL_SWAP_BEHAVIOR_PRESERVED: true
06-08 16:27:27.346: D//Ln.java:218(15082): main Configuring Logging, minimum log level is VERBOSE
06-08 16:27:27.409: I/System.out(15082): in oncreate method
06-08 16:27:27.439: I/System.out(15082): MSG 0.0,0.0,0.0,0.0,0.0,0.0,0.0,,,,1496919447436
06-08 16:27:27.439: D/com.obd.activity.MainActivity(15082): throttle,vss,rpm 0.0,0.0,0.0
06-08 16:27:27.441: I/System.out(15082): Device IMEI is 352494060195210
06-08 16:27:27.452: D/GPS Enabled(15082): GPS Enabled
06-08 16:27:27.458: V/OSNPGlue_jni(1043): Entering  : void onSetRequestJNI(izat_manager::IzatRequest*)
06-08 16:27:27.464: I/System.out(15082): Device IMEI is 352494060195210
06-08 16:27:27.464: D/IzatProviderEngine_jni(1043): onAddRequest called by network
06-08 16:27:27.464: D/IzatProviderEngine_jni(1043): Provider Type: 2
06-08 16:27:27.465: D/IzatProviderEngine_jni(1043): Num Updates : 2147483647
06-08 16:27:27.465: D/IzatProviderEngine_jni(1043): Interval : 0
06-08 16:27:27.465: D/IzatProviderEngine_jni(1043): Displacement : 10.000000
06-08 16:27:27.465: D/IzatProviderEngine_jni(1043): Accuracy : 1
06-08 16:27:27.465: V/OSNPGlue_jni(1043): Entering  : void onSetRequestJNI(izat_manager::IzatRequest*)
06-08 16:27:27.465: D/Network(15082): Network
06-08 16:27:27.484: I/System.out(15082): Device IMEI is 352494060195210
06-08 16:27:27.486: D/com.obd.activity.MainActivity(15082): Entered onStart...
06-08 16:27:27.487: D/com.obd.activity.MainActivity(15082): Resuming..
06-08 16:27:27.500: I/Gobi(445): vendor/qcom/proprietary/RIDL/RIDLClient/RIDLSQL.cpp:2500: GetTransState() EBADF
06-08 16:27:27.500: I/Gobi(445): vendor/qcom/proprietary/RIDL/RIDLClient/MainCore.cpp:1550: Failed to get TransState, rc 9
06-08 16:27:27.500: I/Gobi(445): vendor/qcom/proprietary/RIDL/RIDLClient/RIDLSQL.cpp:2500: GetTransState() EBADF
06-08 16:27:27.500: I/Gobi(445): vendor/qcom/proprietary/RIDL/RIDLClient/RIDLSQL.cpp:2500: GetTransState() EBADF
06-08 16:27:27.503: I/System.out(15082): In ready function
06-08 16:27:27.541: I/Adreno-EGL(15082): <qeglDrvAPI_eglInitialize:379>: EGL 1.4 QUALCOMM build: Nondeterministic_AU_msm8974_LA.BF.1.1.3_RB1__release_AU (I741a3d36ca)
06-08 16:27:27.541: I/Adreno-EGL(15082): OpenGL ES Shader Compiler Version: E031.29.00.00
06-08 16:27:27.541: I/Adreno-EGL(15082): Build Date: 04/04/16 Mon
06-08 16:27:27.541: I/Adreno-EGL(15082): Local Branch: mybranch19053788
06-08 16:27:27.541: I/Adreno-EGL(15082): Remote Branch: quic/LA.BF.1.1.3_rb1.12
06-08 16:27:27.541: I/Adreno-EGL(15082): Local Patches: NONE
06-08 16:27:27.541: I/Adreno-EGL(15082): Reconstruct Branch: NOTHING
06-08 16:27:27.544: I/OpenGLRenderer(15082): Initialized EGL, version 1.4
06-08 16:27:27.623: D/IzatProviderEngine_jni(1043): onStatusChangedJNI :: status : 6
06-08 16:27:27.623: I/IzatProviderEngine(1043): LocTech-Label :: OSDC :: Status Report In
06-08 16:27:27.623: I/IzatProviderEngine(1043): LocTech-Value :: Provider Name: fused Status: 6
06-08 16:27:27.623: D/IzatProviderEngine_jni(1043): onStatusChangedJNI :: status : 4
06-08 16:27:27.623: I/IzatProviderEngine(1043): LocTech-Label :: OSDC :: Status Report In
06-08 16:27:27.623: I/IzatProviderEngine(1043): LocTech-Value :: Provider Name: fused Status: 4
06-08 16:27:27.646: W/InputMethodManagerService(1043): Got RemoteException sending setActive(false) notification to pid 14639 uid 10484
06-08 16:27:27.647: I/ActivityManager(1043): Displayed com.obd.reader.activity/com.obd.activity.MainActivity: +541ms (total +38s955ms)
06-08 16:27:27.647: I/Timeline(1043): Timeline: Activity_windows_visible id: ActivityRecord{c0911a3 u0 com.obd.reader.activity/com.obd.activity.MainActivity t4070} time:95674636
06-08 16:27:27.665: I/Timeline(15082): Timeline: Activity_idle id: android.os.BinderProxy@1b838ea time:95674654
06-08 16:27:27.665: I/Timeline(15082): Timeline: Activity_idle id: android.os.BinderProxy@8726823 time:95674654
06-08 16:27:27.878: D/com.obd.activity.MainActivity(15082): Pausing..
06-08 16:27:27.909: I/TWILIGHT(4358): [16:27:27.908, main]: Accessibility skip 
06-08 16:27:27.921: I/Timeline(15082): Timeline: Activity_idle id: android.os.BinderProxy@8726823 time:95674910
06-08 16:27:28.058: I/Timeline(1043): Timeline: Activity_windows_visible id: ActivityRecord{cbb7aec u0 com.obd.reader.activity/com.obd.activity.WelcomeActivity t4070} time:95675048
06-08 16:27:28.150: I/bt_btm_sec(9553): btm_sec_disconnected clearing pending flag handle:12 reason:22
06-08 16:27:28.151: W/bt_l2cap(9553): L2CA_SetDesireRole() new:x0, disallow_switch:0
06-08 16:27:28.156: E/BluetoothRemoteDevices(9553): state12newState1
06-08 16:27:28.156: D/BluetoothRemoteDevices(9553): aclStateChangeCallback: sending ACL disconnected intent
06-08 16:27:28.156: D/BluetoothRemoteDevices(9553): aclStateChangeCallback: State:DisConnected to Device:00:1D:A5:68:98:8D
06-08 16:27:28.162: D/BluetoothMapService(9553): onReceive
06-08 16:27:28.162: D/BluetoothMapService(9553): onReceive: android.bluetooth.device.action.ACL_DISCONNECTED
06-08 16:27:28.169: V/BluetoothPbapService(9553): action: android.bluetooth.device.action.ACL_DISCONNECTED
06-08 16:27:28.181: I/TWILIGHT(4358): [16:27:28.181, main]: Accessibility skip 
06-08 16:27:28.186: I/TWILIGHT(4358): [16:27:28.186, main]: Accessibility skip 
06-08 16:27:28.502: D/==FindMyPhone==(26284): 1496919448502
06-08 16:27:28.903: W/lights-worker(422): _schedule_work: 'bl_update' already scheduled
06-08 16:27:29.102: W/lights-worker(422): _schedule_work: 'bl_update' already scheduled
06-08 16:27:29.108: I/Timeline(3954): Timeline: Activity_idle id: android.os.BinderProxy@a099f15 time:95676098
06-08 16:27:29.191: I/art(1043): Background partial concurrent mark sweep GC freed 33214(1827KB) AllocSpace objects, 8(2MB) LOS objects, 25% free, 47MB/63MB, paused 1.716ms total 156.243ms
06-08 16:27:29.249: I/Timeline(1043): Timeline: Activity_windows_visible id: ActivityRecord{2d36899 u0 com.sonyericsson.home/com.sonymobile.home.HomeActivity t3343} time:95676238
06-08 16:27:29.253: I/ActivityManager(1043): Killing 11224:com.msedcl.app/u0a84 (adj 15): empty #17
06-08 16:27:29.304: W/lights-worker(422): _schedule_work: 'bl_update' already scheduled
06-08 16:27:29.359: I/TWILIGHT(4358): [16:27:29.358, main]: Accessibility skip 
06-08 16:27:29.535: W/toolbox(15153): type=1400 audit(0.0:4258308): avc: denied { getattr } for path="/proc/1" dev="proc" ino=9224 scontext=u:r:untrusted_app:s0:c512,c768 tcontext=u:r:init:s0 tclass=dir permissive=0 ppid=15150 pcomm="sh" tgid=15150 tgcomm="sh"
06-08 16:27:29.535: W/toolbox(15153): type=1400 audit(0.0:4258309): avc: denied { search } for name="1" dev="proc" ino=9224 scontext=u:r:untrusted_app:s0:c512,c768 tcontext=u:r:init:s0 tclass=dir permissive=0 ppid=15150 pcomm="sh" tgid=15150 tgcomm="sh"
06-08 16:27:29.535: W/toolbox(15153): type=1400 audit(0.0:4258310): avc: denied { search } for name="1" dev="proc" ino=9224 scontext=u:r:untrusted_app:s0:c512,c768 tcontext=u:r:init:s0 tclass=dir permissive=0 ppid=15150 pcomm="sh" tgid=15150 tgcomm="sh"
06-08 16:27:29.535: W/toolbox(15153): type=1400 audit(0.0:4258311): avc: denied { getattr } for path="/proc/2" dev="proc" ino=11460 scontext=u:r:untrusted_app:s0:c512,c768 tcontext=u:r:kernel:s0 tclass=dir permissive=0 ppid=15150 pcomm="sh" tgid=15150 tgcomm="sh"
06-08 16:27:29.535: W/toolbox(15153): type=1400 audit(0.0:4258312): avc: denied { search } for name="2" dev="proc" ino=11460 scontext=u:r:untrusted_app:s0:c512,c768 tcontext=u:r:kernel:s0 tclass=dir permissive=0 ppid=15150 pcomm="sh" tgid=15150 tgcomm="sh"
06-08 16:27:29.646: I/Timeline(3954): Timeline: Activity_launch_request id:com.obd.reader.activity time:95676636
06-08 16:27:29.647: I/ActivityManager(1043): START u0 {act=android.intent.action.MAIN cat=[android.intent.category.LAUNCHER] flg=0x10200000 cmp=com.obd.reader.activity/com.obd.activity.WelcomeActivity bnds=[792,1407][1044,1701]} from uid 10099 on display 0
06-08 16:27:29.714: I/System.out(15082): Device IMEI is 352494060195210
06-08 16:27:29.714: I/System.out(15082): Make sure that IMEI is added in 352494060195210 DB
06-08 16:27:29.908: W/lights-worker(422): _schedule_work: 'bl_update' already scheduled
06-08 16:27:29.953: I/TWILIGHT(4358): [16:27:29.953, main]: Accessibility skip 
06-08 16:27:30.631: W/ctxmgr(4881): [AclManager]No 2 for (accnt=account#1618635401#, com.google.android.gms(10030):UserLocationProducer, vrsn=11055000, 0, 3pPkg = null ,  3pMdlId = null ,  pid = 4881). Was: 2 for 1, account#1618635401#
06-08 16:27:31.152: D/QcrilMsgTunnelSocket(4353): readRilMessage: Buffer = [B@c379f6d HexData = [010000000404000011000000514f454d484f4f4bef0308000100000003]
06-08 16:27:31.152: D/QcrilMsgTunnelSocket(4353): Rcvd UNSOL response with 28 bytes data for SUB0
06-08 16:27:31.152: D/QcrilMsgTunnelSocket(4353): Response ID 525295 is not served in this process.
06-08 16:27:31.152: D/QcrilMsgTunnelSocket(4353): To broadcast an Intent via the notifier to external apps
06-08 16:27:31.152: D/QcrilMsgTunnelIfaceManager(4353): handleMessage what = 0
06-08 16:27:31.161: D/QC_RIL_OEM_HOOK(3930): Received Broadcast Intent ACTION_UNSOL_RESPONSE_OEM_HOOK_RAW
06-08 16:27:31.161: D/QC_RIL_OEM_HOOK(3930): Oem ID in QCRILHOOK UNSOL RESP is QOEMHOOK
06-08 16:27:31.176: V/ConfigResourceUtil(3930): resourceName = config_spn_display_control resourceId = 2130837514resourceValue = false
06-08 16:27:31.319: W/lights-worker(422): _schedule_work: 'bl_update' already scheduled
06-08 16:27:31.543: D/==FindMyPhone==(26284): 1496919451543
06-08 16:27:31.645: W/ctxmgr(4881): [AclManager]No 2 for (accnt=account#1618635401#, com.google.android.gms(10030):UserLocationProducer, vrsn=11055000, 0, 3pPkg = null ,  3pMdlId = null ,  pid = 4881). Was: 2 for 1, account#1618635401#
06-08 16:27:31.723: W/lights-worker(422): _schedule_work: 'bl_update' already scheduled
06-08 16:27:32.643: W/ctxmgr(4881): [AclManager]No 2 for (accnt=account#1618635401#, com.google.android.gms(10030):UserLocationProducer, vrsn=11055000, 0, 3pPkg = null ,  3pMdlId = null ,  pid = 4881). Was: 2 for 1, account#1618635401#
06-08 16:27:32.720: I/Timeline(15082): Timeline: Activity_launch_request id:com.obd.reader.activity time:95679709
06-08 16:27:32.721: I/ActivityManager(1043): START u0 {cmp=com.obd.reader.activity/com.obd.activity.MainActivity} from uid 10484 on display 0
06-08 16:27:32.743: D/Network(15082): Got Location Updates 18.51004681 73.793297
06-08 16:27:32.755: I/System.out(15082): Device IMEI is 352494060195210
06-08 16:27:32.756: D/Network(15082): Got Location Updates 18.51013037 73.79320538
06-08 16:27:32.769: I/System.out(15082): Device IMEI is 352494060195210
06-08 16:27:32.862: I/System.out(15082): in oncreate method
06-08 16:27:32.887: I/System.out(15082): MSG 0.0,0.0,0.0,0.0,0.0,0.0,0.0,,,,1496919452886
06-08 16:27:32.887: D/com.obd.activity.MainActivity(15082): throttle,vss,rpm 0.0,0.0,0.0
06-08 16:27:32.889: I/System.out(15082): Device IMEI is 352494060195210
06-08 16:27:32.894: D/GPS Enabled(15082): GPS Enabled
06-08 16:27:32.904: I/System.out(15082): Device IMEI is 352494060195210
06-08 16:27:32.905: D/IzatProviderEngine_jni(1043): onAddRequest called by network
06-08 16:27:32.905: D/IzatProviderEngine_jni(1043): Provider Type: 2
06-08 16:27:32.905: D/IzatProviderEngine_jni(1043): Num Updates : 2147483647
06-08 16:27:32.905: D/IzatProviderEngine_jni(1043): Interval : 0
06-08 16:27:32.905: D/IzatProviderEngine_jni(1043): Displacement : 10.000000
06-08 16:27:32.905: D/IzatProviderEngine_jni(1043): Accuracy : 1
06-08 16:27:32.905: D/Network(15082): Network
06-08 16:27:32.905: V/OSNPGlue_jni(1043): Entering  : void onSetRequestJNI(izat_manager::IzatRequest*)
06-08 16:27:32.919: I/System.out(15082): Device IMEI is 352494060195210
06-08 16:27:32.919: D/WifiService(1043): acquireWifiLockLocked: WifiLock{NlpWifiLock type=2 binder=android.os.BinderProxy@39fb0b7}
06-08 16:27:32.919: D/com.obd.activity.MainActivity(15082): Entered onStart...
06-08 16:27:32.920: D/com.obd.activity.MainActivity(15082): Resuming..
06-08 16:27:32.928: I/System.out(15082): In ready function
06-08 16:27:33.007: V/RenderScript(15082): 0xaecf1000 Launching thread(s), CPUs 4
06-08 16:27:33.027: I/ActivityManager(1043): Displayed com.obd.reader.activity/com.obd.activity.MainActivity: +251ms (total +3s339ms)
06-08 16:27:33.027: I/Timeline(1043): Timeline: Activity_windows_visible id: ActivityRecord{283d1d u0 com.obd.reader.activity/com.obd.activity.MainActivity t4073} time:95680016
06-08 16:27:33.042: I/Timeline(15082): Timeline: Activity_idle id: android.os.BinderProxy@fc7796f time:95680031
06-08 16:27:33.042: I/Timeline(15082): Timeline: Activity_idle id: android.os.BinderProxy@5c6e5c6 time:95680032
06-08 16:27:33.299: I/TWILIGHT(4358): [16:27:33.298, main]: Accessibility skip 
06-08 16:27:33.628: D/Network(15082): Got Location Updates 18.51029844 73.79315993
06-08 16:27:33.646: W/ctxmgr(4881): [AclManager]No 2 for (accnt=account#1618635401#, com.google.android.gms(10030):UserLocationProducer, vrsn=11055000, 0, 3pPkg = null ,  3pMdlId = null ,  pid = 4881). Was: 2 for 1, account#1618635401#
06-08 16:27:33.658: I/System.out(15082): Device IMEI is 352494060195210
06-08 16:27:33.659: D/Network(15082): Got Location Updates 18.51029844 73.79315993
06-08 16:27:33.662: I/System.out(15082): Device IMEI is 352494060195210
06-08 16:27:34.338: I/TWILIGHT(4358): [16:27:34.338, main]: Accessibility skip 
06-08 16:27:34.340: W/lights-worker(422): _schedule_work: 'bl_update' already scheduled
06-08 16:27:34.349: I/TWILIGHT(4358): [16:27:34.348, main]: Accessibility skip 
06-08 16:27:34.573: D/==FindMyPhone==(26284): 1496919454573
06-08 16:27:34.640: W/ctxmgr(4881): [AclManager]No 2 for (accnt=account#1618635401#, com.google.android.gms(10030):UserLocationProducer, vrsn=11055000, 0, 3pPkg = null ,  3pMdlId = null ,  pid = 4881). Was: 2 for 1, account#1618635401#
06-08 16:27:34.944: W/lights-worker(422): _schedule_work: 'bl_update' already scheduled
06-08 16:27:34.998: D/com.obd.activity.MainActivity(15082): Starting live data..
06-08 16:27:34.998: D/com.obd.activity.MainActivity(15082): Binding OBD service..
06-08 16:27:35.078: D/com.obd.reader.io.AbstractGatewayService(15082): Creating service..
06-08 16:27:35.078: D/com.obd.reader.io.AbstractGatewayService(15082): Service created.
06-08 16:27:35.080: D/com.obd.reader.io.ObdGatewayService(15082): Executing queue..
06-08 16:27:35.080: W/InputMethodManagerService(1043): Window already focused, ignoring focus gain of: com.android.internal.view.IInputMethodClient$Stub$Proxy@6767fb5 attribute=null, token = android.os.BinderProxy@277a78d
06-08 16:27:35.081: D/com.obd.activity.MainActivity(15082): ComponentInfo{com.obd.reader.activity/com.obd.reader.io.ObdGatewayService} service is bound
06-08 16:27:35.081: D/com.obd.activity.MainActivity(15082): Starting live data
06-08 16:27:35.081: D/com.obd.reader.io.ObdGatewayService(15082): Starting service..
06-08 16:27:35.082: D/com.obd.reader.io.ObdGatewayService(15082): Stopping Bluetooth discovery.
06-08 16:27:35.084: E/bt_btif_dm(9553): ### ASSERT : system/bt/main/../btif/src/btif_dm.c line 1769 unhandled search services event (6) ###
06-08 16:27:35.090: D/com.obd.reader.io.ObdGatewayService(15082): Starting OBD connection..
06-08 16:27:35.093: W/BluetoothAdapter(15082): getBluetoothService() called with no BluetoothManagerCallback
06-08 16:27:35.094: W/bt_l2cap(9553): L2CA_ErtmConnectReq()  PSM: 0x0001  BDA: 001da568988d  p_ertm_info: 0x00000000 allowed:0x0 preferred:0
06-08 16:27:35.190: I/TWILIGHT(4358): [16:27:35.190, main]: Accessibility skip 
06-08 16:27:35.302: W/bt_btm(9553): btm_acl_created hci_handle=12 link_role=1  transport=1
06-08 16:27:35.311: W/bt_btm(9553): btm_acl_created hci_handle=12 link_role=0  transport=1
06-08 16:27:35.312: W/bt_l2cap(9553): L2CAP - st: CLOSED evt: 0
06-08 16:27:35.312: W/bt_l2cap(9553): L2CAP - st: ORIG_W4_SEC_COMP evt: 7
06-08 16:27:35.318: W/bt_hci_packet_fragmenter(9553): reassemble_and_dispatch complete l2cap packet received:l2cap full length 12 and hci length 20.
06-08 16:27:35.324: W/bt_l2cap(9553): L2CAP - st: W4_L2CAP_CON_RSP evt: 19
06-08 16:27:35.335: W/bt_btm(9553): btm_read_remote_version_complete: BDA: 00-1d-a5-68-98-8d
06-08 16:27:35.335: W/bt_btm(9553): btm_read_remote_version_complete lmp_version 4 manufacturer 10 lmp_subversion 4192
06-08 16:27:35.341: I/TWILIGHT(4358): [16:27:35.341, main]: Accessibility skip 
06-08 16:27:35.349: W/bt_hci_packet_fragmenter(9553): reassemble_and_dispatch complete l2cap packet received:l2cap full length 12 and hci length 20.
06-08 16:27:35.349: W/bt_l2cap(9553): L2CAP - st: W4_L2CAP_CON_RSP evt: 11
06-08 16:27:35.352: W/bt_l2cap(9553): L2CAP - st: CONFIG evt: 24
06-08 16:27:35.352: W/bt_hci_packet_fragmenter(9553): reassemble_and_dispatch complete l2cap packet received:l2cap full length 12 and hci length 20.
06-08 16:27:35.352: W/bt_l2cap(9553): L2CAP - st: CONFIG evt: 14
06-08 16:27:35.352: E/bt_l2cap(9553): l2cu_adjust_out_mps bad packet size: 0  will use MPS: 0
06-08 16:27:35.352: W/bt_l2cap(9553): L2CAP - st: CONFIG evt: 25
06-08 16:27:35.352: W/bt_l2cap(9553): L2CAP-Upper layer Config_Rsp,Local CID: 0x004e,Remote CID: 0x004d,PSM:1,our MTU present:1,our MTU:768
06-08 16:27:35.355: W/bt_btif(9553): bta_dm_acl_change info: 0x10
06-08 16:27:35.355: W/bt_l2cap(9553): L2CA_SetDesireRole() new:x0, disallow_switch:0
06-08 16:27:35.355: D/bt_btif_dm(9553): remote version info [00:1d:a5:68:98:8d]: 4, a, 1060
06-08 16:27:35.360: W/bt_hci_packet_fragmenter(9553): reassemble_and_dispatch complete l2cap packet received:l2cap full length 10 and hci length 18.
06-08 16:27:35.360: W/bt_l2cap(9553): L2CAP - st: CONFIG evt: 15
06-08 16:27:35.360: W/bt_l2cap(9553): L2CAP-peer_Config_Rsp,Local CID: 0x004e,Remote CID: 0x004d,PSM: 1,peer MTU present: 0,peer MTU: 128
06-08 16:27:35.361: E/BluetoothRemoteDevices(9553): state12newState0
06-08 16:27:35.361: D/BluetoothRemoteDevices(9553): aclStateChangeCallback: State:Connected to Device:00:1D:A5:68:98:8D
06-08 16:27:35.369: W/bt_hci_packet_fragmenter(9553): reassemble_and_dispatch complete l2cap packet received:l2cap full length 68 and hci length 76.
06-08 16:27:35.370: W/bt_sdp(9553): process_service_search_attr_rsp
06-08 16:27:35.370: W/bt_l2cap(9553): L2CA_DisconnectReq()  CID: 0x004e
06-08 16:27:35.376: W/bt_hci_packet_fragmenter(9553): reassemble_and_dispatch complete l2cap packet received:l2cap full length 8 and hci length 16.
06-08 16:27:35.376: W/bt_l2cap(9553): L2CAP - st: W4_L2CAP_DISC_RSP evt: 18
06-08 16:27:35.376: W/bt_l2cap(9553): L2CA_ErtmConnectReq()  PSM: 0x0003  BDA: 001da568988d  p_ertm_info: 0x00000000 allowed:0x0 preferred:0
06-08 16:27:35.376: W/bt_l2cap(9553): L2CAP - st: CLOSED evt: 21
06-08 16:27:35.376: W/bt_l2cap(9553): L2CAP - st: CLOSED evt: 7
06-08 16:27:35.382: W/bt_hci_packet_fragmenter(9553): reassemble_and_dispatch complete l2cap packet received:l2cap full length 12 and hci length 20.
06-08 16:27:35.383: W/bt_l2cap(9553): L2CAP - st: W4_L2CAP_CON_RSP evt: 11
06-08 16:27:35.383: W/bt_l2cap(9553): L2CAP - st: CONFIG evt: 24
06-08 16:27:35.384: W/bt_hci_packet_fragmenter(9553): reassemble_and_dispatch complete l2cap packet received:l2cap full length 12 and hci length 20.
06-08 16:27:35.384: W/bt_l2cap(9553): L2CAP - st: CONFIG evt: 14
06-08 16:27:35.384: W/bt_l2cap(9553): L2CAP - st: CONFIG evt: 25
06-08 16:27:35.384: W/bt_l2cap(9553): L2CAP-Upper layer Config_Rsp,Local CID: 0x004f,Remote CID: 0x004e,PSM:3,our MTU present:1,our MTU:1691
06-08 16:27:35.389: W/bt_hci_packet_fragmenter(9553): reassemble_and_dispatch complete l2cap packet received:l2cap full length 10 and hci length 18.
06-08 16:27:35.389: W/bt_l2cap(9553): L2CAP - st: CONFIG evt: 15
06-08 16:27:35.389: W/bt_l2cap(9553): L2CAP-peer_Config_Rsp,Local CID: 0x004f,Remote CID: 0x004e,PSM: 3,peer MTU present: 0,peer MTU: 128
06-08 16:27:35.394: W/bt_hci_packet_fragmenter(9553): reassemble_and_dispatch complete l2cap packet received:l2cap full length 4 and hci length 12.
06-08 16:27:35.425: W/bt_hci_packet_fragmenter(9553): reassemble_and_dispatch complete l2cap packet received:l2cap full length 14 and hci length 22.
06-08 16:27:35.527: W/bt_hci_packet_fragmenter(9553): reassemble_and_dispatch complete l2cap packet received:l2cap full length 4 and hci length 12.
06-08 16:27:35.527: W/bt_l2cap(9553): L2CA_SetDesireRole() new:x0, disallow_switch:0
06-08 16:27:35.527: W/bt_btif(9553): new conn_srvc id:26, app_id:1
06-08 16:27:35.527: W/bt_btif(9553): new conn_srvc id:26, app_id:1 count:1
06-08 16:27:35.528: W/bt_btif(9553): bta_dm_pm_ssr conn_srvc id:26, app_id:1
06-08 16:27:35.528: W/bt_btif(9553): bta_dm_pm_ssr: 2, lat:1200
06-08 16:27:35.528: D/com.obd.reader.io.ObdGatewayService(15082): Queueing jobs for connection configuration..
06-08 16:27:35.531: W/bt_hci_packet_fragmenter(9553): reassemble_and_dispatch complete l2cap packet received:l2cap full length 8 and hci length 16.
06-08 16:27:35.536: W/bt_hci_packet_fragmenter(9553): reassemble_and_dispatch complete l2cap packet received:l2cap full length 8 and hci length 16.
06-08 16:27:35.538: D/com.obd.reader.io.AbstractGatewayService(15082): Adding job[1] to queue..
06-08 16:27:35.540: D/com.obd.reader.io.ObdGatewayService(15082): Taking job[1/0] from queue..
06-08 16:27:35.540: D/com.obd.reader.io.ObdGatewayService(15082): Job state is NEW. Run it..
06-08 16:27:35.541: I/System.out(15082): Command Executed TECH AT Z
06-08 16:27:35.542: D/com.obd.reader.io.AbstractGatewayService(15082): Job queued successfully.
06-08 16:27:35.542: D/com.obd.reader.io.AbstractGatewayService(15082): Adding job[2] to queue..
06-08 16:27:35.542: D/com.obd.reader.io.AbstractGatewayService(15082): Job queued successfully.
06-08 16:27:35.542: D/com.obd.reader.io.AbstractGatewayService(15082): Adding job[3] to queue..
06-08 16:27:35.542: D/com.obd.reader.io.AbstractGatewayService(15082): Job queued successfully.
06-08 16:27:35.542: D/com.obd.reader.io.AbstractGatewayService(15082): Adding job[4] to queue..
06-08 16:27:35.542: D/com.obd.reader.io.AbstractGatewayService(15082): Job queued successfully.
06-08 16:27:35.543: D/com.obd.reader.io.AbstractGatewayService(15082): Adding job[5] to queue..
06-08 16:27:35.543: D/com.obd.reader.io.AbstractGatewayService(15082): Job queued successfully.
06-08 16:27:35.544: D/com.obd.reader.io.AbstractGatewayService(15082): Adding job[6] to queue..
06-08 16:27:35.544: D/com.obd.reader.io.AbstractGatewayService(15082): Job queued successfully.
06-08 16:27:35.545: D/com.obd.reader.io.AbstractGatewayService(15082): Adding job[7] to queue..
06-08 16:27:35.545: D/com.obd.reader.io.AbstractGatewayService(15082): Job queued successfully.
06-08 16:27:35.545: D/com.obd.reader.io.ObdGatewayService(15082): Initialization jobs queued.
06-08 16:27:35.625: D/Network(15082): Got Location Updates 18.51048533 73.79321931
06-08 16:27:35.634: W/ctxmgr(4881): [AclManager]No 2 for (accnt=account#1618635401#, com.google.android.gms(10030):UserLocationProducer, vrsn=11055000, 0, 3pPkg = null ,  3pMdlId = null ,  pid = 4881). Was: 2 for 1, account#1618635401#
06-08 16:27:35.642: I/System.out(15082): Device IMEI is 352494060195210
06-08 16:27:35.643: D/Network(15082): Got Location Updates 18.51048533 73.79321931
06-08 16:27:35.647: I/System.out(15082): Device IMEI is 352494060195210
06-08 16:27:36.049: W/bt_hci_packet_fragmenter(9553): reassemble_and_dispatch complete l2cap packet received:l2cap full length 6 and hci length 14.
06-08 16:27:36.051: W/bt_hci_packet_fragmenter(9553): reassemble_and_dispatch complete l2cap packet received:l2cap full length 7 and hci length 15.
06-08 16:27:36.052: W/bt_hci_packet_fragmenter(9553): reassemble_and_dispatch complete l2cap packet received:l2cap full length 6 and hci length 14.
06-08 16:27:36.058: W/bt_hci_packet_fragmenter(9553): reassemble_and_dispatch complete l2cap packet received:l2cap full length 6 and hci length 14.
06-08 16:27:36.059: W/bt_hci_packet_fragmenter(9553): reassemble_and_dispatch complete l2cap packet received:l2cap full length 16 and hci length 24.
06-08 16:27:36.064: I/System.out(15082): DATA from OBD TECH ELM327v2.1
06-08 16:27:36.072: D/com.obd.reader.io.ObdGatewayService(15082): Taking job[2/5] from queue..
06-08 16:27:36.072: D/com.obd.reader.io.ObdGatewayService(15082): Job state is NEW. Run it..
06-08 16:27:36.073: I/System.out(15082): Command Executed TECH AT E0
06-08 16:27:36.086: W/bt_hci_packet_fragmenter(9553): reassemble_and_dispatch complete l2cap packet received:l2cap full length 6 and hci length 14.
06-08 16:27:36.086: W/bt_hci_packet_fragmenter(9553): reassemble_and_dispatch complete l2cap packet received:l2cap full length 6 and hci length 14.
06-08 16:27:36.086: W/bt_hci_packet_fragmenter(9553): reassemble_and_dispatch complete l2cap packet received:l2cap full length 6 and hci length 14.
06-08 16:27:36.089: W/bt_hci_packet_fragmenter(9553): reassemble_and_dispatch complete l2cap packet received:l2cap full length 7 and hci length 15.
06-08 16:27:36.276: I/System.out(15082): DATA from OBD TECH OK
06-08 16:27:36.289: D/com.obd.reader.io.ObdGatewayService(15082): Taking job[3/4] from queue..
06-08 16:27:36.290: D/com.obd.reader.io.ObdGatewayService(15082): Job state is NEW. Run it..
06-08 16:27:36.290: I/System.out(15082): Command Executed TECH AT E0
06-08 16:27:36.342: W/bt_hci_packet_fragmenter(9553): reassemble_and_dispatch complete l2cap packet received:l2cap full length 6 and hci length 14.
06-08 16:27:36.343: W/bt_hci_packet_fragmenter(9553): reassemble_and_dispatch complete l2cap packet received:l2cap full length 6 and hci length 14.
06-08 16:27:36.346: W/bt_hci_packet_fragmenter(9553): reassemble_and_dispatch complete l2cap packet received:l2cap full length 6 and hci length 14.
06-08 16:27:36.347: W/bt_hci_packet_fragmenter(9553): reassemble_and_dispatch complete l2cap packet received:l2cap full length 6 and hci length 14.
06-08 16:27:36.348: W/bt_hci_packet_fragmenter(9553): reassemble_and_dispatch complete l2cap packet received:l2cap full length 7 and hci length 15.
06-08 16:27:36.506: I/System.out(15082): DATA from OBD TECH OK
06-08 16:27:36.513: D/com.obd.reader.io.ObdGatewayService(15082): Taking job[4/3] from queue..
06-08 16:27:36.513: D/com.obd.reader.io.ObdGatewayService(15082): Job state is NEW. Run it..
06-08 16:27:36.513: I/System.out(15082): Command Executed TECH AT L0
06-08 16:27:36.539: D/WifiService(1043): acquireWifiLockLocked: WifiLock{NlpWifiLock type=2 binder=android.os.BinderProxy@dd359bb}
06-08 16:27:36.594: W/bt_hci_packet_fragmenter(9553): reassemble_and_dispatch complete l2cap packet received:l2cap full length 6 and hci length 14.
06-08 16:27:36.602: W/bt_hci_packet_fragmenter(9553): reassemble_and_dispatch complete l2cap packet received:l2cap full length 7 and hci length 15.
06-08 16:27:36.648: W/ctxmgr(4881): [AclManager]No 2 for (accnt=account#1618635401#, com.google.android.gms(10030):UserLocationProducer, vrsn=11055000, 0, 3pPkg = null ,  3pMdlId = null ,  pid = 4881). Was: 2 for 1, account#1618635401#
06-08 16:27:36.653: W/bt_hci_packet_fragmenter(9553): reassemble_and_dispatch complete l2cap packet received:l2cap full length 6 and hci length 14.
06-08 16:27:36.654: W/bt_hci_packet_fragmenter(9553): reassemble_and_dispatch complete l2cap packet received:l2cap full length 6 and hci length 14.
06-08 16:27:36.725: I/System.out(15082): DATA from OBD TECH OK
06-08 16:27:36.737: D/com.obd.reader.io.ObdGatewayService(15082): Taking job[5/2] from queue..
06-08 16:27:36.737: D/com.obd.reader.io.ObdGatewayService(15082): Job state is NEW. Run it..
06-08 16:27:36.737: I/System.out(15082): Command Executed TECH AT ST 3e
06-08 16:27:36.753: W/bt_hci_packet_fragmenter(9553): reassemble_and_dispatch complete l2cap packet received:l2cap full length 6 and hci length 14.
06-08 16:27:36.754: W/bt_hci_packet_fragmenter(9553): reassemble_and_dispatch complete l2cap packet received:l2cap full length 6 and hci length 14.
06-08 16:27:36.755: W/bt_hci_packet_fragmenter(9553): reassemble_and_dispatch complete l2cap packet received:l2cap full length 6 and hci length 14.
06-08 16:27:36.757: W/bt_hci_packet_fragmenter(9553): reassemble_and_dispatch complete l2cap packet received:l2cap full length 7 and hci length 15.
06-08 16:27:36.939: I/System.out(15082): DATA from OBD TECH OK
06-08 16:27:36.944: D/com.obd.reader.io.ObdGatewayService(15082): Taking job[6/1] from queue..
06-08 16:27:36.945: D/com.obd.reader.io.ObdGatewayService(15082): Job state is NEW. Run it..
06-08 16:27:36.945: I/System.out(15082): Command Executed TECH AT SP 0
06-08 16:27:36.988: W/bt_hci_packet_fragmenter(9553): reassemble_and_dispatch complete l2cap packet received:l2cap full length 6 and hci length 14.
06-08 16:27:36.994: W/bt_hci_packet_fragmenter(9553): reassemble_and_dispatch complete l2cap packet received:l2cap full length 6 and hci length 14.
06-08 16:27:36.995: W/bt_hci_packet_fragmenter(9553): reassemble_and_dispatch complete l2cap packet received:l2cap full length 7 and hci length 15.
06-08 16:27:36.997: W/bt_hci_packet_fragmenter(9553): reassemble_and_dispatch complete l2cap packet received:l2cap full length 7 and hci length 15.
06-08 16:27:37.082: D/WifiService(1043): releaseWifiLockLocked: WifiLock{NlpWifiLock type=2 binder=android.os.BinderProxy@dd359bb}
06-08 16:27:37.141: V/OSNPGlue_jni(1043): Entering  : void onJavaLocationChanged(JNIEnv*, jobject, jboolean, jlong, jboolean, jlong, jboolean, jdouble, jboolean, jdouble, jboolean, jfloat, jboolean, jdouble, jboolean, jfloat, jboolean, jfloat)
06-08 16:27:37.144: E/LocSvc_LBSApiV02(1043): E/virtual int lbs_core::LBSApiV02::injectCoarsePosition(const CoarsePositionInfo&):320]: Error : st = 3, ind.status = -1727159900
06-08 16:27:37.146: I/System.out(15082): DATA from OBD TECH OK
06-08 16:27:37.148: D/com.obd.reader.io.ObdGatewayService(15082): Taking job[7/0] from queue..
06-08 16:27:37.148: D/com.obd.reader.io.ObdGatewayService(15082): Job state is NEW. Run it..
06-08 16:27:37.148: I/System.out(15082): Command Executed TECH 01 46
06-08 16:27:37.149: D/WifiService(1043): releaseWifiLockLocked: WifiLock{NlpWifiLock type=2 binder=android.os.BinderProxy@39fb0b7}
06-08 16:27:37.164: W/lights-worker(422): _schedule_work: 'bl_update' already scheduled
06-08 16:27:37.168: D/Network(15082): Got Location Updates 18.5103268 73.793266
06-08 16:27:37.187: I/System.out(15082): Device IMEI is 352494060195210
06-08 16:27:37.187: D/Network(15082): Got Location Updates 18.5103268 73.793266
06-08 16:27:37.190: W/bt_hci_packet_fragmenter(9553): reassemble_and_dispatch complete l2cap packet received:l2cap full length 6 and hci length 14.
06-08 16:27:37.190: I/System.out(15082): Device IMEI is 352494060195210
06-08 16:27:37.191: W/bt_hci_packet_fragmenter(9553): reassemble_and_dispatch complete l2cap packet received:l2cap full length 7 and hci length 15.
06-08 16:27:37.192: W/bt_hci_packet_fragmenter(9553): reassemble_and_dispatch complete l2cap packet received:l2cap full length 6 and hci length 14.
06-08 16:27:37.194: W/bt_hci_packet_fragmenter(9553): reassemble_and_dispatch complete l2cap packet received:l2cap full length 7 and hci length 15.
06-08 16:27:37.195: W/bt_hci_packet_fragmenter(9553): reassemble_and_dispatch complete l2cap packet received:l2cap full length 7 and hci length 15.
06-08 16:27:37.243: W/bt_hci_packet_fragmenter(9553): reassemble_and_dispatch complete l2cap packet received:l2cap full length 10 and hci length 18.
06-08 16:27:37.362: W/lights-worker(422): _schedule_work: 'bl_update' already scheduled
06-08 16:27:37.502: I/Gobi(445): vendor/qcom/proprietary/RIDL/RIDLClient/RIDLSQL.cpp:2500: GetTransState() EBADF
06-08 16:27:37.502: I/Gobi(445): vendor/qcom/proprietary/RIDL/RIDLClient/MainCore.cpp:1550: Failed to get TransState, rc 9
06-08 16:27:37.502: I/Gobi(445): vendor/qcom/proprietary/RIDL/RIDLClient/RIDLSQL.cpp:2500: GetTransState() EBADF
06-08 16:27:37.502: I/Gobi(445): vendor/qcom/proprietary/RIDL/RIDLClient/RIDLSQL.cpp:2500: GetTransState() EBADF
06-08 16:27:37.564: W/lights-worker(422): _schedule_work: 'bl_update' already scheduled
06-08 16:27:37.614: D/==FindMyPhone==(26284): 1496919457614
06-08 16:27:37.627: D/Network(15082): Got Location Updates 18.5105886 73.79322779
06-08 16:27:37.643: W/ctxmgr(4881): [AclManager]No 2 for (accnt=account#1618635401#, com.google.android.gms(10030):UserLocationProducer, vrsn=11055000, 0, 3pPkg = null ,  3pMdlId = null ,  pid = 4881). Was: 2 for 1, account#1618635401#
06-08 16:27:37.649: I/System.out(15082): Device IMEI is 352494060195210
