06-08 16:22:20.333: I/System.out(10218): Command Executed TECH 01 11
06-08 16:22:20.396: W/bt_hci_packet_fragmenter(9553): reassemble_and_dispatch complete l2cap packet received:l2cap full length 6 and hci length 14.
06-08 16:22:20.397: W/bt_hci_packet_fragmenter(9553): reassemble_and_dispatch complete l2cap packet received:l2cap full length 6 and hci length 14.
06-08 16:22:20.398: W/bt_hci_packet_fragmenter(9553): reassemble_and_dispatch complete l2cap packet received:l2cap full length 7 and hci length 15.
06-08 16:22:20.400: W/bt_hci_packet_fragmenter(9553): reassemble_and_dispatch complete l2cap packet received:l2cap full length 6 and hci length 14.
06-08 16:22:20.402: W/bt_hci_packet_fragmenter(9553): reassemble_and_dispatch complete l2cap packet received:l2cap full length 12 and hci length 20.
06-08 16:22:20.537: I/System.out(10218): DATA from OBD TECH 41110D
06-08 16:22:20.550: D/com.obd.reader.io.ObdGatewayService(10218): Taking job[28/0] from queue..
06-08 16:22:20.550: D/com.obd.reader.io.ObdGatewayService(10218): Job state is NEW. Run it..
06-08 16:22:20.550: I/System.out(10218): Command Executed TECH 01 0D 1
06-08 16:22:20.563: W/bt_hci_packet_fragmenter(9553): reassemble_and_dispatch complete l2cap packet received:l2cap full length 6 and hci length 14.
06-08 16:22:20.571: W/bt_hci_packet_fragmenter(9553): reassemble_and_dispatch complete l2cap packet received:l2cap full length 6 and hci length 14.
06-08 16:22:20.576: W/bt_hci_packet_fragmenter(9553): reassemble_and_dispatch complete l2cap packet received:l2cap full length 6 and hci length 14.
06-08 16:22:20.577: W/bt_hci_packet_fragmenter(9553): reassemble_and_dispatch complete l2cap packet received:l2cap full length 6 and hci length 14.
06-08 16:22:20.579: W/bt_hci_packet_fragmenter(9553): reassemble_and_dispatch complete l2cap packet received:l2cap full length 13 and hci length 21.
06-08 16:22:20.599: D/DhcpClient(1043): Broadcasting DHCPDISCOVER
06-08 16:22:20.765: I/System.out(10218): DATA from OBD TECH 410D00
06-08 16:22:20.775: I/System.out(10218): ((MainActivity) ctx).commandResult {MAF=NODATA, ENGINE_RPM=0RPM, THROTTLE_POS=5.1%, ENGINE_LOAD=0.0%, TROUBLE_CODES=4300, ENGINE_RUNTIME=00:01:26}
06-08 16:22:20.775: I/System.out(10218): Unable to find float  value for 
06-08 16:22:20.776: I/System.out(10218): Unable to find float  value for 
06-08 16:22:20.789: D/GPS Enabled(10218): GPS Enabled
06-08 16:22:20.792: D/Network(10218): Network
06-08 16:22:20.798: I/System.out(10218): MSG 0.0,0.0,0.0,5.099999904632568,0.0,0.0,0.0,352494060195210,,,1496919140783
06-08 16:22:20.798: D/com.obd.activity.MainActivity(10218): throttle,vss,rpm 5.099999904632568,0.0,0.0
06-08 16:22:20.799: I/System.out(10218): url  http://project-111.ind-cloud.everdata.com:8080/CenteralServer/pages/tiles/save.jsp?lngsend=&load_pct=0.0&temp=0.0&throttlepos=5.099999904632568&method=send&time=1496919140783&imei=352494060195210&latsend=&rpm=0.0&ctime=08-Jun-2017+16%3A22%3A20&maf=0.0&vss=0.0&iat=0.0
06-08 16:22:20.799: V/HttpView(10218): http://project-111.ind-cloud.everdata.com:8080/CenteralServer/pages/tiles/save.jsp?lngsend=&load_pct=0.0&temp=0.0&throttlepos=5.099999904632568&method=send&time=1496919140783&imei=352494060195210&latsend=&rpm=0.0&ctime=08-Jun-2017+16%3A22%3A20&maf=0.0&vss=0.0&iat=0.0
06-08 16:22:20.804: W/System.err(10218): java.net.UnknownHostException: Unable to resolve host "project-111.ind-cloud.everdata.com": No address associated with hostname
06-08 16:22:20.804: W/System.err(10218): 	at java.net.InetAddress.lookupHostByName(InetAddress.java:470)
06-08 16:22:20.804: W/System.err(10218): 	at java.net.InetAddress.getAllByNameImpl(InetAddress.java:252)
06-08 16:22:20.804: W/System.err(10218): 	at java.net.InetAddress.getAllByName(InetAddress.java:215)
06-08 16:22:20.804: W/System.err(10218): 	at com.android.okhttp.internal.Network$1.resolveInetAddresses(Network.java:29)
06-08 16:22:20.804: W/System.err(10218): 	at com.android.okhttp.internal.http.RouteSelector.resetNextInetSocketAddress(RouteSelector.java:188)
06-08 16:22:20.805: W/System.err(10218): 	at com.android.okhttp.internal.http.RouteSelector.nextProxy(RouteSelector.java:157)
06-08 16:22:20.805: W/System.err(10218): 	at com.android.okhttp.internal.http.RouteSelector.next(RouteSelector.java:100)
06-08 16:22:20.805: W/System.err(10218): 	at com.android.okhttp.internal.http.HttpEngine.createNextConnection(HttpEngine.java:357)
06-08 16:22:20.805: W/System.err(10218): 	at com.android.okhttp.internal.http.HttpEngine.nextConnection(HttpEngine.java:340)
06-08 16:22:20.805: W/System.err(10218): 	at com.android.okhttp.internal.http.HttpEngine.connect(HttpEngine.java:330)
06-08 16:22:20.805: W/System.err(10218): 	at com.android.okhttp.internal.http.HttpEngine.sendRequest(HttpEngine.java:248)
06-08 16:22:20.805: W/System.err(10218): 	at com.android.okhttp.internal.huc.HttpURLConnectionImpl.execute(HttpURLConnectionImpl.java:437)
06-08 16:22:20.805: W/System.err(10218): 	at com.android.okhttp.internal.huc.HttpURLConnectionImpl.getResponse(HttpURLConnectionImpl.java:388)
06-08 16:22:20.805: W/System.err(10218): 	at com.android.okhttp.internal.huc.HttpURLConnectionImpl.getInputStream(HttpURLConnectionImpl.java:231)
06-08 16:22:20.805: W/System.err(10218): 	at com.util.HttpView.connect2Server(HttpView.java:58)
06-08 16:22:20.805: W/System.err(10218): 	at com.util.HttpView.createURL(HttpView.java:339)
06-08 16:22:20.805: W/System.err(10218): 	at com.obd.activity.MainActivity.sendData(MainActivity.java:480)
06-08 16:22:20.805: W/System.err(10218): 	at com.obd.reader.io.ObdGatewayService.executeQueue(ObdGatewayService.java:293)
06-08 16:22:20.805: W/System.err(10218): 	at com.obd.reader.io.AbstractGatewayService$1.run(AbstractGatewayService.java:38)
06-08 16:22:20.805: W/System.err(10218): 	at java.lang.Thread.run(Thread.java:818)
06-08 16:22:20.805: W/System.err(10218): Caused by: android.system.GaiException: android_getaddrinfo failed: EAI_NODATA (No address associated with hostname)
06-08 16:22:20.805: W/System.err(10218): 	at libcore.io.Posix.android_getaddrinfo(Native Method)
06-08 16:22:20.805: W/System.err(10218): 	at libcore.io.ForwardingOs.android_getaddrinfo(ForwardingOs.java:55)
06-08 16:22:20.805: W/System.err(10218): 	at java.net.InetAddress.lookupHostByName(InetAddress.java:451)
06-08 16:22:20.805: W/System.err(10218): 	... 19 more
06-08 16:22:20.806: V/HttpView(10218): HttpView.count -1
06-08 16:22:21.098: D/DhcpClient(1043): Received packet: 30:a8:db:9d:cd:88 OFFER, ip /192.168.43.240, mask /255.255.255.0, DNS servers: /192.168.43.1 , gateways [/192.168.43.1] lease time 3600, domain null
06-08 16:22:21.099: D/DhcpClient(1043): Received packet: 30:a8:db:9d:cd:88 OFFER, ip /192.168.43.240, mask /255.255.255.0, DNS servers: /192.168.43.1 , gateways [/192.168.43.1] lease time 3600, domain null
06-08 16:22:21.099: D/DhcpClient(1043): Got pending lease: IP address 192.168.43.240/24 Gateway 192.168.43.1  DNS servers: [ 192.168.43.1 ] Domains DHCP server /192.168.43.1 Vendor info ANDROID_METERED lease 3600 seconds
06-08 16:22:21.111: D/DhcpClient(1043): Broadcasting DHCPREQUEST ciaddr=0.0.0.0 request=192.168.43.240 serverid=192.168.43.1
06-08 16:22:21.141: D/DhcpClient(1043): Received packet: 30:a8:db:9d:cd:88 ACK: your new IP /192.168.43.240, netmask /255.255.255.0, gateways [/192.168.43.1] DNS servers: /192.168.43.1 , lease time 3600
06-08 16:22:21.142: D/DhcpClient(1043): Confirmed lease: IP address 192.168.43.240/24 Gateway 192.168.43.1  DNS servers: [ 192.168.43.1 ] Domains DHCP server /192.168.43.1 Vendor info ANDROID_METERED lease 3600 seconds
06-08 16:22:21.154: D/CommandListener(398): Setting iface cfg
06-08 16:22:21.173: D/DhcpClient(1043): Scheduling renewal in 1799s
06-08 16:22:21.183: D/WifiConfigStore(1043): No blacklist allowed without epno enabled
06-08 16:22:21.183: D/ConnectivityService(1043): notifyType CAP_CHANGED for NetworkAgentInfo [WIFI () - 142]
06-08 16:22:21.183: D/ConnectivityService(1043): NetworkAgentInfo [WIFI () - 142] EVENT_NETWORK_INFO_CHANGED, going from CONNECTING to CONNECTED
06-08 16:22:21.189: D/ConnectivityService(1043): Adding iface wlan0 to network 142
06-08 16:22:21.204: E/WifiStateMachine(1043): Did not find remoteAddress {192.168.43.1} in /proc/net/arp
06-08 16:22:21.237: E/ConnectivityService(1043): Unexpected mtu value: 0, wlan0
06-08 16:22:21.237: D/ConnectivityService(1043): Adding Route [fe80::/64 -> :: wlan0] to network 142
06-08 16:22:21.237: D/WifiStateMachine(1043): L2Connected CMD_START_SCAN source -2 2826, 2834 -> obsolete
06-08 16:22:21.238: D/WifiStateMachine(1043): L2Connected CMD_START_SCAN source -2 2828, 2834 -> obsolete
06-08 16:22:21.539: D/WifiStateMachine(1043): L2Connected CMD_START_SCAN source -2 2830, 2834 -> obsolete
06-08 16:22:21.583: I/TWILIGHT(4358): [16:22:21.583, main]: Accessibility skip 
06-08 16:22:21.675: I/TetherStatsReporting(1043): setQuota() called for ConnectivityExt jar9223372036854775807 iface wlan0
06-08 16:22:21.676: I/QtiTetherService/TetherCommunication(3925): Posting: TetherEvent -- QuotaSet{Quota=9223372036854775807 bytes}
06-08 16:22:21.676: I/QtiTetherService(3925): handleMessage(TetherEvent -- QuotaSet{Quota=9223372036854775807 bytes})
06-08 16:22:21.676: I/QtiTetherService/IpaWrapper(3925): setQuota(upstream=wlan0 bytes=9223372036854775807)
06-08 16:22:21.676: I/libQtiTether(3925): setQuota called for upstream=wlan0 quota=9223372036854775807
06-08 16:22:21.676: I/libQtiTether(3925): setQuota(upstream=wlan0, quota_mb=-1)
06-08 16:22:21.676: E/libQtiTether(3925): Integer underflow detected on quota
06-08 16:22:21.676: E/libQtiTether(3925): Quota failed initalization
06-08 16:22:21.676: I/TetherStatsReporting(1043): setQuotaDone
06-08 16:22:21.677: D/ConnectivityService(1043): Adding Route [2405:204:9223:596d::/64 -> :: wlan0] to network 142
06-08 16:22:21.900: D/ConnectivityService(1043): Adding Route [192.168.43.0/24 -> 0.0.0.0 wlan0] to network 142
06-08 16:22:22.130: D/==FindMyPhone==(26284): 1496919142130
06-08 16:22:22.252: I/TetherStatsReporting(1043): setQuota() called for ConnectivityExt jar9223372036854775807 iface wlan0
06-08 16:22:22.253: D/ConnectivityService(1043): Adding Route [::/0 -> fe80::1c2:4f5f:941e:3392 wlan0] to network 142
06-08 16:22:22.253: E/Netd(398): netlink response contains error (File exists)
06-08 16:22:22.254: D/ConnectivityService(1043): Adding Route [0.0.0.0/0 -> 192.168.43.1 wlan0] to network 142
06-08 16:22:22.254: D/ConnectivityService(1043): Setting Dns servers for network 142 to [/192.168.43.1]
06-08 16:22:22.254: I/QtiTetherService/TetherCommunication(3925): Posting: TetherEvent -- QuotaSet{Quota=9223372036854775807 bytes}
06-08 16:22:22.255: I/QtiTetherService(3925): handleMessage(TetherEvent -- QuotaSet{Quota=9223372036854775807 bytes})
06-08 16:22:22.255: I/QtiTetherService/IpaWrapper(3925): setQuota(upstream=wlan0 bytes=9223372036854775807)
06-08 16:22:22.255: I/libQtiTether(3925): setQuota called for upstream=wlan0 quota=9223372036854775807
06-08 16:22:22.255: I/libQtiTether(3925): setQuota(upstream=wlan0, quota_mb=-1)
06-08 16:22:22.255: E/libQtiTether(3925): Integer underflow detected on quota
06-08 16:22:22.255: E/libQtiTether(3925): Quota failed initalization
06-08 16:22:22.255: I/TetherStatsReporting(1043): setQuotaDone
06-08 16:22:22.285: I/TetherStatsReporting(1043): getTetherStats() called NetworkStats: elapsedRealtime=495902743
06-08 16:22:22.285: I/TetherStatsReporting(1043):   [0] iface=wlan0 uid=0 set=DEFAULT tag=0x0 rxBytes=7995604 rxPackets=18950 txBytes=1008710 txPackets=17237 operations=0
06-08 16:22:22.285: I/TetherStatsReporting(1043):   [1] iface=wlan0 uid=0 set=FOREGROUND tag=0x0 rxBytes=0 rxPackets=0 txBytes=0 txPackets=0 operations=0
06-08 16:22:22.285: I/TetherStatsReporting(1043):   [2] iface=wlan0 uid=1000 set=DEFAULT tag=0x0 rxBytes=335800 rxPackets=1978 txBytes=2845473 txPackets=2730 operations=0
06-08 16:22:22.285: I/TetherStatsReporting(1043):   [3] iface=wlan0 uid=1000 set=FOREGROUND tag=0x0 rxBytes=0 rxPackets=0 txBytes=0 txPackets=0 operations=0
06-08 16:22:22.285: I/TetherStatsReporting(1043):   [4] iface=wlan0 uid=9999 set=DEFAULT tag=0x0 rxBytes=5076 rxPackets=76 txBytes=5076 txPackets=76 operations=0
06-08 16:22:22.285: I/TetherStatsReporting(1043):   [5] iface=wlan0 uid=9999 set=FOREGROUND tag=0x0 rxBytes=0 rxPackets=0 txBytes=0 txPackets=0 operations=0
06-08 16:22:22.285: I/TetherStatsReporting(1043):   [6] iface=wlan0 uid=10002 set=DEFAULT tag=0x0 rxBytes=234396 rxPackets=493 txBytes=130555 txPackets=675 operations=0
06-08 16:22:22.285: I/TetherStatsReporting(1043):   [7] iface=wlan0 uid=10002 set=FOREGROUND tag=0x0 rxBytes=17260 rxPackets=39 txBytes=7738 txPackets=51 operations=0
06-08 16:22:22.285: I/TetherStatsReporting(1043):   [8] iface=wlan0 uid=10009 set=DEFAULT tag=0x0 rxBytes=93572 rxPackets=163 txBytes=14518 txPackets=237 operations=0
06-08 16:22:22.285: I/TetherStatsReporting(1043):   [9] iface=wlan0 uid=10009 set=FOREGROUND tag=0x0 rxBytes=0 rxPackets=0 txBytes=0 txPackets=0 operations=0
06-08 16:22:22.285: I/TetherStatsReporting(1043):   [10] iface=wlan0 uid=10010 set=DEFAULT tag=0x0 rxBytes=5173 rxPackets=16 txBytes=2998 txPackets=27 operations=0
06-08 16:22:22.285: I/TetherStatsReporting(1043):   [11] iface=wlan0 uid=10010 set=FOREGROUND tag=0x0 rxBytes=0 rxPackets=0 txBytes=0 txPackets=0 operations=0
06-08 16:22:22.285: I/TetherStatsReporting(1043):   [12] iface=wlan0 uid=10022 set=DEFAULT tag=0x0 rxBytes=52 rxPackets=1 txBytes=239 txPackets=4 operations=0
06-08 16:22:22.285: I/TetherStatsReporting(1043):   [13] iface=wlan0 uid=10022 set=FOREGROUND tag=0x0 rxBytes=10057 rxPackets=14 txBytes=2166 txPackets=20 operations=0
06-08 16:22:22.285: I/TetherStatsReporting(1043):   [14] iface=wlan0 uid=10023 set=DEFAULT tag=0x0 rxBytes=39476 rxPackets=88 txBytes=21144 txPackets=102 operations=0
06-08 16:22:22.285: I/TetherStatsReporting(1043):   [15] iface=wlan0 uid=10023 set=FOREGROUND tag=0x0 rxBytes=0 rxPackets=0 txBytes=0 txPackets=0 operations=0
06-08 16:22:22.285: I/TetherStatsReporting(1043):   [16] iface=wlan0 uid=10025 set=DEFAULT tag=0x0 rxBytes=0 rxPackets=0 txBytes=208 txPackets=4 operations=4
06-08 16:22:22.285: I/TetherStatsReporting(1043):   [17] iface=wlan0 uid=10025 set=FOREGROUND tag=0x0 rxBytes=0 rxPackets=0 txBytes=2556 txPackets=48 operations=5
06-08 16:22:22.285: I/TetherStatsReporting(1043):   [18] iface=wlan0 uid=10029 set=DEFAULT tag=0x0 rxBytes=44916 rxPackets=59 txBytes=11400 txPackets=84 operations=0
06-08 16:22:22.285: I/TetherStatsReporting(1043):   [19] iface=wlan0 uid=10029 set=FOREGROUND tag=0x0 rxBytes=0 rxPackets=0 txBytes=0 txPackets=0 operations=0
06-08 16:22:22.285: I/TetherStatsReporting(1043):   [20] iface=wlan0 uid=10030 set=DEFAULT tag=0x0 rxBytes=2687996 rxPackets=4849 txBytes=1144930 txPackets=5647 operations=0
06-08 16:22:22.285: I/TetherStatsReporting(1043):   [21] iface=wlan0 uid=10030 set=FOREGROUND tag=0x0 rxBytes=640866 rxPackets=1377 txBytes=361056 txPackets=1441 operations=0
06-08 16:22:22.285: I/TetherStatsReporting(1043):   [22] iface=wlan0 uid=10041 set=DEFAULT tag=0x0 rxBytes=20240092 rxPackets=16106 txBytes=760288 txPackets=7223 operations=0
06-08 16:22:22.285: I/TetherStatsReporting(1043):   [23] iface=wlan0 uid=10041 set=FOREGROUND tag=0x0 rxBytes=0 rxPackets=0 txBytes=0 txPackets=0 operations=0
06-08 16:22:22.285: I/TetherStatsReporting(1043):   [24] iface=wlan0 uid=10044 set=DEFAULT tag=0x0 rxBytes=518286 rxPackets=1471 txBytes=401202 txPackets=1846 operations=0
06-08 16:22:22.285: I/TetherStatsReporting(1043):   [25] iface=wlan0 uid=10044 set=FOREGROUND tag=0x0 rxBytes=4807 rxPackets=9 txBytes=2569 txPackets=13 operations=0
06-08 16:22:22.285: I/TetherStatsReporting(1043):   [26] iface=wlan0 uid=10047 set=DEFAULT tag=0x0 rxBytes=156 rxPackets=3 txBytes=573 txPackets=9 operations=0
06-08 16:22:22.285: I/TetherStatsReporting(1043):   [27] iface=wlan0 uid=10047 set=FOREGROUND tag=0x0 rxBytes=22999 rxPackets=41 txBytes=6012 txPackets=55 operations=0
06-08 16:22:22.285: I/TetherStatsReporting(1043):   [28] iface=wlan0 uid=10051 set=DEFAULT tag=0x0 rxBytes=942 rxPackets=7 txBytes=2331 txPackets=8 operations=0
06-08 16:22:22.285: I/TetherStatsReporting(1043):   [29] iface=wlan0 uid=10051 set=FOREGROUND tag=0x0 rxBytes=0 rxPackets=0 txBytes=0 txPackets=0 operations=0
06-08 16:22:22.285: I/TetherStatsReporting(1043):   [30] iface=wlan0 uid=10052 set=DEFAULT tag=0x0 rxBytes=46867 rxPackets=98 txBytes=19537 txPackets=111 operations=0
06-08 16:22:22.285: I/TetherStatsReporting(1043):   [31] iface=wlan0 uid=10052 set=FOREGROUND tag=0x0 rxBytes=64736 rxPackets=127 txBytes=76022 txPackets=155 operations=0
06-08 16:22:22.285: I/TetherStatsReporting(1043):   [32] iface=wlan0 uid=10061 set=DEFAULT tag=0x0 rxBytes=932 rxPackets=7 txBytes=2162 txPackets=8 operations=0
06-08 16:22:22.285: I/TetherStatsReporting(1043):   [33] iface=wlan0 uid=10061 set=FOREGROUND tag=0x0 rxBytes=0 rxPackets=0 txBytes=0 txPackets=0 operations=0
06-08 16:22:22.285: I/TetherStatsReporting(1043):   [34] iface=wlan0 uid=10066 set=DEFAULT tag=0x0 rxBytes=5111 rxPackets=7 txBytes=1136 txPackets=11 operati
06-08 16:22:22.285: I/TetherStatsReporting(1043): combining tether stats
06-08 16:22:22.285: D/QtiTetherService/IpaWrapper(3925): getStats(false)
06-08 16:22:22.292: D/ConnectivityService(1043): notifyType IP_CHANGED for NetworkAgentInfo [WIFI () - 142]
06-08 16:22:22.319: I/TetherStatsReporting(1043): getTetherStats() called NetworkStats: elapsedRealtime=495902778
06-08 16:22:22.319: I/TetherStatsReporting(1043):   [0] iface=wlan0 uid=0 set=DEFAULT tag=0x0 rxBytes=7995604 rxPackets=18950 txBytes=1008710 txPackets=17237 operations=0
06-08 16:22:22.319: I/TetherStatsReporting(1043):   [1] iface=wlan0 uid=0 set=FOREGROUND tag=0x0 rxBytes=0 rxPackets=0 txBytes=0 txPackets=0 operations=0
06-08 16:22:22.319: I/TetherStatsReporting(1043):   [2] iface=wlan0 uid=1000 set=DEFAULT tag=0x0 rxBytes=335800 rxPackets=1978 txBytes=2845473 txPackets=2730 operations=0
06-08 16:22:22.319: I/TetherStatsReporting(1043):   [3] iface=wlan0 uid=1000 set=FOREGROUND tag=0x0 rxBytes=0 rxPackets=0 txBytes=0 txPackets=0 operations=0
06-08 16:22:22.319: I/TetherStatsReporting(1043):   [4] iface=wlan0 uid=9999 set=DEFAULT tag=0x0 rxBytes=5076 rxPackets=76 txBytes=5076 txPackets=76 operations=0
06-08 16:22:22.319: I/TetherStatsReporting(1043):   [5] iface=wlan0 uid=9999 set=FOREGROUND tag=0x0 rxBytes=0 rxPackets=0 txBytes=0 txPackets=0 operations=0
06-08 16:22:22.319: I/TetherStatsReporting(1043):   [6] iface=wlan0 uid=10002 set=DEFAULT tag=0x0 rxBytes=234396 rxPackets=493 txBytes=130555 txPackets=675 operations=0
06-08 16:22:22.319: I/TetherStatsReporting(1043):   [7] iface=wlan0 uid=10002 set=FOREGROUND tag=0x0 rxBytes=17260 rxPackets=39 txBytes=7738 txPackets=51 operations=0
06-08 16:22:22.319: I/TetherStatsReporting(1043):   [8] iface=wlan0 uid=10009 set=DEFAULT tag=0x0 rxBytes=93572 rxPackets=163 txBytes=14518 txPackets=237 operations=0
06-08 16:22:22.319: I/TetherStatsReporting(1043):   [9] iface=wlan0 uid=10009 set=FOREGROUND tag=0x0 rxBytes=0 rxPackets=0 txBytes=0 txPackets=0 operations=0
06-08 16:22:22.319: I/TetherStatsReporting(1043):   [10] iface=wlan0 uid=10010 set=DEFAULT tag=0x0 rxBytes=5173 rxPackets=16 txBytes=2998 txPackets=27 operations=0
06-08 16:22:22.319: I/TetherStatsReporting(1043):   [11] iface=wlan0 uid=10010 set=FOREGROUND tag=0x0 rxBytes=0 rxPackets=0 txBytes=0 txPackets=0 operations=0
06-08 16:22:22.319: I/TetherStatsReporting(1043):   [12] iface=wlan0 uid=10022 set=DEFAULT tag=0x0 rxBytes=52 rxPackets=1 txBytes=239 txPackets=4 operations=0
06-08 16:22:22.319: I/TetherStatsReporting(1043):   [13] iface=wlan0 uid=10022 set=FOREGROUND tag=0x0 rxBytes=10057 rxPackets=14 txBytes=2166 txPackets=20 operations=0
06-08 16:22:22.319: I/TetherStatsReporting(1043):   [14] iface=wlan0 uid=10023 set=DEFAULT tag=0x0 rxBytes=39476 rxPackets=88 txBytes=21144 txPackets=102 operations=0
06-08 16:22:22.319: I/TetherStatsReporting(1043):   [15] iface=wlan0 uid=10023 set=FOREGROUND tag=0x0 rxBytes=0 rxPackets=0 txBytes=0 txPackets=0 operations=0
06-08 16:22:22.319: I/TetherStatsReporting(1043):   [16] iface=wlan0 uid=10025 set=DEFAULT tag=0x0 rxBytes=0 rxPackets=0 txBytes=208 txPackets=4 operations=4
06-08 16:22:22.319: I/TetherStatsReporting(1043):   [17] iface=wlan0 uid=10025 set=FOREGROUND tag=0x0 rxBytes=0 rxPackets=0 txBytes=2556 txPackets=48 operations=5
06-08 16:22:22.319: I/TetherStatsReporting(1043):   [18] iface=wlan0 uid=10029 set=DEFAULT tag=0x0 rxBytes=44916 rxPackets=59 txBytes=11400 txPackets=84 operations=0
06-08 16:22:22.319: I/TetherStatsReporting(1043):   [19] iface=wlan0 uid=10029 set=FOREGROUND tag=0x0 rxBytes=0 rxPackets=0 txBytes=0 txPackets=0 operations=0
06-08 16:22:22.319: I/TetherStatsReporting(1043):   [20] iface=wlan0 uid=10030 set=DEFAULT tag=0x0 rxBytes=2687996 rxPackets=4849 txBytes=1144930 txPackets=5647 operations=0
06-08 16:22:22.319: I/TetherStatsReporting(1043):   [21] iface=wlan0 uid=10030 set=FOREGROUND tag=0x0 rxBytes=640866 rxPackets=1377 txBytes=361056 txPackets=1441 operations=0
06-08 16:22:22.319: I/TetherStatsReporting(1043):   [22] iface=wlan0 uid=10041 set=DEFAULT tag=0x0 rxBytes=20240092 rxPackets=16106 txBytes=760288 txPackets=7223 operations=0
06-08 16:22:22.319: I/TetherStatsReporting(1043):   [23] iface=wlan0 uid=10041 set=FOREGROUND tag=0x0 rxBytes=0 rxPackets=0 txBytes=0 txPackets=0 operations=0
06-08 16:22:22.319: I/TetherStatsReporting(1043):   [24] iface=wlan0 uid=10044 set=DEFAULT tag=0x0 rxBytes=518286 rxPackets=1471 txBytes=401202 txPackets=1846 operations=0
06-08 16:22:22.319: I/TetherStatsReporting(1043):   [25] iface=wlan0 uid=10044 set=FOREGROUND tag=0x0 rxBytes=4807 rxPackets=9 txBytes=2569 txPackets=13 operations=0
06-08 16:22:22.319: I/TetherStatsReporting(1043):   [26] iface=wlan0 uid=10047 set=DEFAULT tag=0x0 rxBytes=156 rxPackets=3 txBytes=573 txPackets=9 operations=0
06-08 16:22:22.319: I/TetherStatsReporting(1043):   [27] iface=wlan0 uid=10047 set=FOREGROUND tag=0x0 rxBytes=22999 rxPackets=41 txBytes=6012 txPackets=55 operations=0
06-08 16:22:22.319: I/TetherStatsReporting(1043):   [28] iface=wlan0 uid=10051 set=DEFAULT tag=0x0 rxBytes=942 rxPackets=7 txBytes=2331 txPackets=8 operations=0
06-08 16:22:22.319: I/TetherStatsReporting(1043):   [29] iface=wlan0 uid=10051 set=FOREGROUND tag=0x0 rxBytes=0 rxPackets=0 txBytes=0 txPackets=0 operations=0
06-08 16:22:22.319: I/TetherStatsReporting(1043):   [30] iface=wlan0 uid=10052 set=DEFAULT tag=0x0 rxBytes=46867 rxPackets=98 txBytes=19537 txPackets=111 operations=0
06-08 16:22:22.319: I/TetherStatsReporting(1043):   [31] iface=wlan0 uid=10052 set=FOREGROUND tag=0x0 rxBytes=64736 rxPackets=127 txBytes=76022 txPackets=155 operations=0
06-08 16:22:22.319: I/TetherStatsReporting(1043):   [32] iface=wlan0 uid=10061 set=DEFAULT tag=0x0 rxBytes=932 rxPackets=7 txBytes=2162 txPackets=8 operations=0
06-08 16:22:22.319: I/TetherStatsReporting(1043):   [33] iface=wlan0 uid=10061 set=FOREGROUND tag=0x0 rxBytes=0 rxPackets=0 txBytes=0 txPackets=0 operations=0
06-08 16:22:22.319: I/TetherStatsReporting(1043):   [34] iface=wlan0 uid=10066 set=DEFAULT tag=0x0 rxBytes=5111 rxPackets=7 txBytes=1136 txPackets=11 operati
06-08 16:22:22.319: I/TetherStatsReporting(1043): combining tether stats
06-08 16:22:22.320: D/QtiTetherService/IpaWrapper(3925): getStats(false)
06-08 16:22:22.331: D/ConnectivityService(1043): scheduleUnvalidatedPrompt 142
06-08 16:22:22.331: D/ConnectivityService(1043): updateSignalStrengthThresholds: CONNECT, sending [] to NetworkAgentInfo [WIFI () - 142]
06-08 16:22:22.332: D/ConnectivityService(1043): rematch for NetworkAgentInfo [WIFI () - 142]
06-08 16:22:22.332: D/ConnectivityService(1043):    accepting network in place of null
06-08 16:22:22.332: D/WifiNetworkAgent(1043): NetworkAgent: Received signal strength thresholds: []
06-08 16:22:22.332: D/WifiNative-HAL(1043): stopRssiMonitoring, cmdId 0
06-08 16:22:22.333: D/ConnectivityService(1043): Switching to new default network: NetworkAgentInfo{ ni{[type: WIFI[], state: CONNECTED/CONNECTED, reason: (unspecified), extra: "Moto G3", roaming: false, failover: false, isAvailable: true]}  network{142}  lp{{InterfaceName: wlan0 LinkAddresses: [fe80::32a8:dbff:fe9d:cd88/64,2405:204:9223:596d:32a8:dbff:fe9d:cd88/64,2405:204:9223:596d:588e:7dee:dd71:869e/64,192.168.43.240/24,]  Routes: [fe80::/64 -> :: wlan0,::/0 -> fe80::1c2:4f5f:941e:3392 wlan0,2405:204:9223:596d::/64 -> :: wlan0,192.168.43.0/24 -> 0.0.0.0 wlan0,0.0.0.0/0 -> 192.168.43.1 wlan0,] DnsAddresses: [192.168.43.1,] Domains: null MTU: 0 TcpBufferSizes: 524288,1048576,2097152,262144,524288,1048576}}  nc{[ Transports: WIFI Capabilities: INTERNET&NOT_RESTRICTED&TRUSTED&NOT_VPN LinkUpBandwidth>=1048576Kbps LinkDnBandwidth>=1048576Kbps SignalStrength: -59]}  Score{60}  everValidated{false}  lastValidated{false}  created{true} lingering{false} explicitlySelected{true} acceptUnvalidated{false} everCaptivePortalDetected{false} lastCaptivePortalDetected{false} }
06-08 16:22:22.371: V/IdletimerController(398): runCmd(/system/bin/ip6tables -w -t raw -A idletimer_raw_PREROUTING -i wlan0 -j IDLETIMER --timeout 15 --label 1 --send_nl_msg 1) res_ipv4=0, res_ipv6=0
06-08 16:22:22.407: V/IdletimerController(398): runCmd(/system/bin/ip6tables -w -t mangle -A idletimer_mangle_POSTROUTING -o wlan0 -j IDLETIMER --timeout 15 --label 1 --send_nl_msg 1) res_ipv4=0, res_ipv6=0
06-08 16:22:22.416: W/QCNEJ(3849): |CORE| network available: 142
06-08 16:22:22.417: D/CSLegacyTypeTracker(1043): Sending CONNECTED broadcast for type 1 NetworkAgentInfo [WIFI () - 142] isDefaultNetwork=true
06-08 16:22:22.417: D/ConnectivityService(1043): sendStickyBroadcast: action=android.net.conn.CONNECTIVITY_CHANGE
06-08 16:22:22.417: W/QCNEJ(3849): |CORE| onAvailable: bind the process to WIFI
06-08 16:22:22.419: D/ConnectivityService(1043): notifyType PRECHECK for NetworkAgentInfo [WIFI () - 142]
06-08 16:22:22.421: D/Tethering(1043): MasterInitialState.processMessage what=3
06-08 16:22:22.430: W/QCNEJ(3849): |CORE| newLp: {InterfaceName: wlan0 LinkAddresses: [fe80::32a8:dbff:fe9d:cd88/64,2405:204:9223:596d:32a8:dbff:fe9d:cd88/64,2405:204:9223:596d:588e:7dee:dd71:869e/64,192.168.43.240/24,]  Routes: [fe80::/64 -> :: wlan0,::/0 -> fe80::1c2:4f5f:941e:3392 wlan0,2405:204:9223:596d::/64 -> :: wlan0,192.168.43.0/24 -> 0.0.0.0 wlan0,0.0.0.0/0 -> 192.168.43.1 wlan0,] DnsAddresses: [192.168.43.1,] Domains: null MTU: 0 TcpBufferSizes: 524288,1048576,2097152,262144,524288,1048576}
06-08 16:22:22.430: W/QCNEJ(3849): |CORE| curLp: {InterfaceName: wlan0 LinkAddresses: [fe80::32a8:dbff:fe9d:cd88/64,2405:204:9223:596d:32a8:dbff:fe9d:cd88/64,2405:204:9223:596d:588e:7dee:dd71:869e/64,192.168.43.240/24,]  Routes: [fe80::/64 -> :: wlan0,::/0 -> fe80::1c2:4f5f:941e:3392 wlan0,2405:204:9223:596d::/64 -> :: wlan0,192.168.43.0/24 -> 0.0.0.0 wlan0,0.0.0.0/0 -> 192.168.43.1 wlan0,] DnsAddresses: [192.168.43.1,] Domains: null MTU: 0}
06-08 16:22:22.435: E/SetupWizard(12191): tickleCheckinService called after completing user setup
06-08 16:22:22.436: D/ConnectivityService(1043): notifyType CAP_CHANGED for NetworkAgentInfo [WIFI () - 142]
06-08 16:22:22.442: W/System(11180): ClassLoader referenced unknown path: /system/framework/tcmclient.jar
06-08 16:22:22.463: W/System(29500): ClassLoader referenced unknown path: /system/framework/tcmclient.jar
06-08 16:22:22.642: D/NetworkMonitor/NetworkAgentInfo [WIFI () - 142](1043): Checking http://connectivitycheck.gstatic.com/generate_204 on "Moto G3", connectivitycheck.gstatic.com=2404:6800:4009:801::2003,216.58.220.163
06-08 16:22:22.642: W/System(1043): ClassLoader referenced unknown path: /system/framework/tcmclient.jar
06-08 16:22:22.870: I/TetherStatsReporting(1043): setQuota() called for ConnectivityExt jar9223372036854775807 iface wlan0
06-08 16:22:22.871: I/QtiTetherService/TetherCommunication(3925): Posting: TetherEvent -- QuotaSet{Quota=9223372036854775807 bytes}
06-08 16:22:22.871: I/QtiTetherService(3925): handleMessage(TetherEvent -- QuotaSet{Quota=9223372036854775807 bytes})
06-08 16:22:22.871: I/TetherStatsReporting(1043): setQuotaDone
06-08 16:22:22.871: I/QtiTetherService/IpaWrapper(3925): setQuota(upstream=wlan0 bytes=9223372036854775807)
06-08 16:22:22.871: I/libQtiTether(3925): setQuota called for upstream=wlan0 quota=9223372036854775807
06-08 16:22:22.871: I/libQtiTether(3925): setQuota(upstream=wlan0, quota_mb=-1)
06-08 16:22:22.871: E/libQtiTether(3925): Integer underflow detected on quota
06-08 16:22:22.871: E/libQtiTether(3925): Quota failed initalization
06-08 16:22:22.885: I/iu.Environment(3716): update connectivity state; isNetworkMetered? true*, isRoaming? false, isBackgroundDataAllowed? true*
06-08 16:22:22.951: I/ActivityManager(1043): Start proc 12851:com.lenovo.anyshare.gps/u0a225 for broadcast com.lenovo.anyshare.gps/com.lenovo.analytics.AnalyticsReceiver
06-08 16:22:22.972: I/SemcDlna:(20827): The network interface changed: [wifi]
06-08 16:22:22.990: W/System(4881): ClassLoader referenced unknown path: /system/framework/tcmclient.jar
06-08 16:22:23.000: I/AS.(12851): 16:22:23.000[1] Logger Started, DebugVersion = true
06-08 16:22:23.001: D/AS.UI(12851): 16:22:23.001[1] AnyShareApp onCreate()!
06-08 16:22:23.003: D/AS.BUUtils(12851): 16:22:23.003[1] isOnlineUpdateEnabled: true
06-08 16:22:23.006: W/AS.StorageVolumeHelper(12851): 16:22:23.006[1] java.lang.NoSuchMethodException: <init> [class android.content.ContentResolver, class android.os.Looper]
06-08 16:22:23.012: D/StorageVolumeHelper(12851): /storage/emulated/0/StorageVolumeHelper.tmp
06-08 16:22:23.015: W/AS.StorageVolumeHelper(12851): 16:22:23.015[1] java.lang.NoSuchMethodException: getRealExternalStorageDirectory []
06-08 16:22:23.033: V/AS.AnalyticsReceiver(12851): 16:22:23.033[1] onReceive()
06-08 16:22:23.041: V/AS.AnalyticsService(12851): 16:22:23.041[1] onCreate()
06-08 16:22:23.041: V/AS.AnalyticsService(12851): 16:22:23.041[1] onStartCommand()
06-08 16:22:23.046: V/AS.AnalyticsService(12851): 16:22:23.046[23823] handleIntent()
06-08 16:22:23.053: D/MOBIHELP(12346): Reconnecting to Network Retrying messages
06-08 16:22:23.053: D/AS.AnalyticsService(12851): 16:22:23.053[23823] connectivity state: mobile: false / wifi: true
06-08 16:22:23.053: V/AS.AnalyticsService(12851): 16:22:23.053[23823] dispatchCachedAnalyticData()
06-08 16:22:23.097: D/AS.AnalyticsManager(12851): 16:22:23.097[23823] countEnvent: 0
06-08 16:22:23.098: D/AS.AnalyticsService(12851): 16:22:23.097[23823] dipatch() cached data(1).
06-08 16:22:23.098: D/AS.AnalyticsService(12851): 16:22:23.098[23823] stopAllTimers() called.
06-08 16:22:23.101: V/AS.AnalyticsService(12851): 16:22:23.101[23823] checkNewVersion()
06-08 16:22:23.102: V/AS.AnalyticsService(12851): 16:22:23.102[23823] row version, exit!
06-08 16:22:23.111: W/System(12851): ClassLoader referenced unknown path: /system/framework/tcmclient.jar
06-08 16:22:23.112: W/System(12851): ClassLoader referenced unknown path: /system/framework/com.qualcomm.qti.GBAHttpAuthentication.jar
06-08 16:22:23.229: D/com.obd.reader.io.AbstractGatewayService(10218): Adding job[29] to queue..
06-08 16:22:23.229: D/com.obd.reader.io.AbstractGatewayService(10218): Job queued successfully.
06-08 16:22:23.229: D/com.obd.reader.io.ObdGatewayService(10218): Taking job[29/0] from queue..
06-08 16:22:23.229: D/com.obd.reader.io.AbstractGatewayService(10218): Adding job[30] to queue..
06-08 16:22:23.229: D/com.obd.reader.io.ObdGatewayService(10218): Job state is NEW. Run it..
06-08 16:22:23.229: D/com.obd.reader.io.AbstractGatewayService(10218): Job queued successfully.
06-08 16:22:23.229: D/com.obd.reader.io.AbstractGatewayService(10218): Adding job[31] to queue..
06-08 16:22:23.229: I/System.out(10218): Command Executed TECH 03
06-08 16:22:23.229: D/com.obd.reader.io.AbstractGatewayService(10218): Job queued successfully.
06-08 16:22:23.229: D/com.obd.reader.io.AbstractGatewayService(10218): Adding job[32] to queue..
06-08 16:22:23.229: D/com.obd.reader.io.AbstractGatewayService(10218): Job queued successfully.
06-08 16:22:23.229: D/com.obd.reader.io.AbstractGatewayService(10218): Adding job[33] to queue..
06-08 16:22:23.229: D/com.obd.reader.io.AbstractGatewayService(10218): Job queued successfully.
06-08 16:22:23.229: D/com.obd.reader.io.AbstractGatewayService(10218): Adding job[34] to queue..
06-08 16:22:23.229: D/com.obd.reader.io.AbstractGatewayService(10218): Job queued successfully.
06-08 16:22:23.229: D/com.obd.reader.io.AbstractGatewayService(10218): Adding job[35] to queue..
06-08 16:22:23.229: D/com.obd.reader.io.AbstractGatewayService(10218): Job queued successfully.
06-08 16:22:23.238: W/bt_hci_packet_fragmenter(9553): reassemble_and_dispatch complete l2cap packet received:l2cap full length 6 and hci length 14.
06-08 16:22:23.301: W/bt_hci_packet_fragmenter(9553): reassemble_and_dispatch complete l2cap packet received:l2cap full length 6 and hci length 14.
06-08 16:22:23.304: W/bt_hci_packet_fragmenter(9553): reassemble_and_dispatch complete l2cap packet received:l2cap full length 6 and hci length 14.
06-08 16:22:23.307: W/bt_hci_packet_fragmenter(9553): reassemble_and_dispatch complete l2cap packet received:l2cap full length 7 and hci length 15.
06-08 16:22:23.309: W/bt_hci_packet_fragmenter(9553): reassemble_and_dispatch complete l2cap packet received:l2cap full length 6 and hci length 14.
06-08 16:22:23.310: W/bt_hci_packet_fragmenter(9553): reassemble_and_dispatch complete l2cap packet received:l2cap full length 9 and hci length 17.
06-08 16:22:23.410: D/ConnectivityService(1043): NetTransition Wakelock (NetworkAgentInfo [WIFI () - 141] cleared because we found a replacement network
06-08 16:22:23.445: E/com.obd.reader.io.ObdGatewayService(10218): Failed to run command. -> length=4; regionStart=3; regionLength=3
06-08 16:22:23.445: D/com.obd.reader.io.ObdGatewayService(10218): Taking job[30/5] from queue..
06-08 16:22:23.445: D/com.obd.reader.io.ObdGatewayService(10218): Job state is NEW. Run it..
06-08 16:22:23.446: I/System.out(10218): Command Executed TECH 01 04
06-08 16:22:23.464: W/System(12270): ClassLoader referenced unknown path: /system/framework/tcmclient.jar
06-08 16:22:23.511: W/bt_hci_packet_fragmenter(9553): reassemble_and_dispatch complete l2cap packet received:l2cap full length 6 and hci length 14.
06-08 16:22:23.513: W/bt_hci_packet_fragmenter(9553): reassemble_and_dispatch complete l2cap packet received:l2cap full length 6 and hci length 14.
06-08 16:22:23.516: W/bt_hci_packet_fragmenter(9553): reassemble_and_dispatch complete l2cap packet received:l2cap full length 7 and hci length 15.
06-08 16:22:23.521: W/bt_hci_packet_fragmenter(9553): reassemble_and_dispatch complete l2cap packet received:l2cap full length 7 and hci length 15.
06-08 16:22:23.523: W/bt_hci_packet_fragmenter(9553): reassemble_and_dispatch complete l2cap packet received:l2cap full length 11 and hci length 19.
06-08 16:22:23.650: I/System.out(10218): DATA from OBD TECH 410400
06-08 16:22:23.665: D/com.obd.reader.io.ObdGatewayService(10218): Taking job[31/4] from queue..
06-08 16:22:23.665: D/com.obd.reader.io.ObdGatewayService(10218): Job state is NEW. Run it..
06-08 16:22:23.665: I/System.out(10218): Command Executed TECH 01 0C
06-08 16:22:23.728: W/bt_hci_packet_fragmenter(9553): reassemble_and_dispatch complete l2cap packet received:l2cap full length 7 and hci length 15.
06-08 16:22:23.729: W/bt_hci_packet_fragmenter(9553): reassemble_and_dispatch complete l2cap packet received:l2cap full length 6 and hci length 14.
06-08 16:22:23.778: W/bt_hci_packet_fragmenter(9553): reassemble_and_dispatch complete l2cap packet received:l2cap full length 6 and hci length 14.
06-08 16:22:23.781: W/bt_hci_packet_fragmenter(9553): reassemble_and_dispatch complete l2cap packet received:l2cap full length 6 and hci length 14.
06-08 16:22:23.783: W/bt_hci_packet_fragmenter(9553): reassemble_and_dispatch complete l2cap packet received:l2cap full length 15 and hci length 23.
06-08 16:22:23.869: I/System.out(10218): DATA from OBD TECH 410C0000
06-08 16:22:23.883: D/com.obd.reader.io.ObdGatewayService(10218): Taking job[32/3] from queue..
06-08 16:22:23.883: D/com.obd.reader.io.ObdGatewayService(10218): Job state is NEW. Run it..
06-08 16:22:23.883: I/System.out(10218): Command Executed TECH 01 1F
06-08 16:22:23.913: W/bt_hci_packet_fragmenter(9553): reassemble_and_dispatch complete l2cap packet received:l2cap full length 6 and hci length 14.
06-08 16:22:23.933: D/NetworkMonitor/NetworkAgentInfo [WIFI () - 142](1043): isCaptivePortal: ret=204 headers={null=[HTTP/1.1 204 No Content], Content-Length=[0], Date=[Thu, 08 Jun 2017 10:52:25 GMT], X-Android-Received-Millis=[1496919143930], X-Android-Response-Source=[NETWORK 204], X-Android-Selected-Protocol=[http/1.1], X-Android-Sent-Millis=[1496919143743]}
06-08 16:22:23.936: D/ConnectivityService(1043): setProvNotificationVisibleIntent null visible=false networkType=MOBILE extraInfo=null highPriority=false
06-08 16:22:23.936: D/ConnectivityService(1043): NetworkAgentInfo [WIFI () - 142] validation  passed
06-08 16:22:23.936: D/ConnectivityService(1043): notifyType CAP_CHANGED for NetworkAgentInfo [WIFI () - 142]
06-08 16:22:23.941: D/ConnectivityService(1043): sendStickyBroadcast: action=android.net.conn.INET_CONDITION_ACTION
06-08 16:22:23.988: W/bt_hci_packet_fragmenter(9553): reassemble_and_dispatch complete l2cap packet received:l2cap full length 7 and hci length 15.
06-08 16:22:23.989: W/bt_hci_packet_fragmenter(9553): reassemble_and_dispatch complete l2cap packet received:l2cap full length 6 and hci length 14.
06-08 16:22:23.990: W/bt_hci_packet_fragmenter(9553): reassemble_and_dispatch complete l2cap packet received:l2cap full length 6 and hci length 14.
06-08 16:22:23.991: W/bt_hci_packet_fragmenter(9553): reassemble_and_dispatch complete l2cap packet received:l2cap full length 6 and hci length 14.
06-08 16:22:23.995: W/bt_hci_packet_fragmenter(9553): reassemble_and_dispatch complete l2cap packet received:l2cap full length 15 and hci length 23.
06-08 16:22:24.046: I/TWILIGHT(4358): [16:22:24.046, main]: Accessibility skip 
06-08 16:22:24.086: I/System.out(10218): DATA from OBD TECH 411F0056
06-08 16:22:24.100: D/com.obd.reader.io.ObdGatewayService(10218): Taking job[33/2] from queue..
06-08 16:22:24.100: D/com.obd.reader.io.ObdGatewayService(10218): Job state is NEW. Run it..
06-08 16:22:24.100: I/System.out(10218): Command Executed TECH 01 10
06-08 16:22:24.334: W/bt_hci_packet_fragmenter(9553): reassemble_and_dispatch complete l2cap packet received:l2cap full length 6 and hci length 14.
06-08 16:22:24.336: W/bt_hci_packet_fragmenter(9553): reassemble_and_dispatch complete l2cap packet received:l2cap full length 7 and hci length 15.
06-08 16:22:24.338: W/bt_hci_packet_fragmenter(9553): reassemble_and_dispatch complete l2cap packet received:l2cap full length 6 and hci length 14.
06-08 16:22:24.341: W/bt_hci_packet_fragmenter(9553): reassemble_and_dispatch complete l2cap packet received:l2cap full length 7 and hci length 15.
06-08 16:22:24.345: W/bt_hci_packet_fragmenter(9553): reassemble_and_dispatch complete l2cap packet received:l2cap full length 9 and hci length 17.
06-08 16:22:24.346: I/System.out(10218): DATA from OBD TECH NODATA
06-08 16:22:24.347: E/com.obd.reader.io.ObdGatewayService(10218): Failed to run command. -> Error running 01 10, response: NODATA
06-08 16:22:24.347: D/com.obd.reader.io.ObdGatewayService(10218): Taking job[34/1] from queue..
06-08 16:22:24.347: D/com.obd.reader.io.ObdGatewayService(10218): Job state is NEW. Run it..
06-08 16:22:24.347: I/System.out(10218): Command Executed TECH 01 11
06-08 16:22:24.378: I/TWILIGHT(4358): [16:22:24.378, main]: Accessibility skip 
06-08 16:22:24.408: W/bt_hci_packet_fragmenter(9553): reassemble_and_dispatch complete l2cap packet received:l2cap full length 6 and hci length 14.
06-08 16:22:24.410: W/bt_hci_packet_fragmenter(9553): reassemble_and_dispatch complete l2cap packet received:l2cap full length 6 and hci length 14.
06-08 16:22:24.413: W/bt_hci_packet_fragmenter(9553): reassemble_and_dispatch complete l2cap packet received:l2cap full length 6 and hci length 14.
06-08 16:22:24.414: W/bt_hci_packet_fragmenter(9553): reassemble_and_dispatch complete l2cap packet received:l2cap full length 7 and hci length 15.
06-08 16:22:24.415: W/bt_hci_packet_fragmenter(9553): reassemble_and_dispatch complete l2cap packet received:l2cap full length 12 and hci length 20.
06-08 16:22:24.548: I/System.out(10218): DATA from OBD TECH 41110D
06-08 16:22:24.550: D/com.obd.reader.io.ObdGatewayService(10218): Taking job[35/0] from queue..
06-08 16:22:24.550: D/com.obd.reader.io.ObdGatewayService(10218): Job state is NEW. Run it..
06-08 16:22:24.550: I/System.out(10218): Command Executed TECH 01 0D 1
06-08 16:22:24.556: W/bt_hci_packet_fragmenter(9553): reassemble_and_dispatch complete l2cap packet received:l2cap full length 6 and hci length 14.
06-08 16:22:24.564: W/bt_hci_packet_fragmenter(9553): reassemble_and_dispatch complete l2cap packet received:l2cap full length 6 and hci length 14.
06-08 16:22:24.566: W/bt_hci_packet_fragmenter(9553): reassemble_and_dispatch complete l2cap packet received:l2cap full length 7 and hci length 15.
06-08 16:22:24.571: W/bt_hci_packet_fragmenter(9553): reassemble_and_dispatch complete l2cap packet received:l2cap full length 6 and hci length 14.
06-08 16:22:24.573: W/bt_hci_packet_fragmenter(9553): reassemble_and_dispatch complete l2cap packet received:l2cap full length 6 and hci length 14.
06-08 16:22:24.574: W/bt_hci_packet_fragmenter(9553): reassemble_and_dispatch complete l2cap packet received:l2cap full length 12 and hci length 20.
06-08 16:22:24.733: W/InputMethodManagerService(1043): Window already focused, ignoring focus gain of: com.android.internal.view.IInputMethodClient$Stub$Proxy@3e41c6a attribute=null, token = android.os.BinderProxy@2cd9c82
06-08 16:22:24.749: D/PhoneStatusBar(3287): disable: < expand icons* alerts system_info* back home recent clock search quick_settings >
06-08 16:22:24.751: I/System.out(10218): DATA from OBD TECH 410D00
06-08 16:22:24.754: I/System.out(10218): ((MainActivity) ctx).commandResult {MAF=NODATA, ENGINE_RPM=0RPM, THROTTLE_POS=5.1%, ENGINE_LOAD=0.0%, TROUBLE_CODES=4300, ENGINE_RUNTIME=00:01:26}
06-08 16:22:24.754: I/System.out(10218): Unable to find float  value for 
06-08 16:22:24.754: I/System.out(10218): Unable to find float  value for 
06-08 16:22:24.757: D/GPS Enabled(10218): GPS Enabled
06-08 16:22:24.758: D/Network(10218): Network
06-08 16:22:24.759: I/System.out(10218): MSG 0.0,0.0,0.0,5.099999904632568,0.0,0.0,0.0,352494060195210,,,1496919144756
06-08 16:22:24.760: D/com.obd.activity.MainActivity(10218): throttle,vss,rpm 5.099999904632568,0.0,0.0
06-08 16:22:24.760: I/System.out(10218): url  http://project-111.ind-cloud.everdata.com:8080/CenteralServer/pages/tiles/save.jsp?lngsend=&load_pct=0.0&temp=0.0&throttlepos=5.099999904632568&method=send&time=1496919144756&imei=352494060195210&latsend=&rpm=0.0&ctime=08-Jun-2017+16%3A22%3A24&maf=0.0&vss=0.0&iat=0.0
06-08 16:22:24.760: V/HttpView(10218): http://project-111.ind-cloud.everdata.com:8080/CenteralServer/pages/tiles/save.jsp?lngsend=&load_pct=0.0&temp=0.0&throttlepos=5.099999904632568&method=send&time=1496919144756&imei=352494060195210&latsend=&rpm=0.0&ctime=08-Jun-2017+16%3A22%3A24&maf=0.0&vss=0.0&iat=0.0
06-08 16:22:24.762: W/System(10218): ClassLoader referenced unknown path: /system/framework/tcmclient.jar
06-08 16:22:25.006: I/TWILIGHT(4358): [16:22:25.005, main]: Accessibility skip 
06-08 16:22:25.071: D/WifiAutoJoinController(1043):     compareWifiConfigurations NULL band status!
06-08 16:22:25.171: D/==FindMyPhone==(26284): 1496919145171
06-08 16:22:25.212: W/FlurryAgent(11180): Analytics report sent.
06-08 16:22:25.539: I/iu.UploadsManager(3716): num queued entries: 0
06-08 16:22:26.843: I/iu.UploadsManager(3716): num updated entries: 0
06-08 16:22:27.229: D/com.obd.reader.io.AbstractGatewayService(10218): Adding job[36] to queue..
06-08 16:22:27.229: D/com.obd.reader.io.AbstractGatewayService(10218): Job queued successfully.
06-08 16:22:27.229: D/com.obd.reader.io.AbstractGatewayService(10218): Adding job[37] to queue..
06-08 16:22:27.229: D/com.obd.reader.io.AbstractGatewayService(10218): Job queued successfully.
06-08 16:22:27.229: D/com.obd.reader.io.AbstractGatewayService(10218): Adding job[38] to queue..
06-08 16:22:27.229: D/com.obd.reader.io.AbstractGatewayService(10218): Job queued successfully.
06-08 16:22:27.229: D/com.obd.reader.io.AbstractGatewayService(10218): Adding job[39] to queue..
06-08 16:22:27.229: D/com.obd.reader.io.AbstractGatewayService(10218): Job queued successfully.
06-08 16:22:27.229: D/com.obd.reader.io.AbstractGatewayService(10218): Adding job[40] to queue..
06-08 16:22:27.229: D/com.obd.reader.io.AbstractGatewayService(10218): Job queued successfully.
06-08 16:22:27.229: D/com.obd.reader.io.AbstractGatewayService(10218): Adding job[41] to queue..
06-08 16:22:27.229: D/com.obd.reader.io.AbstractGatewayService(10218): Job queued successfully.
06-08 16:22:27.229: D/com.obd.reader.io.AbstractGatewayService(10218): Adding job[42] to queue..
06-08 16:22:27.229: D/com.obd.reader.io.AbstractGatewayService(10218): Job queued successfully.
06-08 16:22:27.243: I/Gobi(445): vendor/qcom/proprietary/RIDL/RIDLClient/RIDLSQL.cpp:2500: GetTransState() EBADF
06-08 16:22:27.243: I/Gobi(445): vendor/qcom/proprietary/RIDL/RIDLClient/MainCore.cpp:1550: Failed to get TransState, rc 9
06-08 16:22:27.243: I/Gobi(445): vendor/qcom/proprietary/RIDL/RIDLClient/RIDLSQL.cpp:2500: GetTransState() EBADF
06-08 16:22:27.243: I/Gobi(445): vendor/qcom/proprietary/RIDL/RIDLClient/RIDLSQL.cpp:2500: GetTransState() EBADF
06-08 16:22:27.409: D/ConnectivityService(1043): notifyType CAP_CHANGED for NetworkAgentInfo [WIFI () - 142]
06-08 16:22:27.793: I/TWILIGHT(4358): [16:22:27.793, main]: Accessibility skip 
06-08 16:22:27.867: I/TWILIGHT(4358): [16:22:27.867, main]: Accessibility skip 
06-08 16:22:28.194: D/WifiStateMachine(1043): L2Connected CMD_START_SCAN source -2 2832, 2834 -> obsolete
06-08 16:22:28.209: D/==FindMyPhone==(26284): 1496919148209
06-08 16:22:28.409: I/iu.SyncManager(3716): NEXT; no task
06-08 16:22:28.431: W/Conscrypt(4881): Could not set socket write timeout:
06-08 16:22:28.433: W/Conscrypt(4881):    java.lang.reflect.Method.invoke(Native Method)
06-08 16:22:28.434: W/Conscrypt(4881):    wrp.a(:com.google.android.gms:58)
06-08 16:22:28.468: I/Timeline(10218): Timeline: Activity_launch_request id:com.obd.reader.activity time:95375457
06-08 16:22:28.469: I/ActivityManager(1043): START u0 {cmp=com.obd.reader.activity/com.obd.activity.ConfigTabActivity} from uid 10484 on display 0
06-08 16:22:28.494: D/com.obd.activity.MainActivity(10218): Pausing..
06-08 16:22:28.525: W/toolbox(12930): type=1400 audit(0.0:4234266): avc: denied { getattr } for path="/proc/1" dev="proc" ino=9224 scontext=u:r:untrusted_app:s0:c512,c768 tcontext=u:r:init:s0 tclass=dir permissive=0 ppid=12927 pcomm="sh" tgid=12927 tgcomm="sh"
06-08 16:22:28.580: I/ActivityManager(1043): Displayed com.obd.reader.activity/com.obd.activity.ConfigTabActivity: +85ms
06-08 16:22:28.525: W/toolbox(12930): type=1400 audit(0.0:4234267): avc: denied { search } for name="1" dev="proc" ino=9224 scontext=u:r:untrusted_app:s0:c512,c768 tcontext=u:r:init:s0 tclass=dir permissive=0 ppid=12927 pcomm="sh" tgid=12927 tgcomm="sh"
06-08 16:22:28.525: W/toolbox(12930): type=1400 audit(0.0:4234268): avc: denied { search } for name="1" dev="proc" ino=9224 scontext=u:r:untrusted_app:s0:c512,c768 tcontext=u:r:init:s0 tclass=dir permissive=0 ppid=12927 pcomm="sh" tgid=12927 tgcomm="sh"
06-08 16:22:28.616: I/Timeline(10218): Timeline: Activity_idle id: android.os.BinderProxy@d312ef2 time:95375605
06-08 16:22:28.525: W/toolbox(12930): type=1400 audit(0.0:4234269): avc: denied { getattr } for path="/proc/2" dev="proc" ino=11460 scontext=u:r:untrusted_app:s0:c512,c768 tcontext=u:r:kernel:s0 tclass=dir permissive=0 ppid=12927 pcomm="sh" tgid=12927 tgcomm="sh"
06-08 16:22:28.636: I/ActivityManager(1043): Start proc 12945:com.google.process.gapps/u0a30 for content provider com.google.android.gsf/.gservices.GservicesProvider
06-08 16:22:28.525: W/toolbox(12930): type=1400 audit(0.0:4234270): avc: denied { search } for name="2" dev="proc" ino=11460 scontext=u:r:untrusted_app:s0:c512,c768 tcontext=u:r:kernel:s0 tclass=dir permissive=0 ppid=12927 pcomm="sh" tgid=12927 tgcomm="sh"
06-08 16:22:28.694: W/System(12549): ClassLoader referenced unknown path: /system/framework/tcmclient.jar
06-08 16:22:28.709: V/BackupManagerService(1043): Scheduling immediate backup pass
06-08 16:22:28.717: I/TWILIGHT(4358): [16:22:28.717, main]: Accessibility skip 
06-08 16:22:28.718: V/BackupManagerService(1043): Running a backup pass
06-08 16:22:28.719: V/BackupManagerService(1043): clearing pending backups
06-08 16:22:28.721: V/PerformBackupTask(1043): Beginning backup of 5 targets
06-08 16:22:28.728: I/EventLogChimeraService(3716): Aggregate from 1496917336615 (log), 1496917336615 (data)
06-08 16:22:28.737: I/RuntimeSkinInfo(1043): com.sonymobile.runtimeskinning.LAF_VERSION in com.android.systemui blocks runtime skin from being applied, version value=2
06-08 16:22:28.762: I/Timeline(1043): Timeline: Activity_windows_visible id: ActivityRecord{9bec5a4 u0 com.obd.reader.activity/com.obd.activity.ConfigTabActivity t4070} time:95375752
06-08 16:22:28.764: I/RuntimeSkinInfo(1043): com.sonymobile.runtimeskinning.LAF_VERSION in android blocks runtime skin from being applied, version value=2
06-08 16:22:28.787: D/PerformBackupTask(1043): invokeAgentForBackup on @pm@
06-08 16:22:28.794: I/RuntimeSkinInfo(1043): com.sonymobile.runtimeskinning.LAF_VERSION in com.android.systemui blocks runtime skin from being applied, version value=2
