06-08 16:22:54.999: I/Gmail(13213): MainSyncRequestProto: lowestBkwdConvoId: 0, highestHandledServerOp: 332509, normalSync: true
06-08 16:22:55.214: I/Ads(24444): Ad is not visible. Not refreshing ad.
06-08 16:22:55.215: I/Ads(24444): Scheduling ad refresh 60000 milliseconds from now.
06-08 16:22:55.508: D/==FindMyPhone==(26284): 1496919175508
06-08 16:22:55.955: E/Gmail(13213): Dictionary checksum mismatch for conversation 1569625735101869874. Expected e7495628 but was 3c2256e2
06-08 16:22:55.956: W/Gmail(13213): handleConversationProto: Could not deflate conversation 1569625735101869874. marking conversation as dirty
06-08 16:22:56.018: I/Gmail(13213): MainSyncRequestProto: lowestBkwdConvoId: 0, highestHandledServerOp: 332509, normalSync: true
06-08 16:22:56.886: W/Gmail(13213): handleConversationProto: Dirty conversation 1569625735101869874 synced successfully. Marking as dirty in DB
06-08 16:22:56.994: I/Gmail(13213): MainSyncRequestProto: lowestBkwdConvoId: 0, highestHandledServerOp: 332516, normalSync: true
06-08 16:22:56.995: I/Gmail(13213): lowestBackward conversation id 0
06-08 16:22:57.134: I/Icing(3716): Usage reports 0 indexed 0 rejected 0 imm upload false
06-08 16:22:57.156: I/Icing(3716): Usage reports 0 indexed 0 rejected 0 imm upload false
06-08 16:22:57.162: I/Gmail(13213): AppDataSearch: minSeqNo=37096, maxSeqNo=38020, lastCommittedSequence=37096
06-08 16:22:57.203: I/Gmail(13213): notifyAccountChanged
06-08 16:22:57.209: I/Gmail(13213): getAccountsCursor
06-08 16:22:57.270: I/Gobi(445): vendor/qcom/proprietary/RIDL/RIDLClient/RIDLSQL.cpp:2500: GetTransState() EBADF
06-08 16:22:57.270: I/Gobi(445): vendor/qcom/proprietary/RIDL/RIDLClient/MainCore.cpp:1550: Failed to get TransState, rc 9
06-08 16:22:57.270: I/Gobi(445): vendor/qcom/proprietary/RIDL/RIDLClient/RIDLSQL.cpp:2500: GetTransState() EBADF
06-08 16:22:57.270: I/Gobi(445): vendor/qcom/proprietary/RIDL/RIDLClient/RIDLSQL.cpp:2500: GetTransState() EBADF
06-08 16:22:57.276: I/Gmail(13213): Sending provider changed intent: Intent { act=android.intent.action.PROVIDER_CHANGED dat=content://gmail-ls/unread/^i (has extras) }
06-08 16:22:57.294: I/Gmail(13213): notifyAccountChanged
06-08 16:22:57.297: W/Gmail(13213): Sync complete for account: account:1618635401
06-08 16:22:57.297: I/Gmail(13213): getAccountsCursor
06-08 16:22:57.309: I/TWILIGHT(4358): [16:22:57.308, main]: Accessibility skip 
06-08 16:22:57.314: I/TWILIGHT(4358): [16:22:57.314, main]: Accessibility skip 
06-08 16:22:57.319: I/NotifUtils(13213): Validating Notification, mapSize: 1 getAttention: true ignoreUnobtrusive: true
06-08 16:22:57.351: I/NotifUtils(13213): Showing notification with unreadCount of 991 and unseenCount of 1
06-08 16:22:57.601: D/ConnectivityService(1043): notifyType CAP_CHANGED for NetworkAgentInfo [WIFI () - 142]
06-08 16:22:57.719: I/NotifUtils(13213): Account: 1618635401 vibrate: false
06-08 16:22:57.719: I/NotifUtils(13213): New email in 1618635401 vibrateWhen: false, playing notification: content://settings/system/notification_sound
06-08 16:22:57.786: I/GAV2(13213): Thread[GAThread,5,main]: No campaign data found.
06-08 16:22:57.813: I/NotifUtils(13213): notifying summary notification id: 1995636444
06-08 16:22:58.215: I/Icing(3716): Indexing 75DB4D617AEAA02741798529AAFDA6AB92775B0F from com.google.android.gm
06-08 16:22:58.248: I/Icing(3716): Not enough disk space for indexing trimmable
06-08 16:22:58.248: I/Icing(3716): Cannot sync trimmable corpus: no trimmable
06-08 16:22:58.248: I/Icing(3716): Indexing done 75DB4D617AEAA02741798529AAFDA6AB92775B0F
06-08 16:22:58.251: E/Icing(3716): Aborting indexing of corpus messages/com.google/chiragagarwal3103%40gmail.com
06-08 16:22:58.291: I/Timeline(10218): Timeline: Activity_launch_request id:com.obd.reader.activity time:95405280
06-08 16:22:58.291: I/ActivityManager(1043): START u0 {cmp=com.obd.reader.activity/com.obd.activity.ConfigActivity} from uid 10484 on display 0
06-08 16:22:58.311: D/com.obd.activity.MainActivity(10218): Pausing..
06-08 16:22:58.487: I/TWILIGHT(4358): [16:22:58.486, main]: Accessibility skip 
06-08 16:22:58.487: I/ActivityManager(1043): Displayed com.obd.reader.activity/com.obd.activity.ConfigActivity: +175ms
06-08 16:22:58.546: D/==FindMyPhone==(26284): 1496919178546
06-08 16:22:58.573: I/Timeline(10218): Timeline: Activity_idle id: android.os.BinderProxy@d83a3a9 time:95405562
06-08 16:22:58.663: I/Timeline(1043): Timeline: Activity_windows_visible id: ActivityRecord{676036 u0 com.obd.reader.activity/com.obd.activity.ConfigActivity t4070} time:95405653
06-08 16:22:58.655: W/toolbox(13300): type=1400 audit(0.0:4236675): avc: denied { getattr } for path="/proc/1" dev="proc" ino=9224 scontext=u:r:untrusted_app:s0:c512,c768 tcontext=u:r:init:s0 tclass=dir permissive=0 ppid=13297 pcomm="sh" tgid=13297 tgcomm="sh"
06-08 16:22:58.655: W/toolbox(13300): type=1400 audit(0.0:4236676): avc: denied { search } for name="1" dev="proc" ino=9224 scontext=u:r:untrusted_app:s0:c512,c768 tcontext=u:r:init:s0 tclass=dir permissive=0 ppid=13297 pcomm="sh" tgid=13297 tgcomm="sh"
06-08 16:22:58.655: W/toolbox(13300): type=1400 audit(0.0:4236677): avc: denied { search } for name="1" dev="proc" ino=9224 scontext=u:r:untrusted_app:s0:c512,c768 tcontext=u:r:init:s0 tclass=dir permissive=0 ppid=13297 pcomm="sh" tgid=13297 tgcomm="sh"
06-08 16:22:58.655: W/toolbox(13300): type=1400 audit(0.0:4236678): avc: denied { getattr } for path="/proc/2" dev="proc" ino=11460 scontext=u:r:untrusted_app:s0:c512,c768 tcontext=u:r:kernel:s0 tclass=dir permissive=0 ppid=13297 pcomm="sh" tgid=13297 tgcomm="sh"
06-08 16:22:58.655: W/toolbox(13300): type=1400 audit(0.0:4236679): avc: denied { search } for name="2" dev="proc" ino=11460 scontext=u:r:untrusted_app:s0:c512,c768 tcontext=u:r:kernel:s0 tclass=dir permissive=0 ppid=13297 pcomm="sh" tgid=13297 tgcomm="sh"
06-08 16:22:58.792: I/TWILIGHT(4358): [16:22:58.792, main]: Accessibility skip 
06-08 16:22:59.403: W/art(29500): Suspending all threads took: 5.385ms
06-08 16:22:59.624: V/NativeCrypto(3716): SSL shutdown failed: ssl=0x8aea3880: I/O error during system call, Connection timed out
06-08 16:22:59.792: D/WifiService(1043): acquireWifiLockLocked: WifiLock{NlpWifiLock type=2 binder=android.os.BinderProxy@f176523}
06-08 16:23:00.438: I/TWILIGHT(4358): [16:23:00.438, main]: Accessibility skip 
06-08 16:23:00.621: D/ConnectivityService(1043): notifyType CAP_CHANGED for NetworkAgentInfo [WIFI () - 142]
06-08 16:23:00.630: I/TWILIGHT(4358): [16:23:00.630, main]: Accessibility skip 
06-08 16:23:00.899: D/QcrilMsgTunnelSocket(4353): readRilMessage: Buffer = [B@c379f6d HexData = [010000000404000011000000514f454d484f4f4bef0308000100000003]
06-08 16:23:00.899: D/QcrilMsgTunnelSocket(4353): Rcvd UNSOL response with 28 bytes data for SUB0
06-08 16:23:00.899: D/QcrilMsgTunnelSocket(4353): Response ID 525295 is not served in this process.
06-08 16:23:00.899: D/QcrilMsgTunnelSocket(4353): To broadcast an Intent via the notifier to external apps
06-08 16:23:00.901: D/QcrilMsgTunnelIfaceManager(4353): handleMessage what = 0
06-08 16:23:00.909: D/QC_RIL_OEM_HOOK(3930): Received Broadcast Intent ACTION_UNSOL_RESPONSE_OEM_HOOK_RAW
06-08 16:23:00.910: D/QC_RIL_OEM_HOOK(3930): Oem ID in QCRILHOOK UNSOL RESP is QOEMHOOK
06-08 16:23:00.946: V/ConfigResourceUtil(3930): resourceName = config_spn_display_control resourceId = 2130837514resourceValue = false
06-08 16:23:01.581: D/==FindMyPhone==(26284): 1496919181580
06-08 16:23:01.611: I/TWILIGHT(4358): [16:23:01.610, main]: Accessibility skip 
06-08 16:23:03.265: D/WifiAutoJoinController(1043):     compareWifiConfigurations NULL band status!
06-08 16:23:03.286: D/WifiService(1043): acquireWifiLockLocked: WifiLock{NlpWifiLock type=2 binder=android.os.BinderProxy@26dc9a5}
06-08 16:23:03.706: I/TWILIGHT(4358): [16:23:03.705, main]: Accessibility skip 
06-08 16:23:03.831: D/WifiService(1043): releaseWifiLockLocked: WifiLock{NlpWifiLock type=2 binder=android.os.BinderProxy@26dc9a5}
06-08 16:23:03.855: V/OSNPGlue_jni(1043): Entering  : void onJavaLocationChanged(JNIEnv*, jobject, jboolean, jlong, jboolean, jlong, jboolean, jdouble, jboolean, jdouble, jboolean, jfloat, jboolean, jdouble, jboolean, jfloat, jboolean, jfloat)
06-08 16:23:03.861: D/WifiService(1043): releaseWifiLockLocked: WifiLock{NlpWifiLock type=2 binder=android.os.BinderProxy@f176523}
06-08 16:23:03.877: D/Network(10218): Got Location Updates 18.508666 73.7922311
06-08 16:23:03.885: W/ctxmgr(4881): [AclManager]No 2 for (accnt=account#1618635401#, com.google.android.gms(10030):UserLocationProducer, vrsn=11055000, 0, 3pPkg = null ,  3pMdlId = null ,  pid = 4881). Was: 2 for 1, account#1618635401#
06-08 16:23:03.897: I/System.out(10218): Device IMEI is 352494060195210
06-08 16:23:03.898: D/Network(10218): Got Location Updates 18.508666 73.7922311
06-08 16:23:03.902: I/System.out(10218): Device IMEI is 352494060195210
06-08 16:23:04.621: D/==FindMyPhone==(26284): 1496919184621
06-08 16:23:05.417: I/TWILIGHT(4358): [16:23:05.417, main]: Accessibility skip 
06-08 16:23:06.520: W/InputMethodManagerService(1043): Window already focused, ignoring focus gain of: com.android.internal.view.IInputMethodClient$Stub$Proxy@18cb86c attribute=null, token = android.os.BinderProxy@520d60d
06-08 16:23:06.561: I/TWILIGHT(4358): [16:23:06.560, main]: Accessibility skip 
06-08 16:23:06.671: D/ConnectivityService(1043): notifyType CAP_CHANGED for NetworkAgentInfo [WIFI () - 142]
06-08 16:23:06.784: I/TWILIGHT(4358): [16:23:06.784, main]: Accessibility skip 
06-08 16:23:07.278: I/Gobi(445): vendor/qcom/proprietary/RIDL/RIDLClient/RIDLSQL.cpp:2500: GetTransState() EBADF
06-08 16:23:07.278: I/Gobi(445): vendor/qcom/proprietary/RIDL/RIDLClient/MainCore.cpp:1550: Failed to get TransState, rc 9
06-08 16:23:07.278: I/Gobi(445): vendor/qcom/proprietary/RIDL/RIDLClient/RIDLSQL.cpp:2500: GetTransState() EBADF
06-08 16:23:07.278: I/Gobi(445): vendor/qcom/proprietary/RIDL/RIDLClient/RIDLSQL.cpp:2500: GetTransState() EBADF
06-08 16:23:07.661: D/==FindMyPhone==(26284): 1496919187661
06-08 16:23:07.722: D/com.obd.activity.MainActivity(10218): Entered onStart...
06-08 16:23:07.722: D/com.obd.activity.MainActivity(10218): Resuming..
06-08 16:23:07.726: I/System.out(10218): In ready function
06-08 16:23:07.795: I/Timeline(10218): Timeline: Activity_idle id: android.os.BinderProxy@d33af09 time:95414784
06-08 16:23:07.892: I/Timeline(1043): Timeline: Activity_windows_visible id: ActivityRecord{a096724 u0 com.obd.reader.activity/com.obd.activity.MainActivity t4070} time:95414882
06-08 16:23:08.015: I/TWILIGHT(4358): [16:23:08.014, main]: Accessibility skip 
06-08 16:23:08.665: W/toolbox(13376): type=1400 audit(0.0:4237479): avc: denied { getattr } for path="/proc/1" dev="proc" ino=9224 scontext=u:r:untrusted_app:s0:c512,c768 tcontext=u:r:init:s0 tclass=dir permissive=0 ppid=13373 pcomm="sh" tgid=13373 tgcomm="sh"
06-08 16:23:08.685: W/toolbox(13376): type=1400 audit(0.0:4237480): avc: denied { search } for name="1" dev="proc" ino=9224 scontext=u:r:untrusted_app:s0:c512,c768 tcontext=u:r:init:s0 tclass=dir permissive=0 ppid=13373 pcomm="sh" tgid=13373 tgcomm="sh"
06-08 16:23:08.685: W/toolbox(13376): type=1400 audit(0.0:4237481): avc: denied { search } for name="1" dev="proc" ino=9224 scontext=u:r:untrusted_app:s0:c512,c768 tcontext=u:r:init:s0 tclass=dir permissive=0 ppid=13373 pcomm="sh" tgid=13373 tgcomm="sh"
06-08 16:23:08.685: W/toolbox(13376): type=1400 audit(0.0:4237482): avc: denied { getattr } for path="/proc/2" dev="proc" ino=11460 scontext=u:r:untrusted_app:s0:c512,c768 tcontext=u:r:kernel:s0 tclass=dir permissive=0 ppid=13373 pcomm="sh" tgid=13373 tgcomm="sh"
06-08 16:23:08.685: W/toolbox(13376): type=1400 audit(0.0:4237483): avc: denied { search } for name="2" dev="proc" ino=11460 scontext=u:r:untrusted_app:s0:c512,c768 tcontext=u:r:kernel:s0 tclass=dir permissive=0 ppid=13373 pcomm="sh" tgid=13373 tgcomm="sh"
06-08 16:23:09.317: I/TWILIGHT(4358): [16:23:09.317, main]: Accessibility skip 
06-08 16:23:09.323: I/TWILIGHT(4358): [16:23:09.322, main]: Accessibility skip 
06-08 16:23:09.743: D/com.obd.activity.MainActivity(10218): Starting live data..
06-08 16:23:09.744: D/com.obd.activity.MainActivity(10218): Binding OBD service..
06-08 16:23:09.788: D/com.obd.activity.MainActivity(10218): ComponentInfo{com.obd.reader.activity/com.obd.reader.io.ObdGatewayService} service is bound
06-08 16:23:09.788: D/com.obd.activity.MainActivity(10218): Starting live data
06-08 16:23:09.788: D/com.obd.reader.io.ObdGatewayService(10218): Starting service..
06-08 16:23:09.788: D/com.obd.reader.io.ObdGatewayService(10218): Stopping Bluetooth discovery.
06-08 16:23:09.793: E/bt_btif_dm(9553): ### ASSERT : system/bt/main/../btif/src/btif_dm.c line 1769 unhandled search services event (6) ###
06-08 16:23:09.798: D/com.obd.reader.io.ObdGatewayService(10218): Starting OBD connection..
06-08 16:23:09.802: W/BluetoothAdapter(10218): getBluetoothService() called with no BluetoothManagerCallback
06-08 16:23:09.803: W/bt_l2cap(9553): L2CA_ErtmConnectReq()  PSM: 0x0001  BDA: 001da568988d  p_ertm_info: 0x00000000 allowed:0x0 preferred:0
06-08 16:23:09.803: W/bt_l2cap(9553): L2CAP - st: CLOSED evt: 21
06-08 16:23:09.803: W/bt_l2cap(9553): L2CAP - st: CLOSED evt: 7
06-08 16:23:09.817: W/bt_hci_packet_fragmenter(9553): reassemble_and_dispatch complete l2cap packet received:l2cap full length 12 and hci length 20.
06-08 16:23:09.817: W/bt_l2cap(9553): L2CAP - st: W4_L2CAP_CON_RSP evt: 11
06-08 16:23:09.820: W/bt_l2cap(9553): L2CAP - st: CONFIG evt: 24
06-08 16:23:09.828: W/bt_hci_packet_fragmenter(9553): reassemble_and_dispatch complete l2cap packet received:l2cap full length 12 and hci length 20.
06-08 16:23:09.829: W/bt_l2cap(9553): L2CAP - st: CONFIG evt: 14
06-08 16:23:09.829: W/bt_l2cap(9553): L2CAP - st: CONFIG evt: 25
06-08 16:23:09.829: W/bt_l2cap(9553): L2CAP-Upper layer Config_Rsp,Local CID: 0x0047,Remote CID: 0x0046,PSM:1,our MTU present:1,our MTU:768
06-08 16:23:09.831: W/bt_hci_packet_fragmenter(9553): reassemble_and_dispatch complete l2cap packet received:l2cap full length 10 and hci length 18.
06-08 16:23:09.831: W/bt_l2cap(9553): L2CAP - st: CONFIG evt: 15
06-08 16:23:09.833: W/bt_l2cap(9553): L2CAP-peer_Config_Rsp,Local CID: 0x0047,Remote CID: 0x0046,PSM: 1,peer MTU present: 0,peer MTU: 128
06-08 16:23:09.843: W/bt_hci_packet_fragmenter(9553): reassemble_and_dispatch complete l2cap packet received:l2cap full length 68 and hci length 76.
06-08 16:23:09.845: W/bt_sdp(9553): process_service_search_attr_rsp
06-08 16:23:09.845: W/bt_l2cap(9553): L2CA_DisconnectReq()  CID: 0x0047
06-08 16:23:09.853: W/bt_hci_packet_fragmenter(9553): reassemble_and_dispatch complete l2cap packet received:l2cap full length 8 and hci length 16.
06-08 16:23:09.853: W/bt_l2cap(9553): L2CAP - st: W4_L2CAP_DISC_RSP evt: 18
06-08 16:23:09.857: E/bt_rfcomm(9553): RFCOMM_CreateConnection - already opened state:2, RFC state:4, MCB state:5
06-08 16:23:09.857: E/bt_btif(9553): bta_jv_rfcomm_connect, RFCOMM_CreateConnection failed
06-08 16:23:09.858: E/bt_btif_sock_rfcomm(9553): find_rfc_slot_by_id unable to find RFCOMM slot id: 8
06-08 16:23:09.858: E/com.obd.reader.io.ObdGatewayService(10218): There was an error while establishing Bluetooth connection. Falling back..
06-08 16:23:09.858: E/com.obd.reader.io.ObdGatewayService(10218): java.io.IOException: read failed, socket might closed or timeout, read ret: -1
06-08 16:23:09.858: E/com.obd.reader.io.ObdGatewayService(10218): 	at android.bluetooth.BluetoothSocket.readAll(BluetoothSocket.java:764)
06-08 16:23:09.858: E/com.obd.reader.io.ObdGatewayService(10218): 	at android.bluetooth.BluetoothSocket.waitSocketSignal(BluetoothSocket.java:723)
06-08 16:23:09.858: E/com.obd.reader.io.ObdGatewayService(10218): 	at android.bluetooth.BluetoothSocket.connect(BluetoothSocket.java:388)
06-08 16:23:09.858: E/com.obd.reader.io.ObdGatewayService(10218): 	at com.obd.reader.io.ObdGatewayService.startObdConnection(ObdGatewayService.java:147)
06-08 16:23:09.858: E/com.obd.reader.io.ObdGatewayService(10218): 	at com.obd.reader.io.ObdGatewayService.startService(ObdGatewayService.java:108)
06-08 16:23:09.858: E/com.obd.reader.io.ObdGatewayService(10218): 	at com.obd.activity.MainActivity$3.onServiceConnected(MainActivity.java:235)
06-08 16:23:09.858: E/com.obd.reader.io.ObdGatewayService(10218): 	at android.app.LoadedApk$ServiceDispatcher.doConnected(LoadedApk.java:1227)
06-08 16:23:09.858: E/com.obd.reader.io.ObdGatewayService(10218): 	at android.app.LoadedApk$ServiceDispatcher$RunConnection.run(LoadedApk.java:1244)
06-08 16:23:09.858: E/com.obd.reader.io.ObdGatewayService(10218): 	at android.os.Handler.handleCallback(Handler.java:739)
06-08 16:23:09.858: E/com.obd.reader.io.ObdGatewayService(10218): 	at android.os.Handler.dispatchMessage(Handler.java:95)
06-08 16:23:09.858: E/com.obd.reader.io.ObdGatewayService(10218): 	at android.os.Looper.loop(Looper.java:234)
06-08 16:23:09.858: E/com.obd.reader.io.ObdGatewayService(10218): 	at android.app.ActivityThread.main(ActivityThread.java:5526)
06-08 16:23:09.858: E/com.obd.reader.io.ObdGatewayService(10218): 	at java.lang.reflect.Method.invoke(Native Method)
06-08 16:23:09.858: E/com.obd.reader.io.ObdGatewayService(10218): 	at com.android.internal.os.ZygoteInit$MethodAndArgsCaller.run(ZygoteInit.java:726)
06-08 16:23:09.858: E/com.obd.reader.io.ObdGatewayService(10218): 	at com.android.internal.os.ZygoteInit.main(ZygoteInit.java:616)
06-08 16:23:09.860: W/BluetoothAdapter(10218): getBluetoothService() called with no BluetoothManagerCallback
06-08 16:23:09.861: E/bt_rfcomm(9553): RFCOMM_CreateConnection - already opened state:2, RFC state:4, MCB state:5
06-08 16:23:09.861: E/bt_btif(9553): bta_jv_rfcomm_connect, RFCOMM_CreateConnection failed
06-08 16:23:09.861: E/bt_btif_sock_rfcomm(9553): find_rfc_slot_by_id unable to find RFCOMM slot id: 9
06-08 16:23:09.862: E/com.obd.reader.io.ObdGatewayService(10218): Couldn't fallback while establishing Bluetooth connection. Stopping app..
06-08 16:23:09.862: E/com.obd.reader.io.ObdGatewayService(10218): java.io.IOException: read failed, socket might closed or timeout, read ret: -1
06-08 16:23:09.862: E/com.obd.reader.io.ObdGatewayService(10218): 	at android.bluetooth.BluetoothSocket.readAll(BluetoothSocket.java:764)
06-08 16:23:09.862: E/com.obd.reader.io.ObdGatewayService(10218): 	at android.bluetooth.BluetoothSocket.waitSocketSignal(BluetoothSocket.java:723)
06-08 16:23:09.862: E/com.obd.reader.io.ObdGatewayService(10218): 	at android.bluetooth.BluetoothSocket.connect(BluetoothSocket.java:388)
06-08 16:23:09.862: E/com.obd.reader.io.ObdGatewayService(10218): 	at com.obd.reader.io.ObdGatewayService.startObdConnection(ObdGatewayService.java:159)
06-08 16:23:09.862: E/com.obd.reader.io.ObdGatewayService(10218): 	at com.obd.reader.io.ObdGatewayService.startService(ObdGatewayService.java:108)
06-08 16:23:09.862: E/com.obd.reader.io.ObdGatewayService(10218): 	at com.obd.activity.MainActivity$3.onServiceConnected(MainActivity.java:235)
06-08 16:23:09.862: E/com.obd.reader.io.ObdGatewayService(10218): 	at android.app.LoadedApk$ServiceDispatcher.doConnected(LoadedApk.java:1227)
06-08 16:23:09.862: E/com.obd.reader.io.ObdGatewayService(10218): 	at android.app.LoadedApk$ServiceDispatcher$RunConnection.run(LoadedApk.java:1244)
06-08 16:23:09.862: E/com.obd.reader.io.ObdGatewayService(10218): 	at android.os.Handler.handleCallback(Handler.java:739)
06-08 16:23:09.862: E/com.obd.reader.io.ObdGatewayService(10218): 	at android.os.Handler.dispatchMessage(Handler.java:95)
06-08 16:23:09.862: E/com.obd.reader.io.ObdGatewayService(10218): 	at android.os.Looper.loop(Looper.java:234)
06-08 16:23:09.862: E/com.obd.reader.io.ObdGatewayService(10218): 	at android.app.ActivityThread.main(ActivityThread.java:5526)
06-08 16:23:09.862: E/com.obd.reader.io.ObdGatewayService(10218): 	at java.lang.reflect.Method.invoke(Native Method)
06-08 16:23:09.862: E/com.obd.reader.io.ObdGatewayService(10218): 	at com.android.internal.os.ZygoteInit$MethodAndArgsCaller.run(ZygoteInit.java:726)
06-08 16:23:09.862: E/com.obd.reader.io.ObdGatewayService(10218): 	at com.android.internal.os.ZygoteInit.main(ZygoteInit.java:616)
06-08 16:23:09.862: D/com.obd.reader.io.ObdGatewayService(10218): Stopping service..
06-08 16:23:09.862: E/com.obd.reader.io.ObdGatewayService(10218): There was an error while establishing connection. -> null
06-08 16:23:09.862: D/com.obd.reader.io.ObdGatewayService(10218): Stopping service..
06-08 16:23:09.863: E/com.obd.activity.MainActivity(10218): Failure Starting live data
06-08 16:23:09.864: D/com.obd.activity.MainActivity(10218): Unbinding OBD service..
06-08 16:23:09.867: W/InputMethodManagerService(1043): Window already focused, ignoring focus gain of: com.android.internal.view.IInputMethodClient$Stub$Proxy@465149c attribute=null, token = android.os.BinderProxy@8e4a89
06-08 16:23:09.937: I/TWILIGHT(4358): [16:23:09.937, main]: Accessibility skip 
06-08 16:23:10.135: I/TWILIGHT(4358): [16:23:10.134, main]: Accessibility skip 
06-08 16:23:10.681: D/==FindMyPhone==(26284): 1496919190681
06-08 16:23:12.256: I/ActivityManager(1043): Killing 12308:com.mobisystems.ubreader_west/u0a11 (adj 15): empty #17
06-08 16:23:12.717: D/ConnectivityService(1043): notifyType CAP_CHANGED for NetworkAgentInfo [WIFI () - 142]
06-08 16:23:13.132: V/NativeCrypto(4881): SSL shutdown failed: ssl=0x996c4280: I/O error during system call, Connection timed out
06-08 16:23:13.719: D/==FindMyPhone==(26284): 1496919193719
06-08 16:23:14.242: D/PhoneStatusBar(3287): disable: < expand ICONS* alerts SYSTEM_INFO* back home recent clock search quick_settings >
06-08 16:23:14.598: I/TWILIGHT(4358): [16:23:14.598, main]: Accessibility skip 
06-08 16:23:14.893: D/ConnectivityManager(3287): getMobileDataEnabled()+ subId=1
06-08 16:23:14.894: D/PhoneInterfaceManager(3930): [PhoneIntfMgr] getDataEnabled: subId=1 phoneId=0
06-08 16:23:14.895: D/PhoneInterfaceManager(3930): [PhoneIntfMgr] getDataEnabled: subId=1 retVal=false
06-08 16:23:14.895: D/ConnectivityManager(3287): getMobileDataEnabled()- subId=1 retVal=false
06-08 16:23:14.899: D/ConnectivityManager(3287): getMobileDataEnabled()+ subId=1
06-08 16:23:14.905: D/PhoneInterfaceManager(3930): [PhoneIntfMgr] getDataEnabled: subId=1 phoneId=0
06-08 16:23:14.916: D/PhoneInterfaceManager(3930): [PhoneIntfMgr] getDataEnabled: subId=1 retVal=false
06-08 16:23:14.917: D/ConnectivityManager(3287): getMobileDataEnabled()- subId=1 retVal=false
06-08 16:23:14.922: D/ConnectivityManager(3287): getMobileDataEnabled()+ subId=1
06-08 16:23:14.922: D/PhoneInterfaceManager(3930): [PhoneIntfMgr] getDataEnabled: subId=1 phoneId=0
06-08 16:23:14.923: D/PhoneInterfaceManager(3930): [PhoneIntfMgr] getDataEnabled: subId=1 retVal=false
06-08 16:23:14.923: D/ConnectivityManager(3287): getMobileDataEnabled()- subId=1 retVal=false
06-08 16:23:15.742: D/ConnectivityService(1043): notifyType CAP_CHANGED for NetworkAgentInfo [WIFI () - 142]
06-08 16:23:16.026: I/TWILIGHT(4358): [16:23:16.025, main]: Accessibility skip 
06-08 16:23:16.743: D/==FindMyPhone==(26284): 1496919196743
06-08 16:23:17.280: I/Gobi(445): vendor/qcom/proprietary/RIDL/RIDLClient/RIDLSQL.cpp:2500: GetTransState() EBADF
06-08 16:23:17.281: I/Gobi(445): vendor/qcom/proprietary/RIDL/RIDLClient/MainCore.cpp:1550: Failed to get TransState, rc 9
06-08 16:23:17.281: I/Gobi(445): vendor/qcom/proprietary/RIDL/RIDLClient/RIDLSQL.cpp:2500: GetTransState() EBADF
06-08 16:23:17.281: I/Gobi(445): vendor/qcom/proprietary/RIDL/RIDLClient/RIDLSQL.cpp:2500: GetTransState() EBADF
06-08 16:23:18.060: I/TWILIGHT(4358): [16:23:18.059, main]: Accessibility skip 
06-08 16:23:18.695: W/toolbox(13444): type=1400 audit(0.0:4238295): avc: denied { getattr } for path="/proc/1" dev="proc" ino=9224 scontext=u:r:untrusted_app:s0:c512,c768 tcontext=u:r:init:s0 tclass=dir permissive=0 ppid=13441 pcomm="sh" tgid=13441 tgcomm="sh"
06-08 16:23:18.695: W/toolbox(13444): type=1400 audit(0.0:4238296): avc: denied { search } for name="1" dev="proc" ino=9224 scontext=u:r:untrusted_app:s0:c512,c768 tcontext=u:r:init:s0 tclass=dir permissive=0 ppid=13441 pcomm="sh" tgid=13441 tgcomm="sh"
06-08 16:23:18.695: W/toolbox(13444): type=1400 audit(0.0:4238297): avc: denied { search } for name="1" dev="proc" ino=9224 scontext=u:r:untrusted_app:s0:c512,c768 tcontext=u:r:init:s0 tclass=dir permissive=0 ppid=13441 pcomm="sh" tgid=13441 tgcomm="sh"
06-08 16:23:18.695: W/toolbox(13444): type=1400 audit(0.0:4238298): avc: denied { getattr } for path="/proc/2" dev="proc" ino=11460 scontext=u:r:untrusted_app:s0:c512,c768 tcontext=u:r:kernel:s0 tclass=dir permissive=0 ppid=13441 pcomm="sh" tgid=13441 tgcomm="sh"
06-08 16:23:18.695: W/toolbox(13444): type=1400 audit(0.0:4238299): avc: denied { search } for name="2" dev="proc" ino=11460 scontext=u:r:untrusted_app:s0:c512,c768 tcontext=u:r:kernel:s0 tclass=dir permissive=0 ppid=13441 pcomm="sh" tgid=13441 tgcomm="sh"
06-08 16:23:18.850: E/NetlinkEvent(398): NetlinkEvent::FindParam(): Parameter 'TIME_NS' not found
06-08 16:23:18.850: E/NetlinkEvent(398): NetlinkEvent::FindParam(): Parameter 'UID' not found
06-08 16:23:19.755: D/==FindMyPhone==(26284): 1496919199753
06-08 16:23:19.795: D/WifiService(1043): acquireWifiLockLocked: WifiLock{NlpWifiLock type=2 binder=android.os.BinderProxy@f176523}
06-08 16:23:19.947: I/TWILIGHT(4358): [16:23:19.947, main]: Accessibility skip 
06-08 16:23:21.018: I/TWILIGHT(4358): [16:23:21.017, main]: Accessibility skip 
06-08 16:23:21.425: V/NativeCrypto(4881): SSL shutdown failed: ssl=0x985da580: I/O error during system call, Connection timed out
06-08 16:23:21.775: D/ConnectivityService(1043): notifyType CAP_CHANGED for NetworkAgentInfo [WIFI () - 142]
06-08 16:23:22.134: I/TWILIGHT(4358): [16:23:22.134, main]: Accessibility skip 
06-08 16:23:22.794: D/==FindMyPhone==(26284): 1496919202794
06-08 16:23:22.876: I/ActivityManager(1043): START u0 {act=android.settings.BLUETOOTH_SETTINGS flg=0x14000000 cmp=com.android.settings/.Settings$BluetoothSettingsActivity} from uid 10034 on display 0
06-08 16:23:22.894: W/InputMethodManagerService(1043): Window already focused, ignoring focus gain of: com.android.internal.view.IInputMethodClient$Stub$Proxy@8a55e2a attribute=null, token = android.os.BinderProxy@8e4a89
06-08 16:23:22.933: D/com.obd.activity.MainActivity(10218): Pausing..
06-08 16:23:22.949: V/BoostFramework(1043): BoostFramework() : mPerf = com.qualcomm.qti.Performance@1a03a0b
06-08 16:23:22.949: I/ActivityManager(1043): Start proc 13497:com.android.settings/1000 for activity com.android.settings/.Settings$BluetoothSettingsActivity
06-08 16:23:23.056: I/art(1043): Background partial concurrent mark sweep GC freed 128204(7MB) AllocSpace objects, 21(828KB) LOS objects, 24% free, 50MB/66MB, paused 3.328ms total 139.735ms
06-08 16:23:23.076: W/System(13497): ClassLoader referenced unknown path: /system/priv-app/Settings/lib/arm
06-08 16:23:23.152: I/TWILIGHT(4358): [16:23:23.152, main]: Accessibility skip 
06-08 16:23:23.222: D/BluetoothManagerService(1043): Message: 20
06-08 16:23:23.222: D/BluetoothManagerService(1043): Added callback: android.bluetooth.IBluetoothManagerCallback$Stub$Proxy@aa32e71:true
06-08 16:23:23.227: D/LocalBluetoothProfileManager(13497): Adding local A2DP SRC profile
06-08 16:23:23.228: D/BluetoothManagerService(1043): Message: 30
06-08 16:23:23.230: D/LocalBluetoothProfileManager(13497): Adding local HEADSET profile
06-08 16:23:23.231: D/BluetoothManagerService(1043): Message: 30
06-08 16:23:23.235: D/BluetoothManagerService(1043): Message: 30
06-08 16:23:23.237: D/BluetoothManagerService(1043): Message: 30
06-08 16:23:23.239: D/LocalBluetoothProfileManager(13497): Adding local MAP profile
06-08 16:23:23.239: D/BluetoothMap(13497): Create BluetoothMap proxy object
06-08 16:23:23.239: D/BluetoothManagerService(1043): Message: 30
06-08 16:23:23.243: D/BluetoothManagerService(1043): Message: 30
06-08 16:23:23.244: D/LocalBluetoothProfileManager(13497): LocalBluetoothProfileManager construction complete
06-08 16:23:23.301: D/WifiService(1043): acquireWifiLockLocked: WifiLock{NlpWifiLock type=2 binder=android.os.BinderProxy@354b951}
06-08 16:23:23.363: E/NetlinkEvent(398): NetlinkEvent::FindParam(): Parameter 'TIME_NS' not found
06-08 16:23:23.363: E/NetlinkEvent(398): NetlinkEvent::FindParam(): Parameter 'UID' not found
06-08 16:23:23.484: D/A2dpService(9553): getA2DPService(): returning com.android.bluetooth.a2dp.A2dpService@8943f02
06-08 16:23:23.485: I/A2dpService(9553): audio isMusicActive is false
06-08 16:23:23.485: I/BluetoothAdapterService(9553): setScanMode: prev mode: 21 new mode: 23
06-08 16:23:23.486: D/BluetoothAdapterProperties(9553): Discoverable Timeout:300
06-08 16:23:23.488: D/BluetoothAdapterProperties(9553): Scan Mode:23
06-08 16:23:23.489: W/OpenGLRenderer(3287): Incorrectly called buildLayer on View: FrameLayout, destroying layer...
06-08 16:23:23.489: W/OpenGLRenderer(3287): Incorrectly called buildLayer on View: SplitClockView, destroying layer...
06-08 16:23:23.508: D/PhoneStatusBar(3287): disable: < expand icons* alerts system_info* back home recent clock search quick_settings >
06-08 16:23:23.513: D/LocalBluetoothManager(13497): setting foreground activity to non-null context
06-08 16:23:23.910: D/A2dpService(9553): getA2DPService(): returning com.android.bluetooth.a2dp.A2dpService@8943f02
06-08 16:23:23.910: I/A2dpService(9553): audio isMusicActive is false
06-08 16:23:23.910: E/bt_btif(9553): bte_scan_filt_param_cfg_evt, 1
06-08 16:23:23.910: E/bt_btif(9553): bte_scan_filt_param_cfg_evt, 1
06-08 16:23:23.910: W/bt_btif(9553): bta_dm_check_av:0
06-08 16:23:23.917: D/WifiService(1043): releaseWifiLockLocked: WifiLock{NlpWifiLock type=2 binder=android.os.BinderProxy@354b951}
06-08 16:23:23.918: D/A2dpService(9553): getA2DPService(): returning com.android.bluetooth.a2dp.A2dpService@8943f02
06-08 16:23:23.918: I/A2dpService(9553): audio isMusicActive is false
06-08 16:23:23.918: I/BluetoothAdapterService(9553): setScanMode: prev mode: 23 new mode: 23
06-08 16:23:23.919: D/BluetoothAdapterProperties(9553): Discoverable Timeout:300
06-08 16:23:23.919: D/BluetoothAdapterProperties(9553): Scan Mode:23
06-08 16:23:23.929: D/OpenGLRenderer(13497): Use EGL_SWAP_BEHAVIOR_PRESERVED: true
06-08 16:23:23.935: V/OSNPGlue_jni(1043): Entering  : void onJavaLocationChanged(JNIEnv*, jobject, jboolean, jlong, jboolean, jlong, jboolean, jdouble, jboolean, jdouble, jboolean, jfloat, jboolean, jdouble, jboolean, jfloat, jboolean, jfloat)
06-08 16:23:23.937: D/Network(10218): Got Location Updates 18.5091038 73.7919162
06-08 16:23:23.942: D/BluetoothA2dp(13497): Proxy object connected
06-08 16:23:23.943: I/A2dpStateMachine(9553): mConnectedDevicesList size is 0
06-08 16:23:23.943: D/BluetoothHeadset(13497): Proxy object connected
06-08 16:23:23.943: D/HeadsetProfile(13497): Bluetooth service connected
06-08 16:23:23.943: D/BluetoothHeadset(13497): getConnectedDevices()
06-08 16:23:23.973: I/System.out(10218): Device IMEI is 352494060195210
06-08 16:23:23.973: D/WifiService(1043): releaseWifiLockLocked: WifiLock{NlpWifiLock type=2 binder=android.os.BinderProxy@f176523}
06-08 16:23:23.975: D/BluetoothInputDevice(13497): Proxy object connected
06-08 16:23:23.975: D/HidProfile(13497): Bluetooth service connected
06-08 16:23:23.982: D/BluetoothPan(13497): BluetoothPAN Proxy object connected
06-08 16:23:23.982: D/PanProfile(13497): Bluetooth service connected
06-08 16:23:23.982: D/BluetoothMap(13497): Proxy object connected
06-08 16:23:23.982: D/MapProfile(13497): Bluetooth service connected
06-08 16:23:23.983: D/BluetoothMap(13497): getConnectedDevices()
06-08 16:23:23.988: D/BluetoothPbap(13497): Proxy object connected
06-08 16:23:23.989: D/Network(10218): Got Location Updates 18.5091038 73.7919162
06-08 16:23:23.989: D/PbapServerProfile(13497): Bluetooth service connected
06-08 16:23:23.996: I/System.out(10218): Device IMEI is 352494060195210
06-08 16:23:24.002: I/Choreographer(13497): Skipped 30 frames!  The application may be doing too much work on its main thread.
06-08 16:23:24.016: I/IndexDatabaseHelper(13497): Using schema version: 115
06-08 16:23:24.021: W/ctxmgr(4881): [AclManager]No 2 for (accnt=account#1618635401#, com.google.android.gms(10030):UserLocationProducer, vrsn=11055000, 0, 3pPkg = null ,  3pMdlId = null ,  pid = 4881). Was: 2 for 1, account#1618635401#
06-08 16:23:24.032: W/ProcessCpuTracker(1043): Skipping unknown process pid 13491
06-08 16:23:24.032: W/ProcessCpuTracker(1043): Skipping unknown process pid 13492
06-08 16:23:24.033: W/ProcessCpuTracker(1043): Skipping unknown process pid 13495
06-08 16:23:24.033: W/ProcessCpuTracker(1043): Skipping unknown process pid 13496
06-08 16:23:24.036: W/ProcessCpuTracker(1043): Skipping unknown process pid 13516
06-08 16:23:24.041: I/Adreno-EGL(13497): <qeglDrvAPI_eglInitialize:379>: EGL 1.4 QUALCOMM build: Nondeterministic_AU_msm8974_LA.BF.1.1.3_RB1__release_AU (I741a3d36ca)
06-08 16:23:24.041: I/Adreno-EGL(13497): OpenGL ES Shader Compiler Version: E031.29.00.00
06-08 16:23:24.041: I/Adreno-EGL(13497): Build Date: 04/04/16 Mon
06-08 16:23:24.041: I/Adreno-EGL(13497): Local Branch: mybranch19053788
06-08 16:23:24.041: I/Adreno-EGL(13497): Remote Branch: quic/LA.BF.1.1.3_rb1.12
06-08 16:23:24.041: I/Adreno-EGL(13497): Local Patches: NONE
06-08 16:23:24.041: I/Adreno-EGL(13497): Reconstruct Branch: NOTHING
06-08 16:23:24.044: I/OpenGLRenderer(13497): Initialized EGL, version 1.4
06-08 16:23:24.045: I/IndexDatabaseHelper(13497): Index is fine
06-08 16:23:24.068: D/Index(13497): Deleting data for locale 'en_IN' took 23 millis
06-08 16:23:24.112: V/BluetoothDiscoveryReceiver(13497): Received: android.bluetooth.adapter.action.DISCOVERY_STARTED
06-08 16:23:24.127: W/art(29500): Suspending all threads took: 6.770ms
06-08 16:23:24.154: D/Index(13497): Indexing locale 'en_IN' took 86 millis
06-08 16:23:24.257: I/TWILIGHT(4358): [16:23:24.257, main]: Accessibility skip 
06-08 16:23:24.315: I/ActivityManager(1043): Displayed com.android.settings/.Settings$BluetoothSettingsActivity: +1s378ms
06-08 16:23:24.315: I/Timeline(1043): Timeline: Activity_windows_visible id: ActivityRecord{1e4dccc u0 com.android.settings/.Settings$BluetoothSettingsActivity t4071} time:95431305
06-08 16:23:24.604: I/TWILIGHT(4358): [16:23:24.603, main]: Accessibility skip 
06-08 16:23:24.609: I/TWILIGHT(4358): [16:23:24.609, main]: Accessibility skip 
06-08 16:23:24.811: D/ConnectivityService(1043): notifyType CAP_CHANGED for NetworkAgentInfo [WIFI () - 142]
06-08 16:23:25.155: W/bt_btm(9553): btm_process_inq_results: BDA: 6a-6f-92-24-62-61
06-08 16:23:25.155: W/bt_btm(9553): btm_process_inq_results: Dev class: 5a-02-04
06-08 16:23:25.178: D/BluetoothRemoteDevices(9553): Remote Address is:6A:6F:92:24:62:61
06-08 16:23:25.179: D/BluetoothRemoteDevices(9553): Remote Device name is: ARC Lite FM
06-08 16:23:25.181: D/BluetoothRemoteDevices(9553): Remote class is:5898756
06-08 16:23:25.183: D/BluetoothRemoteDevices(9553): deviceFoundCallback: Remote Address is:6A:6F:92:24:62:61
06-08 16:23:25.195: D/BluetoothEventManager(3287): DeviceFoundHandler created new CachedBluetoothDevice: 6A:6F:92:24:62:61
06-08 16:23:25.212: D/BluetoothEventManager(13497): DeviceFoundHandler created new CachedBluetoothDevice: 6A:6F:92:24:62:61
06-08 16:23:25.830: D/==FindMyPhone==(26284): 1496919205830
06-08 16:23:27.169: I/TWILIGHT(4358): [16:23:27.169, main]: Accessibility skip 
06-08 16:23:27.290: I/Gobi(445): vendor/qcom/proprietary/RIDL/RIDLClient/RIDLSQL.cpp:2500: GetTransState() EBADF
06-08 16:23:27.291: I/Gobi(445): vendor/qcom/proprietary/RIDL/RIDLClient/MainCore.cpp:1550: Failed to get TransState, rc 9
06-08 16:23:27.291: I/Gobi(445): vendor/qcom/proprietary/RIDL/RIDLClient/RIDLSQL.cpp:2500: GetTransState() EBADF
06-08 16:23:27.291: I/Gobi(445): vendor/qcom/proprietary/RIDL/RIDLClient/RIDLSQL.cpp:2500: GetTransState() EBADF
06-08 16:23:28.279: I/TWILIGHT(4358): [16:23:28.279, main]: Accessibility skip 
06-08 16:23:28.715: W/toolbox(13570): type=1400 audit(0.0:4239084): avc: denied { getattr } for path="/proc/1" dev="proc" ino=9224 scontext=u:r:untrusted_app:s0:c512,c768 tcontext=u:r:init:s0 tclass=dir permissive=0 ppid=13567 pcomm="sh" tgid=13567 tgcomm="sh"
06-08 16:23:28.715: W/toolbox(13570): type=1400 audit(0.0:4239085): avc: denied { search } for name="1" dev="proc" ino=9224 scontext=u:r:untrusted_app:s0:c512,c768 tcontext=u:r:init:s0 tclass=dir permissive=0 ppid=13567 pcomm="sh" tgid=13567 tgcomm="sh"
06-08 16:23:28.715: W/toolbox(13570): type=1400 audit(0.0:4239086): avc: denied { search } for name="1" dev="proc" ino=9224 scontext=u:r:untrusted_app:s0:c512,c768 tcontext=u:r:init:s0 tclass=dir permissive=0 ppid=13567 pcomm="sh" tgid=13567 tgcomm="sh"
06-08 16:23:28.715: W/toolbox(13570): type=1400 audit(0.0:4239087): avc: denied { getattr } for path="/proc/2" dev="proc" ino=11460 scontext=u:r:untrusted_app:s0:c512,c768 tcontext=u:r:kernel:s0 tclass=dir permissive=0 ppid=13567 pcomm="sh" tgid=13567 tgcomm="sh"
06-08 16:23:28.715: W/toolbox(13570): type=1400 audit(0.0:4239088): avc: denied { search } for name="2" dev="proc" ino=11460 scontext=u:r:untrusted_app:s0:c512,c768 tcontext=u:r:kernel:s0 tclass=dir permissive=0 ppid=13567 pcomm="sh" tgid=13567 tgcomm="sh"
06-08 16:23:28.870: D/==FindMyPhone==(26284): 1496919208870
06-08 16:23:29.502: I/TWILIGHT(4358): [16:23:29.501, main]: Accessibility skip 
06-08 16:23:29.674: E/bt_btif(9553): bte_scan_filt_param_cfg_evt, 1
06-08 16:23:29.677: D/CachedBluetoothDevice(13497): No profiles. Maybe we will connect later
06-08 16:23:29.691: V/BluetoothDiscoveryReceiver(13497): Received: android.bluetooth.adapter.action.DISCOVERY_FINISHED
06-08 16:23:29.832: I/Timeline(13497): Timeline: Activity_idle id: android.os.BinderProxy@f96faf7 time:95436822
06-08 16:23:30.076: I/TWILIGHT(4358): [16:23:30.075, main]: Accessibility skip 
06-08 16:23:31.165: D/LocalBluetoothManager(13497): setting foreground activity to non-null context
06-08 16:23:31.167: D/DeviceProfilesSettings(13497): addPreferencesForProfiles: pbapPermission = 2
06-08 16:23:31.195: D/DeviceProfilesSettings(13497): addPreferencesForProfiles: mapPermission = 0
06-08 16:23:31.514: I/TWILIGHT(4358): [16:23:31.513, main]: Accessibility skip 
06-08 16:23:31.521: I/TWILIGHT(4358): [16:23:31.521, main]: Accessibility skip 
06-08 16:23:31.566: I/TWILIGHT(4358): [16:23:31.566, main]: Accessibility skip 
06-08 16:23:31.912: D/==FindMyPhone==(26284): 1496919211912
06-08 16:23:32.674: D/CachedBluetoothDevice(13497): Command sent successfully:REMOVE_BOND Address:00:1D:A5:68:98:8D
06-08 16:23:32.684: I/BluetoothBondStateMachine(9553): Entering PendingCommandState State
06-08 16:23:32.684: E/bt_btif(9553): btif_hh_virtual_unplug: Error, device 00:1D:A5:68:98:8D not opened.
06-08 16:23:32.684: W/bt_utils(9553): Device doesn't exist in the list
06-08 16:23:32.703: D/Index(13497): Indexing locale 'en_IN' took 22 millis
06-08 16:23:32.717: D/LocalBluetoothManager(13497): setting foreground activity to null
06-08 16:23:32.768: W/bt_rfcomm(9553): port_rfc_closed RFCOMM connection in state 2 closed: Peer connection failed (res: 16)
06-08 16:23:32.768: E/bt_btif_sock_rfcomm(9553): find_rfc_slot_by_id unable to find RFCOMM slot id: 5
06-08 16:23:32.777: I/bt_btm_sec(9553): btm_sec_disconnected clearing pending flag handle:12 reason:22
06-08 16:23:32.777: W/bt_l2cap(9553): L2CA_SetDesireRole() new:x0, disallow_switch:0
06-08 16:23:32.777: W/bt_l2cap(9553): L2CA_SetDesireRole() new:x0, disallow_switch:0
06-08 16:23:32.784: E/BluetoothRemoteDevices(9553): state12newState1
06-08 16:23:32.784: D/BluetoothRemoteDevices(9553): aclStateChangeCallback: sending ACL disconnected intent
06-08 16:23:32.784: D/BluetoothRemoteDevices(9553): aclStateChangeCallback: State:DisConnected to Device:00:1D:A5:68:98:8D
06-08 16:23:32.785: I/bt_btif_hh(9553): btif_hh_remove_device: bda = 00:1d:a5:68:98:8d
06-08 16:23:32.785: W/bt_btif(9553):  Oops, can't find device [00:1d:a5:68:98:8d]
06-08 16:23:32.786: D/BluetoothMapService(9553): onReceive
06-08 16:23:32.786: D/BluetoothMapService(9553): onReceive: android.bluetooth.device.action.ACL_DISCONNECTED
06-08 16:23:32.788: V/BluetoothPbapService(9553): action: android.bluetooth.device.action.ACL_DISCONNECTED
06-08 16:23:32.795: W/bt_btif(9553): BTA got unregistered event id 20
06-08 16:23:32.802: I/ActivityManager(1043): Start proc 13618:com.skype.raider/u0a257 for broadcast com.skype.raider/com.skype.android.audio.BluetoothReceiver
06-08 16:23:32.840: I/BluetoothBondStateMachine(9553): bondStateChangeCallback: Status: 0 Address: 00:1D:A5:68:98:8D newState: 0
06-08 16:23:32.840: D/BluetoothAdapterProperties(9553): Removing bonded device:00:1D:A5:68:98:8D
06-08 16:23:32.843: I/BluetoothBondStateMachine(9553): Bond State Change Intent:00:1D:A5:68:98:8D OldState: 12 NewState: 10
06-08 16:23:32.882: D/A2dpService(9553): getA2DPService(): returning com.android.bluetooth.a2dp.A2dpService@8943f02
06-08 16:23:32.885: D/A2dpService(9553): Saved priority 00:1D:A5:68:98:8D = -1
06-08 16:23:32.888: I/BluetoothBondStateMachine(9553): StableState(): Entering Off State
06-08 16:23:32.901: W/CursorWrapperInner(9553): Cursor finalized without prior close()
06-08 16:23:32.904: W/BluetoothEventManager(3287): showUnbondMessage: Not displaying any message for reason: 0
06-08 16:23:32.908: V/KeyValueBackupJob(1043): Scheduling k/v pass in 242 minutes
06-08 16:23:32.929: I/SkypePerf(13618): startup start
06-08 16:23:32.963: I/TWILIGHT(4358): [16:23:32.962, main]: Accessibility skip 
06-08 16:23:33.071: D/QcrilMsgTunnelSocket(4353): readRilMessage: Buffer = [B@c379f6d HexData = [010000000404000011000000514f454d484f4f4bef0308000100000003]
06-08 16:23:33.071: D/QcrilMsgTunnelSocket(4353): Rcvd UNSOL response with 28 bytes data for SUB0
06-08 16:23:33.071: D/QcrilMsgTunnelSocket(4353): Response ID 525295 is not served in this process.
06-08 16:23:33.071: D/QcrilMsgTunnelSocket(4353): To broadcast an Intent via the notifier to external apps
06-08 16:23:33.071: D/QcrilMsgTunnelIfaceManager(4353): handleMessage what = 0
06-08 16:23:33.072: D/QC_RIL_OEM_HOOK(3930): Received Broadcast Intent ACTION_UNSOL_RESPONSE_OEM_HOOK_RAW
06-08 16:23:33.072: D/QC_RIL_OEM_HOOK(3930): Oem ID in QCRILHOOK UNSOL RESP is QOEMHOOK
06-08 16:23:33.093: W/BluetoothEventManager(13497): showUnbondMessage: Not displaying any message for reason: 0
06-08 16:23:33.097: V/ConfigResourceUtil(3930): resourceName = config_spn_display_control resourceId = 2130837514resourceValue = false
06-08 16:23:33.239: D//null:-1(13618): main Configuring Logging, minimum log level is INFO
06-08 16:23:33.284: W/linker(13618): /data/app/com.skype.raider-1/lib/arm/libSkyLib-Version-2015-03-01-482.so: is missing DT_SONAME will use basename as a replacement: "libSkyLib-Version-2015-03-01-482.so"
06-08 16:23:33.305: W/linker(13618): /data/app/com.skype.raider-1/lib/arm/libSkyLib-Version-2015-03-01-482.so has text relocations. This is wasting memory and prevents security hardening. Please fix.
06-08 16:23:33.370: V/skype_jni(13618): jni_CallDevice::jni_CallDevice()
06-08 16:23:33.370: V/skype_jni(13618): jni_CallDevice::Init()
06-08 16:23:33.370: E/skype_jni(13618): g_jniCallback == 0
06-08 16:23:33.370: E/skype_jni(13618): g_pcmInit == 0
06-08 16:23:33.456: I/TWILIGHT(4358): [16:23:33.456, main]: Accessibility skip 
06-08 16:23:33.474: V/skype_jni(13618): JNI Init
06-08 16:23:33.474: V/skype_jni(13618): jniSetup
06-08 16:23:33.474: V/skype_jni(13618): jniSetup_HwOffload
06-08 16:23:33.489: D/WifiService(1043): New client listening to asynchronous messages
06-08 16:23:33.506: W/VideoCapabilities(13618): Unrecognized profile 2130706433 for video/avc
06-08 16:23:33.514: W/AudioCapabilities(13618): Unsupported mime audio/alac
06-08 16:23:33.514: W/AudioCapabilities(13618): Unsupported mime audio/dsd
06-08 16:23:33.522: W/VideoCapabilities(13618): Unsupported mime video/divx
06-08 16:23:33.524: W/VideoCapabilities(13618): Unsupported mime video/divx311
06-08 16:23:33.526: W/VideoCapabilities(13618): Unsupported mime video/divx4
06-08 16:23:33.535: W/VideoCapabilities(13618): Unsupported mime video/mp4v-esdp
06-08 16:23:33.550: I/VideoCapabilities(13618): Unsupported profile 4 for video/mp4v-es
06-08 16:23:33.555: W/VideoCapabilities(13618): Unrecognized profile 2130706433 for video/avc
06-08 16:23:33.581: I/libcamera(402): HAL_getCameraInfo: E cameraId=0
06-08 16:23:33.581: I/libcamera(402): HAL_getCameraInfo: X
06-08 16:23:33.582: I/libcamera(402): HAL_getCameraInfo: E cameraId=1
06-08 16:23:33.582: I/libcamera(402): HAL_getCameraInfo: X
06-08 16:23:33.669: I/libcamera(402): HAL_getCameraInfo: E cameraId=0
06-08 16:23:33.670: I/libcamera(402): HAL_getCameraInfo: X
06-08 16:23:33.671: I/libcamera(402): HAL_getCameraInfo: E cameraId=1
06-08 16:23:33.671: I/libcamera(402): HAL_getCameraInfo: X
06-08 16:23:33.673: I/libcamera(402): HAL_getCameraInfo: E cameraId=0
06-08 16:23:33.673: I/libcamera(402): HAL_getCameraInfo: X
06-08 16:23:33.816: D/BluetoothManagerService(1043): Message: 20
06-08 16:23:33.816: D/BluetoothManagerService(1043): Added callback: android.bluetooth.IBluetoothManagerCallback$Stub$Proxy@dd68808:true
06-08 16:23:33.821: I/ActivityManager(1043): Killing 12328:com.mxtech.videoplayer.ad/u0a10 (adj 15): empty #17
06-08 16:23:33.848: W/System(13618): ClassLoader referenced unknown path: /system/framework/tcmclient.jar
06-08 16:23:33.849: W/System(13618): ClassLoader referenced unknown path: /system/framework/com.qualcomm.qti.GBAHttpAuthentication.jar
06-08 16:23:33.938: W/ContextImpl(29998): Calling a method in the system process without a qualified user: android.app.ContextImpl.startService:1207 android.content.ContextWrapper.startService:581 android.content.ContextWrapper.startService:581 com.sonymobile.tvout.wifidisplay.bluetooth.BtListenService$BtIntentReceiver.handleBroadcastIntent:746 com.sonymobile.tvout.wifidisplay.common.BaseReceiver$IntentHandler.run:85 
06-08 16:23:33.939: I/art(29998): Rejecting re-init on previously-failed class java.lang.Class<com.sonymobile.wifidisplay.sink.WfdInterface>
06-08 16:23:34.731: I/TWILIGHT(4358): [16:23:34.730, main]: Accessibility skip 
06-08 16:23:34.934: D/==FindMyPhone==(26284): 1496919214932
06-08 16:23:34.965: I/art(10218): Waiting for a blocking GC DisableMovingGc
06-08 16:23:34.972: I/art(10218): WaitForGcToComplete blocked for 7.141ms for cause DisableMovingGc
06-08 16:23:34.972: I/art(10218): Starting a blocking GC DisableMovingGc
06-08 16:23:35.130: I/System.out(13618): There is callback from service
06-08 16:23:37.300: I/Gobi(445): vendor/qcom/proprietary/RIDL/RIDLClient/RIDLSQL.cpp:2500: GetTransState() EBADF
06-08 16:23:37.301: I/Gobi(445): vendor/qcom/proprietary/RIDL/RIDLClient/MainCore.cpp:1550: Failed to get TransState, rc 9
06-08 16:23:37.301: I/Gobi(445): vendor/qcom/proprietary/RIDL/RIDLClient/RIDLSQL.cpp:2500: GetTransState() EBADF
06-08 16:23:37.301: I/Gobi(445): vendor/qcom/proprietary/RIDL/RIDLClient/RIDLSQL.cpp:2500: GetTransState() EBADF
06-08 16:23:37.967: D/==FindMyPhone==(26284): 1496919217967
06-08 16:23:38.398: I/System.out(13618): There is callback from service
06-08 16:23:38.414: D/A2dpService(9553): getA2DPService(): returning com.android.bluetooth.a2dp.A2dpService@8943f02
06-08 16:23:38.414: I/A2dpService(9553): audio isMusicActive is false
06-08 16:23:38.414: E/bt_btif(9553): bte_scan_filt_param_cfg_evt, 1
06-08 16:23:38.415: I/BluetoothBondStateMachine(9553): Bond address is:00:1D:A5:68:98:8D
06-08 16:23:38.415: I/BluetoothBondStateMachine(9553): Entering PendingCommandState State
06-08 16:23:38.415: I/bt_btif_dm(9553): check_cod remote_cod = 0x00001f00 cod = 0x00000580
06-08 16:23:38.416: I/BluetoothBondStateMachine(9553): bondStateChangeCallback: Status: 0 Address: 00:1D:A5:68:98:8D newState: 1
06-08 16:23:38.422: I/BluetoothBondStateMachine(9553): Bond State Change Intent:00:1D:A5:68:98:8D OldState: 10 NewState: 11
06-08 16:23:38.499: D/Index(13497): Indexing locale 'en_IN' took 1 millis
06-08 16:23:38.637: W/ContextImpl(29998): Calling a method in the system process without a qualified user: android.app.ContextImpl.startService:1207 android.content.ContextWrapper.startService:581 android.content.ContextWrapper.startService:581 com.sonymobile.tvout.wifidisplay.bluetooth.BtListenService$BtIntentReceiver.handleBroadcastIntent:746 com.sonymobile.tvout.wifidisplay.common.BaseReceiver$IntentHandler.run:85 
06-08 16:23:38.640: I/art(29998): Rejecting re-init on previously-failed class java.lang.Class<com.sonymobile.wifidisplay.sink.WfdInterface>
06-08 16:23:38.775: W/toolbox(13723): type=1400 audit(0.0:4239876): avc: denied { getattr } for path="/proc/1" dev="proc" ino=9224 scontext=u:r:untrusted_app:s0:c512,c768 tcontext=u:r:init:s0 tclass=dir permissive=0 ppid=13720 pcomm="sh" tgid=13720 tgcomm="sh"
06-08 16:23:38.775: W/toolbox(13723): type=1400 audit(0.0:4239877): avc: denied { search } for name="1" dev="proc" ino=9224 scontext=u:r:untrusted_app:s0:c512,c768 tcontext=u:r:init:s0 tclass=dir permissive=0 ppid=13720 pcomm="sh" tgid=13720 tgcomm="sh"
06-08 16:23:38.775: W/toolbox(13723): type=1400 audit(0.0:4239878): avc: denied { search } for name="1" dev="proc" ino=9224 scontext=u:r:untrusted_app:s0:c512,c768 tcontext=u:r:init:s0 tclass=dir permissive=0 ppid=13720 pcomm="sh" tgid=13720 tgcomm="sh"
06-08 16:23:38.775: W/toolbox(13723): type=1400 audit(0.0:4239879): avc: denied { getattr } for path="/proc/2" dev="proc" ino=11460 scontext=u:r:untrusted_app:s0:c512,c768 tcontext=u:r:kernel:s0 tclass=dir permissive=0 ppid=13720 pcomm="sh" tgid=13720 tgcomm="sh"
06-08 16:23:38.775: W/toolbox(13723): type=1400 audit(0.0:4239880): avc: denied { search } for name="2" dev="proc" ino=11460 scontext=u:r:untrusted_app:s0:c512,c768 tcontext=u:r:kernel:s0 tclass=dir permissive=0 ppid=13720 pcomm="sh" tgid=13720 tgcomm="sh"
06-08 16:23:38.973: I/TWILIGHT(4358): [16:23:38.973, main]: Accessibility skip 
