06-08 16:25:06.974: D/com.obd.reader.io.AbstractGatewayService(10218): Adding job[97] to queue..
06-08 16:25:06.974: D/com.obd.reader.io.AbstractGatewayService(10218): Job queued successfully.
06-08 16:25:06.975: D/com.obd.reader.io.AbstractGatewayService(10218): Adding job[98] to queue..
06-08 16:25:06.975: D/com.obd.reader.io.AbstractGatewayService(10218): Job queued successfully.
06-08 16:25:06.977: W/bt_hci_packet_fragmenter(9553): reassemble_and_dispatch complete l2cap packet received:l2cap full length 6 and hci length 14.
06-08 16:25:07.034: W/bt_hci_packet_fragmenter(9553): reassemble_and_dispatch complete l2cap packet received:l2cap full length 6 and hci length 14.
06-08 16:25:07.035: W/bt_hci_packet_fragmenter(9553): reassemble_and_dispatch complete l2cap packet received:l2cap full length 7 and hci length 15.
06-08 16:25:07.037: W/bt_hci_packet_fragmenter(9553): reassemble_and_dispatch complete l2cap packet received:l2cap full length 6 and hci length 14.
06-08 16:25:07.039: W/bt_hci_packet_fragmenter(9553): reassemble_and_dispatch complete l2cap packet received:l2cap full length 7 and hci length 15.
06-08 16:25:07.039: W/bt_hci_packet_fragmenter(9553): reassemble_and_dispatch complete l2cap packet received:l2cap full length 8 and hci length 16.
06-08 16:25:07.105: W/lights-worker(422): _schedule_work: 'bl_update' already scheduled
06-08 16:25:07.193: E/com.obd.reader.io.ObdGatewayService(10218): Failed to run command. -> length=4; regionStart=3; regionLength=3
06-08 16:25:07.193: D/com.obd.reader.io.ObdGatewayService(10218): Taking job[93/5] from queue..
06-08 16:25:07.193: D/com.obd.reader.io.ObdGatewayService(10218): Job state is NEW. Run it..
06-08 16:25:07.193: I/System.out(10218): Command Executed TECH 01 04
06-08 16:25:07.253: W/bt_hci_packet_fragmenter(9553): reassemble_and_dispatch complete l2cap packet received:l2cap full length 6 and hci length 14.
06-08 16:25:07.255: W/bt_hci_packet_fragmenter(9553): reassemble_and_dispatch complete l2cap packet received:l2cap full length 7 and hci length 15.
06-08 16:25:07.257: W/bt_hci_packet_fragmenter(9553): reassemble_and_dispatch complete l2cap packet received:l2cap full length 6 and hci length 14.
06-08 16:25:07.258: W/bt_hci_packet_fragmenter(9553): reassemble_and_dispatch complete l2cap packet received:l2cap full length 6 and hci length 14.
06-08 16:25:07.259: W/bt_hci_packet_fragmenter(9553): reassemble_and_dispatch complete l2cap packet received:l2cap full length 12 and hci length 20.
06-08 16:25:07.379: I/Gobi(445): vendor/qcom/proprietary/RIDL/RIDLClient/RIDLSQL.cpp:2500: GetTransState() EBADF
06-08 16:25:07.379: I/Gobi(445): vendor/qcom/proprietary/RIDL/RIDLClient/MainCore.cpp:1550: Failed to get TransState, rc 9
06-08 16:25:07.379: I/Gobi(445): vendor/qcom/proprietary/RIDL/RIDLClient/RIDLSQL.cpp:2500: GetTransState() EBADF
06-08 16:25:07.379: I/Gobi(445): vendor/qcom/proprietary/RIDL/RIDLClient/RIDLSQL.cpp:2500: GetTransState() EBADF
06-08 16:25:07.395: I/System.out(10218): DATA from OBD TECH 41043A
06-08 16:25:07.399: D/com.obd.reader.io.ObdGatewayService(10218): Taking job[94/4] from queue..
06-08 16:25:07.399: D/com.obd.reader.io.ObdGatewayService(10218): Job state is NEW. Run it..
06-08 16:25:07.399: I/System.out(10218): Command Executed TECH 01 0C
06-08 16:25:07.461: W/bt_hci_packet_fragmenter(9553): reassemble_and_dispatch complete l2cap packet received:l2cap full length 6 and hci length 14.
06-08 16:25:07.462: W/bt_hci_packet_fragmenter(9553): reassemble_and_dispatch complete l2cap packet received:l2cap full length 7 and hci length 15.
06-08 16:25:07.463: W/bt_hci_packet_fragmenter(9553): reassemble_and_dispatch complete l2cap packet received:l2cap full length 6 and hci length 14.
06-08 16:25:07.464: W/bt_hci_packet_fragmenter(9553): reassemble_and_dispatch complete l2cap packet received:l2cap full length 6 and hci length 14.
06-08 16:25:07.466: W/bt_hci_packet_fragmenter(9553): reassemble_and_dispatch complete l2cap packet received:l2cap full length 14 and hci length 22.
06-08 16:25:07.471: W/bt_hci_packet_fragmenter(9553): reassemble_and_dispatch complete l2cap packet received:l2cap full length 6 and hci length 14.
06-08 16:25:07.615: I/System.out(10218): DATA from OBD TECH 410C0C4E
06-08 16:25:07.624: D/com.obd.reader.io.ObdGatewayService(10218): Taking job[95/3] from queue..
06-08 16:25:07.625: D/com.obd.reader.io.ObdGatewayService(10218): Job state is NEW. Run it..
06-08 16:25:07.625: I/System.out(10218): Command Executed TECH 01 1F
06-08 16:25:07.630: W/bt_hci_packet_fragmenter(9553): reassemble_and_dispatch complete l2cap packet received:l2cap full length 6 and hci length 14.
06-08 16:25:07.688: W/bt_hci_packet_fragmenter(9553): reassemble_and_dispatch complete l2cap packet received:l2cap full length 6 and hci length 14.
06-08 16:25:07.690: W/bt_hci_packet_fragmenter(9553): reassemble_and_dispatch complete l2cap packet received:l2cap full length 6 and hci length 14.
06-08 16:25:07.691: W/bt_hci_packet_fragmenter(9553): reassemble_and_dispatch complete l2cap packet received:l2cap full length 7 and hci length 15.
06-08 16:25:07.692: W/bt_hci_packet_fragmenter(9553): reassemble_and_dispatch complete l2cap packet received:l2cap full length 6 and hci length 14.
06-08 16:25:07.693: W/bt_hci_packet_fragmenter(9553): reassemble_and_dispatch complete l2cap packet received:l2cap full length 15 and hci length 23.
06-08 16:25:07.830: I/System.out(10218): DATA from OBD TECH 411F00D8
06-08 16:25:07.842: D/com.obd.reader.io.ObdGatewayService(10218): Taking job[96/2] from queue..
06-08 16:25:07.842: D/com.obd.reader.io.ObdGatewayService(10218): Job state is NEW. Run it..
06-08 16:25:07.842: I/System.out(10218): Command Executed TECH 01 10
06-08 16:25:08.053: W/bt_hci_packet_fragmenter(9553): reassemble_and_dispatch complete l2cap packet received:l2cap full length 6 and hci length 14.
06-08 16:25:08.059: W/bt_hci_packet_fragmenter(9553): reassemble_and_dispatch complete l2cap packet received:l2cap full length 6 and hci length 14.
06-08 16:25:08.062: W/bt_hci_packet_fragmenter(9553): reassemble_and_dispatch complete l2cap packet received:l2cap full length 6 and hci length 14.
06-08 16:25:08.063: W/bt_hci_packet_fragmenter(9553): reassemble_and_dispatch complete l2cap packet received:l2cap full length 6 and hci length 14.
06-08 16:25:08.064: W/bt_hci_packet_fragmenter(9553): reassemble_and_dispatch complete l2cap packet received:l2cap full length 11 and hci length 19.
06-08 16:25:08.066: I/System.out(10218): DATA from OBD TECH NODATA
06-08 16:25:08.071: E/com.obd.reader.io.ObdGatewayService(10218): Failed to run command. -> Error running 01 10, response: NODATA
06-08 16:25:08.072: D/com.obd.reader.io.ObdGatewayService(10218): Taking job[97/1] from queue..
06-08 16:25:08.072: D/com.obd.reader.io.ObdGatewayService(10218): Job state is NEW. Run it..
06-08 16:25:08.072: I/System.out(10218): Command Executed TECH 01 11
06-08 16:25:08.113: W/lights-worker(422): _schedule_work: 'bl_update' already scheduled
06-08 16:25:08.133: W/bt_hci_packet_fragmenter(9553): reassemble_and_dispatch complete l2cap packet received:l2cap full length 6 and hci length 14.
06-08 16:25:08.134: W/bt_hci_packet_fragmenter(9553): reassemble_and_dispatch complete l2cap packet received:l2cap full length 6 and hci length 14.
06-08 16:25:08.136: W/bt_hci_packet_fragmenter(9553): reassemble_and_dispatch complete l2cap packet received:l2cap full length 6 and hci length 14.
06-08 16:25:08.137: W/bt_hci_packet_fragmenter(9553): reassemble_and_dispatch complete l2cap packet received:l2cap full length 6 and hci length 14.
06-08 16:25:08.138: W/bt_hci_packet_fragmenter(9553): reassemble_and_dispatch complete l2cap packet received:l2cap full length 13 and hci length 21.
06-08 16:25:08.285: I/System.out(10218): DATA from OBD TECH 41110A
06-08 16:25:08.292: D/com.obd.reader.io.ObdGatewayService(10218): Taking job[98/0] from queue..
06-08 16:25:08.292: D/com.obd.reader.io.ObdGatewayService(10218): Job state is NEW. Run it..
06-08 16:25:08.292: I/System.out(10218): Command Executed TECH 01 0D 1
06-08 16:25:08.298: W/bt_hci_packet_fragmenter(9553): reassemble_and_dispatch complete l2cap packet received:l2cap full length 6 and hci length 14.
06-08 16:25:08.301: W/bt_hci_packet_fragmenter(9553): reassemble_and_dispatch complete l2cap packet received:l2cap full length 7 and hci length 15.
06-08 16:25:08.303: W/bt_hci_packet_fragmenter(9553): reassemble_and_dispatch complete l2cap packet received:l2cap full length 7 and hci length 15.
06-08 16:25:08.304: W/bt_hci_packet_fragmenter(9553): reassemble_and_dispatch complete l2cap packet received:l2cap full length 7 and hci length 15.
06-08 16:25:08.306: W/bt_hci_packet_fragmenter(9553): reassemble_and_dispatch complete l2cap packet received:l2cap full length 6 and hci length 14.
06-08 16:25:08.307: W/bt_hci_packet_fragmenter(9553): reassemble_and_dispatch complete l2cap packet received:l2cap full length 10 and hci length 18.
06-08 16:25:08.497: I/System.out(10218): DATA from OBD TECH 410D00
06-08 16:25:08.510: I/System.out(10218): ((MainActivity) ctx).commandResult {MAF=NODATA, ENGINE_RPM=787RPM, THROTTLE_POS=3.9%, ENGINE_LOAD=22.7%, TROUBLE_CODES=4300, ENGINE_RUNTIME=00:03:36}
06-08 16:25:08.511: I/System.out(10218): Unable to find float  value for 
06-08 16:25:08.512: I/System.out(10218): Unable to find float  value for 
06-08 16:25:08.521: D/Network(10218): Network
06-08 16:25:08.524: I/System.out(10218): Device IMEI is 352494060195210
06-08 16:25:08.524: I/System.out(10218): LAT18.5086394LONG73.7921056
06-08 16:25:08.528: I/System.out(10218): MSG 0.0,0.0,0.0,3.9000000953674316,0.0,787.0,0.0,352494060195210,18.5086394,73.7921056,1496919308518
06-08 16:25:08.528: D/com.obd.activity.MainActivity(10218): throttle,vss,rpm 3.9000000953674316,0.0,787.0
06-08 16:25:08.531: I/System.out(10218): url  http://project-111.ind-cloud.everdata.com:80/CenteralServer/pages/tiles/save.jsp?lngsend=73.7921056&load_pct=0.0&temp=0.0&throttlepos=3.9000000953674316&method=send&time=1496919308518&imei=352494060195210&latsend=18.5086394&rpm=787.0&ctime=08-Jun-2017+16%3A25%3A08&maf=0.0&vss=0.0&iat=0.0
06-08 16:25:08.531: V/HttpView(10218): http://project-111.ind-cloud.everdata.com:80/CenteralServer/pages/tiles/save.jsp?lngsend=73.7921056&load_pct=0.0&temp=0.0&throttlepos=3.9000000953674316&method=send&time=1496919308518&imei=352494060195210&latsend=18.5086394&rpm=787.0&ctime=08-Jun-2017+16%3A25%3A08&maf=0.0&vss=0.0&iat=0.0
06-08 16:25:09.038: D/==FindMyPhone==(26284): 1496919309038
06-08 16:25:09.115: W/toolbox(14278): type=1400 audit(0.0:4247121): avc: denied { getattr } for path="/proc/1" dev="proc" ino=9224 scontext=u:r:untrusted_app:s0:c512,c768 tcontext=u:r:init:s0 tclass=dir permissive=0 ppid=14275 pcomm="sh" tgid=14275 tgcomm="sh"
06-08 16:25:09.115: W/toolbox(14278): type=1400 audit(0.0:4247122): avc: denied { search } for name="1" dev="proc" ino=9224 scontext=u:r:untrusted_app:s0:c512,c768 tcontext=u:r:init:s0 tclass=dir permissive=0 ppid=14275 pcomm="sh" tgid=14275 tgcomm="sh"
06-08 16:25:09.115: W/toolbox(14278): type=1400 audit(0.0:4247123): avc: denied { search } for name="1" dev="proc" ino=9224 scontext=u:r:untrusted_app:s0:c512,c768 tcontext=u:r:init:s0 tclass=dir permissive=0 ppid=14275 pcomm="sh" tgid=14275 tgcomm="sh"
06-08 16:25:09.115: W/toolbox(14278): type=1400 audit(0.0:4247124): avc: denied { getattr } for path="/proc/2" dev="proc" ino=11460 scontext=u:r:untrusted_app:s0:c512,c768 tcontext=u:r:kernel:s0 tclass=dir permissive=0 ppid=14275 pcomm="sh" tgid=14275 tgcomm="sh"
06-08 16:25:09.239: V/HttpView(10218): 0 DONE
06-08 16:25:09.239: V/HttpView(10218): HttpView.count 0
06-08 16:25:09.115: W/toolbox(14278): type=1400 audit(0.0:4247125): avc: denied { search } for name="2" dev="proc" ino=11460 scontext=u:r:untrusted_app:s0:c512,c768 tcontext=u:r:kernel:s0 tclass=dir permissive=0 ppid=14275 pcomm="sh" tgid=14275 tgcomm="sh"
06-08 16:25:10.976: D/com.obd.reader.io.AbstractGatewayService(10218): Adding job[99] to queue..
06-08 16:25:10.976: D/com.obd.reader.io.AbstractGatewayService(10218): Job queued successfully.
06-08 16:25:10.976: D/com.obd.reader.io.AbstractGatewayService(10218): Adding job[100] to queue..
06-08 16:25:10.976: D/com.obd.reader.io.AbstractGatewayService(10218): Job queued successfully.
06-08 16:25:10.976: D/com.obd.reader.io.AbstractGatewayService(10218): Adding job[101] to queue..
06-08 16:25:10.976: D/com.obd.reader.io.AbstractGatewayService(10218): Job queued successfully.
06-08 16:25:10.977: D/com.obd.reader.io.AbstractGatewayService(10218): Adding job[102] to queue..
06-08 16:25:10.977: D/com.obd.reader.io.AbstractGatewayService(10218): Job queued successfully.
06-08 16:25:10.977: D/com.obd.reader.io.AbstractGatewayService(10218): Adding job[103] to queue..
06-08 16:25:10.977: D/com.obd.reader.io.AbstractGatewayService(10218): Job queued successfully.
06-08 16:25:10.977: D/com.obd.reader.io.AbstractGatewayService(10218): Adding job[104] to queue..
06-08 16:25:10.977: D/com.obd.reader.io.AbstractGatewayService(10218): Job queued successfully.
06-08 16:25:10.977: D/com.obd.reader.io.AbstractGatewayService(10218): Adding job[105] to queue..
06-08 16:25:10.978: D/com.obd.reader.io.AbstractGatewayService(10218): Job queued successfully.
06-08 16:25:10.978: D/com.obd.reader.io.ObdGatewayService(10218): Taking job[99/6] from queue..
06-08 16:25:10.978: D/com.obd.reader.io.ObdGatewayService(10218): Job state is NEW. Run it..
06-08 16:25:10.979: I/System.out(10218): Command Executed TECH 03
06-08 16:25:11.044: W/bt_hci_packet_fragmenter(9553): reassemble_and_dispatch complete l2cap packet received:l2cap full length 6 and hci length 14.
06-08 16:25:11.045: W/bt_hci_packet_fragmenter(9553): reassemble_and_dispatch complete l2cap packet received:l2cap full length 7 and hci length 15.
06-08 16:25:11.046: W/bt_hci_packet_fragmenter(9553): reassemble_and_dispatch complete l2cap packet received:l2cap full length 6 and hci length 14.
06-08 16:25:11.047: W/bt_hci_packet_fragmenter(9553): reassemble_and_dispatch complete l2cap packet received:l2cap full length 7 and hci length 15.
06-08 16:25:11.048: W/bt_hci_packet_fragmenter(9553): reassemble_and_dispatch complete l2cap packet received:l2cap full length 8 and hci length 16.
06-08 16:25:11.201: E/com.obd.reader.io.ObdGatewayService(10218): Failed to run command. -> length=4; regionStart=3; regionLength=3
06-08 16:25:11.201: D/com.obd.reader.io.ObdGatewayService(10218): Taking job[100/5] from queue..
06-08 16:25:11.201: D/com.obd.reader.io.ObdGatewayService(10218): Job state is NEW. Run it..
06-08 16:25:11.201: I/System.out(10218): Command Executed TECH 01 04
06-08 16:25:11.262: W/bt_hci_packet_fragmenter(9553): reassemble_and_dispatch complete l2cap packet received:l2cap full length 7 and hci length 15.
06-08 16:25:11.264: W/bt_hci_packet_fragmenter(9553): reassemble_and_dispatch complete l2cap packet received:l2cap full length 7 and hci length 15.
06-08 16:25:11.275: W/bt_hci_packet_fragmenter(9553): reassemble_and_dispatch complete l2cap packet received:l2cap full length 6 and hci length 14.
06-08 16:25:11.277: W/bt_hci_packet_fragmenter(9553): reassemble_and_dispatch complete l2cap packet received:l2cap full length 7 and hci length 15.
06-08 16:25:11.278: W/bt_hci_packet_fragmenter(9553): reassemble_and_dispatch complete l2cap packet received:l2cap full length 10 and hci length 18.
06-08 16:25:11.406: I/System.out(10218): DATA from OBD TECH 41042E
06-08 16:25:11.417: D/com.obd.reader.io.ObdGatewayService(10218): Taking job[101/4] from queue..
06-08 16:25:11.417: D/com.obd.reader.io.ObdGatewayService(10218): Job state is NEW. Run it..
06-08 16:25:11.417: I/System.out(10218): Command Executed TECH 01 0C
06-08 16:25:11.423: W/bt_hci_packet_fragmenter(9553): reassemble_and_dispatch complete l2cap packet received:l2cap full length 6 and hci length 14.
06-08 16:25:11.481: W/bt_hci_packet_fragmenter(9553): reassemble_and_dispatch complete l2cap packet received:l2cap full length 6 and hci length 14.
06-08 16:25:11.482: W/bt_hci_packet_fragmenter(9553): reassemble_and_dispatch complete l2cap packet received:l2cap full length 6 and hci length 14.
06-08 16:25:11.483: W/bt_hci_packet_fragmenter(9553): reassemble_and_dispatch complete l2cap packet received:l2cap full length 6 and hci length 14.
06-08 16:25:11.485: W/bt_hci_packet_fragmenter(9553): reassemble_and_dispatch complete l2cap packet received:l2cap full length 6 and hci length 14.
06-08 16:25:11.486: W/bt_hci_packet_fragmenter(9553): reassemble_and_dispatch complete l2cap packet received:l2cap full length 16 and hci length 24.
06-08 16:25:11.622: I/System.out(10218): DATA from OBD TECH 410C10CC
06-08 16:25:11.643: D/com.obd.reader.io.ObdGatewayService(10218): Taking job[102/3] from queue..
06-08 16:25:11.643: D/com.obd.reader.io.ObdGatewayService(10218): Job state is NEW. Run it..
06-08 16:25:11.643: I/System.out(10218): Command Executed TECH 01 1F
06-08 16:25:11.704: W/bt_hci_packet_fragmenter(9553): reassemble_and_dispatch complete l2cap packet received:l2cap full length 6 and hci length 14.
06-08 16:25:11.706: W/bt_hci_packet_fragmenter(9553): reassemble_and_dispatch complete l2cap packet received:l2cap full length 6 and hci length 14.
06-08 16:25:11.707: W/bt_hci_packet_fragmenter(9553): reassemble_and_dispatch complete l2cap packet received:l2cap full length 6 and hci length 14.
06-08 16:25:11.708: W/bt_hci_packet_fragmenter(9553): reassemble_and_dispatch complete l2cap packet received:l2cap full length 7 and hci length 15.
06-08 16:25:11.709: W/bt_hci_packet_fragmenter(9553): reassemble_and_dispatch complete l2cap packet received:l2cap full length 15 and hci length 23.
06-08 16:25:11.845: I/System.out(10218): DATA from OBD TECH 411F00DC
06-08 16:25:11.849: D/com.obd.reader.io.ObdGatewayService(10218): Taking job[103/2] from queue..
06-08 16:25:11.849: D/com.obd.reader.io.ObdGatewayService(10218): Job state is NEW. Run it..
06-08 16:25:11.849: I/System.out(10218): Command Executed TECH 01 10
06-08 16:25:12.062: W/bt_hci_packet_fragmenter(9553): reassemble_and_dispatch complete l2cap packet received:l2cap full length 6 and hci length 14.
06-08 16:25:12.068: W/bt_hci_packet_fragmenter(9553): reassemble_and_dispatch complete l2cap packet received:l2cap full length 6 and hci length 14.
06-08 16:25:12.069: W/bt_hci_packet_fragmenter(9553): reassemble_and_dispatch complete l2cap packet received:l2cap full length 7 and hci length 15.
06-08 16:25:12.069: W/bt_hci_packet_fragmenter(9553): reassemble_and_dispatch complete l2cap packet received:l2cap full length 6 and hci length 14.
06-08 16:25:12.069: W/bt_hci_packet_fragmenter(9553): reassemble_and_dispatch complete l2cap packet received:l2cap full length 10 and hci length 18.
06-08 16:25:12.070: D/==FindMyPhone==(26284): 1496919312070
06-08 16:25:12.071: I/System.out(10218): DATA from OBD TECH NODATA
06-08 16:25:12.073: E/com.obd.reader.io.ObdGatewayService(10218): Failed to run command. -> Error running 01 10, response: NODATA
06-08 16:25:12.073: D/com.obd.reader.io.ObdGatewayService(10218): Taking job[104/1] from queue..
06-08 16:25:12.073: D/com.obd.reader.io.ObdGatewayService(10218): Job state is NEW. Run it..
06-08 16:25:12.073: I/System.out(10218): Command Executed TECH 01 11
06-08 16:25:12.079: W/bt_hci_packet_fragmenter(9553): reassemble_and_dispatch complete l2cap packet received:l2cap full length 6 and hci length 14.
06-08 16:25:12.137: W/bt_hci_packet_fragmenter(9553): reassemble_and_dispatch complete l2cap packet received:l2cap full length 7 and hci length 15.
06-08 16:25:12.138: W/bt_hci_packet_fragmenter(9553): reassemble_and_dispatch complete l2cap packet received:l2cap full length 6 and hci length 14.
06-08 16:25:12.140: W/bt_hci_packet_fragmenter(9553): reassemble_and_dispatch complete l2cap packet received:l2cap full length 6 and hci length 14.
06-08 16:25:12.142: W/bt_hci_packet_fragmenter(9553): reassemble_and_dispatch complete l2cap packet received:l2cap full length 7 and hci length 15.
06-08 16:25:12.143: W/bt_hci_packet_fragmenter(9553): reassemble_and_dispatch complete l2cap packet received:l2cap full length 11 and hci length 19.
06-08 16:25:12.285: I/System.out(10218): DATA from OBD TECH 41110A
06-08 16:25:12.292: D/com.obd.reader.io.ObdGatewayService(10218): Taking job[105/0] from queue..
06-08 16:25:12.293: D/com.obd.reader.io.ObdGatewayService(10218): Job state is NEW. Run it..
06-08 16:25:12.293: I/System.out(10218): Command Executed TECH 01 0D 1
06-08 16:25:12.302: W/bt_hci_packet_fragmenter(9553): reassemble_and_dispatch complete l2cap packet received:l2cap full length 6 and hci length 14.
06-08 16:25:12.303: W/bt_hci_packet_fragmenter(9553): reassemble_and_dispatch complete l2cap packet received:l2cap full length 7 and hci length 15.
06-08 16:25:12.304: W/bt_hci_packet_fragmenter(9553): reassemble_and_dispatch complete l2cap packet received:l2cap full length 7 and hci length 15.
06-08 16:25:12.305: W/bt_hci_packet_fragmenter(9553): reassemble_and_dispatch complete l2cap packet received:l2cap full length 7 and hci length 15.
06-08 16:25:12.306: W/bt_hci_packet_fragmenter(9553): reassemble_and_dispatch complete l2cap packet received:l2cap full length 10 and hci length 18.
06-08 16:25:12.496: I/System.out(10218): DATA from OBD TECH 410D00
06-08 16:25:12.512: I/System.out(10218): ((MainActivity) ctx).commandResult {MAF=NODATA, ENGINE_RPM=1075RPM, THROTTLE_POS=3.9%, ENGINE_LOAD=18.0%, TROUBLE_CODES=4300, ENGINE_RUNTIME=00:03:40}
06-08 16:25:12.512: I/System.out(10218): Unable to find float  value for 
06-08 16:25:12.513: I/System.out(10218): Unable to find float  value for 
06-08 16:25:12.517: D/Network(10218): Network
06-08 16:25:12.520: I/System.out(10218): Device IMEI is 352494060195210
06-08 16:25:12.520: I/System.out(10218): LAT18.5086394LONG73.7921056
06-08 16:25:12.522: I/System.out(10218): MSG 0.0,0.0,0.0,3.9000000953674316,0.0,1075.0,0.0,352494060195210,18.5086394,73.7921056,1496919312515
06-08 16:25:12.522: D/com.obd.activity.MainActivity(10218): throttle,vss,rpm 3.9000000953674316,0.0,1075.0
06-08 16:25:12.523: I/System.out(10218): url  http://project-111.ind-cloud.everdata.com:80/CenteralServer/pages/tiles/save.jsp?lngsend=73.7921056&load_pct=0.0&temp=0.0&throttlepos=3.9000000953674316&method=send&time=1496919312515&imei=352494060195210&latsend=18.5086394&rpm=1075.0&ctime=08-Jun-2017+16%3A25%3A12&maf=0.0&vss=0.0&iat=0.0
06-08 16:25:12.523: V/HttpView(10218): http://project-111.ind-cloud.everdata.com:80/CenteralServer/pages/tiles/save.jsp?lngsend=73.7921056&load_pct=0.0&temp=0.0&throttlepos=3.9000000953674316&method=send&time=1496919312515&imei=352494060195210&latsend=18.5086394&rpm=1075.0&ctime=08-Jun-2017+16%3A25%3A12&maf=0.0&vss=0.0&iat=0.0
06-08 16:25:13.131: V/HttpView(10218): 0 DONE
06-08 16:25:13.131: V/HttpView(10218): HttpView.count 0
06-08 16:25:14.978: D/com.obd.reader.io.AbstractGatewayService(10218): Adding job[106] to queue..
06-08 16:25:14.978: D/com.obd.reader.io.AbstractGatewayService(10218): Job queued successfully.
06-08 16:25:14.978: D/com.obd.reader.io.AbstractGatewayService(10218): Adding job[107] to queue..
06-08 16:25:14.978: D/com.obd.reader.io.AbstractGatewayService(10218): Job queued successfully.
06-08 16:25:14.978: D/com.obd.reader.io.AbstractGatewayService(10218): Adding job[108] to queue..
06-08 16:25:14.978: D/com.obd.reader.io.ObdGatewayService(10218): Taking job[106/0] from queue..
06-08 16:25:14.978: D/com.obd.reader.io.AbstractGatewayService(10218): Job queued successfully.
06-08 16:25:14.978: D/com.obd.reader.io.AbstractGatewayService(10218): Adding job[109] to queue..
06-08 16:25:14.978: D/com.obd.reader.io.ObdGatewayService(10218): Job state is NEW. Run it..
06-08 16:25:14.978: D/com.obd.reader.io.AbstractGatewayService(10218): Job queued successfully.
06-08 16:25:14.978: D/com.obd.reader.io.AbstractGatewayService(10218): Adding job[110] to queue..
06-08 16:25:14.978: D/com.obd.reader.io.AbstractGatewayService(10218): Job queued successfully.
06-08 16:25:14.978: I/System.out(10218): Command Executed TECH 03
06-08 16:25:14.978: D/com.obd.reader.io.AbstractGatewayService(10218): Adding job[111] to queue..
06-08 16:25:14.978: D/com.obd.reader.io.AbstractGatewayService(10218): Job queued successfully.
06-08 16:25:14.978: D/com.obd.reader.io.AbstractGatewayService(10218): Adding job[112] to queue..
06-08 16:25:14.979: D/com.obd.reader.io.AbstractGatewayService(10218): Job queued successfully.
06-08 16:25:15.039: W/bt_hci_packet_fragmenter(9553): reassemble_and_dispatch complete l2cap packet received:l2cap full length 7 and hci length 15.
06-08 16:25:15.040: W/bt_hci_packet_fragmenter(9553): reassemble_and_dispatch complete l2cap packet received:l2cap full length 6 and hci length 14.
06-08 16:25:15.042: W/bt_hci_packet_fragmenter(9553): reassemble_and_dispatch complete l2cap packet received:l2cap full length 6 and hci length 14.
06-08 16:25:15.043: W/bt_hci_packet_fragmenter(9553): reassemble_and_dispatch complete l2cap packet received:l2cap full length 6 and hci length 14.
06-08 16:25:15.045: W/bt_hci_packet_fragmenter(9553): reassemble_and_dispatch complete l2cap packet received:l2cap full length 9 and hci length 17.
06-08 16:25:15.111: D/==FindMyPhone==(26284): 1496919315111
06-08 16:25:15.202: E/com.obd.reader.io.ObdGatewayService(10218): Failed to run command. -> length=4; regionStart=3; regionLength=3
06-08 16:25:15.202: D/com.obd.reader.io.ObdGatewayService(10218): Taking job[107/5] from queue..
06-08 16:25:15.202: D/com.obd.reader.io.ObdGatewayService(10218): Job state is NEW. Run it..
06-08 16:25:15.202: I/System.out(10218): Command Executed TECH 01 04
06-08 16:25:15.208: W/bt_hci_packet_fragmenter(9553): reassemble_and_dispatch complete l2cap packet received:l2cap full length 6 and hci length 14.
06-08 16:25:15.265: W/bt_hci_packet_fragmenter(9553): reassemble_and_dispatch complete l2cap packet received:l2cap full length 6 and hci length 14.
06-08 16:25:15.267: W/bt_hci_packet_fragmenter(9553): reassemble_and_dispatch complete l2cap packet received:l2cap full length 6 and hci length 14.
06-08 16:25:15.268: W/bt_hci_packet_fragmenter(9553): reassemble_and_dispatch complete l2cap packet received:l2cap full length 7 and hci length 15.
06-08 16:25:15.269: W/bt_hci_packet_fragmenter(9553): reassemble_and_dispatch complete l2cap packet received:l2cap full length 6 and hci length 14.
06-08 16:25:15.271: W/bt_hci_packet_fragmenter(9553): reassemble_and_dispatch complete l2cap packet received:l2cap full length 12 and hci length 20.
06-08 16:25:15.407: I/System.out(10218): DATA from OBD TECH 410457
06-08 16:25:15.426: D/com.obd.reader.io.ObdGatewayService(10218): Taking job[108/4] from queue..
06-08 16:25:15.426: D/com.obd.reader.io.ObdGatewayService(10218): Job state is NEW. Run it..
06-08 16:25:15.426: I/System.out(10218): Command Executed TECH 01 0C
06-08 16:25:15.488: W/bt_hci_packet_fragmenter(9553): reassemble_and_dispatch complete l2cap packet received:l2cap full length 6 and hci length 14.
06-08 16:25:15.489: W/bt_hci_packet_fragmenter(9553): reassemble_and_dispatch complete l2cap packet received:l2cap full length 7 and hci length 15.
06-08 16:25:15.491: W/bt_hci_packet_fragmenter(9553): reassemble_and_dispatch complete l2cap packet received:l2cap full length 6 and hci length 14.
06-08 16:25:15.492: W/bt_hci_packet_fragmenter(9553): reassemble_and_dispatch complete l2cap packet received:l2cap full length 6 and hci length 14.
06-08 16:25:15.493: W/bt_hci_packet_fragmenter(9553): reassemble_and_dispatch complete l2cap packet received:l2cap full length 15 and hci length 23.
06-08 16:25:15.631: I/System.out(10218): DATA from OBD TECH 410C076C
06-08 16:25:15.645: D/com.obd.reader.io.ObdGatewayService(10218): Taking job[109/3] from queue..
06-08 16:25:15.646: D/com.obd.reader.io.ObdGatewayService(10218): Job state is NEW. Run it..
06-08 16:25:15.646: I/System.out(10218): Command Executed TECH 01 1F
06-08 16:25:15.707: W/bt_hci_packet_fragmenter(9553): reassemble_and_dispatch complete l2cap packet received:l2cap full length 7 and hci length 15.
06-08 16:25:15.709: W/bt_hci_packet_fragmenter(9553): reassemble_and_dispatch complete l2cap packet received:l2cap full length 7 and hci length 15.
06-08 16:25:15.710: W/bt_hci_packet_fragmenter(9553): reassemble_and_dispatch complete l2cap packet received:l2cap full length 6 and hci length 14.
06-08 16:25:15.712: W/bt_hci_packet_fragmenter(9553): reassemble_and_dispatch complete l2cap packet received:l2cap full length 6 and hci length 14.
06-08 16:25:15.712: W/bt_hci_packet_fragmenter(9553): reassemble_and_dispatch complete l2cap packet received:l2cap full length 14 and hci length 22.
06-08 16:25:15.851: I/System.out(10218): DATA from OBD TECH 411F00E0
06-08 16:25:15.855: D/com.obd.reader.io.ObdGatewayService(10218): Taking job[110/2] from queue..
06-08 16:25:15.855: D/com.obd.reader.io.ObdGatewayService(10218): Job state is NEW. Run it..
06-08 16:25:15.855: I/System.out(10218): Command Executed TECH 01 10
06-08 16:25:15.861: W/bt_hci_packet_fragmenter(9553): reassemble_and_dispatch complete l2cap packet received:l2cap full length 6 and hci length 14.
06-08 16:25:16.069: W/bt_hci_packet_fragmenter(9553): reassemble_and_dispatch complete l2cap packet received:l2cap full length 6 and hci length 14.
06-08 16:25:16.073: W/bt_hci_packet_fragmenter(9553): reassemble_and_dispatch complete l2cap packet received:l2cap full length 6 and hci length 14.
06-08 16:25:16.073: W/bt_hci_packet_fragmenter(9553): reassemble_and_dispatch complete l2cap packet received:l2cap full length 6 and hci length 14.
06-08 16:25:16.073: W/bt_hci_packet_fragmenter(9553): reassemble_and_dispatch complete l2cap packet received:l2cap full length 6 and hci length 14.
06-08 16:25:16.074: W/bt_hci_packet_fragmenter(9553): reassemble_and_dispatch complete l2cap packet received:l2cap full length 11 and hci length 19.
06-08 16:25:16.075: I/System.out(10218): DATA from OBD TECH NODATA
06-08 16:25:16.077: E/com.obd.reader.io.ObdGatewayService(10218): Failed to run command. -> Error running 01 10, response: NODATA
06-08 16:25:16.077: D/com.obd.reader.io.ObdGatewayService(10218): Taking job[111/1] from queue..
06-08 16:25:16.077: D/com.obd.reader.io.ObdGatewayService(10218): Job state is NEW. Run it..
06-08 16:25:16.077: I/System.out(10218): Command Executed TECH 01 11
06-08 16:25:16.137: W/bt_hci_packet_fragmenter(9553): reassemble_and_dispatch complete l2cap packet received:l2cap full length 6 and hci length 14.
06-08 16:25:16.138: W/bt_hci_packet_fragmenter(9553): reassemble_and_dispatch complete l2cap packet received:l2cap full length 6 and hci length 14.
06-08 16:25:16.140: W/bt_hci_packet_fragmenter(9553): reassemble_and_dispatch complete l2cap packet received:l2cap full length 6 and hci length 14.
06-08 16:25:16.141: W/bt_hci_packet_fragmenter(9553): reassemble_and_dispatch complete l2cap packet received:l2cap full length 7 and hci length 15.
06-08 16:25:16.142: W/bt_hci_packet_fragmenter(9553): reassemble_and_dispatch complete l2cap packet received:l2cap full length 12 and hci length 20.
06-08 16:25:16.278: I/System.out(10218): DATA from OBD TECH 411111
06-08 16:25:16.282: D/com.obd.reader.io.ObdGatewayService(10218): Taking job[112/0] from queue..
06-08 16:25:16.282: D/com.obd.reader.io.ObdGatewayService(10218): Job state is NEW. Run it..
06-08 16:25:16.282: I/System.out(10218): Command Executed TECH 01 0D 1
06-08 16:25:16.292: W/bt_hci_packet_fragmenter(9553): reassemble_and_dispatch complete l2cap packet received:l2cap full length 6 and hci length 14.
06-08 16:25:16.293: W/bt_hci_packet_fragmenter(9553): reassemble_and_dispatch complete l2cap packet received:l2cap full length 7 and hci length 15.
06-08 16:25:16.294: W/bt_hci_packet_fragmenter(9553): reassemble_and_dispatch complete l2cap packet received:l2cap full length 7 and hci length 15.
06-08 16:25:16.295: W/bt_hci_packet_fragmenter(9553): reassemble_and_dispatch complete l2cap packet received:l2cap full length 6 and hci length 14.
06-08 16:25:16.297: W/bt_hci_packet_fragmenter(9553): reassemble_and_dispatch complete l2cap packet received:l2cap full length 10 and hci length 18.
06-08 16:25:16.300: W/bt_hci_packet_fragmenter(9553): reassemble_and_dispatch complete l2cap packet received:l2cap full length 6 and hci length 14.
06-08 16:25:16.496: I/System.out(10218): DATA from OBD TECH 410D00
06-08 16:25:16.514: I/System.out(10218): ((MainActivity) ctx).commandResult {MAF=NODATA, ENGINE_RPM=475RPM, THROTTLE_POS=6.7%, ENGINE_LOAD=34.1%, TROUBLE_CODES=4300, ENGINE_RUNTIME=00:03:44}
06-08 16:25:16.514: I/System.out(10218): Unable to find float  value for 
06-08 16:25:16.515: I/System.out(10218): Unable to find float  value for 
06-08 16:25:16.524: D/Network(10218): Network
06-08 16:25:16.527: I/System.out(10218): Device IMEI is 352494060195210
06-08 16:25:16.528: I/System.out(10218): LAT18.5086394LONG73.7921056
06-08 16:25:16.529: I/System.out(10218): MSG 0.0,0.0,0.0,6.699999809265137,0.0,475.0,0.0,352494060195210,18.5086394,73.7921056,1496919316523
06-08 16:25:16.529: D/com.obd.activity.MainActivity(10218): throttle,vss,rpm 6.699999809265137,0.0,475.0
06-08 16:25:16.530: I/System.out(10218): url  http://project-111.ind-cloud.everdata.com:80/CenteralServer/pages/tiles/save.jsp?lngsend=73.7921056&load_pct=0.0&temp=0.0&throttlepos=6.699999809265137&method=send&time=1496919316523&imei=352494060195210&latsend=18.5086394&rpm=475.0&ctime=08-Jun-2017+16%3A25%3A16&maf=0.0&vss=0.0&iat=0.0
06-08 16:25:16.530: V/HttpView(10218): http://project-111.ind-cloud.everdata.com:80/CenteralServer/pages/tiles/save.jsp?lngsend=73.7921056&load_pct=0.0&temp=0.0&throttlepos=6.699999809265137&method=send&time=1496919316523&imei=352494060195210&latsend=18.5086394&rpm=475.0&ctime=08-Jun-2017+16%3A25%3A16&maf=0.0&vss=0.0&iat=0.0
06-08 16:25:17.241: V/HttpView(10218): 0 DONE
06-08 16:25:17.241: V/HttpView(10218): HttpView.count 0
06-08 16:25:17.388: I/Gobi(445): vendor/qcom/proprietary/RIDL/RIDLClient/RIDLSQL.cpp:2500: GetTransState() EBADF
06-08 16:25:17.388: I/Gobi(445): vendor/qcom/proprietary/RIDL/RIDLClient/MainCore.cpp:1550: Failed to get TransState, rc 9
06-08 16:25:17.388: I/Gobi(445): vendor/qcom/proprietary/RIDL/RIDLClient/RIDLSQL.cpp:2500: GetTransState() EBADF
06-08 16:25:17.388: I/Gobi(445): vendor/qcom/proprietary/RIDL/RIDLClient/RIDLSQL.cpp:2500: GetTransState() EBADF
06-08 16:25:18.148: D/==FindMyPhone==(26284): 1496919318148
06-08 16:25:18.151: V/sysmon-dc_watt_limit(467): uevent_handler [349] LOCK 0xb64bc06c from 630
06-08 16:25:18.151: V/sysmon-dc_watt_limit(467): uevent_handler mutex 0xb64bc06c GOT by 630
06-08 16:25:18.165: V/sysmon-dc_watt_limit(467): uevent_handler [383] UNLOCK 0xb64bc06c from 630
06-08 16:25:18.267: D/HeadsetStateMachine(9553): Disconnected process message: 10, size: 0
06-08 16:25:18.269: D/TransmitPowerReceiver(3930): Old PowerLevel: 6, current PowerLevel: 6
06-08 16:25:18.312: V/sysmon-dc_watt_limit(467): uevent_handler [349] LOCK 0xb64bc06c from 630
06-08 16:25:18.312: V/sysmon-dc_watt_limit(467): uevent_handler mutex 0xb64bc06c GOT by 630
06-08 16:25:18.332: V/sysmon-dc_watt_limit(467): uevent_handler [383] UNLOCK 0xb64bc06c from 630
06-08 16:25:18.359: D/TransmitPowerReceiver(3930): Old PowerLevel: 6, current PowerLevel: 6
06-08 16:25:18.360: D/HeadsetStateMachine(9553): Disconnected process message: 10, size: 0
06-08 16:25:18.392: D/HeadsetStateMachine(9553): Disconnected process message: 10, size: 0
06-08 16:25:18.393: D/TransmitPowerReceiver(3930): Old PowerLevel: 6, current PowerLevel: 6
06-08 16:25:18.426: D/TransmitPowerReceiver(3930): Old PowerLevel: 6, current PowerLevel: 6
06-08 16:25:18.428: D/HeadsetStateMachine(9553): Disconnected process message: 10, size: 0
06-08 16:25:18.979: D/com.obd.reader.io.AbstractGatewayService(10218): Adding job[113] to queue..
06-08 16:25:18.980: D/com.obd.reader.io.AbstractGatewayService(10218): Job queued successfully.
06-08 16:25:18.980: D/com.obd.reader.io.ObdGatewayService(10218): Taking job[113/0] from queue..
06-08 16:25:18.980: D/com.obd.reader.io.AbstractGatewayService(10218): Adding job[114] to queue..
06-08 16:25:18.980: D/com.obd.reader.io.ObdGatewayService(10218): Job state is NEW. Run it..
06-08 16:25:18.980: D/com.obd.reader.io.AbstractGatewayService(10218): Job queued successfully.
06-08 16:25:18.980: I/System.out(10218): Command Executed TECH 03
06-08 16:25:18.980: D/com.obd.reader.io.AbstractGatewayService(10218): Adding job[115] to queue..
06-08 16:25:18.981: D/com.obd.reader.io.AbstractGatewayService(10218): Job queued successfully.
06-08 16:25:18.981: D/com.obd.reader.io.AbstractGatewayService(10218): Adding job[116] to queue..
06-08 16:25:18.982: D/com.obd.reader.io.AbstractGatewayService(10218): Job queued successfully.
06-08 16:25:18.982: D/com.obd.reader.io.AbstractGatewayService(10218): Adding job[117] to queue..
06-08 16:25:18.982: D/com.obd.reader.io.AbstractGatewayService(10218): Job queued successfully.
06-08 16:25:18.982: D/com.obd.reader.io.AbstractGatewayService(10218): Adding job[118] to queue..
06-08 16:25:18.982: D/com.obd.reader.io.AbstractGatewayService(10218): Job queued successfully.
06-08 16:25:18.982: D/com.obd.reader.io.AbstractGatewayService(10218): Adding job[119] to queue..
06-08 16:25:18.982: D/com.obd.reader.io.AbstractGatewayService(10218): Job queued successfully.
06-08 16:25:18.989: W/bt_hci_packet_fragmenter(9553): reassemble_and_dispatch complete l2cap packet received:l2cap full length 6 and hci length 14.
06-08 16:25:19.047: W/bt_hci_packet_fragmenter(9553): reassemble_and_dispatch complete l2cap packet received:l2cap full length 6 and hci length 14.
06-08 16:25:19.048: W/bt_hci_packet_fragmenter(9553): reassemble_and_dispatch complete l2cap packet received:l2cap full length 7 and hci length 15.
06-08 16:25:19.049: W/bt_hci_packet_fragmenter(9553): reassemble_and_dispatch complete l2cap packet received:l2cap full length 6 and hci length 14.
06-08 16:25:19.052: W/bt_hci_packet_fragmenter(9553): reassemble_and_dispatch complete l2cap packet received:l2cap full length 7 and hci length 15.
06-08 16:25:19.052: W/bt_hci_packet_fragmenter(9553): reassemble_and_dispatch complete l2cap packet received:l2cap full length 8 and hci length 16.
06-08 16:25:19.115: W/toolbox(14342): type=1400 audit(0.0:4247943): avc: denied { getattr } for path="/proc/1" dev="proc" ino=9224 scontext=u:r:untrusted_app:s0:c512,c768 tcontext=u:r:init:s0 tclass=dir permissive=0 ppid=14339 pcomm="sh" tgid=14339 tgcomm="sh"
06-08 16:25:19.125: W/toolbox(14342): type=1400 audit(0.0:4247944): avc: denied { search } for name="1" dev="proc" ino=9224 scontext=u:r:untrusted_app:s0:c512,c768 tcontext=u:r:init:s0 tclass=dir permissive=0 ppid=14339 pcomm="sh" tgid=14339 tgcomm="sh"
06-08 16:25:19.201: E/com.obd.reader.io.ObdGatewayService(10218): Failed to run command. -> length=4; regionStart=3; regionLength=3
06-08 16:25:19.201: D/com.obd.reader.io.ObdGatewayService(10218): Taking job[114/5] from queue..
06-08 16:25:19.201: D/com.obd.reader.io.ObdGatewayService(10218): Job state is NEW. Run it..
06-08 16:25:19.201: I/System.out(10218): Command Executed TECH 01 04
06-08 16:25:19.125: W/toolbox(14342): type=1400 audit(0.0:4247945): avc: denied { search } for name="1" dev="proc" ino=9224 scontext=u:r:untrusted_app:s0:c512,c768 tcontext=u:r:init:s0 tclass=dir permissive=0 ppid=14339 pcomm="sh" tgid=14339 tgcomm="sh"
06-08 16:25:19.125: W/toolbox(14342): type=1400 audit(0.0:4247946): avc: denied { getattr } for path="/proc/2" dev="proc" ino=11460 scontext=u:r:untrusted_app:s0:c512,c768 tcontext=u:r:kernel:s0 tclass=dir permissive=0 ppid=14339 pcomm="sh" tgid=14339 tgcomm="sh"
06-08 16:25:19.125: W/toolbox(14342): type=1400 audit(0.0:4247947): avc: denied { search } for name="2" dev="proc" ino=11460 scontext=u:r:untrusted_app:s0:c512,c768 tcontext=u:r:kernel:s0 tclass=dir permissive=0 ppid=14339 pcomm="sh" tgid=14339 tgcomm="sh"
06-08 16:25:19.276: W/bt_hci_packet_fragmenter(9553): reassemble_and_dispatch complete l2cap packet received:l2cap full length 6 and hci length 14.
06-08 16:25:19.278: W/bt_hci_packet_fragmenter(9553): reassemble_and_dispatch complete l2cap packet received:l2cap full length 6 and hci length 14.
06-08 16:25:19.279: W/bt_hci_packet_fragmenter(9553): reassemble_and_dispatch complete l2cap packet received:l2cap full length 7 and hci length 15.
06-08 16:25:19.280: W/bt_hci_packet_fragmenter(9553): reassemble_and_dispatch complete l2cap packet received:l2cap full length 7 and hci length 15.
06-08 16:25:19.282: W/bt_hci_packet_fragmenter(9553): reassemble_and_dispatch complete l2cap packet received:l2cap full length 11 and hci length 19.
06-08 16:25:19.410: I/System.out(10218): DATA from OBD TECH 410436
06-08 16:25:19.420: D/com.obd.reader.io.ObdGatewayService(10218): Taking job[115/4] from queue..
06-08 16:25:19.420: D/com.obd.reader.io.ObdGatewayService(10218): Job state is NEW. Run it..
06-08 16:25:19.420: I/System.out(10218): Command Executed TECH 01 0C
06-08 16:25:19.483: W/bt_hci_packet_fragmenter(9553): reassemble_and_dispatch complete l2cap packet received:l2cap full length 7 and hci length 15.
06-08 16:25:19.483: W/bt_hci_packet_fragmenter(9553): reassemble_and_dispatch complete l2cap packet received:l2cap full length 7 and hci length 15.
06-08 16:25:19.484: W/bt_hci_packet_fragmenter(9553): reassemble_and_dispatch complete l2cap packet received:l2cap full length 6 and hci length 14.
06-08 16:25:19.486: W/bt_hci_packet_fragmenter(9553): reassemble_and_dispatch complete l2cap packet received:l2cap full length 7 and hci length 15.
06-08 16:25:19.487: W/bt_hci_packet_fragmenter(9553): reassemble_and_dispatch complete l2cap packet received:l2cap full length 13 and hci length 21.
06-08 16:25:19.632: I/System.out(10218): DATA from OBD TECH 410C0DAC
06-08 16:25:19.635: D/com.obd.reader.io.ObdGatewayService(10218): Taking job[116/3] from queue..
06-08 16:25:19.636: D/com.obd.reader.io.ObdGatewayService(10218): Job state is NEW. Run it..
06-08 16:25:19.636: I/System.out(10218): Command Executed TECH 01 1F
06-08 16:25:19.642: W/bt_hci_packet_fragmenter(9553): reassemble_and_dispatch complete l2cap packet received:l2cap full length 6 and hci length 14.
06-08 16:25:19.721: W/bt_hci_packet_fragmenter(9553): reassemble_and_dispatch complete l2cap packet received:l2cap full length 7 and hci length 15.
06-08 16:25:19.722: W/bt_hci_packet_fragmenter(9553): reassemble_and_dispatch complete l2cap packet received:l2cap full length 6 and hci length 14.
06-08 16:25:19.723: W/bt_hci_packet_fragmenter(9553): reassemble_and_dispatch complete l2cap packet received:l2cap full length 6 and hci length 14.
06-08 16:25:19.727: W/bt_hci_packet_fragmenter(9553): reassemble_and_dispatch complete l2cap packet received:l2cap full length 6 and hci length 14.
06-08 16:25:19.728: W/bt_hci_packet_fragmenter(9553): reassemble_and_dispatch complete l2cap packet received:l2cap full length 15 and hci length 23.
06-08 16:25:19.847: I/System.out(10218): DATA from OBD TECH 411F00E4
06-08 16:25:19.849: D/com.obd.reader.io.ObdGatewayService(10218): Taking job[117/2] from queue..
06-08 16:25:19.849: D/com.obd.reader.io.ObdGatewayService(10218): Job state is NEW. Run it..
06-08 16:25:19.849: I/System.out(10218): Command Executed TECH 01 10
06-08 16:25:20.091: W/bt_hci_packet_fragmenter(9553): reassemble_and_dispatch complete l2cap packet received:l2cap full length 7 and hci length 15.
06-08 16:25:20.101: W/bt_hci_packet_fragmenter(9553): reassemble_and_dispatch complete l2cap packet received:l2cap full length 7 and hci length 15.
06-08 16:25:20.101: W/bt_hci_packet_fragmenter(9553): reassemble_and_dispatch complete l2cap packet received:l2cap full length 6 and hci length 14.
06-08 16:25:20.102: W/bt_hci_packet_fragmenter(9553): reassemble_and_dispatch complete l2cap packet received:l2cap full length 7 and hci length 15.
06-08 16:25:20.103: W/bt_hci_packet_fragmenter(9553): reassemble_and_dispatch complete l2cap packet received:l2cap full length 8 and hci length 16.
06-08 16:25:20.104: I/System.out(10218): DATA from OBD TECH NODATA
06-08 16:25:20.106: E/com.obd.reader.io.ObdGatewayService(10218): Failed to run command. -> Error running 01 10, response: NODATA
06-08 16:25:20.106: D/com.obd.reader.io.ObdGatewayService(10218): Taking job[118/1] from queue..
06-08 16:25:20.106: D/com.obd.reader.io.ObdGatewayService(10218): Job state is NEW. Run it..
06-08 16:25:20.106: I/System.out(10218): Command Executed TECH 01 11
06-08 16:25:20.167: W/bt_hci_packet_fragmenter(9553): reassemble_and_dispatch complete l2cap packet received:l2cap full length 6 and hci length 14.
06-08 16:25:20.168: W/bt_hci_packet_fragmenter(9553): reassemble_and_dispatch complete l2cap packet received:l2cap full length 6 and hci length 14.
06-08 16:25:20.170: W/bt_hci_packet_fragmenter(9553): reassemble_and_dispatch complete l2cap packet received:l2cap full length 6 and hci length 14.
06-08 16:25:20.171: W/bt_hci_packet_fragmenter(9553): reassemble_and_dispatch complete l2cap packet received:l2cap full length 6 and hci length 14.
06-08 16:25:20.172: W/bt_hci_packet_fragmenter(9553): reassemble_and_dispatch complete l2cap packet received:l2cap full length 13 and hci length 21.
06-08 16:25:20.311: I/System.out(10218): DATA from OBD TECH 41110C
06-08 16:25:20.324: D/com.obd.reader.io.ObdGatewayService(10218): Taking job[119/0] from queue..
06-08 16:25:20.324: D/com.obd.reader.io.ObdGatewayService(10218): Job state is NEW. Run it..
06-08 16:25:20.324: I/System.out(10218): Command Executed TECH 01 0D 1
06-08 16:25:20.331: W/bt_hci_packet_fragmenter(9553): reassemble_and_dispatch complete l2cap packet received:l2cap full length 6 and hci length 14.
06-08 16:25:20.336: W/bt_hci_packet_fragmenter(9553): reassemble_and_dispatch complete l2cap packet received:l2cap full length 6 and hci length 14.
06-08 16:25:20.337: W/bt_hci_packet_fragmenter(9553): reassemble_and_dispatch complete l2cap packet received:l2cap full length 6 and hci length 14.
06-08 16:25:20.338: W/bt_hci_packet_fragmenter(9553): reassemble_and_dispatch complete l2cap packet received:l2cap full length 7 and hci length 15.
06-08 16:25:20.339: W/bt_hci_packet_fragmenter(9553): reassemble_and_dispatch complete l2cap packet received:l2cap full length 6 and hci length 14.
06-08 16:25:20.341: W/bt_hci_packet_fragmenter(9553): reassemble_and_dispatch complete l2cap packet received:l2cap full length 9 and hci length 17.
06-08 16:25:20.345: W/bt_hci_packet_fragmenter(9553): reassemble_and_dispatch complete l2cap packet received:l2cap full length 8 and hci length 16.
06-08 16:25:20.528: I/System.out(10218): DATA from OBD TECH 410D00
06-08 16:25:20.543: I/System.out(10218): ((MainActivity) ctx).commandResult {MAF=NODATA, ENGINE_RPM=875RPM, THROTTLE_POS=4.7%, ENGINE_LOAD=21.2%, TROUBLE_CODES=4300, ENGINE_RUNTIME=00:03:48}
06-08 16:25:20.543: I/System.out(10218): Unable to find float  value for 
06-08 16:25:20.544: I/System.out(10218): Unable to find float  value for 
06-08 16:25:20.550: D/Network(10218): Network
06-08 16:25:20.554: I/System.out(10218): Device IMEI is 352494060195210
06-08 16:25:20.554: I/System.out(10218): LAT18.5086394LONG73.7921056
06-08 16:25:20.557: I/System.out(10218): MSG 0.0,0.0,0.0,4.699999809265137,0.0,875.0,0.0,352494060195210,18.5086394,73.7921056,1496919320547
06-08 16:25:20.557: D/com.obd.activity.MainActivity(10218): throttle,vss,rpm 4.699999809265137,0.0,875.0
06-08 16:25:20.558: I/System.out(10218): url  http://project-111.ind-cloud.everdata.com:80/CenteralServer/pages/tiles/save.jsp?lngsend=73.7921056&load_pct=0.0&temp=0.0&throttlepos=4.699999809265137&method=send&time=1496919320547&imei=352494060195210&latsend=18.5086394&rpm=875.0&ctime=08-Jun-2017+16%3A25%3A20&maf=0.0&vss=0.0&iat=0.0
06-08 16:25:20.558: V/HttpView(10218): http://project-111.ind-cloud.everdata.com:80/CenteralServer/pages/tiles/save.jsp?lngsend=73.7921056&load_pct=0.0&temp=0.0&throttlepos=4.699999809265137&method=send&time=1496919320547&imei=352494060195210&latsend=18.5086394&rpm=875.0&ctime=08-Jun-2017+16%3A25%3A20&maf=0.0&vss=0.0&iat=0.0
06-08 16:25:20.942: D/WifiService(1043): acquireWifiLockLocked: WifiLock{NlpWifiLock type=2 binder=android.os.BinderProxy@f176523}
06-08 16:25:20.958: I/ActivityManager(1043): Start proc 14369:com.sonymobile.storagechecker/u0a266 for service com.sonymobile.storagechecker/.controller.DeviceStorageService
06-08 16:25:21.011: W/System(14369): ClassLoader referenced unknown path: /data/app/com.sonymobile.storagechecker-1/lib/arm
06-08 16:25:21.016: D/StorageChecker(14369): Enable exception reporting
06-08 16:25:21.042: V/HttpView(10218): 0 DONE
06-08 16:25:21.042: V/HttpView(10218): HttpView.count 0
06-08 16:25:21.058: E/GoogleTagManager(14369): Invalid macro: _gtm.loadEventEnabled
06-08 16:25:21.065: I/GAv4(14369): Google Analytics 8.4.87 is starting up. To enable debug logging on a device run:
06-08 16:25:21.065: I/GAv4(14369):   adb shell setprop log.tag.GAv4 DEBUG
06-08 16:25:21.065: I/GAv4(14369):   adb logcat -s GAv4
06-08 16:25:21.079: E/GoogleTagManager(14369): Invalid macro: _gtm.loadEventEnabled
06-08 16:25:21.081: W/GAv4(14369): CampaignTrackingReceiver is not registered, not exported or is disabled. Installation campaign tracking is not possible. See http://goo.gl/8Rd3yj for instructions.
06-08 16:25:21.106: D/StorageChecker(14369): Container loaded success=true
06-08 16:25:21.122: I/ActivityManager(1043): Killing 11180:com.mobisystems.office/u0a220 (adj 15): empty #17
06-08 16:25:21.187: D/==FindMyPhone==(26284): 1496919321187
06-08 16:25:22.983: D/com.obd.reader.io.AbstractGatewayService(10218): Adding job[120] to queue..
06-08 16:25:22.984: D/com.obd.reader.io.ObdGatewayService(10218): Taking job[120/0] from queue..
06-08 16:25:22.984: D/com.obd.reader.io.ObdGatewayService(10218): Job state is NEW. Run it..
06-08 16:25:22.985: I/System.out(10218): Command Executed TECH 03
06-08 16:25:22.986: D/com.obd.reader.io.AbstractGatewayService(10218): Job queued successfully.
