06-08 16:25:20.171: W/bt_hci_packet_fragmenter(9553): reassemble_and_dispatch complete l2cap packet received:l2cap full length 6 and hci length 14.
06-08 16:25:20.172: W/bt_hci_packet_fragmenter(9553): reassemble_and_dispatch complete l2cap packet received:l2cap full length 13 and hci length 21.
06-08 16:25:20.311: I/System.out(10218): DATA from OBD TECH 41110C
06-08 16:25:20.324: D/com.obd.reader.io.ObdGatewayService(10218): Taking job[119/0] from queue..
06-08 16:25:20.324: D/com.obd.reader.io.ObdGatewayService(10218): Job state is NEW. Run it..
06-08 16:25:20.324: I/System.out(10218): Command Executed TECH 01 0D 1
06-08 16:25:20.331: W/bt_hci_packet_fragmenter(9553): reassemble_and_dispatch complete l2cap packet received:l2cap full length 6 and hci length 14.
06-08 16:25:20.336: W/bt_hci_packet_fragmenter(9553): reassemble_and_dispatch complete l2cap packet received:l2cap full length 6 and hci length 14.
06-08 16:25:20.337: W/bt_hci_packet_fragmenter(9553): reassemble_and_dispatch complete l2cap packet received:l2cap full length 6 and hci length 14.
06-08 16:25:20.338: W/bt_hci_packet_fragmenter(9553): reassemble_and_dispatch complete l2cap packet received:l2cap full length 7 and hci length 15.
06-08 16:25:20.339: W/bt_hci_packet_fragmenter(9553): reassemble_and_dispatch complete l2cap packet received:l2cap full length 6 and hci length 14.
06-08 16:25:20.341: W/bt_hci_packet_fragmenter(9553): reassemble_and_dispatch complete l2cap packet received:l2cap full length 9 and hci length 17.
06-08 16:25:20.345: W/bt_hci_packet_fragmenter(9553): reassemble_and_dispatch complete l2cap packet received:l2cap full length 8 and hci length 16.
06-08 16:25:20.528: I/System.out(10218): DATA from OBD TECH 410D00
06-08 16:25:20.543: I/System.out(10218): ((MainActivity) ctx).commandResult {MAF=NODATA, ENGINE_RPM=875RPM, THROTTLE_POS=4.7%, ENGINE_LOAD=21.2%, TROUBLE_CODES=4300, ENGINE_RUNTIME=00:03:48}
06-08 16:25:20.543: I/System.out(10218): Unable to find float  value for 
06-08 16:25:20.544: I/System.out(10218): Unable to find float  value for 
06-08 16:25:20.550: D/Network(10218): Network
06-08 16:25:20.554: I/System.out(10218): Device IMEI is 352494060195210
06-08 16:25:20.554: I/System.out(10218): LAT18.5086394LONG73.7921056
06-08 16:25:20.557: I/System.out(10218): MSG 0.0,0.0,0.0,4.699999809265137,0.0,875.0,0.0,352494060195210,18.5086394,73.7921056,1496919320547
06-08 16:25:20.557: D/com.obd.activity.MainActivity(10218): throttle,vss,rpm 4.699999809265137,0.0,875.0
06-08 16:25:20.558: I/System.out(10218): url  http://project-111.ind-cloud.everdata.com:80/CenteralServer/pages/tiles/save.jsp?lngsend=73.7921056&load_pct=0.0&temp=0.0&throttlepos=4.699999809265137&method=send&time=1496919320547&imei=352494060195210&latsend=18.5086394&rpm=875.0&ctime=08-Jun-2017+16%3A25%3A20&maf=0.0&vss=0.0&iat=0.0
06-08 16:25:20.558: V/HttpView(10218): http://project-111.ind-cloud.everdata.com:80/CenteralServer/pages/tiles/save.jsp?lngsend=73.7921056&load_pct=0.0&temp=0.0&throttlepos=4.699999809265137&method=send&time=1496919320547&imei=352494060195210&latsend=18.5086394&rpm=875.0&ctime=08-Jun-2017+16%3A25%3A20&maf=0.0&vss=0.0&iat=0.0
06-08 16:25:20.942: D/WifiService(1043): acquireWifiLockLocked: WifiLock{NlpWifiLock type=2 binder=android.os.BinderProxy@f176523}
06-08 16:25:20.958: I/ActivityManager(1043): Start proc 14369:com.sonymobile.storagechecker/u0a266 for service com.sonymobile.storagechecker/.controller.DeviceStorageService
06-08 16:25:21.011: W/System(14369): ClassLoader referenced unknown path: /data/app/com.sonymobile.storagechecker-1/lib/arm
06-08 16:25:21.016: D/StorageChecker(14369): Enable exception reporting
06-08 16:25:21.042: V/HttpView(10218): 0 DONE
06-08 16:25:21.042: V/HttpView(10218): HttpView.count 0
06-08 16:25:21.058: E/GoogleTagManager(14369): Invalid macro: _gtm.loadEventEnabled
06-08 16:25:21.065: I/GAv4(14369): Google Analytics 8.4.87 is starting up. To enable debug logging on a device run:
06-08 16:25:21.065: I/GAv4(14369):   adb shell setprop log.tag.GAv4 DEBUG
06-08 16:25:21.065: I/GAv4(14369):   adb logcat -s GAv4
06-08 16:25:21.079: E/GoogleTagManager(14369): Invalid macro: _gtm.loadEventEnabled
06-08 16:25:21.081: W/GAv4(14369): CampaignTrackingReceiver is not registered, not exported or is disabled. Installation campaign tracking is not possible. See http://goo.gl/8Rd3yj for instructions.
06-08 16:25:21.106: D/StorageChecker(14369): Container loaded success=true
06-08 16:25:21.122: I/ActivityManager(1043): Killing 11180:com.mobisystems.office/u0a220 (adj 15): empty #17
06-08 16:25:21.187: D/==FindMyPhone==(26284): 1496919321187
06-08 16:25:22.983: D/com.obd.reader.io.AbstractGatewayService(10218): Adding job[120] to queue..
06-08 16:25:22.984: D/com.obd.reader.io.ObdGatewayService(10218): Taking job[120/0] from queue..
06-08 16:25:22.984: D/com.obd.reader.io.ObdGatewayService(10218): Job state is NEW. Run it..
06-08 16:25:22.985: I/System.out(10218): Command Executed TECH 03
06-08 16:25:22.986: D/com.obd.reader.io.AbstractGatewayService(10218): Job queued successfully.
06-08 16:25:22.986: D/com.obd.reader.io.AbstractGatewayService(10218): Adding job[121] to queue..
06-08 16:25:22.987: D/com.obd.reader.io.AbstractGatewayService(10218): Job queued successfully.
06-08 16:25:22.987: D/com.obd.reader.io.AbstractGatewayService(10218): Adding job[122] to queue..
06-08 16:25:22.987: D/com.obd.reader.io.AbstractGatewayService(10218): Job queued successfully.
06-08 16:25:22.987: D/com.obd.reader.io.AbstractGatewayService(10218): Adding job[123] to queue..
06-08 16:25:22.987: D/com.obd.reader.io.AbstractGatewayService(10218): Job queued successfully.
06-08 16:25:22.987: D/com.obd.reader.io.AbstractGatewayService(10218): Adding job[124] to queue..
06-08 16:25:22.987: D/com.obd.reader.io.AbstractGatewayService(10218): Job queued successfully.
06-08 16:25:22.987: D/com.obd.reader.io.AbstractGatewayService(10218): Adding job[125] to queue..
06-08 16:25:22.987: D/com.obd.reader.io.AbstractGatewayService(10218): Job queued successfully.
06-08 16:25:22.987: D/com.obd.reader.io.AbstractGatewayService(10218): Adding job[126] to queue..
06-08 16:25:22.987: D/com.obd.reader.io.AbstractGatewayService(10218): Job queued successfully.
06-08 16:25:23.047: W/bt_hci_packet_fragmenter(9553): reassemble_and_dispatch complete l2cap packet received:l2cap full length 6 and hci length 14.
06-08 16:25:23.049: W/bt_hci_packet_fragmenter(9553): reassemble_and_dispatch complete l2cap packet received:l2cap full length 6 and hci length 14.
06-08 16:25:23.050: W/bt_hci_packet_fragmenter(9553): reassemble_and_dispatch complete l2cap packet received:l2cap full length 6 and hci length 14.
06-08 16:25:23.051: W/bt_hci_packet_fragmenter(9553): reassemble_and_dispatch complete l2cap packet received:l2cap full length 7 and hci length 15.
06-08 16:25:23.052: W/bt_hci_packet_fragmenter(9553): reassemble_and_dispatch complete l2cap packet received:l2cap full length 9 and hci length 17.
06-08 16:25:23.212: E/com.obd.reader.io.ObdGatewayService(10218): Failed to run command. -> length=4; regionStart=3; regionLength=3
06-08 16:25:23.212: D/com.obd.reader.io.ObdGatewayService(10218): Taking job[121/5] from queue..
06-08 16:25:23.212: D/com.obd.reader.io.ObdGatewayService(10218): Job state is NEW. Run it..
06-08 16:25:23.212: I/System.out(10218): Command Executed TECH 01 04
06-08 16:25:23.273: W/bt_hci_packet_fragmenter(9553): reassemble_and_dispatch complete l2cap packet received:l2cap full length 6 and hci length 14.
06-08 16:25:23.274: W/bt_hci_packet_fragmenter(9553): reassemble_and_dispatch complete l2cap packet received:l2cap full length 6 and hci length 14.
06-08 16:25:23.276: W/bt_hci_packet_fragmenter(9553): reassemble_and_dispatch complete l2cap packet received:l2cap full length 7 and hci length 15.
06-08 16:25:23.277: W/bt_hci_packet_fragmenter(9553): reassemble_and_dispatch complete l2cap packet received:l2cap full length 6 and hci length 14.
06-08 16:25:23.278: W/bt_hci_packet_fragmenter(9553): reassemble_and_dispatch complete l2cap packet received:l2cap full length 12 and hci length 20.
06-08 16:25:23.417: I/System.out(10218): DATA from OBD TECH 41046C
06-08 16:25:23.432: D/com.obd.reader.io.ObdGatewayService(10218): Taking job[122/4] from queue..
06-08 16:25:23.432: D/com.obd.reader.io.ObdGatewayService(10218): Job state is NEW. Run it..
06-08 16:25:23.432: I/System.out(10218): Command Executed TECH 01 0C
06-08 16:25:23.438: W/bt_hci_packet_fragmenter(9553): reassemble_and_dispatch complete l2cap packet received:l2cap full length 6 and hci length 14.
06-08 16:25:23.510: W/bt_hci_packet_fragmenter(9553): reassemble_and_dispatch complete l2cap packet received:l2cap full length 6 and hci length 14.
06-08 16:25:23.512: W/bt_hci_packet_fragmenter(9553): reassemble_and_dispatch complete l2cap packet received:l2cap full length 7 and hci length 15.
06-08 16:25:23.513: W/bt_hci_packet_fragmenter(9553): reassemble_and_dispatch complete l2cap packet received:l2cap full length 6 and hci length 14.
06-08 16:25:23.514: W/bt_hci_packet_fragmenter(9553): reassemble_and_dispatch complete l2cap packet received:l2cap full length 7 and hci length 15.
06-08 16:25:23.515: W/bt_hci_packet_fragmenter(9553): reassemble_and_dispatch complete l2cap packet received:l2cap full length 14 and hci length 22.
06-08 16:25:23.637: I/System.out(10218): DATA from OBD TECH 410C10FE
06-08 16:25:23.654: D/com.obd.reader.io.ObdGatewayService(10218): Taking job[123/3] from queue..
06-08 16:25:23.654: D/com.obd.reader.io.ObdGatewayService(10218): Job state is NEW. Run it..
06-08 16:25:23.654: I/System.out(10218): Command Executed TECH 01 1F
06-08 16:25:23.717: W/bt_hci_packet_fragmenter(9553): reassemble_and_dispatch complete l2cap packet received:l2cap full length 6 and hci length 14.
06-08 16:25:23.718: W/bt_hci_packet_fragmenter(9553): reassemble_and_dispatch complete l2cap packet received:l2cap full length 7 and hci length 15.
06-08 16:25:23.720: W/bt_hci_packet_fragmenter(9553): reassemble_and_dispatch complete l2cap packet received:l2cap full length 7 and hci length 15.
06-08 16:25:23.721: W/bt_hci_packet_fragmenter(9553): reassemble_and_dispatch complete l2cap packet received:l2cap full length 6 and hci length 14.
06-08 16:25:23.723: W/bt_hci_packet_fragmenter(9553): reassemble_and_dispatch complete l2cap packet received:l2cap full length 14 and hci length 22.
06-08 16:25:23.859: I/System.out(10218): DATA from OBD TECH 411F00E8
06-08 16:25:23.871: D/com.obd.reader.io.ObdGatewayService(10218): Taking job[124/2] from queue..
06-08 16:25:23.871: D/com.obd.reader.io.ObdGatewayService(10218): Job state is NEW. Run it..
06-08 16:25:23.871: I/System.out(10218): Command Executed TECH 01 10
06-08 16:25:24.113: W/bt_hci_packet_fragmenter(9553): reassemble_and_dispatch complete l2cap packet received:l2cap full length 7 and hci length 15.
06-08 16:25:24.119: W/bt_hci_packet_fragmenter(9553): reassemble_and_dispatch complete l2cap packet received:l2cap full length 6 and hci length 14.
06-08 16:25:24.122: W/bt_hci_packet_fragmenter(9553): reassemble_and_dispatch complete l2cap packet received:l2cap full length 6 and hci length 14.
06-08 16:25:24.122: W/bt_hci_packet_fragmenter(9553): reassemble_and_dispatch complete l2cap packet received:l2cap full length 6 and hci length 14.
06-08 16:25:24.123: W/bt_hci_packet_fragmenter(9553): reassemble_and_dispatch complete l2cap packet received:l2cap full length 10 and hci length 18.
06-08 16:25:24.125: I/System.out(10218): DATA from OBD TECH NODATA
06-08 16:25:24.132: E/com.obd.reader.io.ObdGatewayService(10218): Failed to run command. -> Error running 01 10, response: NODATA
06-08 16:25:24.132: D/com.obd.reader.io.ObdGatewayService(10218): Taking job[125/1] from queue..
06-08 16:25:24.132: D/com.obd.reader.io.ObdGatewayService(10218): Job state is NEW. Run it..
06-08 16:25:24.132: I/System.out(10218): Command Executed TECH 01 11
06-08 16:25:24.140: W/bt_hci_packet_fragmenter(9553): reassemble_and_dispatch complete l2cap packet received:l2cap full length 6 and hci length 14.
06-08 16:25:24.202: W/bt_hci_packet_fragmenter(9553): reassemble_and_dispatch complete l2cap packet received:l2cap full length 7 and hci length 15.
06-08 16:25:24.205: W/bt_hci_packet_fragmenter(9553): reassemble_and_dispatch complete l2cap packet received:l2cap full length 6 and hci length 14.
06-08 16:25:24.205: W/bt_hci_packet_fragmenter(9553): reassemble_and_dispatch complete l2cap packet received:l2cap full length 6 and hci length 14.
06-08 16:25:24.205: W/bt_hci_packet_fragmenter(9553): reassemble_and_dispatch complete l2cap packet received:l2cap full length 6 and hci length 14.
06-08 16:25:24.205: W/bt_hci_packet_fragmenter(9553): reassemble_and_dispatch complete l2cap packet received:l2cap full length 12 and hci length 20.
06-08 16:25:24.215: D/==FindMyPhone==(26284): 1496919324215
06-08 16:25:24.336: I/System.out(10218): DATA from OBD TECH 411113
06-08 16:25:24.346: D/com.obd.reader.io.ObdGatewayService(10218): Taking job[126/0] from queue..
06-08 16:25:24.346: D/com.obd.reader.io.ObdGatewayService(10218): Job state is NEW. Run it..
06-08 16:25:24.346: I/System.out(10218): Command Executed TECH 01 0D 1
06-08 16:25:24.376: W/bt_hci_packet_fragmenter(9553): reassemble_and_dispatch complete l2cap packet received:l2cap full length 7 and hci length 15.
06-08 16:25:24.381: W/bt_hci_packet_fragmenter(9553): reassemble_and_dispatch complete l2cap packet received:l2cap full length 7 and hci length 15.
06-08 16:25:24.381: W/bt_hci_packet_fragmenter(9553): reassemble_and_dispatch complete l2cap packet received:l2cap full length 6 and hci length 14.
06-08 16:25:24.382: W/bt_hci_packet_fragmenter(9553): reassemble_and_dispatch complete l2cap packet received:l2cap full length 7 and hci length 15.
06-08 16:25:24.382: W/bt_hci_packet_fragmenter(9553): reassemble_and_dispatch complete l2cap packet received:l2cap full length 10 and hci length 18.
06-08 16:25:24.462: V/OSNPGlue_jni(1043): Entering  : void onJavaLocationChanged(JNIEnv*, jobject, jboolean, jlong, jboolean, jlong, jboolean, jdouble, jboolean, jdouble, jboolean, jfloat, jboolean, jdouble, jboolean, jfloat, jboolean, jfloat)
06-08 16:25:24.475: D/WifiService(1043): releaseWifiLockLocked: WifiLock{NlpWifiLock type=2 binder=android.os.BinderProxy@f176523}
06-08 16:25:24.477: W/ctxmgr(4881): [AclManager]No 2 for (accnt=account#1618635401#, com.google.android.gms(10030):UserLocationProducer, vrsn=11055000, 0, 3pPkg = null ,  3pMdlId = null ,  pid = 4881). Was: 2 for 1, account#1618635401#
06-08 16:25:24.478: D/Network(10218): Got Location Updates 18.5085449 73.7920322
06-08 16:25:24.490: I/System.out(10218): Device IMEI is 352494060195210
06-08 16:25:24.495: D/Network(10218): Got Location Updates 18.5085449 73.7920322
06-08 16:25:24.497: I/System.out(10218): Device IMEI is 352494060195210
06-08 16:25:24.560: I/System.out(10218): DATA from OBD TECH 410D08
06-08 16:25:24.567: I/System.out(10218): ((MainActivity) ctx).commandResult {MAF=NODATA, ENGINE_RPM=1087RPM, THROTTLE_POS=7.5%, ENGINE_LOAD=42.4%, TROUBLE_CODES=4300, ENGINE_RUNTIME=00:03:52}
06-08 16:25:24.567: I/System.out(10218): Unable to find float  value for 
06-08 16:25:24.567: I/System.out(10218): Unable to find float  value for 
06-08 16:25:24.575: D/Network(10218): Network
06-08 16:25:24.578: I/System.out(10218): Device IMEI is 352494060195210
06-08 16:25:24.578: I/System.out(10218): LAT18.5085449LONG73.7920322
06-08 16:25:24.581: I/System.out(10218): MSG 0.0,0.0,0.0,7.5,0.0,1087.0,0.0,352494060195210,18.5085449,73.7920322,1496919324572
06-08 16:25:24.581: D/com.obd.activity.MainActivity(10218): throttle,vss,rpm 7.5,0.0,1087.0
06-08 16:25:24.582: I/System.out(10218): url  http://project-111.ind-cloud.everdata.com:80/CenteralServer/pages/tiles/save.jsp?lngsend=73.7920322&load_pct=0.0&temp=0.0&throttlepos=7.5&method=send&time=1496919324572&imei=352494060195210&latsend=18.5085449&rpm=1087.0&ctime=08-Jun-2017+16%3A25%3A24&maf=0.0&vss=0.0&iat=0.0
06-08 16:25:24.582: V/HttpView(10218): http://project-111.ind-cloud.everdata.com:80/CenteralServer/pages/tiles/save.jsp?lngsend=73.7920322&load_pct=0.0&temp=0.0&throttlepos=7.5&method=send&time=1496919324572&imei=352494060195210&latsend=18.5085449&rpm=1087.0&ctime=08-Jun-2017+16%3A25%3A24&maf=0.0&vss=0.0&iat=0.0
06-08 16:25:24.893: V/HttpView(10218): 0 DONE
06-08 16:25:24.893: V/HttpView(10218): HttpView.count 0
06-08 16:25:26.843: W/lights-worker(422): _schedule_work: 'bl_update' already scheduled
06-08 16:25:26.988: D/com.obd.reader.io.AbstractGatewayService(10218): Adding job[127] to queue..
06-08 16:25:26.990: D/com.obd.reader.io.AbstractGatewayService(10218): Job queued successfully.
06-08 16:25:26.991: D/com.obd.reader.io.AbstractGatewayService(10218): Adding job[128] to queue..
06-08 16:25:26.991: D/com.obd.reader.io.AbstractGatewayService(10218): Job queued successfully.
06-08 16:25:26.991: D/com.obd.reader.io.AbstractGatewayService(10218): Adding job[129] to queue..
06-08 16:25:26.991: D/com.obd.reader.io.AbstractGatewayService(10218): Job queued successfully.
06-08 16:25:26.991: D/com.obd.reader.io.AbstractGatewayService(10218): Adding job[130] to queue..
06-08 16:25:26.991: D/com.obd.reader.io.AbstractGatewayService(10218): Job queued successfully.
06-08 16:25:26.991: D/com.obd.reader.io.AbstractGatewayService(10218): Adding job[131] to queue..
06-08 16:25:26.992: D/com.obd.reader.io.AbstractGatewayService(10218): Job queued successfully.
06-08 16:25:26.992: D/com.obd.reader.io.AbstractGatewayService(10218): Adding job[132] to queue..
06-08 16:25:26.992: D/com.obd.reader.io.AbstractGatewayService(10218): Job queued successfully.
06-08 16:25:26.992: D/com.obd.reader.io.AbstractGatewayService(10218): Adding job[133] to queue..
06-08 16:25:26.992: D/com.obd.reader.io.AbstractGatewayService(10218): Job queued successfully.
06-08 16:25:26.994: D/com.obd.reader.io.ObdGatewayService(10218): Taking job[127/6] from queue..
06-08 16:25:26.994: D/com.obd.reader.io.ObdGatewayService(10218): Job state is NEW. Run it..
06-08 16:25:26.994: I/System.out(10218): Command Executed TECH 03
06-08 16:25:27.057: W/bt_hci_packet_fragmenter(9553): reassemble_and_dispatch complete l2cap packet received:l2cap full length 6 and hci length 14.
06-08 16:25:27.058: W/bt_hci_packet_fragmenter(9553): reassemble_and_dispatch complete l2cap packet received:l2cap full length 6 and hci length 14.
06-08 16:25:27.060: W/bt_hci_packet_fragmenter(9553): reassemble_and_dispatch complete l2cap packet received:l2cap full length 7 and hci length 15.
06-08 16:25:27.062: W/bt_hci_packet_fragmenter(9553): reassemble_and_dispatch complete l2cap packet received:l2cap full length 6 and hci length 14.
06-08 16:25:27.063: W/bt_hci_packet_fragmenter(9553): reassemble_and_dispatch complete l2cap packet received:l2cap full length 9 and hci length 17.
06-08 16:25:27.213: E/com.obd.reader.io.ObdGatewayService(10218): Failed to run command. -> length=4; regionStart=3; regionLength=3
06-08 16:25:27.213: D/com.obd.reader.io.ObdGatewayService(10218): Taking job[128/5] from queue..
06-08 16:25:27.213: D/com.obd.reader.io.ObdGatewayService(10218): Job state is NEW. Run it..
06-08 16:25:27.213: I/System.out(10218): Command Executed TECH 01 04
06-08 16:25:27.220: W/bt_hci_packet_fragmenter(9553): reassemble_and_dispatch complete l2cap packet received:l2cap full length 6 and hci length 14.
06-08 16:25:27.252: D/==FindMyPhone==(26284): 1496919327252
06-08 16:25:27.277: W/bt_hci_packet_fragmenter(9553): reassemble_and_dispatch complete l2cap packet received:l2cap full length 7 and hci length 15.
06-08 16:25:27.278: W/bt_hci_packet_fragmenter(9553): reassemble_and_dispatch complete l2cap packet received:l2cap full length 7 and hci length 15.
06-08 16:25:27.279: W/bt_hci_packet_fragmenter(9553): reassemble_and_dispatch complete l2cap packet received:l2cap full length 6 and hci length 14.
06-08 16:25:27.280: W/bt_hci_packet_fragmenter(9553): reassemble_and_dispatch complete l2cap packet received:l2cap full length 7 and hci length 15.
06-08 16:25:27.282: W/bt_hci_packet_fragmenter(9553): reassemble_and_dispatch complete l2cap packet received:l2cap full length 10 and hci length 18.
06-08 16:25:27.394: I/Gobi(445): vendor/qcom/proprietary/RIDL/RIDLClient/RIDLSQL.cpp:2500: GetTransState() EBADF
06-08 16:25:27.395: I/Gobi(445): vendor/qcom/proprietary/RIDL/RIDLClient/MainCore.cpp:1550: Failed to get TransState, rc 9
06-08 16:25:27.395: I/Gobi(445): vendor/qcom/proprietary/RIDL/RIDLClient/RIDLSQL.cpp:2500: GetTransState() EBADF
06-08 16:25:27.395: I/Gobi(445): vendor/qcom/proprietary/RIDL/RIDLClient/RIDLSQL.cpp:2500: GetTransState() EBADF
06-08 16:25:27.417: I/System.out(10218): DATA from OBD TECH 410435
06-08 16:25:27.432: D/com.obd.reader.io.ObdGatewayService(10218): Taking job[129/4] from queue..
06-08 16:25:27.432: D/com.obd.reader.io.ObdGatewayService(10218): Job state is NEW. Run it..
06-08 16:25:27.432: I/System.out(10218): Command Executed TECH 01 0C
06-08 16:25:27.494: W/bt_hci_packet_fragmenter(9553): reassemble_and_dispatch complete l2cap packet received:l2cap full length 6 and hci length 14.
06-08 16:25:27.495: W/bt_hci_packet_fragmenter(9553): reassemble_and_dispatch complete l2cap packet received:l2cap full length 7 and hci length 15.
06-08 16:25:27.496: W/bt_hci_packet_fragmenter(9553): reassemble_and_dispatch complete l2cap packet received:l2cap full length 6 and hci length 14.
06-08 16:25:27.497: W/bt_hci_packet_fragmenter(9553): reassemble_and_dispatch complete l2cap packet received:l2cap full length 7 and hci length 15.
06-08 16:25:27.499: W/bt_hci_packet_fragmenter(9553): reassemble_and_dispatch complete l2cap packet received:l2cap full length 14 and hci length 22.
06-08 16:25:27.650: I/System.out(10218): DATA from OBD TECH 410C0DDE
06-08 16:25:27.663: D/com.obd.reader.io.ObdGatewayService(10218): Taking job[130/3] from queue..
06-08 16:25:27.663: D/com.obd.reader.io.ObdGatewayService(10218): Job state is NEW. Run it..
06-08 16:25:27.663: I/System.out(10218): Command Executed TECH 01 1F
06-08 16:25:27.725: W/bt_hci_packet_fragmenter(9553): reassemble_and_dispatch complete l2cap packet received:l2cap full length 6 and hci length 14.
06-08 16:25:27.726: W/bt_hci_packet_fragmenter(9553): reassemble_and_dispatch complete l2cap packet received:l2cap full length 7 and hci length 15.
06-08 16:25:27.728: W/bt_hci_packet_fragmenter(9553): reassemble_and_dispatch complete l2cap packet received:l2cap full length 6 and hci length 14.
06-08 16:25:27.729: W/bt_hci_packet_fragmenter(9553): reassemble_and_dispatch complete l2cap packet received:l2cap full length 6 and hci length 14.
06-08 16:25:27.730: W/bt_hci_packet_fragmenter(9553): reassemble_and_dispatch complete l2cap packet received:l2cap full length 15 and hci length 23.
06-08 16:25:27.877: I/System.out(10218): DATA from OBD TECH 411F00EC
06-08 16:25:27.891: D/com.obd.reader.io.ObdGatewayService(10218): Taking job[131/2] from queue..
06-08 16:25:27.891: D/com.obd.reader.io.ObdGatewayService(10218): Job state is NEW. Run it..
06-08 16:25:27.891: I/System.out(10218): Command Executed TECH 01 10
06-08 16:25:27.897: W/bt_hci_packet_fragmenter(9553): reassemble_and_dispatch complete l2cap packet received:l2cap full length 6 and hci length 14.
06-08 16:25:28.105: W/bt_hci_packet_fragmenter(9553): reassemble_and_dispatch complete l2cap packet received:l2cap full length 6 and hci length 14.
06-08 16:25:28.109: W/bt_hci_packet_fragmenter(9553): reassemble_and_dispatch complete l2cap packet received:l2cap full length 6 and hci length 14.
06-08 16:25:28.109: W/bt_hci_packet_fragmenter(9553): reassemble_and_dispatch complete l2cap packet received:l2cap full length 6 and hci length 14.
06-08 16:25:28.110: W/bt_hci_packet_fragmenter(9553): reassemble_and_dispatch complete l2cap packet received:l2cap full length 6 and hci length 14.
06-08 16:25:28.110: W/bt_hci_packet_fragmenter(9553): reassemble_and_dispatch complete l2cap packet received:l2cap full length 11 and hci length 19.
06-08 16:25:28.111: I/System.out(10218): DATA from OBD TECH NODATA
06-08 16:25:28.112: E/com.obd.reader.io.ObdGatewayService(10218): Failed to run command. -> Error running 01 10, response: NODATA
06-08 16:25:28.113: D/com.obd.reader.io.ObdGatewayService(10218): Taking job[132/1] from queue..
06-08 16:25:28.113: D/com.obd.reader.io.ObdGatewayService(10218): Job state is NEW. Run it..
06-08 16:25:28.113: I/System.out(10218): Command Executed TECH 01 11
06-08 16:25:28.173: W/bt_hci_packet_fragmenter(9553): reassemble_and_dispatch complete l2cap packet received:l2cap full length 6 and hci length 14.
06-08 16:25:28.174: W/bt_hci_packet_fragmenter(9553): reassemble_and_dispatch complete l2cap packet received:l2cap full length 7 and hci length 15.
06-08 16:25:28.175: W/bt_hci_packet_fragmenter(9553): reassemble_and_dispatch complete l2cap packet received:l2cap full length 6 and hci length 14.
06-08 16:25:28.176: W/bt_hci_packet_fragmenter(9553): reassemble_and_dispatch complete l2cap packet received:l2cap full length 7 and hci length 15.
06-08 16:25:28.177: W/bt_hci_packet_fragmenter(9553): reassemble_and_dispatch complete l2cap packet received:l2cap full length 11 and hci length 19.
06-08 16:25:28.326: I/System.out(10218): DATA from OBD TECH 41110A
06-08 16:25:28.337: D/com.obd.reader.io.ObdGatewayService(10218): Taking job[133/0] from queue..
06-08 16:25:28.337: D/com.obd.reader.io.ObdGatewayService(10218): Job state is NEW. Run it..
06-08 16:25:28.337: I/System.out(10218): Command Executed TECH 01 0D 1
06-08 16:25:28.372: W/bt_hci_packet_fragmenter(9553): reassemble_and_dispatch complete l2cap packet received:l2cap full length 7 and hci length 15.
06-08 16:25:28.374: W/bt_hci_packet_fragmenter(9553): reassemble_and_dispatch complete l2cap packet received:l2cap full length 6 and hci length 14.
06-08 16:25:28.375: W/bt_hci_packet_fragmenter(9553): reassemble_and_dispatch complete l2cap packet received:l2cap full length 7 and hci length 15.
06-08 16:25:28.376: W/bt_hci_packet_fragmenter(9553): reassemble_and_dispatch complete l2cap packet received:l2cap full length 6 and hci length 14.
06-08 16:25:28.377: W/bt_hci_packet_fragmenter(9553): reassemble_and_dispatch complete l2cap packet received:l2cap full length 11 and hci length 19.
06-08 16:25:28.541: I/System.out(10218): DATA from OBD TECH 410D06
06-08 16:25:28.551: I/System.out(10218): ((MainActivity) ctx).commandResult {MAF=NODATA, ENGINE_RPM=887RPM, THROTTLE_POS=3.9%, ENGINE_LOAD=20.8%, TROUBLE_CODES=4300, ENGINE_RUNTIME=00:03:56}
06-08 16:25:28.552: I/System.out(10218): Unable to find float  value for 
06-08 16:25:28.552: I/System.out(10218): Unable to find float  value for 
06-08 16:25:28.559: D/Network(10218): Network
06-08 16:25:28.563: I/System.out(10218): Device IMEI is 352494060195210
06-08 16:25:28.563: I/System.out(10218): LAT18.5085449LONG73.7920322
06-08 16:25:28.565: I/System.out(10218): MSG 0.0,0.0,0.0,3.9000000953674316,0.0,887.0,0.0,352494060195210,18.5085449,73.7920322,1496919328557
06-08 16:25:28.565: D/com.obd.activity.MainActivity(10218): throttle,vss,rpm 3.9000000953674316,0.0,887.0
06-08 16:25:28.566: I/System.out(10218): url  http://project-111.ind-cloud.everdata.com:80/CenteralServer/pages/tiles/save.jsp?lngsend=73.7920322&load_pct=0.0&temp=0.0&throttlepos=3.9000000953674316&method=send&time=1496919328557&imei=352494060195210&latsend=18.5085449&rpm=887.0&ctime=08-Jun-2017+16%3A25%3A28&maf=0.0&vss=0.0&iat=0.0
06-08 16:25:28.566: V/HttpView(10218): http://project-111.ind-cloud.everdata.com:80/CenteralServer/pages/tiles/save.jsp?lngsend=73.7920322&load_pct=0.0&temp=0.0&throttlepos=3.9000000953674316&method=send&time=1496919328557&imei=352494060195210&latsend=18.5085449&rpm=887.0&ctime=08-Jun-2017+16%3A25%3A28&maf=0.0&vss=0.0&iat=0.0
06-08 16:25:29.165: W/toolbox(14434): type=1400 audit(0.0:4248759): avc: denied { getattr } for path="/proc/1" dev="proc" ino=9224 scontext=u:r:untrusted_app:s0:c512,c768 tcontext=u:r:init:s0 tclass=dir permissive=0 ppid=14431 pcomm="sh" tgid=14431 tgcomm="sh"
06-08 16:25:29.165: W/toolbox(14434): type=1400 audit(0.0:4248760): avc: denied { search } for name="1" dev="proc" ino=9224 scontext=u:r:untrusted_app:s0:c512,c768 tcontext=u:r:init:s0 tclass=dir permissive=0 ppid=14431 pcomm="sh" tgid=14431 tgcomm="sh"
06-08 16:25:29.165: W/toolbox(14434): type=1400 audit(0.0:4248761): avc: denied { search } for name="1" dev="proc" ino=9224 scontext=u:r:untrusted_app:s0:c512,c768 tcontext=u:r:init:s0 tclass=dir permissive=0 ppid=14431 pcomm="sh" tgid=14431 tgcomm="sh"
06-08 16:25:29.165: W/toolbox(14434): type=1400 audit(0.0:4248762): avc: denied { getattr } for path="/proc/2" dev="proc" ino=11460 scontext=u:r:untrusted_app:s0:c512,c768 tcontext=u:r:kernel:s0 tclass=dir permissive=0 ppid=14431 pcomm="sh" tgid=14431 tgcomm="sh"
06-08 16:25:29.165: W/toolbox(14434): type=1400 audit(0.0:4248763): avc: denied { search } for name="2" dev="proc" ino=11460 scontext=u:r:untrusted_app:s0:c512,c768 tcontext=u:r:kernel:s0 tclass=dir permissive=0 ppid=14431 pcomm="sh" tgid=14431 tgcomm="sh"
06-08 16:25:29.317: V/HttpView(10218): 0 DONE
06-08 16:25:29.317: V/HttpView(10218): HttpView.count 0
06-08 16:25:29.864: W/lights-worker(422): _schedule_work: 'bl_update' already scheduled
06-08 16:25:30.287: D/==FindMyPhone==(26284): 1496919330287
06-08 16:25:30.470: W/lights-worker(422): _schedule_work: 'bl_update' already scheduled
06-08 16:25:30.670: W/lights-worker(422): _schedule_work: 'bl_update' already scheduled
06-08 16:25:30.993: D/com.obd.reader.io.AbstractGatewayService(10218): Adding job[134] to queue..
06-08 16:25:30.995: D/com.obd.reader.io.ObdGatewayService(10218): Taking job[134/0] from queue..
06-08 16:25:30.995: D/com.obd.reader.io.ObdGatewayService(10218): Job state is NEW. Run it..
06-08 16:25:30.995: I/System.out(10218): Command Executed TECH 03
06-08 16:25:30.997: D/com.obd.reader.io.AbstractGatewayService(10218): Job queued successfully.
06-08 16:25:30.997: D/com.obd.reader.io.AbstractGatewayService(10218): Adding job[135] to queue..
06-08 16:25:30.997: D/com.obd.reader.io.AbstractGatewayService(10218): Job queued successfully.
06-08 16:25:30.997: D/com.obd.reader.io.AbstractGatewayService(10218): Adding job[136] to queue..
06-08 16:25:30.998: D/com.obd.reader.io.AbstractGatewayService(10218): Job queued successfully.
06-08 16:25:30.998: D/com.obd.reader.io.AbstractGatewayService(10218): Adding job[137] to queue..
06-08 16:25:30.998: D/com.obd.reader.io.AbstractGatewayService(10218): Job queued successfully.
06-08 16:25:30.998: D/com.obd.reader.io.AbstractGatewayService(10218): Adding job[138] to queue..
06-08 16:25:30.998: D/com.obd.reader.io.AbstractGatewayService(10218): Job queued successfully.
06-08 16:25:30.998: D/com.obd.reader.io.AbstractGatewayService(10218): Adding job[139] to queue..
06-08 16:25:30.999: D/com.obd.reader.io.AbstractGatewayService(10218): Job queued successfully.
06-08 16:25:30.999: D/com.obd.reader.io.AbstractGatewayService(10218): Adding job[140] to queue..
06-08 16:25:30.999: D/com.obd.reader.io.AbstractGatewayService(10218): Job queued successfully.
06-08 16:25:31.008: W/bt_hci_packet_fragmenter(9553): reassemble_and_dispatch complete l2cap packet received:l2cap full length 6 and hci length 14.
06-08 16:25:31.066: W/bt_hci_packet_fragmenter(9553): reassemble_and_dispatch complete l2cap packet received:l2cap full length 7 and hci length 15.
06-08 16:25:31.068: W/bt_hci_packet_fragmenter(9553): reassemble_and_dispatch complete l2cap packet received:l2cap full length 6 and hci length 14.
06-08 16:25:31.069: W/bt_hci_packet_fragmenter(9553): reassemble_and_dispatch complete l2cap packet received:l2cap full length 6 and hci length 14.
06-08 16:25:31.070: W/bt_hci_packet_fragmenter(9553): reassemble_and_dispatch complete l2cap packet received:l2cap full length 6 and hci length 14.
06-08 16:25:31.074: W/lights-worker(422): _schedule_work: 'bl_update' already scheduled
06-08 16:25:31.074: W/bt_hci_packet_fragmenter(9553): reassemble_and_dispatch complete l2cap packet received:l2cap full length 9 and hci length 17.
06-08 16:25:31.210: E/com.obd.reader.io.ObdGatewayService(10218): Failed to run command. -> length=4; regionStart=3; regionLength=3
06-08 16:25:31.210: D/com.obd.reader.io.ObdGatewayService(10218): Taking job[135/5] from queue..
06-08 16:25:31.210: D/com.obd.reader.io.ObdGatewayService(10218): Job state is NEW. Run it..
06-08 16:25:31.210: I/System.out(10218): Command Executed TECH 01 04
06-08 16:25:31.271: W/bt_hci_packet_fragmenter(9553): reassemble_and_dispatch complete l2cap packet received:l2cap full length 6 and hci length 14.
06-08 16:25:31.274: W/bt_hci_packet_fragmenter(9553): reassemble_and_dispatch complete l2cap packet received:l2cap full length 7 and hci length 15.
06-08 16:25:31.274: W/bt_hci_packet_fragmenter(9553): reassemble_and_dispatch complete l2cap packet received:l2cap full length 7 and hci length 15.
06-08 16:25:31.275: W/bt_hci_packet_fragmenter(9553): reassemble_and_dispatch complete l2cap packet received:l2cap full length 6 and hci length 14.
06-08 16:25:31.277: W/bt_hci_packet_fragmenter(9553): reassemble_and_dispatch complete l2cap packet received:l2cap full length 11 and hci length 19.
06-08 16:25:31.412: I/System.out(10218): DATA from OBD TECH 410439
06-08 16:25:31.415: D/com.obd.reader.io.ObdGatewayService(10218): Taking job[136/4] from queue..
06-08 16:25:31.415: D/com.obd.reader.io.ObdGatewayService(10218): Job state is NEW. Run it..
06-08 16:25:31.415: I/System.out(10218): Command Executed TECH 01 0C
06-08 16:25:31.478: W/bt_hci_packet_fragmenter(9553): reassemble_and_dispatch complete l2cap packet received:l2cap full length 6 and hci length 14.
06-08 16:25:31.479: W/bt_hci_packet_fragmenter(9553): reassemble_and_dispatch complete l2cap packet received:l2cap full length 7 and hci length 15.
06-08 16:25:31.480: W/bt_hci_packet_fragmenter(9553): reassemble_and_dispatch complete l2cap packet received:l2cap full length 6 and hci length 14.
06-08 16:25:31.482: W/bt_hci_packet_fragmenter(9553): reassemble_and_dispatch complete l2cap packet received:l2cap full length 7 and hci length 15.
06-08 16:25:31.484: W/bt_hci_packet_fragmenter(9553): reassemble_and_dispatch complete l2cap packet received:l2cap full length 14 and hci length 22.
06-08 16:25:31.621: I/System.out(10218): DATA from OBD TECH 410C0C4E
06-08 16:25:31.634: D/com.obd.reader.io.ObdGatewayService(10218): Taking job[137/3] from queue..
06-08 16:25:31.634: D/com.obd.reader.io.ObdGatewayService(10218): Job state is NEW. Run it..
06-08 16:25:31.634: I/System.out(10218): Command Executed TECH 01 1F
06-08 16:25:31.640: W/bt_hci_packet_fragmenter(9553): reassemble_and_dispatch complete l2cap packet received:l2cap full length 6 and hci length 14.
06-08 16:25:31.679: W/lights-worker(422): _schedule_work: 'bl_update' already scheduled
06-08 16:25:31.697: W/bt_hci_packet_fragmenter(9553): reassemble_and_dispatch complete l2cap packet received:l2cap full length 6 and hci length 14.
06-08 16:25:31.699: W/bt_hci_packet_fragmenter(9553): reassemble_and_dispatch complete l2cap packet received:l2cap full length 6 and hci length 14.
06-08 16:25:31.700: W/bt_hci_packet_fragmenter(9553): reassemble_and_dispatch complete l2cap packet received:l2cap full length 6 and hci length 14.
06-08 16:25:31.701: W/bt_hci_packet_fragmenter(9553): reassemble_and_dispatch complete l2cap packet received:l2cap full length 7 and hci length 15.
06-08 16:25:31.702: W/bt_hci_packet_fragmenter(9553): reassemble_and_dispatch complete l2cap packet received:l2cap full length 15 and hci length 23.
06-08 16:25:31.839: I/System.out(10218): DATA from OBD TECH 411F00F0
06-08 16:25:31.852: D/com.obd.reader.io.ObdGatewayService(10218): Taking job[138/2] from queue..
06-08 16:25:31.852: D/com.obd.reader.io.ObdGatewayService(10218): Job state is NEW. Run it..
06-08 16:25:31.852: I/System.out(10218): Command Executed TECH 01 10
06-08 16:25:32.075: W/bt_hci_packet_fragmenter(9553): reassemble_and_dispatch complete l2cap packet received:l2cap full length 6 and hci length 14.
06-08 16:25:32.076: W/bt_hci_packet_fragmenter(9553): reassemble_and_dispatch complete l2cap packet received:l2cap full length 6 and hci length 14.
06-08 16:25:32.077: W/bt_hci_packet_fragmenter(9553): reassemble_and_dispatch complete l2cap packet received:l2cap full length 6 and hci length 14.
06-08 16:25:32.079: W/bt_hci_packet_fragmenter(9553): reassemble_and_dispatch complete l2cap packet received:l2cap full length 6 and hci length 14.
06-08 16:25:32.084: W/bt_hci_packet_fragmenter(9553): reassemble_and_dispatch complete l2cap packet received:l2cap full length 11 and hci length 19.
06-08 16:25:32.085: I/System.out(10218): DATA from OBD TECH NODATA
06-08 16:25:32.087: E/com.obd.reader.io.ObdGatewayService(10218): Failed to run command. -> Error running 01 10, response: NODATA
06-08 16:25:32.089: D/com.obd.reader.io.ObdGatewayService(10218): Taking job[139/1] from queue..
06-08 16:25:32.089: D/com.obd.reader.io.ObdGatewayService(10218): Job state is NEW. Run it..
06-08 16:25:32.089: I/System.out(10218): Command Executed TECH 01 11
06-08 16:25:32.151: W/bt_hci_packet_fragmenter(9553): reassemble_and_dispatch complete l2cap packet received:l2cap full length 6 and hci length 14.
06-08 16:25:32.152: W/bt_hci_packet_fragmenter(9553): reassemble_and_dispatch complete l2cap packet received:l2cap full length 6 and hci length 14.
06-08 16:25:32.155: W/bt_hci_packet_fragmenter(9553): reassemble_and_dispatch complete l2cap packet received:l2cap full length 6 and hci length 14.
06-08 16:25:32.155: W/bt_hci_packet_fragmenter(9553): reassemble_and_dispatch complete l2cap packet received:l2cap full length 6 and hci length 14.
06-08 16:25:32.156: W/bt_hci_packet_fragmenter(9553): reassemble_and_dispatch complete l2cap packet received:l2cap full length 13 and hci length 21.
06-08 16:25:32.303: I/System.out(10218): DATA from OBD TECH 41110A
06-08 16:25:32.318: D/com.obd.reader.io.ObdGatewayService(10218): Taking job[140/0] from queue..
06-08 16:25:32.318: D/com.obd.reader.io.ObdGatewayService(10218): Job state is NEW. Run it..
06-08 16:25:32.318: I/System.out(10218): Command Executed TECH 01 0D 1
06-08 16:25:32.324: W/bt_hci_packet_fragmenter(9553): reassemble_and_dispatch complete l2cap packet received:l2cap full length 6 and hci length 14.
06-08 16:25:32.329: W/bt_hci_packet_fragmenter(9553): reassemble_and_dispatch complete l2cap packet received:l2cap full length 6 and hci length 14.
06-08 16:25:32.331: W/bt_hci_packet_fragmenter(9553): reassemble_and_dispatch complete l2cap packet received:l2cap full length 6 and hci length 14.
06-08 16:25:32.332: W/bt_hci_packet_fragmenter(9553): reassemble_and_dispatch complete l2cap packet received:l2cap full length 6 and hci length 14.
06-08 16:25:32.334: W/bt_hci_packet_fragmenter(9553): reassemble_and_dispatch complete l2cap packet received:l2cap full length 7 and hci length 15.
06-08 16:25:32.335: W/bt_hci_packet_fragmenter(9553): reassemble_and_dispatch complete l2cap packet received:l2cap full length 10 and hci length 18.
06-08 16:25:32.336: W/bt_hci_packet_fragmenter(9553): reassemble_and_dispatch complete l2cap packet received:l2cap full length 7 and hci length 15.
06-08 16:25:32.533: I/System.out(10218): DATA from OBD TECH 410D06
06-08 16:25:32.542: I/System.out(10218): ((MainActivity) ctx).commandResult {MAF=NODATA, ENGINE_RPM=787RPM, THROTTLE_POS=3.9%, ENGINE_LOAD=22.4%, TROUBLE_CODES=4300, ENGINE_RUNTIME=00:04:00}
06-08 16:25:32.542: I/System.out(10218): Unable to find float  value for 
06-08 16:25:32.542: I/System.out(10218): Unable to find float  value for 
06-08 16:25:32.548: D/Network(10218): Network
06-08 16:25:32.552: I/System.out(10218): Device IMEI is 352494060195210
06-08 16:25:32.553: I/System.out(10218): LAT18.5085449LONG73.7920322
06-08 16:25:32.555: I/System.out(10218): MSG 0.0,0.0,0.0,3.9000000953674316,0.0,787.0,0.0,352494060195210,18.5085449,73.7920322,1496919332546
06-08 16:25:32.555: D/com.obd.activity.MainActivity(10218): throttle,vss,rpm 3.9000000953674316,0.0,787.0
06-08 16:25:32.556: I/System.out(10218): url  http://project-111.ind-cloud.everdata.com:80/CenteralServer/pages/tiles/save.jsp?lngsend=73.7920322&load_pct=0.0&temp=0.0&throttlepos=3.9000000953674316&method=send&time=1496919332546&imei=352494060195210&latsend=18.5085449&rpm=787.0&ctime=08-Jun-2017+16%3A25%3A32&maf=0.0&vss=0.0&iat=0.0
06-08 16:25:32.556: V/HttpView(10218): http://project-111.ind-cloud.everdata.com:80/CenteralServer/pages/tiles/save.jsp?lngsend=73.7920322&load_pct=0.0&temp=0.0&throttlepos=3.9000000953674316&method=send&time=1496919332546&imei=352494060195210&latsend=18.5085449&rpm=787.0&ctime=08-Jun-2017+16%3A25%3A32&maf=0.0&vss=0.0&iat=0.0
06-08 16:25:33.212: V/HttpView(10218): 0 DONE
06-08 16:25:33.212: V/HttpView(10218): HttpView.count 0
06-08 16:25:33.320: D/==FindMyPhone==(26284): 1496919333320
06-08 16:25:35.011: D/com.obd.reader.io.AbstractGatewayService(10218): Adding job[141] to queue..
06-08 16:25:35.011: D/com.obd.reader.io.AbstractGatewayService(10218): Job queued successfully.
06-08 16:25:35.011: D/com.obd.reader.io.AbstractGatewayService(10218): Adding job[142] to queue..
06-08 16:25:35.011: D/com.obd.reader.io.AbstractGatewayService(10218): Job queued successfully.
06-08 16:25:35.011: D/com.obd.reader.io.ObdGatewayService(10218): Taking job[141/0] from queue..
06-08 16:25:35.012: D/com.obd.reader.io.AbstractGatewayService(10218): Adding job[143] to queue..
06-08 16:25:35.012: D/com.obd.reader.io.AbstractGatewayService(10218): Job queued successfully.
06-08 16:25:35.012: D/com.obd.reader.io.AbstractGatewayService(10218): Adding job[144] to queue..
06-08 16:25:35.012: D/com.obd.reader.io.AbstractGatewayService(10218): Job queued successfully.
06-08 16:25:35.012: D/com.obd.reader.io.ObdGatewayService(10218): Job state is NEW. Run it..
06-08 16:25:35.012: I/System.out(10218): Command Executed TECH 03
06-08 16:25:35.012: D/com.obd.reader.io.AbstractGatewayService(10218): Adding job[145] to queue..
06-08 16:25:35.012: D/com.obd.reader.io.AbstractGatewayService(10218): Job queued successfully.
06-08 16:25:35.012: D/com.obd.reader.io.AbstractGatewayService(10218): Adding job[146] to queue..
06-08 16:25:35.012: D/com.obd.reader.io.AbstractGatewayService(10218): Job queued successfully.
06-08 16:25:35.012: D/com.obd.reader.io.AbstractGatewayService(10218): Adding job[147] to queue..
06-08 16:25:35.012: D/com.obd.reader.io.AbstractGatewayService(10218): Job queued successfully.
06-08 16:25:35.078: W/bt_hci_packet_fragmenter(9553): reassemble_and_dispatch complete l2cap packet received:l2cap full length 6 and hci length 14.
06-08 16:25:35.079: W/bt_hci_packet_fragmenter(9553): reassemble_and_dispatch complete l2cap packet received:l2cap full length 6 and hci length 14.
06-08 16:25:35.081: W/bt_hci_packet_fragmenter(9553): reassemble_and_dispatch complete l2cap packet received:l2cap full length 6 and hci length 14.
06-08 16:25:35.082: W/bt_hci_packet_fragmenter(9553): reassemble_and_dispatch complete l2cap packet received:l2cap full length 6 and hci length 14.
06-08 16:25:35.083: W/bt_hci_packet_fragmenter(9553): reassemble_and_dispatch complete l2cap packet received:l2cap full length 10 and hci length 18.
06-08 16:25:35.234: E/com.obd.reader.io.ObdGatewayService(10218): Failed to run command. -> length=4; regionStart=3; regionLength=3
06-08 16:25:35.234: D/com.obd.reader.io.ObdGatewayService(10218): Taking job[142/5] from queue..
06-08 16:25:35.234: D/com.obd.reader.io.ObdGatewayService(10218): Job state is NEW. Run it..
06-08 16:25:35.234: I/System.out(10218): Command Executed TECH 01 04
06-08 16:25:35.298: W/bt_hci_packet_fragmenter(9553): reassemble_and_dispatch complete l2cap packet received:l2cap full length 6 and hci length 14.
06-08 16:25:35.299: W/bt_hci_packet_fragmenter(9553): reassemble_and_dispatch complete l2cap packet received:l2cap full length 6 and hci length 14.
06-08 16:25:35.301: W/bt_hci_packet_fragmenter(9553): reassemble_and_dispatch complete l2cap packet received:l2cap full length 6 and hci length 14.
06-08 16:25:35.303: W/bt_hci_packet_fragmenter(9553): reassemble_and_dispatch complete l2cap packet received:l2cap full length 7 and hci length 15.
06-08 16:25:35.305: W/bt_hci_packet_fragmenter(9553): reassemble_and_dispatch complete l2cap packet received:l2cap full length 12 and hci length 20.
06-08 16:25:35.439: I/System.out(10218): DATA from OBD TECH 410436
06-08 16:25:35.452: D/com.obd.reader.io.ObdGatewayService(10218): Taking job[143/4] from queue..
06-08 16:25:35.452: D/com.obd.reader.io.ObdGatewayService(10218): Job state is NEW. Run it..
06-08 16:25:35.452: I/System.out(10218): Command Executed TECH 01 0C
06-08 16:25:35.457: W/bt_hci_packet_fragmenter(9553): reassemble_and_dispatch complete l2cap packet received:l2cap full length 6 and hci length 14.
06-08 16:25:35.515: W/bt_hci_packet_fragmenter(9553): reassemble_and_dispatch complete l2cap packet received:l2cap full length 6 and hci length 14.
06-08 16:25:35.516: W/bt_hci_packet_fragmenter(9553): reassemble_and_dispatch complete l2cap packet received:l2cap full length 6 and hci length 14.
06-08 16:25:35.518: W/bt_hci_packet_fragmenter(9553): reassemble_and_dispatch complete l2cap packet received:l2cap full length 7 and hci length 15.
06-08 16:25:35.519: W/bt_hci_packet_fragmenter(9553): reassemble_and_dispatch complete l2cap packet received:l2cap full length 6 and hci length 14.
06-08 16:25:35.520: W/bt_hci_packet_fragmenter(9553): reassemble_and_dispatch complete l2cap packet received:l2cap full length 15 and hci length 23.
06-08 16:25:35.662: I/System.out(10218): DATA from OBD TECH 410C0E10
06-08 16:25:35.666: D/com.obd.reader.io.ObdGatewayService(10218): Taking job[144/3] from queue..
06-08 16:25:35.666: D/com.obd.reader.io.ObdGatewayService(10218): Job state is NEW. Run it..
06-08 16:25:35.666: I/System.out(10218): Command Executed TECH 01 1F
06-08 16:25:35.728: W/bt_hci_packet_fragmenter(9553): reassemble_and_dispatch complete l2cap packet received:l2cap full length 6 and hci length 14.
06-08 16:25:35.729: W/bt_hci_packet_fragmenter(9553): reassemble_and_dispatch complete l2cap packet received:l2cap full length 6 and hci length 14.
06-08 16:25:35.731: W/bt_hci_packet_fragmenter(9553): reassemble_and_dispatch complete l2cap packet received:l2cap full length 6 and hci length 14.
06-08 16:25:35.734: W/bt_hci_packet_fragmenter(9553): reassemble_and_dispatch complete l2cap packet received:l2cap full length 7 and hci length 15.
06-08 16:25:35.735: W/bt_hci_packet_fragmenter(9553): reassemble_and_dispatch complete l2cap packet received:l2cap full length 15 and hci length 23.
06-08 16:25:35.868: I/System.out(10218): DATA from OBD TECH 411F00F4
06-08 16:25:35.871: D/com.obd.reader.io.ObdGatewayService(10218): Taking job[145/2] from queue..
06-08 16:25:35.872: D/com.obd.reader.io.ObdGatewayService(10218): Job state is NEW. Run it..
06-08 16:25:35.872: I/System.out(10218): Command Executed TECH 01 10
06-08 16:25:36.096: W/bt_hci_packet_fragmenter(9553): reassemble_and_dispatch complete l2cap packet received:l2cap full length 6 and hci length 14.
06-08 16:25:36.097: W/bt_hci_packet_fragmenter(9553): reassemble_and_dispatch complete l2cap packet received:l2cap full length 7 and hci length 15.
06-08 16:25:36.098: W/bt_hci_packet_fragmenter(9553): reassemble_and_dispatch complete l2cap packet received:l2cap full length 7 and hci length 15.
06-08 16:25:36.099: W/bt_hci_packet_fragmenter(9553): reassemble_and_dispatch complete l2cap packet received:l2cap full length 6 and hci length 14.
06-08 16:25:36.101: W/bt_hci_packet_fragmenter(9553): reassemble_and_dispatch complete l2cap packet received:l2cap full length 9 and hci length 17.
06-08 16:25:36.103: I/System.out(10218): DATA from OBD TECH NODATA
06-08 16:25:36.105: E/com.obd.reader.io.ObdGatewayService(10218): Failed to run command. -> Error running 01 10, response: NODATA
06-08 16:25:36.105: D/com.obd.reader.io.ObdGatewayService(10218): Taking job[146/1] from queue..
06-08 16:25:36.105: D/com.obd.reader.io.ObdGatewayService(10218): Job state is NEW. Run it..
06-08 16:25:36.105: I/System.out(10218): Command Executed TECH 01 11
06-08 16:25:36.108: W/lights-worker(422): _schedule_work: 'bl_update' already scheduled
06-08 16:25:36.113: W/bt_hci_packet_fragmenter(9553): reassemble_and_dispatch complete l2cap packet received:l2cap full length 6 and hci length 14.
06-08 16:25:36.170: W/bt_hci_packet_fragmenter(9553): reassemble_and_dispatch complete l2cap packet received:l2cap full length 6 and hci length 14.
06-08 16:25:36.172: W/bt_hci_packet_fragmenter(9553): reassemble_and_dispatch complete l2cap packet received:l2cap full length 7 and hci length 15.
06-08 16:25:36.173: W/bt_hci_packet_fragmenter(9553): reassemble_and_dispatch complete l2cap packet received:l2cap full length 6 and hci length 14.
06-08 16:25:36.174: W/bt_hci_packet_fragmenter(9553): reassemble_and_dispatch complete l2cap packet received:l2cap full length 7 and hci length 15.
06-08 16:25:36.175: W/bt_hci_packet_fragmenter(9553): reassemble_and_dispatch complete l2cap packet received:l2cap full length 11 and hci length 19.
06-08 16:25:36.310: W/lights-worker(422): _schedule_work: 'bl_update' already scheduled
06-08 16:25:36.317: I/System.out(10218): DATA from OBD TECH 41110A
06-08 16:25:36.323: D/com.obd.reader.io.ObdGatewayService(10218): Taking job[147/0] from queue..
06-08 16:25:36.323: D/com.obd.reader.io.ObdGatewayService(10218): Job state is NEW. Run it..
06-08 16:25:36.324: I/System.out(10218): Command Executed TECH 01 0D 1
06-08 16:25:36.335: W/bt_hci_packet_fragmenter(9553): reassemble_and_dispatch complete l2cap packet received:l2cap full length 6 and hci length 14.
06-08 16:25:36.336: W/bt_hci_packet_fragmenter(9553): reassemble_and_dispatch complete l2cap packet received:l2cap full length 6 and hci length 14.
