<?xml version="1.0" encoding="UTF-8"?>
<section name="Workbench">
	<section name="org.eclipse.ui.texteditor.FindReplaceDialog_dialogBounds">
		<item value="305" key="DIALOG_WIDTH"/>
		<item value="16" key="DIALOG_Y_ORIGIN"/>
		<item value="444" key="DIALOG_HEIGHT"/>
		<item value="1559" key="DIALOG_X_ORIGIN"/>
		<item value="1|Segoe UI|9.0|0|WINDOWS|1|-15|0|0|0|400|0|0|0|1|0|0|0|0|Segoe UI" key="DIALOG_FONT_NAME"/>
	</section>
	<section name="org.eclipse.ui.texteditor.FindReplaceDialog">
		<item value="true" key="wrap"/>
		<item value="false" key="isRegEx"/>
		<item value="false" key="casesensitive"/>
		<item value="false" key="incremental"/>
		<item value="true" key="wholeword"/>
		<item value="Speed" key="selection"/>
		<list key="findhistory">
			<item value="SPEED"/>
			<item value="06-08 18:56:26.935:
W/bt_hci_packet_fragmenter(6717): reassemble_and_dispatch complete l2cap packet received:l2cap full length 18 and hci length 26.&#x0A;06-08 18:56:27.311:
I/Gobi(445): vendor/qcom/proprietary/RIDL/RIDLClient/RIDLSQL.cpp:2500: GetTransState() EBADF&#x0A;06-08 18:56:27.311:
I/Gobi(445): vendor/qcom/proprietary/RIDL/RIDLClient/MainCore.cpp:1550: Failed to get TransState, rc 9&#x0A;06-08 18:56:27.311:
I/Gobi(445): vendor/qcom/proprietary/RIDL/RIDLClient/RIDLSQL.cpp:2500: GetTransState() EBADF&#x0A;06-08 18:56:27.311:
I/Gobi(445): vendor/qcom/proprietary/RIDL/RIDLClient/RIDLSQL.cpp:2500: GetTransState() EBADF&#x0A;06-08 18:56:27.990:
W/bt_hci_packet_fragmenter(6717): reassemble_and_dispatch complete l2cap packet received:l2cap full length 15 and hci length 23.&#x0A;06-08 18:56:27.993:
I/System.out(25158): DATA from OBD TECH ...NODATA&#x0A;06-08 18:56:27.994:
E/com.obd.reader.io.ObdGatewayService(25158): Failed to run command. -&gt; Error running 01 46, response: ...NODATA&#x0A;06-08 18:56:27.994:
D/com.obd.reader.io.ObdGatewayService(25158): Taking job[1/6] from queue..&#x0A;06-08 18:56:27.994:
D/com.obd.reader.io.ObdGatewayService(25158): Job state is NEW. Run it..&#x0A;06-08 18:56:27.994:
I/System.out(25158): Command Executed TECH 03&#x0A;06-08 18:56:28.090:
W/bt_hci_packet_fragmenter(6717): reassemble_and_dispatch complete l2cap packet received:l2cap full length 12 and hci length 20.&#x0A;06-08 18:56:28.091:
W/bt_hci_packet_fragmenter(6717): reassemble_and_dispatch complete l2cap packet received:l2cap full length 7 and hci length 15.&#x0A;06-08 18:56:28.191:
D/==FindMyPhone==(26284): 1496928388191&#x0A;06-08 18:56:28.206:
E/com.obd.reader.io.ObdGatewayService(25158): Failed to run command. -&gt; length=4; regionStart=3; regionLength=3&#x0A;06-08 18:56:28.206:
D/com.obd.reader.io.ObdGatewayService(25158): Taking job[2/5] from queue..&#x0A;06-08 18:56:28.207:
D/com.obd.reader.io.ObdGatewayService(25158): Job state is NEW. Run it..&#x0A;06-08 18:56:28.207:
I/System.out(25158): Command Executed TECH 01 04&#x0A;06-08 18:56:28.214:
W/bt_hci_packet_fragmenter(6717): reassemble_and_dispatch complete l2cap packet received:l2cap full length 6 and hci length 14.&#x0A;06-08 18:56:28.250:
W/bt_hci_packet_fragmenter(6717): reassemble_and_dispatch complete l2cap packet received:l2cap full length 15 and hci length 23.&#x0A;06-08 18:56:28.252:
W/bt_hci_packet_fragmenter(6717): reassemble_and_dispatch complete l2cap packet received:l2cap full length 7 and hci length 15.&#x0A;06-08 18:56:28.420:
I/System.out(25158): DATA from OBD TECH 410444&#x0A;06-08 18:56:28.427:
D/com.obd.reader.io.ObdGatewayService(25158): Taking job[3/4] from queue..&#x0A;06-08 18:56:28.428:
D/com.obd.reader.io.ObdGatewayService(25158): Job state is NEW. Run it..&#x0A;06-08 18:56:28.428:
I/System.out(25158): Command Executed TECH 01 0C&#x0A;06-08 18:56:28.465:
W/bt_hci_packet_fragmenter(6717): reassemble_and_dispatch complete l2cap packet received:l2cap full length 20 and hci length 28.&#x0A;06-08 18:56:28.631:
I/System.out(25158): DATA from OBD TECH 410C0B24&#x0A;06-08 18:56:28.645:
D/com.obd.reader.io.ObdGatewayService(25158): Taking job[4/3] from queue..&#x0A;06-08 18:56:28.648:
D/com.obd.reader.io.ObdGatewayService(25158): Job state is NEW. Run it..&#x0A;06-08 18:56:28.648:
I/System.out(25158): Command Executed TECH 01 1F&#x0A;06-08 18:56:28.724:
W/bt_hci_packet_fragmenter(6717): reassemble_and_dispatch complete l2cap packet received:l2cap full length 20 and hci length 28.&#x0A;06-08 18:56:28.859:
I/System.out(25158): DATA from OBD TECH 411F0024&#x0A;06-08 18:56:28.866:
D/com.obd.reader.io.ObdGatewayService(25158): Taking job[5/2] from queue..&#x0A;06-08 18:56:28.866:
D/com.obd.reader.io.ObdGatewayService(25158): Job state is NEW. Run it..&#x0A;06-08 18:56:28.866:
I/System.out(25158): Command Executed TECH 01 10&#x0A;06-08 18:56:28.873:
W/bt_hci_packet_fragmenter(6717): reassemble_and_dispatch complete l2cap packet received:l2cap full length 6 and hci length 14.&#x0A;06-08 18:56:28.906:
W/bt_hci_packet_fragmenter(6717): reassemble_and_dispatch complete l2cap packet received:l2cap full length 18 and hci length 26.&#x0A;06-08 18:56:28.908:
W/bt_hci_packet_fragmenter(6717): reassemble_and_dispatch complete l2cap packet received:l2cap full length 7 and hci length 15.&#x0A;06-08 18:56:29.068:
I/System.out(25158): DATA from OBD TECH 411000AF&#x0A;06-08 18:56:29.072:
D/com.obd.reader.io.ObdGatewayService(25158): Taking job[6/1] from queue..&#x0A;06-08 18:56:29.072:
D/com.obd.reader.io.ObdGatewayService(25158): Job state is NEW. Run it..&#x0A;06-08 18:56:29.072:
I/System.out(25158): Command Executed TECH 01 11&#x0A;06-08 18:56:29.144:
W/bt_hci_packet_fragmenter(6717): reassemble_and_dispatch complete l2cap packet received:l2cap full length 17 and hci length 25.&#x0A;06-08 18:56:29.279:
I/System.out(25158): DATA from OBD TECH 411127&#x0A;06-08 18:56:29.289:
D/com.obd.reader.io.ObdGatewayService(25158): Taking job[7/0] from queue..&#x0A;06-08 18:56:29.289:
D/com.obd.reader.io.ObdGatewayService(25158): Job state is NEW. Run it..&#x0A;06-08 18:56:29.290:
I/System.out(25158): Command Executed TECH 01 0D 1&#x0A;06-08 18:56:29.326:
W/bt_hci_packet_fragmenter(6717): reassemble_and_dispatch complete l2cap packet received:l2cap full length 15 and hci length 23.&#x0A;06-08 18:56:29.328:
W/bt_hci_packet_fragmenter(6717): reassemble_and_dispatch complete l2cap packet received:l2cap full length 7 and hci length 15.&#x0A;06-08 18:56:29.487:
D/com.obd.reader.io.AbstractGatewayService(25158): Adding job[8] to queue..&#x0A;06-08 18:56:29.487:
D/com.obd.reader.io.AbstractGatewayService(25158): Job queued successfully.&#x0A;06-08 18:56:29.487:
D/com.obd.reader.io.AbstractGatewayService(25158): Adding job[9] to queue..&#x0A;06-08 18:56:29.487:
D/com.obd.reader.io.AbstractGatewayService(25158): Job queued successfully.&#x0A;06-08 18:56:29.488:
D/com.obd.reader.io.AbstractGatewayService(25158): Adding job[10] to queue..&#x0A;06-08 18:56:29.488:
D/com.obd.reader.io.AbstractGatewayService(25158): Job queued successfully.&#x0A;06-08 18:56:29.488:
D/com.obd.reader.io.AbstractGatewayService(25158): Adding job[11] to queue..&#x0A;06-08 18:56:29.488:
D/com.obd.reader.io.AbstractGatewayService(25158): Job queued successfully.&#x0A;06-08 18:56:29.488:
D/com.obd.reader.io.AbstractGatewayService(25158): Adding job[12] to queue..&#x0A;06-08 18:56:29.488:
D/com.obd.reader.io.AbstractGatewayService(25158): Job queued successfully.&#x0A;06-08 18:56:29.488:
D/com.obd.reader.io.AbstractGatewayService(25158): Adding job[13] to queue..&#x0A;06-08 18:56:29.488:
D/com.obd.reader.io.AbstractGatewayService(25158): Job queued successfully.&#x0A;06-08 18:56:29.488:
D/com.obd.reader.io.AbstractGatewayService(25158): Adding job[14] to queue..&#x0A;06-08 18:56:29.489:
D/com.obd.reader.io.AbstractGatewayService(25158): Job queued successfully.&#x0A;06-08 18:56:29.494:
I/System.out(25158): DATA from OBD TECH 410D00&#x0A;06-08 18:56:29.503:
D/com.obd.reader.io.ObdGatewayService(25158): Taking job[8/6] from queue..&#x0A;06-08 18:56:29.503:
D/com.obd.reader.io.ObdGatewayService(25158): Job state is NEW. Run it..&#x0A;06-08 18:56:29.503:
I/System.out(25158): Command Executed TECH 03&#x0A;06-08 18:56:29.509:
W/bt_hci_packet_fragmenter(6717): reassemble_and_dispatch complete l2cap packet received:l2cap full length 6 and hci length 14.&#x0A;06-08 18:56:29.562:
W/bt_hci_packet_fragmenter(6717): reassemble_and_dispatch complete l2cap packet received:l2cap full length 14 and hci length 22.&#x0A;06-08 18:56:29.716:
E/com.obd.reader.io.ObdGatewayService(25158): Failed to run command. -&gt; length=4; regionStart=3; regionLength=3&#x0A;06-08 18:56:29.719:
D/com.obd.reader.io.ObdGatewayService(25158): Taking job[9/5] from queue..&#x0A;06-08 18:56:29.719:
D/com.obd.reader.io.ObdGatewayService(25158): Job state is NEW. Run it..&#x0A;06-08 18:56:29.719:
I/System.out(25158): Command Executed TECH 01 04&#x0A;06-08 18:56:29.806:
W/bt_hci_packet_fragmenter(6717): reassemble_and_dispatch complete l2cap packet received:l2cap full length 17 and hci length 25.&#x0A;06-08 18:56:29.920:
I/System.out(25158): DATA from OBD TECH 4104D0&#x0A;06-08 18:56:29.922:
D/com.obd.reader.io.ObdGatewayService(25158): Taking job[10/4] from queue..&#x0A;06-08 18:56:29.922:
D/com.obd.reader.io.ObdGatewayService(25158): Job state is NEW. Run it..&#x0A;06-08 18:56:29.922:
I/System.out(25158): Command Executed TECH 01 0C&#x0A;06-08 18:56:30.006:
W/bt_hci_packet_fragmenter(6717): reassemble_and_dispatch complete l2cap packet received:l2cap full length 18 and hci length 26.&#x0A;06-08 18:56:30.008:
W/bt_hci_packet_fragmenter(6717): reassemble_and_dispatch complete l2cap packet received:l2cap full length 7 and hci length 15.&#x0A;06-08 18:56:30.127:
I/System.out(25158): DATA from OBD TECH 410C18F0&#x0A;06-08 18:56:30.131:
D/com.obd.reader.io.ObdGatewayService(25158): Taking job[11/3] from queue..&#x0A;06-08 18:56:30.131:
D/com.obd.reader.io.ObdGatewayService(25158): Job state is NEW. Run it..&#x0A;06-08 18:56:30.131:
I/System.out(25158): Command Executed TECH 01 1F&#x0A;06-08 18:56:30.157:
W/bt_hci_packet_fragmenter(6717): reassemble_and_dispatch complete l2cap packet received:l2cap full length 6 and hci length 14.&#x0A;06-08 18:56:30.211:
W/bt_hci_packet_fragmenter(6717): reassemble_and_dispatch complete l2cap packet received:l2cap full length 20 and hci length 28.&#x0A;06-08 18:56:30.343:
I/System.out(25158): DATA from OBD TECH 411F0026&#x0A;06-08 18:56:30.353:
D/com.obd.reader.io.ObdGatewayService(25158): Taking job[12/2] from queue..&#x0A;06-08 18:56:30.353:
D/com.obd.reader.io.ObdGatewayService(25158): Job state is NEW. Run it..&#x0A;06-08 18:56:30.353:
I/System.out(25158): Command Executed TECH 01 10&#x0A;06-08 18:56:30.367:
D/Network(25158): Got Location Updates 18.51105047 73.79472946&#x0A;06-08 18:56:30.379:
W/ctxmgr(4881): [AclManager]No 2 for (accnt=account#1618635401#, com.google.android.gms(10030):UserLocationProducer, vrsn=11055000, 0, 3pPkg = null ,  3pMdlId = null ,  pid = 4881). Was: 2 for 1, account#1618635401#&#x0A;06-08 18:56:30.384:
I/System.out(25158): Device IMEI is 352494060195210&#x0A;06-08 18:56:30.440:
W/bt_hci_packet_fragmenter(6717): reassemble_and_dispatch complete l2cap packet received:l2cap full length 18 and hci length 26.&#x0A;06-08 18:56:30.441:
W/bt_hci_packet_fragmenter(6717): reassemble_and_dispatch complete l2cap packet received:l2cap full length 7 and hci length 15.&#x0A;06-08 18:56:30.494:
I/System.out(25285): There is callback from service&#x0A;06-08 18:56:30.555:
I/System.out(25158): DATA from OBD TECH 41100340&#x0A;06-08 18:56:30.561:
D/com.obd.reader.io.ObdGatewayService(25158): Taking job[13/1] from queue..&#x0A;06-08 18:56:30.561:
D/com.obd.reader.io.ObdGatewayService(25158): Job state is NEW. Run it..&#x0A;06-08 18:56:30.561:
I/System.out(25158): Command Executed TECH 01 11&#x0A;06-08 18:56:30.611:
I/System.out(25285): There is callback from service&#x0A;06-08 18:56:30.641:
W/bt_hci_packet_fragmenter(6717): reassemble_and_dispatch complete l2cap packet received:l2cap full length 17 and hci length 25.&#x0A;06-08 18:56:30.735:
I/ActivityManager(1043): Killing 24304:com.mobisystems.ubreader_west/u0a11 (adj 15): empty #17&#x0A;06-08 18:56:30.763:
I/System.out(25158): DATA from OBD TECH 411136&#x0A;06-08 18:56:30.766:
D/com.obd.reader.io.ObdGatewayService(25158): Taking job[14/0] from queue..&#x0A;06-08 18:56:30.766:
D/com.obd.reader.io.ObdGatewayService(25158): Job state is NEW. Run it..&#x0A;06-08 18:56:30.766:
I/System.out(25158): Command Executed TECH 01 0D 1&#x0A;06-08 18:56:30.774:
W/bt_hci_packet_fragmenter(6717): reassemble_and_dispatch complete l2cap packet received:l2cap full length 6 and hci length 14.&#x0A;06-08 18:56:30.805:
W/bt_hci_packet_fragmenter(6717): reassemble_and_dispatch complete l2cap packet received:l2cap full length 15 and hci length 23.&#x0A;06-08 18:56:30.808:
W/bt_hci_packet_fragmenter(6717): reassemble_and_dispatch complete l2cap packet received:l2cap full length 7 and hci length 15.&#x0A;06-08 18:56:30.981:
I/System.out(25158): DATA from OBD TECH 410D00&#x0A;06-08 18:56:30.994:
I/System.out(25158): ((MainActivity) ctx).commandResult {MAF=8.32g/s, ENGINE_RPM=1596RPM, ENGINE_LOAD=81.6%, TROUBLE_CODES=4300, THROTTLE_POS=21.2%, ENGINE_RUNTIME=00:00:38, SPEED=0km/h}&#x0A;06-08 18:56:30.994:
I/System.out(25158): Referring to New Speed &#x0A;06-08 18:56:31.004:
D/Network(25158): Network&#x0A;06-08 18:56:31.019:
I/System.out(25158): Device IMEI is 352494060195210&#x0A;06-08 18:56:31.019:
I/System.out(25158): LAT18.5110115LONG73.7932693&#x0A;06-08 18:56:31.022:
I/System.out(25158): MSG 0.0,0.0,8.319999694824219,21.200000762939453,0.0,1596.0,0.0,352494060195210,18.5110115,73.7932693,1496928391001&#x0A;06-08 18:56:31.022:
D/com.obd.activity.MainActivity(25158): throttle,vss,rpm 21.200000762939453,0.0,1596.0&#x0A;06-08 18:56:31.025:
I/System.out(25158): url  http://env-9683988.ind-cloud.everdata.com:8080/CenteralServer/pages/tiles/save.jsp?lngsend=73.7932693&amp;load_pct=0.0&amp;temp=0.0&amp;throttlepos=21.200000762939453&amp;method=send&amp;time=1496928391001&amp;imei=352494060195210&amp;latsend=18.5110115&amp;rpm=1596.0&amp;ctime=08-Jun-2017+18%3A56%3A31&amp;maf=8.319999694824219&amp;vss=0.0&amp;iat=0.0&#x0A;06-08 18:56:31.026:
V/HttpView(25158): http://env-9683988.ind-cloud.everdata.com:8080/CenteralServer/pages/tiles/save.jsp?lngsend=73.7932693&amp;load_pct=0.0&amp;temp=0.0&amp;throttlepos=21.200000762939453&amp;method=send&amp;time=1496928391001&amp;imei=352494060195210&amp;latsend=18.5110115&amp;rpm=1596.0&amp;ctime=08-Jun-2017+18%3A56%3A31&amp;maf=8.319999694824219&amp;vss=0.0&amp;iat=0.0&#x0A;06-08 18:56:31.028:
W/System(25158): ClassLoader referenced unknown path: /system/framework/tcmclient.jar&#x0A;06-08 18:56:31.221:
D/==FindMyPhone==(26284): 1496928391220&#x0A;06-08 18:56:31.369:
D/Network(25158): Got Location Updates 18.51097292 73.79433143&#x0A;06-08 18:56:31.387:
W/ctxmgr(4881): [AclManager]No 2 for (accnt=account#1618635401#, com.google.android.gms(10030):UserLocationProducer, vrsn=11055000, 0, 3pPkg = null ,  3pMdlId = null ,  pid = 4881). Was: 2 for 1, account#1618635401#&#x0A;06-08 18:56:31.399:
I/System.out(25158): Device IMEI is 352494060195210&#x0A;06-08 18:56:32.370:
D/Network(25158): Got Location Updates 18.51093753 73.79362024&#x0A;06-08 18:56:32.384:
W/ctxmgr(4881): [AclManager]No 2 for (accnt=account#1618635401#, com.google.android.gms(10030):UserLocationProducer, vrsn=11055000, 0, 3pPkg = null ,  3pMdlId = null ,  pid = 4881). Was: 2 for 1, account#1618635401#&#x0A;06-08 18:56:32.393:
I/System.out(25158): Device IMEI is 352494060195210&#x0A;06-08 18:56:32.723:
W/toolbox(25380): type=1400 audit(0.0:4683119): avc: denied { getattr } for path=&quot;/proc/1&quot; dev=&quot;proc&quot; ino=9224 scontext=u:r:untrusted_app:s0:c512,c768 tcontext=u:r:init:s0 tclass=dir permissive=0 ppid=25377 pcomm=&quot;sh&quot; tgid=25377 tgcomm=&quot;sh&quot;&#x0A;06-08 18:56:32.723:
W/toolbox(25380): type=1400 audit(0.0:4683120): avc: denied { search } for name=&quot;1&quot; dev=&quot;proc&quot; ino=9224 scontext=u:r:untrusted_app:s0:c512,c768 tcontext=u:r:init:s0 tclass=dir permissive=0 ppid=25377 pcomm=&quot;sh&quot; tgid=25377 tgcomm=&quot;sh&quot;&#x0A;06-08 18:56:32.723:
W/toolbox(25380): type=1400 audit(0.0:4683121): avc: denied { search } for name=&quot;1&quot; dev=&quot;proc&quot; ino=9224 scontext=u:r:untrusted_app:s0:c512,c768 tcontext=u:r:init:s0 tclass=dir permissive=0 ppid=25377 pcomm=&quot;sh&quot; tgid=25377 tgcomm=&quot;sh&quot;&#x0A;06-08 18:56:32.723:
W/toolbox(25380): type=1400 audit(0.0:4683122): avc: denied { getattr } for path=&quot;/proc/2&quot; dev=&quot;proc&quot; ino=11460 scontext=u:r:untrusted_app:s0:c512,c768 tcontext=u:r:kernel:s0 tclass=dir permissive=0 ppid=25377 pcomm=&quot;sh&quot; tgid=25377 tgcomm=&quot;sh&quot;&#x0A;06-08 18:56:32.723:
W/toolbox(25380): type=1400 audit(0.0:4683123): avc: denied { search } for name=&quot;2&quot; dev=&quot;proc&quot; ino=11460 scontext=u:r:untrusted_app:s0:c512,c768 tcontext=u:r:kernel:s0 tclass=dir permissive=0 ppid=25377 pcomm=&quot;sh&quot; tgid=25377 tgcomm=&quot;sh&quot;&#x0A;06-08 18:56:32.723:
W/toolbox(25380): type=1400 audit(0.0:4683124): avc: denied { search } for name=&quot;2&quot; dev=&quot;proc&quot; ino=11460 scontext=u:r:untrusted_app:s0:c512,c768 tcontext=u:r:kernel:s0 tclass=dir permissive=0 ppid=25377 pcomm=&quot;sh&quot; tgid=25377 tgcomm=&quot;sh&quot;&#x0A;06-08 18:56:32.723:
W/toolbox(25380): type=1400 audit(0.0:4683125): avc: denied { getattr } for path=&quot;/proc/3&quot; dev=&quot;proc&quot; ino=11461 scontext=u:r:untrusted_app:s0:c512,c768 tcontext=u:r:kernel:s0 tclass=dir permissive=0 ppid=25377 pcomm=&quot;sh&quot; tgid=25377 tgcomm=&quot;sh&quot;&#x0A;06-08 18:56:32.723:
W/toolbox(25380): type=1400 audit(0.0:4683126): avc: denied { search } for name=&quot;3&quot; dev=&quot;proc&quot; ino=11461 scontext=u:r:untrusted_app:s0:c512,c768 tcontext=u:r:kernel:s0 tclass=dir permissive=0 ppid=25377 pcomm=&quot;sh&quot; tgid=25377 tgcomm=&quot;sh&quot;&#x0A;06-08 18:56:32.723:
W/toolbox(25380): type=1400 audit(0.0:4683127): avc: denied { search } for name=&quot;3&quot; dev=&quot;proc&quot; ino=11461 scontext=u:r:untrusted_app:s0:c512,c768 tcontext=u:r:kernel:s0 tclass=dir permissive=0 ppid=25377 pcomm=&quot;sh&quot; tgid=25377 tgcomm=&quot;sh&quot;&#x0A;06-08 18:56:33.364:
D/Network(25158): Got Location Updates 18.51093459 73.79340831&#x0A;06-08 18:56:33.381:
W/ctxmgr(4881): [AclManager]No 2 for (accnt=account#1618635401#, com.google.android.gms(10030):UserLocationProducer, vrsn=11055000, 0, 3pPkg = null ,  3pMdlId = null ,  pid = 4881). Was: 2 for 1, account#1618635401#&#x0A;06-08 18:56:33.408:
I/System.out(25158): Device IMEI is 352494060195210&#x0A;06-08 18:56:33.489:
D/com.obd.reader.io.AbstractGatewayService(25158): Adding job[15] to queue..&#x0A;06-08 18:56:33.489:
D/com.obd.reader.io.AbstractGatewayService(25158): Job queued successfully.&#x0A;06-08 18:56:33.489:
D/com.obd.reader.io.AbstractGatewayService(25158): Adding job[16] to queue..&#x0A;06-08 18:56:33.490:
D/com.obd.reader.io.AbstractGatewayService(25158): Job queued successfully.&#x0A;06-08 18:56:33.490:
D/com.obd.reader.io.AbstractGatewayService(25158): Adding job[17] to queue..&#x0A;06-08 18:56:33.490:
D/com.obd.reader.io.AbstractGatewayService(25158): Job queued successfully.&#x0A;06-08 18:56:33.490:
D/com.obd.reader.io.AbstractGatewayService(25158): Adding job[18] to queue..&#x0A;06-08 18:56:33.490:
D/com.obd.reader.io.AbstractGatewayService(25158): Job queued successfully.&#x0A;06-08 18:56:33.490:
D/com.obd.reader.io.AbstractGatewayService(25158): Adding job[19] to queue..&#x0A;06-08 18:56:33.490:
D/com.obd.reader.io.AbstractGatewayService(25158): Job queued successfully.&#x0A;06-08 18:56:33.490:
D/com.obd.reader.io.AbstractGatewayService(25158): Adding job[20] to queue..&#x0A;06-08 18:56:33.490:
D/com.obd.reader.io.AbstractGatewayService(25158): Job queued successfully.&#x0A;06-08 18:56:33.490:
D/com.obd.reader.io.AbstractGatewayService(25158): Adding job[21] to queue..&#x0A;06-08 18:56:33.490:
D/com.obd.reader.io.AbstractGatewayService(25158): Job queued successfully.&#x0A;06-08 18:56:33.490:
I/System.out(25158): LAT18.51093459LONG73.79340831&#x0A;06-08 18:56:33.490:
W/System.err(25158): java.lang.StringIndexOutOfBoundsException: length=5; regionStart=0; regionLength=7&#x0A;06-08 18:56:33.490:
W/System.err(25158): &#x09;at java.lang.String.startEndAndLength(String.java:298)&#x0A;06-08 18:56:33.490:
W/System.err(25158): &#x09;at java.lang.String.substring(String.java:1087)&#x0A;06-08 18:56:33.490:
W/System.err(25158): &#x09;at com.obd.activity.MainActivity$2.run(MainActivity.java:189)&#x0A;06-08 18:56:33.490:
W/System.err(25158): &#x09;at android.os.Handler.handleCallback(Handler.java:739)&#x0A;06-08 18:56:33.490:
W/System.err(25158): &#x09;at android.os.Handler.dispatchMessage(Handler.java:95)&#x0A;06-08 18:56:33.490:
W/System.err(25158): &#x09;at android.os.Looper.loop(Looper.java:234)&#x0A;06-08 18:56:33.490:
W/System.err(25158): &#x09;at android.app.ActivityThread.main(ActivityThread.java:5526)&#x0A;06-08 18:56:33.490:
W/System.err(25158): &#x09;at java.lang.reflect.Method.invoke(Native Method)&#x0A;06-08 18:56:33.490:
W/System.err(25158): &#x09;at com.android.internal.os.ZygoteInit$MethodAndArgsCaller.run(ZygoteInit.java:726)&#x0A;06-08 18:56:33.490:
W/System.err(25158): &#x09;at com.android.internal.os.ZygoteInit.main(ZygoteInit.java:616)&#x0A;06-08 18:56:33.495:
W/art(29500): Suspending all threads took: 5.652ms&#x0A;06-08 18:56:34.261:
D/==FindMyPhone==(26284): 1496928394261&#x0A;06-08 18:56:34.368:
D/Network(25158): Got Location Updates 18.51091696 73.79328321&#x0A;06-08 18:56:34.381:
W/ctxmgr(4881): [AclManager]No 2 for (accnt=account#1618635401#, com.google.android.gms(10030):UserLocationProducer, vrsn=11055000, 0, 3pPkg = null ,  3pMdlId = null ,  pid = 4881). Was: 2 for 1, account#1618635401#&#x0A;06-08 18:56:34.393:
I/System.out(25158): Device IMEI is 352494060195210&#x0A;06-08 18:56:34.961:
I/System.out(25285): There is callback from service&#x0A;06-08 18:56:35.370:
D/Network(25158): Got Location Updates 18.51090538 73.79316991&#x0A;06-08 18:56:35.390:
W/ctxmgr(4881): [AclManager]No 2 for (accnt=account#1618635401#, com.google.android.gms(10030):UserLocationProducer, vrsn=11055000, 0, 3pPkg = null ,  3pMdlId = null ,  pid = 4881). Was: 2 for 1, account#1618635401#&#x0A;06-08 18:56:35.394:
I/System.out(25158): Device IMEI is 352494060195210&#x0A;06-08 18:56:36.162:
D/bt_btm_pm(6717): btm_pm_snd_md_req switching from ACTIVE to SNIFF.&#x0A;06-08 18:56:36.210:
D/bt_btm_pm(6717): btm_pm_proc_mode_change switched from UNKNOWN to ACTIVE.&#x0A;06-08 18:56:36.211:
E/bt_btif(6717): bta_dm_pm_btm_status hci_status=36&#x0A;06-08 18:56:36.383:
W/ctxmgr(4881): [AclManager]No 2 for (accnt=account#1618635401#, com.google.android.gms(10030):UserLocationProducer, vrsn=11055000, 0, 3pPkg = null ,  3pMdlId = null ,  pid = 4881). Was: 2 for 1, account#1618635401#&#x0A;06-08 18:56:37.302:
D/==FindMyPhone==(26284): 1496928397302&#x0A;06-08 18:56:37.317:
I/Gobi(445): vendor/qcom/proprietary/RIDL/RIDLClient/RIDLSQL.cpp:2500: GetTransState() EBADF&#x0A;06-08 18:56:37.317:
I/Gobi(445): vendor/qcom/proprietary/RIDL/RIDLClient/MainCore.cpp:1550: Failed to get TransState, rc 9&#x0A;06-08 18:56:37.317:
I/Gobi(445): vendor/qcom/proprietary/RIDL/RIDLClient/RIDLSQL.cpp:2500: GetTransState() EBADF&#x0A;06-08 18:56:37.317:
I/Gobi(445): vendor/qcom/proprietary/RIDL/RIDLClient/RIDLSQL.cpp:2500: GetTransState() EBADF&#x0A;06-08 18:56:37.369:
D/Network(25158): Got Location Updates 18.51095909 73.79307352&#x0A;06-08 18:56:37.386:
W/ctxmgr(4881): [AclManager]No 2 for (accnt=account#1618635401#, com.google.android.gms(10030):UserLocationProducer, vrsn=11055000, 0, 3pPkg = null ,  3pMdlId = null ,  pid = 4881). Was: 2 for 1, account#1618635401#&#x0A;06-08 18:56:37.396:
I/System.out(25158): Device IMEI is 352494060195210&#x0A;06-08 18:56:38.384:
W/ctxmgr(4881): [AclManager]No 2 for (accnt=account#1618635401#, com.google.android.gms(10030):UserLocationProducer, vrsn=11055000, 0, 3pPkg = null ,  3pMdlId = null ,  pid = 4881). Was: 2 for 1, account#1618635401#&#x0A;06-08 18:56:38.926:
D/WifiService(1043): acquireWifiLockLocked: WifiLock{NlpWifiLock type=2 binder=android.os.BinderProxy@8b5e21}&#x0A;06-08 18:56:38.930:
I/TWILIGHT(4358): [18:56:38.929, main]: Service start foreground&#x0A;06-08 18:56:38.930:
I/TWILIGHT(4358): [18:56:38.930, main]: Extra android.intent.extra.ALARM_COUNT&#x0A;06-08 18:56:38.980:
I/TWILIGHT(4358): [18:56:38.980, main]: VIEW: final Sunrise Thu Jun 08 02:30:38 GMT+05:30 2017 Sunset Thu Jun 08 18:32:38 GMT+05:30 2017&#x0A;06-08 18:56:38.987:
I/TWILIGHT(4358): [18:56:38.987, main]: VIEW: Sunrise / Sunset = Fri Jun 09 02:30:38 GMT+05:30 2017 / Thu Jun 08 18:32:38 GMT+05:30 2017&#x0A;06-08 18:56:38.990:
I/TWILIGHT(4358): [18:56:38.990, main]: Needs foreground -1&#x0A;06-08 18:56:38.991:
I/TWILIGHT(4358): [18:56:38.991, main]: VIEW: Finally Update current 100 1500&#x0A;06-08 18:56:39.374:
D/Network(25158): Got Location Updates 18.51095548 73.79294943&#x0A;06-08 18:56:39.388:
W/ctxmgr(4881): [AclManager]No 2 for (accnt=account#1618635401#, com.google.android.gms(10030):UserLocationProducer, vrsn=11055000, 0, 3pPkg = null ,  3pMdlId = null ,  pid = 4881). Was: 2 for 1, account#1618635401#&#x0A;06-08 18:56:39.409:
I/System.out(25158): Device IMEI is 352494060195210&#x0A;06-08 18:56:39.536:
D/ConnectivityService(1043): notifyType CAP_CHANGED for NetworkAgentInfo [WIFI () - 143]&#x0A;06-08 18:56:40.337:
D/==FindMyPhone==(26284): 1496928400337&#x0A;06-08 18:56:40.382:
W/ctxmgr(4881): [AclManager]No 2 for (accnt=account#1618635401#, com.google.android.gms(10030):UserLocationProducer, vrsn=11055000, 0, 3pPkg = null ,  3pMdlId = null ,  pid = 4881). Was: 2 for 1, account#1618635401#&#x0A;06-08 18:56:41.388:
W/ctxmgr(4881): [AclManager]No 2 for (accnt=account#1618635401#, com.google.android.gms(10030):UserLocationProducer, vrsn=11055000, 0, 3pPkg = null ,  3pMdlId = null ,  pid = 4881). Was: 2 for 1, account#1618635401#&#x0A;06-08 18:56:42.363:
D/Network(25158): Got Location Updates 18.51098771 73.79280541&#x0A;06-08 18:56:42.380:
W/ctxmgr(4881): [AclManager]No 2 for (accnt=account#1618635401#, com.google.android.gms(10030):UserLocationProducer, vrsn=11055000, 0, 3pPkg = null ,  3pMdlId = null ,  pid = 4881). Was: 2 for 1, account#1618635401#&#x0A;06-08 18:56:42.391:
I/System.out(25158): Device IMEI is 352494060195210&#x0A;06-08 18:56:42.439:
W/System.err(25158): java.io.FileNotFoundException: http://env-9683988.ind-cloud.everdata.com:8080/CenteralServer/pages/tiles/save.jsp?lngsend=73.7932693&amp;load_pct=0.0&amp;temp=0.0&amp;throttlepos=21.200000762939453&amp;method=send&amp;time=1496928391001&amp;imei=352494060195210&amp;latsend=18.5110115&amp;rpm=1596.0&amp;ctime=08-Jun-2017+18%3A56%3A31&amp;maf=8.319999694824219&amp;vss=0.0&amp;iat=0.0&#x0A;06-08 18:56:42.439:
W/System.err(25158): &#x09;at com.android.okhttp.internal.huc.HttpURLConnectionImpl.getInputStream(HttpURLConnectionImpl.java:238)&#x0A;06-08 18:56:42.439:
W/System.err(25158): &#x09;at com.util.HttpView.connect2Server(HttpView.java:58)&#x0A;06-08 18:56:42.439:
W/System.err(25158): &#x09;at com.util.HttpView.createURL(HttpView.java:339)&#x0A;06-08 18:56:42.439:
W/System.err(25158): &#x09;at com.obd.activity.MainActivity.sendData(MainActivity.java:482)&#x0A;06-08 18:56:42.439:
W/System.err(25158): &#x09;at com.obd.reader.io.ObdGatewayService.executeQueue(ObdGatewayService.java:306)&#x0A;06-08 18:56:42.439:
W/System.err(25158): &#x09;at com.obd.reader.io.AbstractGatewayService$1.run(AbstractGatewayService.java:38)&#x0A;06-08 18:56:42.439:
W/System.err(25158): &#x09;at java.lang.Thread.run(Thread.java:818)&#x0A;06-08 18:56:42.440:
V/HttpView(25158): HttpView.count -1&#x0A;06-08 18:56:42.440:
D/com.obd.reader.io.ObdGatewayService(25158): Taking job[15/6] from queue..&#x0A;06-08 18:56:42.440:
D/com.obd.reader.io.ObdGatewayService(25158): Job state is NEW. Run it..&#x0A;06-08 18:56:42.440:
I/System.out(25158): Command Executed TECH 03&#x0A;06-08 18:56:42.471:
D/WifiService(1043): releaseWifiLockLocked: WifiLock{NlpWifiLock type=2 binder=android.os.BinderProxy@8b5e21}&#x0A;06-08 18:56:42.473:
W/ctxmgr(4881): [AclManager]No 2 for (accnt=account#1618635401#, com.google.android.gms(10030):UserLocationProducer, vrsn=11055000, 0, 3pPkg = null ,  3pMdlId = null ,  pid = 4881). Was: 2 for 1, account#1618635401#&#x0A;06-08 18:56:42.491:
W/bt_hci_packet_fragmenter(6717): reassemble_and_dispatch complete l2cap packet received:l2cap full length 12 and hci length 20.&#x0A;06-08 18:56:42.548:
D/ConnectivityService(1043): notifyType CAP_CHANGED for NetworkAgentInfo [WIFI () - 143]&#x0A;06-08 18:56:42.552:
W/bt_hci_packet_fragmenter(6717): reassemble_and_dispatch complete l2cap packet received:l2cap full length 7 and hci length 15.&#x0A;06-08 18:56:42.655:
E/com.obd.reader.io.ObdGatewayService(25158): Failed to run command. -&gt; length=4; regionStart=3; regionLength=3&#x0A;06-08 18:56:42.656:
D/com.obd.reader.io.ObdGatewayService(25158): Taking job[16/5] from queue..&#x0A;06-08 18:56:42.656:
D/com.obd.reader.io.ObdGatewayService(25158): Job state is NEW. Run it..&#x0A;06-08 18:56:42.656:
I/System.out(25158): Command Executed TECH 01 04&#x0A;06-08 18:56:42.691:
W/bt_hci_packet_fragmenter(6717): reassemble_and_dispatch complete l2cap packet received:l2cap full length 15 and hci length 23.&#x0A;06-08 18:56:42.693:
W/bt_hci_packet_fragmenter(6717): reassemble_and_dispatch complete l2cap packet received:l2cap full length 7 and hci length 15.&#x0A;06-08 18:56:42.743:
W/toolbox(25453): type=1400 audit(0.0:4683950): avc: denied { getattr } for path=&quot;/proc/1&quot; dev=&quot;proc&quot; ino=9224 scontext=u:r:untrusted_app:s0:c512,c768 tcontext=u:r:init:s0 tclass=dir permissive=0 ppid=25445 pcomm=&quot;sh&quot; tgid=25445 tgcomm=&quot;sh&quot;&#x0A;06-08 18:56:42.763:
W/toolbox(25453): type=1400 audit(0.0:4683951): avc: denied { search } for name=&quot;1&quot; dev=&quot;proc&quot; ino=9224 scontext=u:r:untrusted_app:s0:c512,c768 tcontext=u:r:init:s0 tclass=dir permissive=0 ppid=25445 pcomm=&quot;sh&quot; tgid=25445 tgcomm=&quot;sh&quot;&#x0A;06-08 18:56:42.763:
W/toolbox(25453): type=1400 audit(0.0:4683952): avc: denied { search } for name=&quot;1&quot; dev=&quot;proc&quot; ino=9224 scontext=u:r:untrusted_app:s0:c512,c768 tcontext=u:r:init:s0 tclass=dir permissive=0 ppid=25445 pcomm=&quot;sh&quot; tgid=25445 tgcomm=&quot;sh&quot;&#x0A;06-08 18:56:42.763:
W/toolbox(25453): type=1400 audit(0.0:4683953): avc: denied { getattr } for path=&quot;/proc/2&quot; dev=&quot;proc&quot; ino=11460 scontext=u:r:untrusted_app:s0:c512,c768 tcontext=u:r:kernel:s0 tclass=dir permissive=0 ppid=25445 pcomm=&quot;sh&quot; tgid=25445 tgcomm=&quot;sh&quot;&#x0A;06-08 18:56:42.763:
W/toolbox(25453): type=1400 audit(0.0:4683954): avc: denied { search } for name=&quot;2&quot; dev=&quot;proc&quot; ino=11460 scontext=u:r:untrusted_app:s0:c512,c768 tcontext=u:r:kernel:s0 tclass=dir permissive=0 ppid=25445 pcomm=&quot;sh&quot; tgid=25445 tgcomm=&quot;sh&quot;&#x0A;06-08 18:56:42.876:
I/System.out(25158): DATA from OBD TECH 4104FF&#x0A;06-08 18:56:42.880:
D/com.obd.reader.io.ObdGatewayService(25158): Taking job[17/4] from queue..&#x0A;06-08 18:56:42.880:
D/com.obd.reader.io.ObdGatewayService(25158): Job state is NEW. Run it..&#x0A;06-08 18:56:42.880:
I/System.out(25158): Command Executed TECH 01 0C&#x0A;06-08 18:56:42.886:
W/bt_hci_packet_fragmenter(6717): reassemble_and_dispatch complete l2cap packet received:l2cap full length 6 and hci length 14.&#x0A;06-08 18:56:42.897:
V/OSNPGlue_jni(1043): Entering  : void onJavaLocationChanged(JNIEnv*, jobject, jboolean, jlong, jboolean, jlong, jboolean, jdouble, jboolean, jdouble, jboolean, jfloat, jboolean, jdouble, jboolean, jfloat, jboolean, jfloat)&#x0A;06-08 18:56:42.899:
E/LocSvc_LBSApiV02(1043): E/virtual int lbs_core::LBSApiV02::injectCoarsePosition(const CoarsePositionInfo&amp;):320]: Error : st = 3, ind.status = 4&#x0A;06-08 18:56:42.904:
D/Network(25158): Got Location Updates 18.5110595 73.7928984&#x0A;06-08 18:56:42.919:
W/bt_hci_packet_fragmenter(6717): reassemble_and_dispatch complete l2cap packet received:l2cap full length 18 and hci length 26.&#x0A;06-08 18:56:42.922:
W/bt_hci_packet_fragmenter(6717): reassemble_and_dispatch complete l2cap packet received:l2cap full length 7 and hci length 15.&#x0A;06-08 18:56:42.923:
I/System.out(25158): Device IMEI is 352494060195210&#x0A;06-08 18:56:43.091:
I/System.out(25158): DATA from OBD TECH 410C15A0&#x0A;06-08 18:56:43.097:
D/com.obd.reader.io.ObdGatewayService(25158): Taking job[18/3] from queue..&#x0A;06-08 18:56:43.097:
D/com.obd.reader.io.ObdGatewayService(25158): Job state is NEW. Run it..&#x0A;06-08 18:56:43.097:
I/System.out(25158): Command Executed TECH 01 1F&#x0A;06-08 18:56:43.133:
W/bt_hci_packet_fragmenter(6717): reassemble_and_dispatch comple"/>
			<item value="Speed"/>
			<item value="speed"/>
			<item value="THROTTLE_POS"/>
			<item value="MAF"/>
			<item value="&amp;vss="/>
			<item value="Exception"/>
		</list>
		<list key="replacehistory">
		</list>
	</section>
</section>
