06-08 18:58:16.916: W/System.err(25158): 	at com.android.okhttp.internal.huc.HttpURLConnectionImpl.getInputStream(HttpURLConnectionImpl.java:238)
06-08 18:58:16.916: W/System.err(25158): 	at com.util.HttpView.connect2Server(HttpView.java:58)
06-08 18:58:16.916: W/System.err(25158): 	at com.util.HttpView.createURL(HttpView.java:339)
06-08 18:58:16.916: W/System.err(25158): 	at com.obd.activity.MainActivity.sendData(MainActivity.java:482)
06-08 18:58:16.916: W/System.err(25158): 	at com.obd.reader.io.ObdGatewayService.executeQueue(ObdGatewayService.java:306)
06-08 18:58:16.917: W/System.err(25158): 	at com.obd.reader.io.AbstractGatewayService$1.run(AbstractGatewayService.java:38)
06-08 18:58:16.917: W/System.err(25158): 	at java.lang.Thread.run(Thread.java:818)
06-08 18:58:16.917: V/HttpView(25158): HttpView.count -1
06-08 18:58:16.917: D/com.obd.reader.io.ObdGatewayService(25158): Taking job[64/6] from queue..
06-08 18:58:16.917: D/com.obd.reader.io.ObdGatewayService(25158): Job state is NEW. Run it..
06-08 18:58:16.917: I/System.out(25158): Command Executed TECH 03
06-08 18:58:16.999: W/bt_hci_packet_fragmenter(6717): reassemble_and_dispatch complete l2cap packet received:l2cap full length 12 and hci length 20.
06-08 18:58:17.001: W/bt_hci_packet_fragmenter(6717): reassemble_and_dispatch complete l2cap packet received:l2cap full length 7 and hci length 15.
06-08 18:58:17.125: E/com.obd.reader.io.ObdGatewayService(25158): Failed to run command. -> length=4; regionStart=3; regionLength=3
06-08 18:58:17.125: D/com.obd.reader.io.ObdGatewayService(25158): Taking job[65/5] from queue..
06-08 18:58:17.125: D/com.obd.reader.io.ObdGatewayService(25158): Job state is NEW. Run it..
06-08 18:58:17.125: I/System.out(25158): Command Executed TECH 01 04
06-08 18:58:17.131: W/bt_hci_packet_fragmenter(6717): reassemble_and_dispatch complete l2cap packet received:l2cap full length 6 and hci length 14.
06-08 18:58:17.166: W/bt_hci_packet_fragmenter(6717): reassemble_and_dispatch complete l2cap packet received:l2cap full length 15 and hci length 23.
06-08 18:58:17.172: W/bt_hci_packet_fragmenter(6717): reassemble_and_dispatch complete l2cap packet received:l2cap full length 7 and hci length 15.
06-08 18:58:17.330: I/System.out(25158): DATA from OBD TECH 410432
06-08 18:58:17.342: D/com.obd.reader.io.ObdGatewayService(25158): Taking job[66/4] from queue..
06-08 18:58:17.342: D/com.obd.reader.io.ObdGatewayService(25158): Job state is NEW. Run it..
06-08 18:58:17.342: I/System.out(25158): Command Executed TECH 01 0C
06-08 18:58:17.372: D/Network(25158): Got Location Updates 18.51043507 73.79408444
06-08 18:58:17.375: W/ctxmgr(4881): [AclManager]No 2 for (accnt=account#1618635401#, com.google.android.gms(10030):UserLocationProducer, vrsn=11055000, 0, 3pPkg = null ,  3pMdlId = null ,  pid = 4881). Was: 2 for 1, account#1618635401#
06-08 18:58:17.379: W/bt_hci_packet_fragmenter(6717): reassemble_and_dispatch complete l2cap packet received:l2cap full length 20 and hci length 28.
06-08 18:58:17.390: I/System.out(25158): Device IMEI is 352494060195210
06-08 18:58:17.407: I/Gobi(445): vendor/qcom/proprietary/RIDL/RIDLClient/RIDLSQL.cpp:2500: GetTransState() EBADF
06-08 18:58:17.407: I/Gobi(445): vendor/qcom/proprietary/RIDL/RIDLClient/MainCore.cpp:1550: Failed to get TransState, rc 9
06-08 18:58:17.407: I/Gobi(445): vendor/qcom/proprietary/RIDL/RIDLClient/RIDLSQL.cpp:2500: GetTransState() EBADF
06-08 18:58:17.407: I/Gobi(445): vendor/qcom/proprietary/RIDL/RIDLClient/RIDLSQL.cpp:2500: GetTransState() EBADF
06-08 18:58:17.459: D/==FindMyPhone==(26284): 1496928497459
06-08 18:58:17.549: I/System.out(25158): DATA from OBD TECH 410C0F7C
06-08 18:58:17.559: D/com.obd.reader.io.ObdGatewayService(25158): Taking job[67/3] from queue..
06-08 18:58:17.559: D/com.obd.reader.io.ObdGatewayService(25158): Job state is NEW. Run it..
06-08 18:58:17.559: I/System.out(25158): Command Executed TECH 01 1F
06-08 18:58:17.602: W/bt_hci_packet_fragmenter(6717): reassemble_and_dispatch complete l2cap packet received:l2cap full length 20 and hci length 28.
06-08 18:58:17.762: I/System.out(25158): DATA from OBD TECH 411F0091
06-08 18:58:17.776: D/com.obd.reader.io.ObdGatewayService(25158): Taking job[68/2] from queue..
06-08 18:58:17.776: D/com.obd.reader.io.ObdGatewayService(25158): Job state is NEW. Run it..
06-08 18:58:17.776: I/System.out(25158): Command Executed TECH 01 10
06-08 18:58:17.781: W/bt_hci_packet_fragmenter(6717): reassemble_and_dispatch complete l2cap packet received:l2cap full length 6 and hci length 14.
06-08 18:58:17.815: W/bt_hci_packet_fragmenter(6717): reassemble_and_dispatch complete l2cap packet received:l2cap full length 20 and hci length 28.
06-08 18:58:17.979: I/System.out(25158): DATA from OBD TECH 41100175
06-08 18:58:17.994: D/com.obd.reader.io.ObdGatewayService(25158): Taking job[69/1] from queue..
06-08 18:58:17.994: D/com.obd.reader.io.ObdGatewayService(25158): Job state is NEW. Run it..
06-08 18:58:17.994: I/System.out(25158): Command Executed TECH 01 11
06-08 18:58:18.031: W/bt_hci_packet_fragmenter(6717): reassemble_and_dispatch complete l2cap packet received:l2cap full length 15 and hci length 23.
06-08 18:58:18.034: W/bt_hci_packet_fragmenter(6717): reassemble_and_dispatch complete l2cap packet received:l2cap full length 7 and hci length 15.
06-08 18:58:18.210: I/System.out(25158): DATA from OBD TECH 411134
06-08 18:58:18.220: D/com.obd.reader.io.ObdGatewayService(25158): Taking job[70/0] from queue..
06-08 18:58:18.221: D/com.obd.reader.io.ObdGatewayService(25158): Job state is NEW. Run it..
06-08 18:58:18.221: I/System.out(25158): Command Executed TECH 01 0D 1
06-08 18:58:18.258: W/bt_hci_packet_fragmenter(6717): reassemble_and_dispatch complete l2cap packet received:l2cap full length 15 and hci length 23.
06-08 18:58:18.261: W/bt_hci_packet_fragmenter(6717): reassemble_and_dispatch complete l2cap packet received:l2cap full length 7 and hci length 15.
06-08 18:58:18.379: W/ctxmgr(4881): [AclManager]No 2 for (accnt=account#1618635401#, com.google.android.gms(10030):UserLocationProducer, vrsn=11055000, 0, 3pPkg = null ,  3pMdlId = null ,  pid = 4881). Was: 2 for 1, account#1618635401#
06-08 18:58:18.434: I/System.out(25158): DATA from OBD TECH 410D0B
06-08 18:58:18.446: I/System.out(25158): ((MainActivity) ctx).commandResult {MAF=3.73g/s, ENGINE_RPM=991RPM, ENGINE_LOAD=19.6%, TROUBLE_CODES=4300, THROTTLE_POS=20.4%, ENGINE_RUNTIME=00:02:25}
06-08 18:58:18.446: I/System.out(25158): Referring to old Speed 0
06-08 18:58:18.456: D/Network(25158): Network
06-08 18:58:18.488: I/System.out(25158): Device IMEI is 352494060195210
06-08 18:58:18.488: I/System.out(25158): LAT18.5103421LONG73.7932355
06-08 18:58:18.490: I/System.out(25158): MSG 0.0,0.0,3.7300000190734863,20.399999618530273,0.0,991.0,0.0,352494060195210,18.5103421,73.7932355,1496928498453
06-08 18:58:18.490: D/com.obd.activity.MainActivity(25158): throttle,vss,rpm 20.399999618530273,0.0,991.0
06-08 18:58:18.492: I/System.out(25158): url  http://env-9683988.ind-cloud.everdata.com:8080/CenteralServer/pages/tiles/save.jsp?lngsend=73.7932355&load_pct=0.0&temp=0.0&throttlepos=20.399999618530273&method=send&time=1496928498453&imei=352494060195210&latsend=18.5103421&rpm=991.0&ctime=08-Jun-2017+18%3A58%3A18&maf=3.7300000190734863&vss=0.0&iat=0.0
06-08 18:58:18.492: V/HttpView(25158): http://env-9683988.ind-cloud.everdata.com:8080/CenteralServer/pages/tiles/save.jsp?lngsend=73.7932355&load_pct=0.0&temp=0.0&throttlepos=20.399999618530273&method=send&time=1496928498453&imei=352494060195210&latsend=18.5103421&rpm=991.0&ctime=08-Jun-2017+18%3A58%3A18&maf=3.7300000190734863&vss=0.0&iat=0.0
06-08 18:58:18.994: D/WifiService(1043): acquireWifiLockLocked: WifiLock{NlpWifiLock type=2 binder=android.os.BinderProxy@8b5e21}
06-08 18:58:19.388: W/ctxmgr(4881): [AclManager]No 2 for (accnt=account#1618635401#, com.google.android.gms(10030):UserLocationProducer, vrsn=11055000, 0, 3pPkg = null ,  3pMdlId = null ,  pid = 4881). Was: 2 for 1, account#1618635401#
06-08 18:58:20.366: D/Network(25158): Got Location Updates 18.51044064 73.79418669
06-08 18:58:20.381: W/ctxmgr(4881): [AclManager]No 2 for (accnt=account#1618635401#, com.google.android.gms(10030):UserLocationProducer, vrsn=11055000, 0, 3pPkg = null ,  3pMdlId = null ,  pid = 4881). Was: 2 for 1, account#1618635401#
06-08 18:58:20.391: I/System.out(25158): Device IMEI is 352494060195210
06-08 18:58:20.479: D/==FindMyPhone==(26284): 1496928500479
06-08 18:58:21.380: W/ctxmgr(4881): [AclManager]No 2 for (accnt=account#1618635401#, com.google.android.gms(10030):UserLocationProducer, vrsn=11055000, 0, 3pPkg = null ,  3pMdlId = null ,  pid = 4881). Was: 2 for 1, account#1618635401#
06-08 18:58:21.664: D/com.obd.reader.io.AbstractGatewayService(25158): Adding job[71] to queue..
06-08 18:58:21.664: D/com.obd.reader.io.AbstractGatewayService(25158): Job queued successfully.
06-08 18:58:21.664: D/com.obd.reader.io.AbstractGatewayService(25158): Adding job[72] to queue..
06-08 18:58:21.665: D/com.obd.reader.io.AbstractGatewayService(25158): Job queued successfully.
06-08 18:58:21.665: D/com.obd.reader.io.AbstractGatewayService(25158): Adding job[73] to queue..
06-08 18:58:21.671: D/com.obd.reader.io.AbstractGatewayService(25158): Job queued successfully.
06-08 18:58:21.671: D/com.obd.reader.io.AbstractGatewayService(25158): Adding job[74] to queue..
06-08 18:58:21.671: D/com.obd.reader.io.AbstractGatewayService(25158): Job queued successfully.
06-08 18:58:21.671: D/com.obd.reader.io.AbstractGatewayService(25158): Adding job[75] to queue..
06-08 18:58:21.671: D/com.obd.reader.io.AbstractGatewayService(25158): Job queued successfully.
06-08 18:58:21.671: D/com.obd.reader.io.AbstractGatewayService(25158): Adding job[76] to queue..
06-08 18:58:21.671: D/com.obd.reader.io.AbstractGatewayService(25158): Job queued successfully.
06-08 18:58:21.671: D/com.obd.reader.io.AbstractGatewayService(25158): Adding job[77] to queue..
06-08 18:58:21.671: D/com.obd.reader.io.AbstractGatewayService(25158): Job queued successfully.
06-08 18:58:21.671: I/System.out(25158): LAT18.51044588LONG73.79424184
06-08 18:58:21.672: W/System.err(25158): java.lang.StringIndexOutOfBoundsException: length=5; regionStart=0; regionLength=7
06-08 18:58:21.672: W/System.err(25158): 	at java.lang.String.startEndAndLength(String.java:298)
06-08 18:58:21.672: W/System.err(25158): 	at java.lang.String.substring(String.java:1087)
06-08 18:58:21.672: W/System.err(25158): 	at com.obd.activity.MainActivity$2.run(MainActivity.java:189)
06-08 18:58:21.672: W/System.err(25158): 	at android.os.Handler.handleCallback(Handler.java:739)
06-08 18:58:21.672: W/System.err(25158): 	at android.os.Handler.dispatchMessage(Handler.java:95)
06-08 18:58:21.672: W/System.err(25158): 	at android.os.Looper.loop(Looper.java:234)
06-08 18:58:21.672: W/System.err(25158): 	at android.app.ActivityThread.main(ActivityThread.java:5526)
06-08 18:58:21.672: W/System.err(25158): 	at java.lang.reflect.Method.invoke(Native Method)
06-08 18:58:21.672: W/System.err(25158): 	at com.android.internal.os.ZygoteInit$MethodAndArgsCaller.run(ZygoteInit.java:726)
06-08 18:58:21.673: W/System.err(25158): 	at com.android.internal.os.ZygoteInit.main(ZygoteInit.java:616)
06-08 18:58:22.361: D/Network(25158): Got Location Updates 18.51045189 73.79428948
06-08 18:58:22.380: W/ctxmgr(4881): [AclManager]No 2 for (accnt=account#1618635401#, com.google.android.gms(10030):UserLocationProducer, vrsn=11055000, 0, 3pPkg = null ,  3pMdlId = null ,  pid = 4881). Was: 2 for 1, account#1618635401#
06-08 18:58:22.383: I/System.out(25158): Device IMEI is 352494060195210
06-08 18:58:22.510: V/OSNPGlue_jni(1043): Entering  : void onJavaLocationChanged(JNIEnv*, jobject, jboolean, jlong, jboolean, jlong, jboolean, jdouble, jboolean, jdouble, jboolean, jfloat, jboolean, jdouble, jboolean, jfloat, jboolean, jfloat)
06-08 18:58:22.511: E/LocSvc_LBSApiV02(1043): E/virtual int lbs_core::LBSApiV02::injectCoarsePosition(const CoarsePositionInfo&):320]: Error : st = 3, ind.status = 4
06-08 18:58:22.514: D/WifiService(1043): releaseWifiLockLocked: WifiLock{NlpWifiLock type=2 binder=android.os.BinderProxy@8b5e21}
06-08 18:58:22.520: D/Network(25158): Got Location Updates 18.510433 73.7940491
06-08 18:58:22.527: W/ctxmgr(4881): [AclManager]No 2 for (accnt=account#1618635401#, com.google.android.gms(10030):UserLocationProducer, vrsn=11055000, 0, 3pPkg = null ,  3pMdlId = null ,  pid = 4881). Was: 2 for 1, account#1618635401#
06-08 18:58:22.535: I/System.out(25158): Device IMEI is 352494060195210
06-08 18:58:23.014: D/bt_btm_pm(6717): btm_pm_snd_md_req switching from ACTIVE to SNIFF.
06-08 18:58:23.052: D/bt_btm_pm(6717): btm_pm_proc_mode_change switched from UNKNOWN to ACTIVE.
06-08 18:58:23.053: E/bt_btif(6717): bta_dm_pm_btm_status hci_status=36
06-08 18:58:23.153: W/toolbox(26123): type=1400 audit(0.0:4692011): avc: denied { getattr } for path="/proc/1" dev="proc" ino=9224 scontext=u:r:untrusted_app:s0:c512,c768 tcontext=u:r:init:s0 tclass=dir permissive=0 ppid=26120 pcomm="sh" tgid=26120 tgcomm="sh"
06-08 18:58:23.153: W/toolbox(26123): type=1400 audit(0.0:4692012): avc: denied { search } for name="1" dev="proc" ino=9224 scontext=u:r:untrusted_app:s0:c512,c768 tcontext=u:r:init:s0 tclass=dir permissive=0 ppid=26120 pcomm="sh" tgid=26120 tgcomm="sh"
06-08 18:58:23.153: W/toolbox(26123): type=1400 audit(0.0:4692013): avc: denied { search } for name="1" dev="proc" ino=9224 scontext=u:r:untrusted_app:s0:c512,c768 tcontext=u:r:init:s0 tclass=dir permissive=0 ppid=26120 pcomm="sh" tgid=26120 tgcomm="sh"
06-08 18:58:23.153: W/toolbox(26123): type=1400 audit(0.0:4692014): avc: denied { getattr } for path="/proc/2" dev="proc" ino=11460 scontext=u:r:untrusted_app:s0:c512,c768 tcontext=u:r:kernel:s0 tclass=dir permissive=0 ppid=26120 pcomm="sh" tgid=26120 tgcomm="sh"
06-08 18:58:23.153: W/toolbox(26123): type=1400 audit(0.0:4692015): avc: denied { search } for name="2" dev="proc" ino=11460 scontext=u:r:untrusted_app:s0:c512,c768 tcontext=u:r:kernel:s0 tclass=dir permissive=0 ppid=26120 pcomm="sh" tgid=26120 tgcomm="sh"
06-08 18:58:23.377: W/ctxmgr(4881): [AclManager]No 2 for (accnt=account#1618635401#, com.google.android.gms(10030):UserLocationProducer, vrsn=11055000, 0, 3pPkg = null ,  3pMdlId = null ,  pid = 4881). Was: 2 for 1, account#1618635401#
06-08 18:58:23.517: D/==FindMyPhone==(26284): 1496928503517
06-08 18:58:24.374: W/ctxmgr(4881): [AclManager]No 2 for (accnt=account#1618635401#, com.google.android.gms(10030):UserLocationProducer, vrsn=11055000, 0, 3pPkg = null ,  3pMdlId = null ,  pid = 4881). Was: 2 for 1, account#1618635401#
06-08 18:58:25.363: D/Network(25158): Got Location Updates 18.51045212 73.794392
06-08 18:58:25.382: W/ctxmgr(4881): [AclManager]No 2 for (accnt=account#1618635401#, com.google.android.gms(10030):UserLocationProducer, vrsn=11055000, 0, 3pPkg = null ,  3pMdlId = null ,  pid = 4881). Was: 2 for 1, account#1618635401#
06-08 18:58:25.394: I/System.out(25158): Device IMEI is 352494060195210
06-08 18:58:26.377: W/ctxmgr(4881): [AclManager]No 2 for (accnt=account#1618635401#, com.google.android.gms(10030):UserLocationProducer, vrsn=11055000, 0, 3pPkg = null ,  3pMdlId = null ,  pid = 4881). Was: 2 for 1, account#1618635401#
06-08 18:58:26.559: D/==FindMyPhone==(26284): 1496928506559
06-08 18:58:27.380: W/ctxmgr(4881): [AclManager]No 2 for (accnt=account#1618635401#, com.google.android.gms(10030):UserLocationProducer, vrsn=11055000, 0, 3pPkg = null ,  3pMdlId = null ,  pid = 4881). Was: 2 for 1, account#1618635401#
06-08 18:58:27.416: I/Gobi(445): vendor/qcom/proprietary/RIDL/RIDLClient/RIDLSQL.cpp:2500: GetTransState() EBADF
06-08 18:58:27.416: I/Gobi(445): vendor/qcom/proprietary/RIDL/RIDLClient/MainCore.cpp:1550: Failed to get TransState, rc 9
06-08 18:58:27.416: I/Gobi(445): vendor/qcom/proprietary/RIDL/RIDLClient/RIDLSQL.cpp:2500: GetTransState() EBADF
06-08 18:58:27.416: I/Gobi(445): vendor/qcom/proprietary/RIDL/RIDLClient/RIDLSQL.cpp:2500: GetTransState() EBADF
06-08 18:58:28.372: W/ctxmgr(4881): [AclManager]No 2 for (accnt=account#1618635401#, com.google.android.gms(10030):UserLocationProducer, vrsn=11055000, 0, 3pPkg = null ,  3pMdlId = null ,  pid = 4881). Was: 2 for 1, account#1618635401#
06-08 18:58:29.366: D/Network(25158): Got Location Updates 18.51044821 73.79452559
06-08 18:58:29.384: W/ctxmgr(4881): [AclManager]No 2 for (accnt=account#1618635401#, com.google.android.gms(10030):UserLocationProducer, vrsn=11055000, 0, 3pPkg = null ,  3pMdlId = null ,  pid = 4881). Was: 2 for 1, account#1618635401#
06-08 18:58:29.392: I/System.out(25158): Device IMEI is 352494060195210
06-08 18:58:29.568: D/==FindMyPhone==(26284): 1496928509568
06-08 18:58:30.380: W/ctxmgr(4881): [AclManager]No 2 for (accnt=account#1618635401#, com.google.android.gms(10030):UserLocationProducer, vrsn=11055000, 0, 3pPkg = null ,  3pMdlId = null ,  pid = 4881). Was: 2 for 1, account#1618635401#
06-08 18:58:31.368: D/Network(25158): Got Location Updates 18.51045303 73.79464671
06-08 18:58:31.386: W/ctxmgr(4881): [AclManager]No 2 for (accnt=account#1618635401#, com.google.android.gms(10030):UserLocationProducer, vrsn=11055000, 0, 3pPkg = null ,  3pMdlId = null ,  pid = 4881). Was: 2 for 1, account#1618635401#
06-08 18:58:31.400: I/System.out(25158): Device IMEI is 352494060195210
06-08 18:58:32.386: W/ctxmgr(4881): [AclManager]No 2 for (accnt=account#1618635401#, com.google.android.gms(10030):UserLocationProducer, vrsn=11055000, 0, 3pPkg = null ,  3pMdlId = null ,  pid = 4881). Was: 2 for 1, account#1618635401#
06-08 18:58:32.608: D/==FindMyPhone==(26284): 1496928512608
06-08 18:58:33.193: W/toolbox(26169): type=1400 audit(0.0:4692809): avc: denied { getattr } for path="/proc/1" dev="proc" ino=9224 scontext=u:r:untrusted_app:s0:c512,c768 tcontext=u:r:init:s0 tclass=dir permissive=0 ppid=26166 pcomm="sh" tgid=26166 tgcomm="sh"
06-08 18:58:33.193: W/toolbox(26169): type=1400 audit(0.0:4692810): avc: denied { search } for name="1" dev="proc" ino=9224 scontext=u:r:untrusted_app:s0:c512,c768 tcontext=u:r:init:s0 tclass=dir permissive=0 ppid=26166 pcomm="sh" tgid=26166 tgcomm="sh"
06-08 18:58:33.193: W/toolbox(26169): type=1400 audit(0.0:4692811): avc: denied { search } for name="1" dev="proc" ino=9224 scontext=u:r:untrusted_app:s0:c512,c768 tcontext=u:r:init:s0 tclass=dir permissive=0 ppid=26166 pcomm="sh" tgid=26166 tgcomm="sh"
06-08 18:58:33.193: W/toolbox(26169): type=1400 audit(0.0:4692812): avc: denied { getattr } for path="/proc/2" dev="proc" ino=11460 scontext=u:r:untrusted_app:s0:c512,c768 tcontext=u:r:kernel:s0 tclass=dir permissive=0 ppid=26166 pcomm="sh" tgid=26166 tgcomm="sh"
06-08 18:58:33.193: W/toolbox(26169): type=1400 audit(0.0:4692813): avc: denied { search } for name="2" dev="proc" ino=11460 scontext=u:r:untrusted_app:s0:c512,c768 tcontext=u:r:kernel:s0 tclass=dir permissive=0 ppid=26166 pcomm="sh" tgid=26166 tgcomm="sh"
06-08 18:58:33.359: D/Network(25158): Got Location Updates 18.51046501 73.79475676
06-08 18:58:33.381: W/ctxmgr(4881): [AclManager]No 2 for (accnt=account#1618635401#, com.google.android.gms(10030):UserLocationProducer, vrsn=11055000, 0, 3pPkg = null ,  3pMdlId = null ,  pid = 4881). Was: 2 for 1, account#1618635401#
06-08 18:58:33.388: I/System.out(25158): Device IMEI is 352494060195210
06-08 18:58:33.831: D/QcrilMsgTunnelSocket(4353): readRilMessage: Buffer = [B@c379f6d HexData = [010000000404000011000000514f454d484f4f4bef0308000100000003]
06-08 18:58:33.831: D/QcrilMsgTunnelSocket(4353): Rcvd UNSOL response with 28 bytes data for SUB0
06-08 18:58:33.831: D/QcrilMsgTunnelSocket(4353): Response ID 525295 is not served in this process.
06-08 18:58:33.831: D/QcrilMsgTunnelSocket(4353): To broadcast an Intent via the notifier to external apps
06-08 18:58:33.832: D/QcrilMsgTunnelIfaceManager(4353): handleMessage what = 0
06-08 18:58:33.840: D/QC_RIL_OEM_HOOK(3930): Received Broadcast Intent ACTION_UNSOL_RESPONSE_OEM_HOOK_RAW
06-08 18:58:33.840: D/QC_RIL_OEM_HOOK(3930): Oem ID in QCRILHOOK UNSOL RESP is QOEMHOOK
06-08 18:58:33.851: V/ConfigResourceUtil(3930): resourceName = config_spn_display_control resourceId = 2130837514resourceValue = false
06-08 18:58:34.388: W/ctxmgr(4881): [AclManager]No 2 for (accnt=account#1618635401#, com.google.android.gms(10030):UserLocationProducer, vrsn=11055000, 0, 3pPkg = null ,  3pMdlId = null ,  pid = 4881). Was: 2 for 1, account#1618635401#
06-08 18:58:35.390: W/ctxmgr(4881): [AclManager]No 2 for (accnt=account#1618635401#, com.google.android.gms(10030):UserLocationProducer, vrsn=11055000, 0, 3pPkg = null ,  3pMdlId = null ,  pid = 4881). Was: 2 for 1, account#1618635401#
06-08 18:58:35.647: D/==FindMyPhone==(26284): 1496928515647
06-08 18:58:36.360: D/Network(25158): Got Location Updates 18.51046012 73.79489617
06-08 18:58:36.376: W/System.err(25158): java.io.FileNotFoundException: http://env-9683988.ind-cloud.everdata.com:8080/CenteralServer/pages/tiles/save.jsp?lngsend=73.7932355&load_pct=0.0&temp=0.0&throttlepos=20.399999618530273&method=send&time=1496928498453&imei=352494060195210&latsend=18.5103421&rpm=991.0&ctime=08-Jun-2017+18%3A58%3A18&maf=3.7300000190734863&vss=0.0&iat=0.0
06-08 18:58:36.378: W/System.err(25158): 	at com.android.okhttp.internal.huc.HttpURLConnectionImpl.getInputStream(HttpURLConnectionImpl.java:238)
06-08 18:58:36.378: W/System.err(25158): 	at com.util.HttpView.connect2Server(HttpView.java:58)
06-08 18:58:36.378: W/System.err(25158): 	at com.util.HttpView.createURL(HttpView.java:339)
06-08 18:58:36.378: W/System.err(25158): 	at com.obd.activity.MainActivity.sendData(MainActivity.java:482)
06-08 18:58:36.378: W/System.err(25158): 	at com.obd.reader.io.ObdGatewayService.executeQueue(ObdGatewayService.java:306)
06-08 18:58:36.378: W/System.err(25158): 	at com.obd.reader.io.AbstractGatewayService$1.run(AbstractGatewayService.java:38)
06-08 18:58:36.378: W/System.err(25158): 	at java.lang.Thread.run(Thread.java:818)
06-08 18:58:36.378: V/HttpView(25158): HttpView.count -1
06-08 18:58:36.378: W/ctxmgr(4881): [AclManager]No 2 for (accnt=account#1618635401#, com.google.android.gms(10030):UserLocationProducer, vrsn=11055000, 0, 3pPkg = null ,  3pMdlId = null ,  pid = 4881). Was: 2 for 1, account#1618635401#
06-08 18:58:36.378: D/com.obd.reader.io.ObdGatewayService(25158): Taking job[71/6] from queue..
06-08 18:58:36.378: D/com.obd.reader.io.ObdGatewayService(25158): Job state is NEW. Run it..
06-08 18:58:36.378: I/System.out(25158): Command Executed TECH 03
06-08 18:58:36.386: I/System.out(25158): Device IMEI is 352494060195210
06-08 18:58:36.404: W/bt_hci_packet_fragmenter(6717): reassemble_and_dispatch complete l2cap packet received:l2cap full length 6 and hci length 14.
06-08 18:58:36.458: W/bt_hci_packet_fragmenter(6717): reassemble_and_dispatch complete l2cap packet received:l2cap full length 14 and hci length 22.
06-08 18:58:36.602: E/com.obd.reader.io.ObdGatewayService(25158): Failed to run command. -> length=4; regionStart=3; regionLength=3
06-08 18:58:36.602: D/com.obd.reader.io.ObdGatewayService(25158): Taking job[72/5] from queue..
06-08 18:58:36.602: D/com.obd.reader.io.ObdGatewayService(25158): Job state is NEW. Run it..
06-08 18:58:36.602: I/System.out(25158): Command Executed TECH 01 04
06-08 18:58:36.682: W/bt_hci_packet_fragmenter(6717): reassemble_and_dispatch complete l2cap packet received:l2cap full length 15 and hci length 23.
06-08 18:58:36.685: W/bt_hci_packet_fragmenter(6717): reassemble_and_dispatch complete l2cap packet received:l2cap full length 7 and hci length 15.
06-08 18:58:36.814: I/System.out(25158): DATA from OBD TECH 410435
06-08 18:58:36.823: D/com.obd.reader.io.ObdGatewayService(25158): Taking job[73/4] from queue..
06-08 18:58:36.823: D/com.obd.reader.io.ObdGatewayService(25158): Job state is NEW. Run it..
06-08 18:58:36.823: I/System.out(25158): Command Executed TECH 01 0C
06-08 18:58:36.860: W/bt_hci_packet_fragmenter(6717): reassemble_and_dispatch complete l2cap packet received:l2cap full length 18 and hci length 26.
06-08 18:58:36.861: W/bt_hci_packet_fragmenter(6717): reassemble_and_dispatch complete l2cap packet received:l2cap full length 7 and hci length 15.
06-08 18:58:37.027: I/System.out(25158): DATA from OBD TECH 410C0D7C
06-08 18:58:37.039: D/com.obd.reader.io.ObdGatewayService(25158): Taking job[74/3] from queue..
06-08 18:58:37.039: D/com.obd.reader.io.ObdGatewayService(25158): Job state is NEW. Run it..
06-08 18:58:37.039: I/System.out(25158): Command Executed TECH 01 1F
06-08 18:58:37.046: W/bt_hci_packet_fragmenter(6717): reassemble_and_dispatch complete l2cap packet received:l2cap full length 6 and hci length 14.
06-08 18:58:37.078: W/bt_hci_packet_fragmenter(6717): reassemble_and_dispatch complete l2cap packet received:l2cap full length 18 and hci length 26.
06-08 18:58:37.080: W/bt_hci_packet_fragmenter(6717): reassemble_and_dispatch complete l2cap packet received:l2cap full length 7 and hci length 15.
06-08 18:58:37.243: I/System.out(25158): DATA from OBD TECH 411F00A5
06-08 18:58:37.255: D/com.obd.reader.io.ObdGatewayService(25158): Taking job[75/2] from queue..
06-08 18:58:37.255: D/com.obd.reader.io.ObdGatewayService(25158): Job state is NEW. Run it..
06-08 18:58:37.255: I/System.out(25158): Command Executed TECH 01 10
06-08 18:58:37.293: W/bt_hci_packet_fragmenter(6717): reassemble_and_dispatch complete l2cap packet received:l2cap full length 18 and hci length 26.
06-08 18:58:37.295: W/bt_hci_packet_fragmenter(6717): reassemble_and_dispatch complete l2cap packet received:l2cap full length 7 and hci length 15.
06-08 18:58:37.378: W/ctxmgr(4881): [AclManager]No 2 for (accnt=account#1618635401#, com.google.android.gms(10030):UserLocationProducer, vrsn=11055000, 0, 3pPkg = null ,  3pMdlId = null ,  pid = 4881). Was: 2 for 1, account#1618635401#
06-08 18:58:37.423: I/Gobi(445): vendor/qcom/proprietary/RIDL/RIDLClient/RIDLSQL.cpp:2500: GetTransState() EBADF
06-08 18:58:37.423: I/Gobi(445): vendor/qcom/proprietary/RIDL/RIDLClient/MainCore.cpp:1550: Failed to get TransState, rc 9
06-08 18:58:37.423: I/Gobi(445): vendor/qcom/proprietary/RIDL/RIDLClient/RIDLSQL.cpp:2500: GetTransState() EBADF
06-08 18:58:37.423: I/Gobi(445): vendor/qcom/proprietary/RIDL/RIDLClient/RIDLSQL.cpp:2500: GetTransState() EBADF
06-08 18:58:37.459: I/System.out(25158): DATA from OBD TECH 411000BD
06-08 18:58:37.471: D/com.obd.reader.io.ObdGatewayService(25158): Taking job[76/1] from queue..
06-08 18:58:37.471: D/com.obd.reader.io.ObdGatewayService(25158): Job state is NEW. Run it..
06-08 18:58:37.471: I/System.out(25158): Command Executed TECH 01 11
06-08 18:58:37.509: W/bt_hci_packet_fragmenter(6717): reassemble_and_dispatch complete l2cap packet received:l2cap full length 17 and hci length 25.
06-08 18:58:37.678: I/System.out(25158): DATA from OBD TECH 41112A
06-08 18:58:37.688: D/com.obd.reader.io.ObdGatewayService(25158): Taking job[77/0] from queue..
06-08 18:58:37.689: D/com.obd.reader.io.ObdGatewayService(25158): Job state is NEW. Run it..
06-08 18:58:37.689: I/System.out(25158): Command Executed TECH 01 0D 1
06-08 18:58:37.694: W/bt_hci_packet_fragmenter(6717): reassemble_and_dispatch complete l2cap packet received:l2cap full length 6 and hci length 14.
06-08 18:58:37.729: W/bt_hci_packet_fragmenter(6717): reassemble_and_dispatch complete l2cap packet received:l2cap full length 17 and hci length 25.
06-08 18:58:37.892: I/System.out(25158): DATA from OBD TECH 410D0B
06-08 18:58:37.906: I/System.out(25158): ((MainActivity) ctx).commandResult {MAF=1.89g/s, ENGINE_RPM=863RPM, ENGINE_LOAD=20.8%, TROUBLE_CODES=4300, SPEED=11km/h, THROTTLE_POS=16.5%, ENGINE_RUNTIME=00:02:45}
06-08 18:58:37.906: I/System.out(25158): Referring to New Speed 
06-08 18:58:37.912: D/Network(25158): Network
06-08 18:58:37.929: I/System.out(25158): Device IMEI is 352494060195210
06-08 18:58:37.929: I/System.out(25158): LAT18.510433LONG73.7940491
06-08 18:58:37.931: I/System.out(25158): MSG 0.0,0.0,1.8899999856948853,16.5,11.0,863.0,0.0,352494060195210,18.510433,73.7940491,1496928517911
06-08 18:58:37.931: D/com.obd.activity.MainActivity(25158): throttle,vss,rpm 16.5,11.0,863.0
06-08 18:58:37.931: I/System.out(25158): url  http://env-9683988.ind-cloud.everdata.com:8080/CenteralServer/pages/tiles/save.jsp?lngsend=73.7940491&load_pct=0.0&temp=0.0&throttlepos=16.5&method=send&time=1496928517911&imei=352494060195210&latsend=18.510433&rpm=863.0&ctime=08-Jun-2017+18%3A58%3A37&maf=1.8899999856948853&vss=11.0&iat=0.0
06-08 18:58:37.931: V/HttpView(25158): http://env-9683988.ind-cloud.everdata.com:8080/CenteralServer/pages/tiles/save.jsp?lngsend=73.7940491&load_pct=0.0&temp=0.0&throttlepos=16.5&method=send&time=1496928517911&imei=352494060195210&latsend=18.510433&rpm=863.0&ctime=08-Jun-2017+18%3A58%3A37&maf=1.8899999856948853&vss=11.0&iat=0.0
06-08 18:58:38.373: W/ctxmgr(4881): [AclManager]No 2 for (accnt=account#1618635401#, com.google.android.gms(10030):UserLocationProducer, vrsn=11055000, 0, 3pPkg = null ,  3pMdlId = null ,  pid = 4881). Was: 2 for 1, account#1618635401#
06-08 18:58:38.669: D/==FindMyPhone==(26284): 1496928518669
06-08 18:58:38.999: D/WifiService(1043): acquireWifiLockLocked: WifiLock{NlpWifiLock type=2 binder=android.os.BinderProxy@8b5e21}
06-08 18:58:39.379: W/ctxmgr(4881): [AclManager]No 2 for (accnt=account#1618635401#, com.google.android.gms(10030):UserLocationProducer, vrsn=11055000, 0, 3pPkg = null ,  3pMdlId = null ,  pid = 4881). Was: 2 for 1, account#1618635401#
06-08 18:58:40.368: D/Network(25158): Got Location Updates 18.51043241 73.79499356
06-08 18:58:40.380: W/ctxmgr(4881): [AclManager]No 2 for (accnt=account#1618635401#, com.google.android.gms(10030):UserLocationProducer, vrsn=11055000, 0, 3pPkg = null ,  3pMdlId = null ,  pid = 4881). Was: 2 for 1, account#1618635401#
06-08 18:58:40.397: I/System.out(25158): Device IMEI is 352494060195210
06-08 18:58:41.390: W/ctxmgr(4881): [AclManager]No 2 for (accnt=account#1618635401#, com.google.android.gms(10030):UserLocationProducer, vrsn=11055000, 0, 3pPkg = null ,  3pMdlId = null ,  pid = 4881). Was: 2 for 1, account#1618635401#
06-08 18:58:41.678: D/com.obd.reader.io.AbstractGatewayService(25158): Adding job[78] to queue..
06-08 18:58:41.678: D/com.obd.reader.io.AbstractGatewayService(25158): Job queued successfully.
06-08 18:58:41.678: D/com.obd.reader.io.AbstractGatewayService(25158): Adding job[79] to queue..
06-08 18:58:41.678: D/com.obd.reader.io.AbstractGatewayService(25158): Job queued successfully.
06-08 18:58:41.678: D/com.obd.reader.io.AbstractGatewayService(25158): Adding job[80] to queue..
06-08 18:58:41.678: D/com.obd.reader.io.AbstractGatewayService(25158): Job queued successfully.
06-08 18:58:41.678: D/com.obd.reader.io.AbstractGatewayService(25158): Adding job[81] to queue..
06-08 18:58:41.678: D/com.obd.reader.io.AbstractGatewayService(25158): Job queued successfully.
06-08 18:58:41.678: D/com.obd.reader.io.AbstractGatewayService(25158): Adding job[82] to queue..
06-08 18:58:41.678: D/com.obd.reader.io.AbstractGatewayService(25158): Job queued successfully.
06-08 18:58:41.678: D/com.obd.reader.io.AbstractGatewayService(25158): Adding job[83] to queue..
06-08 18:58:41.678: D/com.obd.reader.io.AbstractGatewayService(25158): Job queued successfully.
06-08 18:58:41.678: D/com.obd.reader.io.AbstractGatewayService(25158): Adding job[84] to queue..
06-08 18:58:41.678: D/com.obd.reader.io.AbstractGatewayService(25158): Job queued successfully.
06-08 18:58:41.678: I/System.out(25158): LAT18.5104476LONG73.79497912
06-08 18:58:41.679: W/System.err(25158): java.lang.StringIndexOutOfBoundsException: length=5; regionStart=0; regionLength=7
06-08 18:58:41.679: W/System.err(25158): 	at java.lang.String.startEndAndLength(String.java:298)
06-08 18:58:41.679: W/System.err(25158): 	at java.lang.String.substring(String.java:1087)
06-08 18:58:41.679: W/System.err(25158): 	at com.obd.activity.MainActivity$2.run(MainActivity.java:189)
06-08 18:58:41.679: W/System.err(25158): 	at android.os.Handler.handleCallback(Handler.java:739)
06-08 18:58:41.679: W/System.err(25158): 	at android.os.Handler.dispatchMessage(Handler.java:95)
06-08 18:58:41.679: W/System.err(25158): 	at android.os.Looper.loop(Looper.java:234)
06-08 18:58:41.679: W/System.err(25158): 	at android.app.ActivityThread.main(ActivityThread.java:5526)
06-08 18:58:41.679: W/System.err(25158): 	at java.lang.reflect.Method.invoke(Native Method)
06-08 18:58:41.679: W/System.err(25158): 	at com.android.internal.os.ZygoteInit$MethodAndArgsCaller.run(ZygoteInit.java:726)
06-08 18:58:41.679: W/System.err(25158): 	at com.android.internal.os.ZygoteInit.main(ZygoteInit.java:616)
06-08 18:58:41.694: D/==FindMyPhone==(26284): 1496928521694
06-08 18:58:42.262: D/WifiService(1043): acquireWifiLockLocked: WifiLock{NlpWifiLock type=2 binder=android.os.BinderProxy@8b5246}
06-08 18:58:42.380: W/ctxmgr(4881): [AclManager]No 2 for (accnt=account#1618635401#, com.google.android.gms(10030):UserLocationProducer, vrsn=11055000, 0, 3pPkg = null ,  3pMdlId = null ,  pid = 4881). Was: 2 for 1, account#1618635401#
06-08 18:58:42.807: D/WifiService(1043): releaseWifiLockLocked: WifiLock{NlpWifiLock type=2 binder=android.os.BinderProxy@8b5246}
06-08 18:58:42.827: V/OSNPGlue_jni(1043): Entering  : void onJavaLocationChanged(JNIEnv*, jobject, jboolean, jlong, jboolean, jlong, jboolean, jdouble, jboolean, jdouble, jboolean, jfloat, jboolean, jdouble, jboolean, jfloat, jboolean, jfloat)
06-08 18:58:42.828: E/LocSvc_LBSApiV02(1043): E/virtual int lbs_core::LBSApiV02::injectCoarsePosition(const CoarsePositionInfo&):320]: Error : st = 3, ind.status = -1727159900
06-08 18:58:42.832: D/Network(25158): Got Location Updates 18.5106004 73.794978
06-08 18:58:42.852: D/bt_btm_pm(6717): btm_pm_snd_md_req switching from ACTIVE to SNIFF.
06-08 18:58:42.852: D/WifiService(1043): releaseWifiLockLocked: WifiLock{NlpWifiLock type=2 binder=android.os.BinderProxy@8b5e21}
06-08 18:58:42.861: I/System.out(25158): Device IMEI is 352494060195210
06-08 18:58:42.932: D/bt_btm_pm(6717): btm_pm_proc_mode_change switched from UNKNOWN to ACTIVE.
06-08 18:58:42.932: E/bt_btif(6717): bta_dm_pm_btm_status hci_status=36
06-08 18:58:43.223: W/toolbox(26228): type=1400 audit(0.0:4693622): avc: denied { getattr } for path="/proc/1" dev="proc" ino=9224 scontext=u:r:untrusted_app:s0:c512,c768 tcontext=u:r:init:s0 tclass=dir permissive=0 ppid=26222 pcomm="sh" tgid=26222 tgcomm="sh"
06-08 18:58:43.223: W/toolbox(26228): type=1400 audit(0.0:4693623): avc: denied { search } for name="1" dev="proc" ino=9224 scontext=u:r:untrusted_app:s0:c512,c768 tcontext=u:r:init:s0 tclass=dir permissive=0 ppid=26222 pcomm="sh" tgid=26222 tgcomm="sh"
06-08 18:58:43.223: W/toolbox(26228): type=1400 audit(0.0:4693624): avc: denied { search } for name="1" dev="proc" ino=9224 scontext=u:r:untrusted_app:s0:c512,c768 tcontext=u:r:init:s0 tclass=dir permissive=0 ppid=26222 pcomm="sh" tgid=26222 tgcomm="sh"
06-08 18:58:43.223: W/toolbox(26228): type=1400 audit(0.0:4693625): avc: denied { getattr } for path="/proc/2" dev="proc" ino=11460 scontext=u:r:untrusted_app:s0:c512,c768 tcontext=u:r:kernel:s0 tclass=dir permissive=0 ppid=26222 pcomm="sh" tgid=26222 tgcomm="sh"
06-08 18:58:43.223: W/toolbox(26228): type=1400 audit(0.0:4693626): avc: denied { search } for name="2" dev="proc" ino=11460 scontext=u:r:untrusted_app:s0:c512,c768 tcontext=u:r:kernel:s0 tclass=dir permissive=0 ppid=26222 pcomm="sh" tgid=26222 tgcomm="sh"
06-08 18:58:43.384: W/ctxmgr(4881): [AclManager]No 2 for (accnt=account#1618635401#, com.google.android.gms(10030):UserLocationProducer, vrsn=11055000, 0, 3pPkg = null ,  3pMdlId = null ,  pid = 4881). Was: 2 for 1, account#1618635401#
06-08 18:58:43.849: W/art(29500): Suspending all threads took: 5.078ms
06-08 18:58:44.368: D/Network(25158): Got Location Updates 18.5103287 73.79502413
06-08 18:58:44.386: W/ctxmgr(4881): [AclManager]No 2 for (accnt=account#1618635401#, com.google.android.gms(10030):UserLocationProducer, vrsn=11055000, 0, 3pPkg = null ,  3pMdlId = null ,  pid = 4881). Was: 2 for 1, account#1618635401#
06-08 18:58:44.396: I/System.out(25158): Device IMEI is 352494060195210
06-08 18:58:44.722: D/==FindMyPhone==(26284): 1496928524722
06-08 18:58:45.386: W/ctxmgr(4881): [AclManager]No 2 for (accnt=account#1618635401#, com.google.android.gms(10030):UserLocationProducer, vrsn=11055000, 0, 3pPkg = null ,  3pMdlId = null ,  pid = 4881). Was: 2 for 1, account#1618635401#
06-08 18:58:45.584: W/System.err(25158): java.io.FileNotFoundException: http://env-9683988.ind-cloud.everdata.com:8080/CenteralServer/pages/tiles/save.jsp?lngsend=73.7940491&load_pct=0.0&temp=0.0&throttlepos=16.5&method=send&time=1496928517911&imei=352494060195210&latsend=18.510433&rpm=863.0&ctime=08-Jun-2017+18%3A58%3A37&maf=1.8899999856948853&vss=11.0&iat=0.0
06-08 18:58:45.584: W/System.err(25158): 	at com.android.okhttp.internal.huc.HttpURLConnectionImpl.getInputStream(HttpURLConnectionImpl.java:238)
06-08 18:58:45.584: W/System.err(25158): 	at com.util.HttpView.connect2Server(HttpView.java:58)
06-08 18:58:45.585: W/System.err(25158): 	at com.util.HttpView.createURL(HttpView.java:339)
06-08 18:58:45.585: W/System.err(25158): 	at com.obd.activity.MainActivity.sendData(MainActivity.java:482)
06-08 18:58:45.585: W/System.err(25158): 	at com.obd.reader.io.ObdGatewayService.executeQueue(ObdGatewayService.java:306)
06-08 18:58:45.585: W/System.err(25158): 	at com.obd.reader.io.AbstractGatewayService$1.run(AbstractGatewayService.java:38)
06-08 18:58:45.586: W/System.err(25158): 	at java.lang.Thread.run(Thread.java:818)
06-08 18:58:45.586: V/HttpView(25158): HttpView.count -1
06-08 18:58:45.586: D/com.obd.reader.io.ObdGatewayService(25158): Taking job[78/6] from queue..
06-08 18:58:45.586: D/com.obd.reader.io.ObdGatewayService(25158): Job state is NEW. Run it..
06-08 18:58:45.586: I/System.out(25158): Command Executed TECH 03
06-08 18:58:45.667: W/bt_hci_packet_fragmenter(6717): reassemble_and_dispatch complete l2cap packet received:l2cap full length 14 and hci length 22.
06-08 18:58:45.808: E/com.obd.reader.io.ObdGatewayService(25158): Failed to run command. -> length=4; regionStart=3; regionLength=3
06-08 18:58:45.808: D/com.obd.reader.io.ObdGatewayService(25158): Taking job[79/5] from queue..
06-08 18:58:45.808: D/com.obd.reader.io.ObdGatewayService(25158): Job state is NEW. Run it..
06-08 18:58:45.809: I/System.out(25158): Command Executed TECH 01 04
06-08 18:58:45.845: W/bt_hci_packet_fragmenter(6717): reassemble_and_dispatch complete l2cap packet received:l2cap full length 17 and hci length 25.
06-08 18:58:46.013: I/System.out(25158): DATA from OBD TECH 41044A
06-08 18:58:46.023: D/com.obd.reader.io.ObdGatewayService(25158): Taking job[80/4] from queue..
06-08 18:58:46.023: D/com.obd.reader.io.ObdGatewayService(25158): Job state is NEW. Run it..
06-08 18:58:46.024: I/System.out(25158): Command Executed TECH 01 0C
06-08 18:58:46.029: W/bt_hci_packet_fragmenter(6717): reassemble_and_dispatch complete l2cap packet received:l2cap full length 6 and hci length 14.
06-08 18:58:46.064: W/bt_hci_packet_fragmenter(6717): reassemble_and_dispatch complete l2cap packet received:l2cap full length 20 and hci length 28.
06-08 18:58:46.238: I/System.out(25158): DATA from OBD TECH 410C0C08
06-08 18:58:46.253: D/com.obd.reader.io.ObdGatewayService(25158): Taking job[81/3] from queue..
06-08 18:58:46.253: D/com.obd.reader.io.ObdGatewayService(25158): Job state is NEW. Run it..
06-08 18:58:46.254: I/System.out(25158): Command Executed TECH 01 1F
06-08 18:58:46.290: W/bt_hci_packet_fragmenter(6717): reassemble_and_dispatch complete l2cap packet received:l2cap full length 18 and hci length 26.
06-08 18:58:46.292: W/bt_hci_packet_fragmenter(6717): reassemble_and_dispatch complete l2cap packet received:l2cap full length 7 and hci length 15.
06-08 18:58:46.381: W/ctxmgr(4881): [AclManager]No 2 for (accnt=account#1618635401#, com.google.android.gms(10030):UserLocationProducer, vrsn=11055000, 0, 3pPkg = null ,  3pMdlId = null ,  pid = 4881). Was: 2 for 1, account#1618635401#
06-08 18:58:46.468: I/System.out(25158): DATA from OBD TECH 411F00AE
06-08 18:58:46.472: D/com.obd.reader.io.ObdGatewayService(25158): Taking job[82/2] from queue..
06-08 18:58:46.472: D/com.obd.reader.io.ObdGatewayService(25158): Job state is NEW. Run it..
06-08 18:58:46.472: I/System.out(25158): Command Executed TECH 01 10
06-08 18:58:46.509: W/bt_hci_packet_fragmenter(6717): reassemble_and_dispatch complete l2cap packet received:l2cap full length 18 and hci length 26.
06-08 18:58:46.515: W/bt_hci_packet_fragmenter(6717): reassemble_and_dispatch complete l2cap packet received:l2cap full length 7 and hci length 15.
06-08 18:58:46.677: I/System.out(25158): DATA from OBD TECH 411000BD
06-08 18:58:46.682: D/com.obd.reader.io.ObdGatewayService(25158): Taking job[83/1] from queue..
06-08 18:58:46.682: D/com.obd.reader.io.ObdGatewayService(25158): Job state is NEW. Run it..
06-08 18:58:46.682: I/System.out(25158): Command Executed TECH 01 11
06-08 18:58:46.688: W/bt_hci_packet_fragmenter(6717): reassemble_and_dispatch complete l2cap packet received:l2cap full length 6 and hci length 14.
06-08 18:58:46.695: W/bt_hci_packet_fragmenter(6717): reassemble_and_dispatch complete l2cap packet received:l2cap full length 15 and hci length 23.
06-08 18:58:46.729: W/bt_hci_packet_fragmenter(6717): reassemble_and_dispatch complete l2cap packet received:l2cap full length 7 and hci length 15.
06-08 18:58:46.893: I/System.out(25158): DATA from OBD TECH 411127
06-08 18:58:46.902: D/com.obd.reader.io.ObdGatewayService(25158): Taking job[84/0] from queue..
06-08 18:58:46.902: D/com.obd.reader.io.ObdGatewayService(25158): Job state is NEW. Run it..
06-08 18:58:46.902: I/System.out(25158): Command Executed TECH 01 0D 1
06-08 18:58:46.941: W/bt_hci_packet_fragmenter(6717): reassemble_and_dispatch complete l2cap packet received:l2cap full length 15 and hci length 23.
06-08 18:58:46.943: W/bt_hci_packet_fragmenter(6717): reassemble_and_dispatch complete l2cap packet received:l2cap full length 7 and hci length 15.
06-08 18:58:47.108: I/System.out(25158): DATA from OBD TECH 410D03
06-08 18:58:47.119: I/System.out(25158): ((MainActivity) ctx).commandResult {MAF=1.89g/s, ENGINE_RPM=770RPM, ENGINE_LOAD=29.0%, TROUBLE_CODES=4300, THROTTLE_POS=15.3%, ENGINE_RUNTIME=00:02:54}
06-08 18:58:47.119: I/System.out(25158): Referring to old Speed 11
06-08 18:58:47.128: D/Network(25158): Network
06-08 18:58:47.145: I/System.out(25158): Device IMEI is 352494060195210
06-08 18:58:47.145: I/System.out(25158): LAT18.5106004LONG73.794978
06-08 18:58:47.146: I/System.out(25158): MSG 0.0,0.0,1.8899999856948853,15.300000190734863,11.0,770.0,0.0,352494060195210,18.5106004,73.794978,1496928527126
06-08 18:58:47.146: D/com.obd.activity.MainActivity(25158): throttle,vss,rpm 15.300000190734863,11.0,770.0
06-08 18:58:47.148: I/System.out(25158): url  http://env-9683988.ind-cloud.everdata.com:8080/CenteralServer/pages/tiles/save.jsp?lngsend=73.794978&load_pct=0.0&temp=0.0&throttlepos=15.300000190734863&method=send&time=1496928527126&imei=352494060195210&latsend=18.5106004&rpm=770.0&ctime=08-Jun-2017+18%3A58%3A47&maf=1.8899999856948853&vss=11.0&iat=0.0
06-08 18:58:47.148: V/HttpView(25158): http://env-9683988.ind-cloud.everdata.com:8080/CenteralServer/pages/tiles/save.jsp?lngsend=73.794978&load_pct=0.0&temp=0.0&throttlepos=15.300000190734863&method=send&time=1496928527126&imei=352494060195210&latsend=18.5106004&rpm=770.0&ctime=08-Jun-2017+18%3A58%3A47&maf=1.8899999856948853&vss=11.0&iat=0.0
06-08 18:58:47.383: W/ctxmgr(4881): [AclManager]No 2 for (accnt=account#1618635401#, com.google.android.gms(10030):UserLocationProducer, vrsn=11055000, 0, 3pPkg = null ,  3pMdlId = null ,  pid = 4881). Was: 2 for 1, account#1618635401#
06-08 18:58:47.430: I/Gobi(445): vendor/qcom/proprietary/RIDL/RIDLClient/RIDLSQL.cpp:2500: GetTransState() EBADF
06-08 18:58:47.431: I/Gobi(445): vendor/qcom/proprietary/RIDL/RIDLClient/MainCore.cpp:1550: Failed to get TransState, rc 9
06-08 18:58:47.431: I/Gobi(445): vendor/qcom/proprietary/RIDL/RIDLClient/RIDLSQL.cpp:2500: GetTransState() EBADF
06-08 18:58:47.431: I/Gobi(445): vendor/qcom/proprietary/RIDL/RIDLClient/RIDLSQL.cpp:2500: GetTransState() EBADF
06-08 18:58:47.760: D/==FindMyPhone==(26284): 1496928527760
06-08 18:58:48.394: W/ctxmgr(4881): [AclManager]No 2 for (accnt=account#1618635401#, com.google.android.gms(10030):UserLocationProducer, vrsn=11055000, 0, 3pPkg = null ,  3pMdlId = null ,  pid = 4881). Was: 2 for 1, account#1618635401#
06-08 18:58:48.583: D/ConnectivityService(1043): requestNetwork for Request from uid/pid:1000/1043 for NetworkRequest [ id=306, legacyType=3, [ Transports: CELLULAR Capabilities: SUPL&NOT_RESTRICTED&TRUSTED&NOT_VPN] ]
06-08 18:58:48.587: D/WIFI_UT(1043): got request NetworkRequest [ id=306, legacyType=3, [ Transports: CELLULAR Capabilities: SUPL&NOT_RESTRICTED&TRUSTED&NOT_VPN] ] with score 0
06-08 18:58:48.588: D/WIFI(1043): got request NetworkRequest [ id=306, legacyType=3, [ Transports: CELLULAR Capabilities: SUPL&NOT_RESTRICTED&TRUSTED&NOT_VPN] ] with score 0
06-08 18:58:48.589: D/Ethernet(1043): got request NetworkRequest [ id=306, legacyType=3, [ Transports: CELLULAR Capabilities: SUPL&NOT_RESTRICTED&TRUSTED&NOT_VPN] ] with score 0
06-08 18:58:48.600: E/QtiRilInterface(3930): instance = com.qti.internal.telephony.QtiRilInterface@defbd86
06-08 18:58:48.611: D/ActivityManager(1043): New dropbox entry: com.android.phone, system_app_wtf, d8a18fdb-b021-45d4-a593-3d6e1f8355d8
06-08 18:58:48.611: D/QC_RIL_OEM_HOOK(3930): dds phoneId: 0
06-08 18:58:48.612: V/QC_RIL_OEM_HOOK(3930): sendRilOemHookMsg: Outgoing Data is 514f454d484f4f4b270008000400000000000000
06-08 18:58:48.613: D/QcrilMsgTunnelIfaceManager(4353): handleMessage what = 1
06-08 18:58:48.613: D/QcrilMsgTunnelSocket(4353): [1057] > OEM_HOOK_RAW[514f454d484f4f4b270008000400000000000000]
06-08 18:58:48.615: D/QcrilMsgTunnelSocket(4353): readRilMessage: Buffer = [B@c379f6d HexData = [000000002104000000000000ffffffff]
06-08 18:58:48.615: D/QcrilMsgTunnelSocket(4353): Rcvd SOLICITED response with 12 bytes data for SUB0
06-08 18:58:48.615: D/QcrilMsgTunnelSocket(4353): [1057] < OEM_HOOK_RAW [null]
06-08 18:58:48.616: D/QcrilMsgTunnelIfaceManager(4353): handleMessage what = 2
06-08 18:58:48.616: D/QC_RIL_OEM_HOOK(3930): sendOemRilRequestRaw returns value = 0
06-08 18:58:48.618: D/QcrilMsgTunnelSocket(4353): readRilMessage: Buffer = [B@c379f6d HexData = [010000000404000018000000514f454d484f4f4b4c040800080000000200200001010000]
06-08 18:58:48.618: D/QcrilMsgTunnelSocket(4353): Rcvd UNSOL response with 32 bytes data for SUB0
06-08 18:58:48.618: D/QcrilMsgTunnelSocket(4353): Response ID 525388 is not served in this process.
06-08 18:58:48.618: D/QcrilMsgTunnelSocket(4353): To broadcast an Intent via the notifier to external apps
06-08 18:58:48.620: D/QcrilMsgTunnelIfaceManager(4353): handleMessage what = 0
06-08 18:58:48.635: I/ActivityManager(1043): Start proc 26258:com.sonyericsson.tetherentitlementcheck/1001 for broadcast com.sonyericsson.tetherentitlementcheck/.TetheringMobileStateReceiver
06-08 18:58:48.658: D/QC_RIL_OEM_HOOK(3930): Received Broadcast Intent ACTION_UNSOL_RESPONSE_OEM_HOOK_RAW
06-08 18:58:48.658: D/QC_RIL_OEM_HOOK(3930): Oem ID in QCRILHOOK UNSOL RESP is QOEMHOOK
06-08 18:58:48.693: W/System(26258): ClassLoader referenced unknown path: /system/app/TetherEntitlementCheck/lib/arm
06-08 18:58:48.711: I/ActivityManager(1043): Start proc 26281:com.sonyericsson.crashmonitor/1000 for broadcast com.sonyericsson.crashmonitor/.receiver.CrashMonitorServiceBroadcastReceiver
06-08 18:58:48.712: I/ActivityManager(1043): Killing 21801:com.mobisystems.office/u0a220 (adj 15): empty #17
06-08 18:58:48.972: I/ActivityManager(1043): Killing 21709:com.mobisystems.fileman/u0a76 (adj 15): empty #17
06-08 18:58:49.062: D/ConnectivityService(1043): ConnectivityService NetworkRequestInfo binderDied(NetworkRequest [ id=301, legacyType=-1, [ Capabilities: INTERNET&NOT_RESTRICTED&TRUSTED] ], android.os.BinderProxy@aeb5df8)
06-08 18:58:49.062: D/GraphicsStats(1043): Buffer count: 11
06-08 18:58:49.063: D/ConnectivityService(1043): releasing NetworkRequest NetworkRequest [ id=301, legacyType=-1, [ Capabilities: INTERNET&NOT_RESTRICTED&TRUSTED] ]
06-08 18:58:49.063: D/ConnectivityService(1043): ConnectivityService NetworkRequestInfo binderDied(NetworkRequest [ id=300, legacyType=-1, [ Capabilities: INTERNET&NOT_RESTRICTED&TRUSTED] ], android.os.BinderProxy@2a8c2d1)
06-08 18:58:49.065: E/ConnectivityService(1043): RemoteException caught trying to send a callback msg for NetworkRequest [ id=301, legacyType=-1, [ Capabilities: INTERNET&NOT_RESTRICTED&TRUSTED] ]
06-08 18:58:49.065: D/ConnectivityService(1043): releasing NetworkRequest NetworkRequest [ id=300, legacyType=-1, [ Capabilities: INTERNET&NOT_RESTRICTED&TRUSTED] ]
06-08 18:58:49.066: E/ConnectivityService(1043): RemoteException caught trying to send a callback msg for NetworkRequest [ id=300, legacyType=-1, [ Capabilities: INTERNET&NOT_RESTRICTED&TRUSTED] ]
06-08 18:58:49.401: W/ctxmgr(4881): [AclManager]No 2 for (accnt=account#1618635401#, com.google.android.gms(10030):UserLocationProducer, vrsn=11055000, 0, 3pPkg = null ,  3pMdlId = null ,  pid = 4881). Was: 2 for 1, account#1618635401#
06-08 18:58:49.688: D/com.obd.reader.io.AbstractGatewayService(25158): Adding job[85] to queue..
06-08 18:58:49.689: D/com.obd.reader.io.AbstractGatewayService(25158): Job queued successfully.
06-08 18:58:49.689: D/com.obd.reader.io.AbstractGatewayService(25158): Adding job[86] to queue..
06-08 18:58:49.689: D/com.obd.reader.io.AbstractGatewayService(25158): Job queued successfully.
06-08 18:58:49.691: D/com.obd.reader.io.AbstractGatewayService(25158): Adding job[87] to queue..
06-08 18:58:49.691: D/com.obd.reader.io.AbstractGatewayService(25158): Job queued successfully.
06-08 18:58:49.691: D/com.obd.reader.io.AbstractGatewayService(25158): Adding job[88] to queue..
