06-08 18:57:42.975: W/System.err(25158): 	at com.obd.activity.MainActivity.sendData(MainActivity.java:482)
06-08 18:57:42.975: W/System.err(25158): 	at com.obd.reader.io.ObdGatewayService.executeQueue(ObdGatewayService.java:306)
06-08 18:57:42.975: W/System.err(25158): 	at com.obd.reader.io.AbstractGatewayService$1.run(AbstractGatewayService.java:38)
06-08 18:57:42.975: W/System.err(25158): 	at java.lang.Thread.run(Thread.java:818)
06-08 18:57:42.975: V/HttpView(25158): HttpView.count -1
06-08 18:57:42.975: D/com.obd.reader.io.ObdGatewayService(25158): Taking job[43/6] from queue..
06-08 18:57:42.975: D/com.obd.reader.io.ObdGatewayService(25158): Job state is NEW. Run it..
06-08 18:57:42.975: I/System.out(25158): Command Executed TECH 03
06-08 18:57:43.003: W/toolbox(25848): type=1400 audit(0.0:4688774): avc: denied { getattr } for path="/proc/1" dev="proc" ino=9224 scontext=u:r:untrusted_app:s0:c512,c768 tcontext=u:r:init:s0 tclass=dir permissive=0 ppid=25845 pcomm="sh" tgid=25845 tgcomm="sh"
06-08 18:57:43.003: W/toolbox(25848): type=1400 audit(0.0:4688775): avc: denied { search } for name="1" dev="proc" ino=9224 scontext=u:r:untrusted_app:s0:c512,c768 tcontext=u:r:init:s0 tclass=dir permissive=0 ppid=25845 pcomm="sh" tgid=25845 tgcomm="sh"
06-08 18:57:43.071: W/bt_hci_packet_fragmenter(6717): reassemble_and_dispatch complete l2cap packet received:l2cap full length 12 and hci length 20.
06-08 18:57:43.071: W/bt_hci_packet_fragmenter(6717): reassemble_and_dispatch complete l2cap packet received:l2cap full length 7 and hci length 15.
06-08 18:57:43.003: W/toolbox(25848): type=1400 audit(0.0:4688776): avc: denied { search } for name="1" dev="proc" ino=9224 scontext=u:r:untrusted_app:s0:c512,c768 tcontext=u:r:init:s0 tclass=dir permissive=0 ppid=25845 pcomm="sh" tgid=25845 tgcomm="sh"
06-08 18:57:43.003: W/toolbox(25848): type=1400 audit(0.0:4688777): avc: denied { getattr } for path="/proc/2" dev="proc" ino=11460 scontext=u:r:untrusted_app:s0:c512,c768 tcontext=u:r:kernel:s0 tclass=dir permissive=0 ppid=25845 pcomm="sh" tgid=25845 tgcomm="sh"
06-08 18:57:43.003: W/toolbox(25848): type=1400 audit(0.0:4688778): avc: denied { search } for name="2" dev="proc" ino=11460 scontext=u:r:untrusted_app:s0:c512,c768 tcontext=u:r:kernel:s0 tclass=dir permissive=0 ppid=25845 pcomm="sh" tgid=25845 tgcomm="sh"
06-08 18:57:43.200: E/com.obd.reader.io.ObdGatewayService(25158): Failed to run command. -> length=4; regionStart=3; regionLength=3
06-08 18:57:43.201: D/com.obd.reader.io.ObdGatewayService(25158): Taking job[44/5] from queue..
06-08 18:57:43.201: D/com.obd.reader.io.ObdGatewayService(25158): Job state is NEW. Run it..
06-08 18:57:43.201: I/System.out(25158): Command Executed TECH 01 04
06-08 18:57:43.207: W/bt_hci_packet_fragmenter(6717): reassemble_and_dispatch complete l2cap packet received:l2cap full length 6 and hci length 14.
06-08 18:57:43.240: W/bt_hci_packet_fragmenter(6717): reassemble_and_dispatch complete l2cap packet received:l2cap full length 15 and hci length 23.
06-08 18:57:43.243: W/bt_hci_packet_fragmenter(6717): reassemble_and_dispatch complete l2cap packet received:l2cap full length 7 and hci length 15.
06-08 18:57:43.365: D/Network(25158): Got Location Updates 18.51033751 73.79247389
06-08 18:57:43.378: W/ctxmgr(4881): [AclManager]No 2 for (accnt=account#1618635401#, com.google.android.gms(10030):UserLocationProducer, vrsn=11055000, 0, 3pPkg = null ,  3pMdlId = null ,  pid = 4881). Was: 2 for 1, account#1618635401#
06-08 18:57:43.387: I/System.out(25158): Device IMEI is 352494060195210
06-08 18:57:43.403: I/System.out(25158): DATA from OBD TECH 4104BD
06-08 18:57:43.407: D/com.obd.reader.io.ObdGatewayService(25158): Taking job[45/4] from queue..
06-08 18:57:43.407: D/com.obd.reader.io.ObdGatewayService(25158): Job state is NEW. Run it..
06-08 18:57:43.407: I/System.out(25158): Command Executed TECH 01 0C
06-08 18:57:43.444: W/bt_hci_packet_fragmenter(6717): reassemble_and_dispatch complete l2cap packet received:l2cap full length 18 and hci length 26.
06-08 18:57:43.446: W/bt_hci_packet_fragmenter(6717): reassemble_and_dispatch complete l2cap packet received:l2cap full length 7 and hci length 15.
06-08 18:57:43.611: I/System.out(25158): DATA from OBD TECH 410C0BF0
06-08 18:57:43.618: D/com.obd.reader.io.ObdGatewayService(25158): Taking job[46/3] from queue..
06-08 18:57:43.618: D/com.obd.reader.io.ObdGatewayService(25158): Job state is NEW. Run it..
06-08 18:57:43.618: I/System.out(25158): Command Executed TECH 01 1F
06-08 18:57:43.656: W/bt_hci_packet_fragmenter(6717): reassemble_and_dispatch complete l2cap packet received:l2cap full length 20 and hci length 28.
06-08 18:57:43.834: I/System.out(25158): DATA from OBD TECH 411F006F
06-08 18:57:43.846: D/com.obd.reader.io.ObdGatewayService(25158): Taking job[47/2] from queue..
06-08 18:57:43.846: D/com.obd.reader.io.ObdGatewayService(25158): Job state is NEW. Run it..
06-08 18:57:43.846: I/System.out(25158): Command Executed TECH 01 10
06-08 18:57:43.854: W/bt_hci_packet_fragmenter(6717): reassemble_and_dispatch complete l2cap packet received:l2cap full length 6 and hci length 14.
06-08 18:57:43.887: W/bt_hci_packet_fragmenter(6717): reassemble_and_dispatch complete l2cap packet received:l2cap full length 18 and hci length 26.
06-08 18:57:43.890: W/bt_hci_packet_fragmenter(6717): reassemble_and_dispatch complete l2cap packet received:l2cap full length 7 and hci length 15.
06-08 18:57:44.054: D/==FindMyPhone==(26284): 1496928464054
06-08 18:57:44.062: I/System.out(25158): DATA from OBD TECH 411001EE
06-08 18:57:44.070: D/com.obd.reader.io.ObdGatewayService(25158): Taking job[48/1] from queue..
06-08 18:57:44.070: D/com.obd.reader.io.ObdGatewayService(25158): Job state is NEW. Run it..
06-08 18:57:44.070: I/System.out(25158): Command Executed TECH 01 11
06-08 18:57:44.108: W/bt_hci_packet_fragmenter(6717): reassemble_and_dispatch complete l2cap packet received:l2cap full length 15 and hci length 23.
06-08 18:57:44.110: W/bt_hci_packet_fragmenter(6717): reassemble_and_dispatch complete l2cap packet received:l2cap full length 7 and hci length 15.
06-08 18:57:44.278: I/System.out(25158): DATA from OBD TECH 411130
06-08 18:57:44.290: D/com.obd.reader.io.ObdGatewayService(25158): Taking job[49/0] from queue..
06-08 18:57:44.290: D/com.obd.reader.io.ObdGatewayService(25158): Job state is NEW. Run it..
06-08 18:57:44.290: I/System.out(25158): Command Executed TECH 01 0D 1
06-08 18:57:44.326: W/bt_hci_packet_fragmenter(6717): reassemble_and_dispatch complete l2cap packet received:l2cap full length 17 and hci length 25.
06-08 18:57:44.389: W/ctxmgr(4881): [AclManager]No 2 for (accnt=account#1618635401#, com.google.android.gms(10030):UserLocationProducer, vrsn=11055000, 0, 3pPkg = null ,  3pMdlId = null ,  pid = 4881). Was: 2 for 1, account#1618635401#
06-08 18:57:44.491: I/System.out(25158): DATA from OBD TECH 410D0F
06-08 18:57:44.495: I/System.out(25158): ((MainActivity) ctx).commandResult {MAF=4.94g/s, ENGINE_RPM=764RPM, ENGINE_LOAD=74.1%, TROUBLE_CODES=4300, THROTTLE_POS=18.8%, ENGINE_RUNTIME=00:01:51}
06-08 18:57:44.495: I/System.out(25158): Referring to old Speed 0
06-08 18:57:44.503: D/Network(25158): Network
06-08 18:57:44.526: I/System.out(25158): Device IMEI is 352494060195210
06-08 18:57:44.526: I/System.out(25158): LAT18.5103196LONG73.7923437
06-08 18:57:44.528: I/System.out(25158): MSG 0.0,0.0,4.940000057220459,18.799999237060547,0.0,764.0,0.0,352494060195210,18.5103196,73.7923437,1496928464501
06-08 18:57:44.528: D/com.obd.activity.MainActivity(25158): throttle,vss,rpm 18.799999237060547,0.0,764.0
06-08 18:57:44.529: I/System.out(25158): url  http://env-9683988.ind-cloud.everdata.com:8080/CenteralServer/pages/tiles/save.jsp?lngsend=73.7923437&load_pct=0.0&temp=0.0&throttlepos=18.799999237060547&method=send&time=1496928464501&imei=352494060195210&latsend=18.5103196&rpm=764.0&ctime=08-Jun-2017+18%3A57%3A44&maf=4.940000057220459&vss=0.0&iat=0.0
06-08 18:57:44.529: V/HttpView(25158): http://env-9683988.ind-cloud.everdata.com:8080/CenteralServer/pages/tiles/save.jsp?lngsend=73.7923437&load_pct=0.0&temp=0.0&throttlepos=18.799999237060547&method=send&time=1496928464501&imei=352494060195210&latsend=18.5103196&rpm=764.0&ctime=08-Jun-2017+18%3A57%3A44&maf=4.940000057220459&vss=0.0&iat=0.0
06-08 18:57:45.389: W/ctxmgr(4881): [AclManager]No 2 for (accnt=account#1618635401#, com.google.android.gms(10030):UserLocationProducer, vrsn=11055000, 0, 3pPkg = null ,  3pMdlId = null ,  pid = 4881). Was: 2 for 1, account#1618635401#
06-08 18:57:45.548: D/com.obd.reader.io.AbstractGatewayService(25158): Adding job[50] to queue..
06-08 18:57:45.548: D/com.obd.reader.io.AbstractGatewayService(25158): Job queued successfully.
06-08 18:57:45.548: D/com.obd.reader.io.AbstractGatewayService(25158): Adding job[51] to queue..
06-08 18:57:45.548: D/com.obd.reader.io.AbstractGatewayService(25158): Job queued successfully.
06-08 18:57:45.548: D/com.obd.reader.io.AbstractGatewayService(25158): Adding job[52] to queue..
06-08 18:57:45.548: D/com.obd.reader.io.AbstractGatewayService(25158): Job queued successfully.
06-08 18:57:45.548: D/com.obd.reader.io.AbstractGatewayService(25158): Adding job[53] to queue..
06-08 18:57:45.548: D/com.obd.reader.io.AbstractGatewayService(25158): Job queued successfully.
06-08 18:57:45.549: D/com.obd.reader.io.AbstractGatewayService(25158): Adding job[54] to queue..
06-08 18:57:45.549: D/com.obd.reader.io.AbstractGatewayService(25158): Job queued successfully.
06-08 18:57:45.549: D/com.obd.reader.io.AbstractGatewayService(25158): Adding job[55] to queue..
06-08 18:57:45.549: D/com.obd.reader.io.AbstractGatewayService(25158): Job queued successfully.
06-08 18:57:45.549: D/com.obd.reader.io.AbstractGatewayService(25158): Adding job[56] to queue..
06-08 18:57:45.549: D/com.obd.reader.io.AbstractGatewayService(25158): Job queued successfully.
06-08 18:57:45.549: I/System.out(25158): LAT18.51033751LONG73.79247389
06-08 18:57:45.550: W/System.err(25158): java.lang.StringIndexOutOfBoundsException: length=5; regionStart=0; regionLength=7
06-08 18:57:45.550: W/System.err(25158): 	at java.lang.String.startEndAndLength(String.java:298)
06-08 18:57:45.550: W/System.err(25158): 	at java.lang.String.substring(String.java:1087)
06-08 18:57:45.551: W/System.err(25158): 	at com.obd.activity.MainActivity$2.run(MainActivity.java:189)
06-08 18:57:45.551: W/System.err(25158): 	at android.os.Handler.handleCallback(Handler.java:739)
06-08 18:57:45.551: W/System.err(25158): 	at android.os.Handler.dispatchMessage(Handler.java:95)
06-08 18:57:45.551: W/System.err(25158): 	at android.os.Looper.loop(Looper.java:234)
06-08 18:57:45.551: W/System.err(25158): 	at android.app.ActivityThread.main(ActivityThread.java:5526)
06-08 18:57:45.551: W/System.err(25158): 	at java.lang.reflect.Method.invoke(Native Method)
06-08 18:57:45.551: W/System.err(25158): 	at com.android.internal.os.ZygoteInit$MethodAndArgsCaller.run(ZygoteInit.java:726)
06-08 18:57:45.551: W/System.err(25158): 	at com.android.internal.os.ZygoteInit.main(ZygoteInit.java:616)
06-08 18:57:46.390: W/ctxmgr(4881): [AclManager]No 2 for (accnt=account#1618635401#, com.google.android.gms(10030):UserLocationProducer, vrsn=11055000, 0, 3pPkg = null ,  3pMdlId = null ,  pid = 4881). Was: 2 for 1, account#1618635401#
06-08 18:57:47.094: D/==FindMyPhone==(26284): 1496928467094
06-08 18:57:47.377: I/Gobi(445): vendor/qcom/proprietary/RIDL/RIDLClient/RIDLSQL.cpp:2500: GetTransState() EBADF
06-08 18:57:47.377: I/Gobi(445): vendor/qcom/proprietary/RIDL/RIDLClient/MainCore.cpp:1550: Failed to get TransState, rc 9
06-08 18:57:47.377: I/Gobi(445): vendor/qcom/proprietary/RIDL/RIDLClient/RIDLSQL.cpp:2500: GetTransState() EBADF
06-08 18:57:47.377: I/Gobi(445): vendor/qcom/proprietary/RIDL/RIDLClient/RIDLSQL.cpp:2500: GetTransState() EBADF
06-08 18:57:47.380: D/Network(25158): Got Location Updates 18.51034572 73.7926087
06-08 18:57:47.394: W/ctxmgr(4881): [AclManager]No 2 for (accnt=account#1618635401#, com.google.android.gms(10030):UserLocationProducer, vrsn=11055000, 0, 3pPkg = null ,  3pMdlId = null ,  pid = 4881). Was: 2 for 1, account#1618635401#
06-08 18:57:47.415: I/System.out(25158): Device IMEI is 352494060195210
06-08 18:57:48.381: W/ctxmgr(4881): [AclManager]No 2 for (accnt=account#1618635401#, com.google.android.gms(10030):UserLocationProducer, vrsn=11055000, 0, 3pPkg = null ,  3pMdlId = null ,  pid = 4881). Was: 2 for 1, account#1618635401#
06-08 18:57:49.381: W/ctxmgr(4881): [AclManager]No 2 for (accnt=account#1618635401#, com.google.android.gms(10030):UserLocationProducer, vrsn=11055000, 0, 3pPkg = null ,  3pMdlId = null ,  pid = 4881). Was: 2 for 1, account#1618635401#
06-08 18:57:50.102: D/bt_btm_pm(6717): btm_pm_snd_md_req switching from ACTIVE to SNIFF.
06-08 18:57:50.134: D/==FindMyPhone==(26284): 1496928470134
06-08 18:57:50.144: W/System.err(25158): java.io.FileNotFoundException: http://env-9683988.ind-cloud.everdata.com:8080/CenteralServer/pages/tiles/save.jsp?lngsend=73.7923437&load_pct=0.0&temp=0.0&throttlepos=18.799999237060547&method=send&time=1496928464501&imei=352494060195210&latsend=18.5103196&rpm=764.0&ctime=08-Jun-2017+18%3A57%3A44&maf=4.940000057220459&vss=0.0&iat=0.0
06-08 18:57:50.144: W/System.err(25158): 	at com.android.okhttp.internal.huc.HttpURLConnectionImpl.getInputStream(HttpURLConnectionImpl.java:238)
06-08 18:57:50.144: W/System.err(25158): 	at com.util.HttpView.connect2Server(HttpView.java:58)
06-08 18:57:50.144: W/System.err(25158): 	at com.util.HttpView.createURL(HttpView.java:339)
06-08 18:57:50.144: W/System.err(25158): 	at com.obd.activity.MainActivity.sendData(MainActivity.java:482)
06-08 18:57:50.144: W/System.err(25158): 	at com.obd.reader.io.ObdGatewayService.executeQueue(ObdGatewayService.java:306)
06-08 18:57:50.144: W/System.err(25158): 	at com.obd.reader.io.AbstractGatewayService$1.run(AbstractGatewayService.java:38)
06-08 18:57:50.144: W/System.err(25158): 	at java.lang.Thread.run(Thread.java:818)
06-08 18:57:50.144: V/HttpView(25158): HttpView.count -1
06-08 18:57:50.144: D/com.obd.reader.io.ObdGatewayService(25158): Taking job[50/6] from queue..
06-08 18:57:50.144: D/com.obd.reader.io.ObdGatewayService(25158): Job state is NEW. Run it..
06-08 18:57:50.144: I/System.out(25158): Command Executed TECH 03
06-08 18:57:50.179: D/bt_btm_pm(6717): btm_pm_proc_mode_change switched from UNKNOWN to ACTIVE.
06-08 18:57:50.179: E/bt_btif(6717): bta_dm_pm_btm_status hci_status=36
06-08 18:57:50.256: W/bt_hci_packet_fragmenter(6717): reassemble_and_dispatch complete l2cap packet received:l2cap full length 6 and hci length 14.
06-08 18:57:50.310: W/bt_hci_packet_fragmenter(6717): reassemble_and_dispatch complete l2cap packet received:l2cap full length 14 and hci length 22.
06-08 18:57:50.369: E/com.obd.reader.io.ObdGatewayService(25158): Failed to run command. -> length=4; regionStart=3; regionLength=3
06-08 18:57:50.370: D/com.obd.reader.io.ObdGatewayService(25158): Taking job[51/5] from queue..
06-08 18:57:50.370: D/com.obd.reader.io.ObdGatewayService(25158): Job state is NEW. Run it..
06-08 18:57:50.370: I/System.out(25158): Command Executed TECH 01 04
06-08 18:57:50.379: W/ctxmgr(4881): [AclManager]No 2 for (accnt=account#1618635401#, com.google.android.gms(10030):UserLocationProducer, vrsn=11055000, 0, 3pPkg = null ,  3pMdlId = null ,  pid = 4881). Was: 2 for 1, account#1618635401#
06-08 18:57:50.380: D/Network(25158): Got Location Updates 18.51036505 73.79273506
06-08 18:57:50.400: I/System.out(25158): Device IMEI is 352494060195210
06-08 18:57:50.447: W/bt_hci_packet_fragmenter(6717): reassemble_and_dispatch complete l2cap packet received:l2cap full length 15 and hci length 23.
06-08 18:57:50.451: W/bt_hci_packet_fragmenter(6717): reassemble_and_dispatch complete l2cap packet received:l2cap full length 7 and hci length 15.
06-08 18:57:50.574: I/System.out(25158): DATA from OBD TECH 4104A2
06-08 18:57:50.587: D/com.obd.reader.io.ObdGatewayService(25158): Taking job[52/4] from queue..
06-08 18:57:50.588: D/com.obd.reader.io.ObdGatewayService(25158): Job state is NEW. Run it..
06-08 18:57:50.588: I/System.out(25158): Command Executed TECH 01 0C
06-08 18:57:50.626: W/bt_hci_packet_fragmenter(6717): reassemble_and_dispatch complete l2cap packet received:l2cap full length 18 and hci length 26.
06-08 18:57:50.628: W/bt_hci_packet_fragmenter(6717): reassemble_and_dispatch complete l2cap packet received:l2cap full length 7 and hci length 15.
06-08 18:57:50.794: I/System.out(25158): DATA from OBD TECH 410C0ED8
06-08 18:57:50.806: D/com.obd.reader.io.ObdGatewayService(25158): Taking job[53/3] from queue..
06-08 18:57:50.806: D/com.obd.reader.io.ObdGatewayService(25158): Job state is NEW. Run it..
06-08 18:57:50.806: I/System.out(25158): Command Executed TECH 01 1F
06-08 18:57:50.811: W/bt_hci_packet_fragmenter(6717): reassemble_and_dispatch complete l2cap packet received:l2cap full length 6 and hci length 14.
06-08 18:57:50.844: W/bt_hci_packet_fragmenter(6717): reassemble_and_dispatch complete l2cap packet received:l2cap full length 18 and hci length 26.
06-08 18:57:50.847: W/bt_hci_packet_fragmenter(6717): reassemble_and_dispatch complete l2cap packet received:l2cap full length 7 and hci length 15.
06-08 18:57:51.010: I/System.out(25158): DATA from OBD TECH 411F0077
06-08 18:57:51.016: D/com.obd.reader.io.ObdGatewayService(25158): Taking job[54/2] from queue..
06-08 18:57:51.016: D/com.obd.reader.io.ObdGatewayService(25158): Job state is NEW. Run it..
06-08 18:57:51.016: I/System.out(25158): Command Executed TECH 01 10
06-08 18:57:51.053: W/bt_hci_packet_fragmenter(6717): reassemble_and_dispatch complete l2cap packet received:l2cap full length 20 and hci length 28.
06-08 18:57:51.223: I/System.out(25158): DATA from OBD TECH 41100246
06-08 18:57:51.231: D/com.obd.reader.io.ObdGatewayService(25158): Taking job[55/1] from queue..
06-08 18:57:51.232: D/com.obd.reader.io.ObdGatewayService(25158): Job state is NEW. Run it..
06-08 18:57:51.232: I/System.out(25158): Command Executed TECH 01 11
06-08 18:57:51.268: W/bt_hci_packet_fragmenter(6717): reassemble_and_dispatch complete l2cap packet received:l2cap full length 15 and hci length 23.
06-08 18:57:51.270: W/bt_hci_packet_fragmenter(6717): reassemble_and_dispatch complete l2cap packet received:l2cap full length 7 and hci length 15.
06-08 18:57:51.388: W/ctxmgr(4881): [AclManager]No 2 for (accnt=account#1618635401#, com.google.android.gms(10030):UserLocationProducer, vrsn=11055000, 0, 3pPkg = null ,  3pMdlId = null ,  pid = 4881). Was: 2 for 1, account#1618635401#
06-08 18:57:51.445: I/System.out(25158): DATA from OBD TECH 411133
06-08 18:57:51.459: D/com.obd.reader.io.ObdGatewayService(25158): Taking job[56/0] from queue..
06-08 18:57:51.460: D/com.obd.reader.io.ObdGatewayService(25158): Job state is NEW. Run it..
06-08 18:57:51.460: I/System.out(25158): Command Executed TECH 01 0D 1
06-08 18:57:51.468: W/bt_hci_packet_fragmenter(6717): reassemble_and_dispatch complete l2cap packet received:l2cap full length 6 and hci length 14.
06-08 18:57:51.501: W/bt_hci_packet_fragmenter(6717): reassemble_and_dispatch complete l2cap packet received:l2cap full length 17 and hci length 25.
06-08 18:57:51.665: I/System.out(25158): DATA from OBD TECH 410D13
06-08 18:57:51.678: I/System.out(25158): ((MainActivity) ctx).commandResult {MAF=5.82g/s, ENGINE_RPM=950RPM, ENGINE_LOAD=63.5%, TROUBLE_CODES=4300, THROTTLE_POS=20.0%, ENGINE_RUNTIME=00:01:59}
06-08 18:57:51.678: I/System.out(25158): Referring to old Speed 0
06-08 18:57:51.687: D/Network(25158): Network
06-08 18:57:51.707: I/System.out(25158): Device IMEI is 352494060195210
06-08 18:57:51.707: I/System.out(25158): LAT18.5103196LONG73.7923437
06-08 18:57:51.709: I/System.out(25158): MSG 0.0,0.0,5.820000171661377,20.0,0.0,950.0,0.0,352494060195210,18.5103196,73.7923437,1496928471683
06-08 18:57:51.709: D/com.obd.activity.MainActivity(25158): throttle,vss,rpm 20.0,0.0,950.0
06-08 18:57:51.709: I/System.out(25158): url  http://env-9683988.ind-cloud.everdata.com:8080/CenteralServer/pages/tiles/save.jsp?lngsend=73.7923437&load_pct=0.0&temp=0.0&throttlepos=20.0&method=send&time=1496928471683&imei=352494060195210&latsend=18.5103196&rpm=950.0&ctime=08-Jun-2017+18%3A57%3A51&maf=5.820000171661377&vss=0.0&iat=0.0
06-08 18:57:51.709: V/HttpView(25158): http://env-9683988.ind-cloud.everdata.com:8080/CenteralServer/pages/tiles/save.jsp?lngsend=73.7923437&load_pct=0.0&temp=0.0&throttlepos=20.0&method=send&time=1496928471683&imei=352494060195210&latsend=18.5103196&rpm=950.0&ctime=08-Jun-2017+18%3A57%3A51&maf=5.820000171661377&vss=0.0&iat=0.0
06-08 18:57:52.386: W/ctxmgr(4881): [AclManager]No 2 for (accnt=account#1618635401#, com.google.android.gms(10030):UserLocationProducer, vrsn=11055000, 0, 3pPkg = null ,  3pMdlId = null ,  pid = 4881). Was: 2 for 1, account#1618635401#
06-08 18:57:53.013: W/toolbox(25917): type=1400 audit(0.0:4689590): avc: denied { getattr } for path="/proc/1" dev="proc" ino=9224 scontext=u:r:untrusted_app:s0:c512,c768 tcontext=u:r:init:s0 tclass=dir permissive=0 ppid=25914 pcomm="sh" tgid=25914 tgcomm="sh"
06-08 18:57:53.013: W/toolbox(25917): type=1400 audit(0.0:4689591): avc: denied { search } for name="1" dev="proc" ino=9224 scontext=u:r:untrusted_app:s0:c512,c768 tcontext=u:r:init:s0 tclass=dir permissive=0 ppid=25914 pcomm="sh" tgid=25914 tgcomm="sh"
06-08 18:57:53.013: W/toolbox(25917): type=1400 audit(0.0:4689592): avc: denied { search } for name="1" dev="proc" ino=9224 scontext=u:r:untrusted_app:s0:c512,c768 tcontext=u:r:init:s0 tclass=dir permissive=0 ppid=25914 pcomm="sh" tgid=25914 tgcomm="sh"
06-08 18:57:53.013: W/toolbox(25917): type=1400 audit(0.0:4689593): avc: denied { getattr } for path="/proc/2" dev="proc" ino=11460 scontext=u:r:untrusted_app:s0:c512,c768 tcontext=u:r:kernel:s0 tclass=dir permissive=0 ppid=25914 pcomm="sh" tgid=25914 tgcomm="sh"
06-08 18:57:53.013: W/toolbox(25917): type=1400 audit(0.0:4689594): avc: denied { search } for name="2" dev="proc" ino=11460 scontext=u:r:untrusted_app:s0:c512,c768 tcontext=u:r:kernel:s0 tclass=dir permissive=0 ppid=25914 pcomm="sh" tgid=25914 tgcomm="sh"
06-08 18:57:53.167: D/==FindMyPhone==(26284): 1496928473167
06-08 18:57:53.368: D/Network(25158): Got Location Updates 18.51041596 73.79284349
06-08 18:57:53.383: W/ctxmgr(4881): [AclManager]No 2 for (accnt=account#1618635401#, com.google.android.gms(10030):UserLocationProducer, vrsn=11055000, 0, 3pPkg = null ,  3pMdlId = null ,  pid = 4881). Was: 2 for 1, account#1618635401#
06-08 18:57:53.387: I/System.out(25158): Device IMEI is 352494060195210
06-08 18:57:53.553: D/com.obd.reader.io.AbstractGatewayService(25158): Adding job[57] to queue..
06-08 18:57:53.554: D/com.obd.reader.io.AbstractGatewayService(25158): Job queued successfully.
06-08 18:57:53.554: D/com.obd.reader.io.AbstractGatewayService(25158): Adding job[58] to queue..
06-08 18:57:53.554: D/com.obd.reader.io.AbstractGatewayService(25158): Job queued successfully.
06-08 18:57:53.554: D/com.obd.reader.io.AbstractGatewayService(25158): Adding job[59] to queue..
06-08 18:57:53.554: D/com.obd.reader.io.AbstractGatewayService(25158): Job queued successfully.
06-08 18:57:53.554: D/com.obd.reader.io.AbstractGatewayService(25158): Adding job[60] to queue..
06-08 18:57:53.554: D/com.obd.reader.io.AbstractGatewayService(25158): Job queued successfully.
06-08 18:57:53.554: D/com.obd.reader.io.AbstractGatewayService(25158): Adding job[61] to queue..
06-08 18:57:53.554: D/com.obd.reader.io.AbstractGatewayService(25158): Job queued successfully.
06-08 18:57:53.554: D/com.obd.reader.io.AbstractGatewayService(25158): Adding job[62] to queue..
06-08 18:57:53.554: D/com.obd.reader.io.AbstractGatewayService(25158): Job queued successfully.
06-08 18:57:53.554: D/com.obd.reader.io.AbstractGatewayService(25158): Adding job[63] to queue..
06-08 18:57:53.554: D/com.obd.reader.io.AbstractGatewayService(25158): Job queued successfully.
06-08 18:57:53.554: I/System.out(25158): LAT18.51041596LONG73.79284349
06-08 18:57:53.554: W/System.err(25158): java.lang.StringIndexOutOfBoundsException: length=5; regionStart=0; regionLength=7
06-08 18:57:53.554: W/System.err(25158): 	at java.lang.String.startEndAndLength(String.java:298)
06-08 18:57:53.554: W/System.err(25158): 	at java.lang.String.substring(String.java:1087)
06-08 18:57:53.554: W/System.err(25158): 	at com.obd.activity.MainActivity$2.run(MainActivity.java:189)
06-08 18:57:53.554: W/System.err(25158): 	at android.os.Handler.handleCallback(Handler.java:739)
06-08 18:57:53.554: W/System.err(25158): 	at android.os.Handler.dispatchMessage(Handler.java:95)
06-08 18:57:53.554: W/System.err(25158): 	at android.os.Looper.loop(Looper.java:234)
06-08 18:57:53.554: W/System.err(25158): 	at android.app.ActivityThread.main(ActivityThread.java:5526)
06-08 18:57:53.554: W/System.err(25158): 	at java.lang.reflect.Method.invoke(Native Method)
06-08 18:57:53.554: W/System.err(25158): 	at com.android.internal.os.ZygoteInit$MethodAndArgsCaller.run(ZygoteInit.java:726)
06-08 18:57:53.554: W/System.err(25158): 	at com.android.internal.os.ZygoteInit.main(ZygoteInit.java:616)
06-08 18:57:53.838: D/QcrilMsgTunnelSocket(4353): readRilMessage: Buffer = [B@c379f6d HexData = [010000000404000011000000514f454d484f4f4bef0308000100000003]
06-08 18:57:53.838: D/QcrilMsgTunnelSocket(4353): Rcvd UNSOL response with 28 bytes data for SUB0
06-08 18:57:53.838: D/QcrilMsgTunnelSocket(4353): Response ID 525295 is not served in this process.
06-08 18:57:53.838: D/QcrilMsgTunnelSocket(4353): To broadcast an Intent via the notifier to external apps
06-08 18:57:53.838: D/QcrilMsgTunnelIfaceManager(4353): handleMessage what = 0
06-08 18:57:53.840: D/QC_RIL_OEM_HOOK(3930): Received Broadcast Intent ACTION_UNSOL_RESPONSE_OEM_HOOK_RAW
06-08 18:57:53.840: D/QC_RIL_OEM_HOOK(3930): Oem ID in QCRILHOOK UNSOL RESP is QOEMHOOK
06-08 18:57:53.860: V/ConfigResourceUtil(3930): resourceName = config_spn_display_control resourceId = 2130837514resourceValue = false
06-08 18:57:54.382: W/ctxmgr(4881): [AclManager]No 2 for (accnt=account#1618635401#, com.google.android.gms(10030):UserLocationProducer, vrsn=11055000, 0, 3pPkg = null ,  3pMdlId = null ,  pid = 4881). Was: 2 for 1, account#1618635401#
06-08 18:57:55.379: W/ctxmgr(4881): [AclManager]No 2 for (accnt=account#1618635401#, com.google.android.gms(10030):UserLocationProducer, vrsn=11055000, 0, 3pPkg = null ,  3pMdlId = null ,  pid = 4881). Was: 2 for 1, account#1618635401#
06-08 18:57:56.207: D/==FindMyPhone==(26284): 1496928476207
06-08 18:57:56.363: D/Network(25158): Got Location Updates 18.51039525 73.79298663
06-08 18:57:56.381: W/ctxmgr(4881): [AclManager]No 2 for (accnt=account#1618635401#, com.google.android.gms(10030):UserLocationProducer, vrsn=11055000, 0, 3pPkg = null ,  3pMdlId = null ,  pid = 4881). Was: 2 for 1, account#1618635401#
06-08 18:57:56.396: I/System.out(25158): Device IMEI is 352494060195210
06-08 18:57:57.273: D/bt_btm_pm(6717): btm_pm_snd_md_req switching from ACTIVE to SNIFF.
06-08 18:57:57.309: D/bt_btm_pm(6717): btm_pm_proc_mode_change switched from UNKNOWN to ACTIVE.
06-08 18:57:57.309: E/bt_btif(6717): bta_dm_pm_btm_status hci_status=36
06-08 18:57:57.383: W/ctxmgr(4881): [AclManager]No 2 for (accnt=account#1618635401#, com.google.android.gms(10030):UserLocationProducer, vrsn=11055000, 0, 3pPkg = null ,  3pMdlId = null ,  pid = 4881). Was: 2 for 1, account#1618635401#
06-08 18:57:57.387: I/Gobi(445): vendor/qcom/proprietary/RIDL/RIDLClient/RIDLSQL.cpp:2500: GetTransState() EBADF
06-08 18:57:57.387: I/Gobi(445): vendor/qcom/proprietary/RIDL/RIDLClient/MainCore.cpp:1550: Failed to get TransState, rc 9
06-08 18:57:57.387: I/Gobi(445): vendor/qcom/proprietary/RIDL/RIDLClient/RIDLSQL.cpp:2500: GetTransState() EBADF
06-08 18:57:57.387: I/Gobi(445): vendor/qcom/proprietary/RIDL/RIDLClient/RIDLSQL.cpp:2500: GetTransState() EBADF
06-08 18:57:58.360: D/Network(25158): Got Location Updates 18.51039168 73.79308354
06-08 18:57:58.378: W/ctxmgr(4881): [AclManager]No 2 for (accnt=account#1618635401#, com.google.android.gms(10030):UserLocationProducer, vrsn=11055000, 0, 3pPkg = null ,  3pMdlId = null ,  pid = 4881). Was: 2 for 1, account#1618635401#
06-08 18:57:58.381: I/System.out(25158): Device IMEI is 352494060195210
06-08 18:57:58.985: D/WifiService(1043): acquireWifiLockLocked: WifiLock{NlpWifiLock type=2 binder=android.os.BinderProxy@8b5e21}
06-08 18:57:59.247: D/==FindMyPhone==(26284): 1496928479247
06-08 18:57:59.382: W/ctxmgr(4881): [AclManager]No 2 for (accnt=account#1618635401#, com.google.android.gms(10030):UserLocationProducer, vrsn=11055000, 0, 3pPkg = null ,  3pMdlId = null ,  pid = 4881). Was: 2 for 1, account#1618635401#
06-08 18:58:00.382: W/ctxmgr(4881): [AclManager]No 2 for (accnt=account#1618635401#, com.google.android.gms(10030):UserLocationProducer, vrsn=11055000, 0, 3pPkg = null ,  3pMdlId = null ,  pid = 4881). Was: 2 for 1, account#1618635401#
06-08 18:58:01.368: D/Network(25158): Got Location Updates 18.51040111 73.79318907
06-08 18:58:01.385: I/System.out(25158): Device IMEI is 352494060195210
06-08 18:58:01.387: W/ctxmgr(4881): [AclManager]No 2 for (accnt=account#1618635401#, com.google.android.gms(10030):UserLocationProducer, vrsn=11055000, 0, 3pPkg = null ,  3pMdlId = null ,  pid = 4881). Was: 2 for 1, account#1618635401#
06-08 18:58:02.287: D/==FindMyPhone==(26284): 1496928482287
06-08 18:58:02.386: W/ctxmgr(4881): [AclManager]No 2 for (accnt=account#1618635401#, com.google.android.gms(10030):UserLocationProducer, vrsn=11055000, 0, 3pPkg = null ,  3pMdlId = null ,  pid = 4881). Was: 2 for 1, account#1618635401#
06-08 18:58:02.444: W/System.err(25158): java.io.FileNotFoundException: http://env-9683988.ind-cloud.everdata.com:8080/CenteralServer/pages/tiles/save.jsp?lngsend=73.7923437&load_pct=0.0&temp=0.0&throttlepos=20.0&method=send&time=1496928471683&imei=352494060195210&latsend=18.5103196&rpm=950.0&ctime=08-Jun-2017+18%3A57%3A51&maf=5.820000171661377&vss=0.0&iat=0.0
06-08 18:58:02.444: W/System.err(25158): 	at com.android.okhttp.internal.huc.HttpURLConnectionImpl.getInputStream(HttpURLConnectionImpl.java:238)
06-08 18:58:02.444: W/System.err(25158): 	at com.util.HttpView.connect2Server(HttpView.java:58)
06-08 18:58:02.444: W/System.err(25158): 	at com.util.HttpView.createURL(HttpView.java:339)
06-08 18:58:02.444: W/System.err(25158): 	at com.obd.activity.MainActivity.sendData(MainActivity.java:482)
06-08 18:58:02.444: W/System.err(25158): 	at com.obd.reader.io.ObdGatewayService.executeQueue(ObdGatewayService.java:306)
06-08 18:58:02.444: W/System.err(25158): 	at com.obd.reader.io.AbstractGatewayService$1.run(AbstractGatewayService.java:38)
06-08 18:58:02.444: W/System.err(25158): 	at java.lang.Thread.run(Thread.java:818)
06-08 18:58:02.444: V/HttpView(25158): HttpView.count -1
06-08 18:58:02.444: D/com.obd.reader.io.ObdGatewayService(25158): Taking job[57/6] from queue..
06-08 18:58:02.444: D/com.obd.reader.io.ObdGatewayService(25158): Job state is NEW. Run it..
06-08 18:58:02.444: I/System.out(25158): Command Executed TECH 03
06-08 18:58:02.489: V/OSNPGlue_jni(1043): Entering  : void onJavaLocationChanged(JNIEnv*, jobject, jboolean, jlong, jboolean, jlong, jboolean, jdouble, jboolean, jdouble, jboolean, jfloat, jboolean, jdouble, jboolean, jfloat, jboolean, jfloat)
06-08 18:58:02.490: E/LocSvc_LBSApiV02(1043): E/virtual int lbs_core::LBSApiV02::injectCoarsePosition(const CoarsePositionInfo&):320]: Error : st = 3, ind.status = -1727159900
06-08 18:58:02.492: D/Network(25158): Got Location Updates 18.5103421 73.7932355
06-08 18:58:02.496: D/WifiService(1043): releaseWifiLockLocked: WifiLock{NlpWifiLock type=2 binder=android.os.BinderProxy@8b5e21}
06-08 18:58:02.504: W/ctxmgr(4881): [AclManager]No 2 for (accnt=account#1618635401#, com.google.android.gms(10030):UserLocationProducer, vrsn=11055000, 0, 3pPkg = null ,  3pMdlId = null ,  pid = 4881). Was: 2 for 1, account#1618635401#
06-08 18:58:02.510: I/System.out(25158): Device IMEI is 352494060195210
06-08 18:58:02.548: W/bt_hci_packet_fragmenter(6717): reassemble_and_dispatch complete l2cap packet received:l2cap full length 12 and hci length 20.
06-08 18:58:02.549: W/bt_hci_packet_fragmenter(6717): reassemble_and_dispatch complete l2cap packet received:l2cap full length 7 and hci length 15.
06-08 18:58:02.667: E/com.obd.reader.io.ObdGatewayService(25158): Failed to run command. -> length=4; regionStart=3; regionLength=3
06-08 18:58:02.667: D/com.obd.reader.io.ObdGatewayService(25158): Taking job[58/5] from queue..
06-08 18:58:02.667: D/com.obd.reader.io.ObdGatewayService(25158): Job state is NEW. Run it..
06-08 18:58:02.668: I/System.out(25158): Command Executed TECH 01 04
06-08 18:58:02.704: W/bt_hci_packet_fragmenter(6717): reassemble_and_dispatch complete l2cap packet received:l2cap full length 17 and hci length 25.
06-08 18:58:02.872: I/System.out(25158): DATA from OBD TECH 4104E0
06-08 18:58:02.880: D/com.obd.reader.io.ObdGatewayService(25158): Taking job[59/4] from queue..
06-08 18:58:02.880: D/com.obd.reader.io.ObdGatewayService(25158): Job state is NEW. Run it..
06-08 18:58:02.880: I/System.out(25158): Command Executed TECH 01 0C
06-08 18:58:02.889: W/bt_hci_packet_fragmenter(6717): reassemble_and_dispatch complete l2cap packet received:l2cap full length 6 and hci length 14.
06-08 18:58:02.923: W/bt_hci_packet_fragmenter(6717): reassemble_and_dispatch complete l2cap packet received:l2cap full length 20 and hci length 28.
06-08 18:58:03.083: I/System.out(25158): DATA from OBD TECH 410C0DC0
06-08 18:58:03.085: D/com.obd.reader.io.ObdGatewayService(25158): Taking job[60/3] from queue..
06-08 18:58:03.085: D/com.obd.reader.io.ObdGatewayService(25158): Job state is NEW. Run it..
06-08 18:58:03.085: I/System.out(25158): Command Executed TECH 01 1F
06-08 18:58:03.053: W/toolbox(25973): type=1400 audit(0.0:4690406): avc: denied { getattr } for path="/proc/1" dev="proc" ino=9224 scontext=u:r:untrusted_app:s0:c512,c768 tcontext=u:r:init:s0 tclass=dir permissive=0 ppid=25970 pcomm="sh" tgid=25970 tgcomm="sh"
06-08 18:58:03.130: W/bt_hci_packet_fragmenter(6717): reassemble_and_dispatch complete l2cap packet received:l2cap full length 18 and hci length 26.
06-08 18:58:03.130: W/bt_hci_packet_fragmenter(6717): reassemble_and_dispatch complete l2cap packet received:l2cap full length 7 and hci length 15.
06-08 18:58:03.073: W/toolbox(25973): type=1400 audit(0.0:4690407): avc: denied { search } for name="1" dev="proc" ino=9224 scontext=u:r:untrusted_app:s0:c512,c768 tcontext=u:r:init:s0 tclass=dir permissive=0 ppid=25970 pcomm="sh" tgid=25970 tgcomm="sh"
06-08 18:58:03.073: W/toolbox(25973): type=1400 audit(0.0:4690408): avc: denied { search } for name="1" dev="proc" ino=9224 scontext=u:r:untrusted_app:s0:c512,c768 tcontext=u:r:init:s0 tclass=dir permissive=0 ppid=25970 pcomm="sh" tgid=25970 tgcomm="sh"
06-08 18:58:03.073: W/toolbox(25973): type=1400 audit(0.0:4690409): avc: denied { getattr } for path="/proc/2" dev="proc" ino=11460 scontext=u:r:untrusted_app:s0:c512,c768 tcontext=u:r:kernel:s0 tclass=dir permissive=0 ppid=25970 pcomm="sh" tgid=25970 tgcomm="sh"
06-08 18:58:03.073: W/toolbox(25973): type=1400 audit(0.0:4690410): avc: denied { search } for name="2" dev="proc" ino=11460 scontext=u:r:untrusted_app:s0:c512,c768 tcontext=u:r:kernel:s0 tclass=dir permissive=0 ppid=25970 pcomm="sh" tgid=25970 tgcomm="sh"
06-08 18:58:03.288: I/System.out(25158): DATA from OBD TECH 411F0083
06-08 18:58:03.298: D/com.obd.reader.io.ObdGatewayService(25158): Taking job[61/2] from queue..
06-08 18:58:03.298: D/com.obd.reader.io.ObdGatewayService(25158): Job state is NEW. Run it..
06-08 18:58:03.298: I/System.out(25158): Command Executed TECH 01 10
06-08 18:58:03.334: W/bt_hci_packet_fragmenter(6717): reassemble_and_dispatch complete l2cap packet received:l2cap full length 20 and hci length 28.
06-08 18:58:03.375: W/ctxmgr(4881): [AclManager]No 2 for (accnt=account#1618635401#, com.google.android.gms(10030):UserLocationProducer, vrsn=11055000, 0, 3pPkg = null ,  3pMdlId = null ,  pid = 4881). Was: 2 for 1, account#1618635401#
06-08 18:58:03.499: I/System.out(25158): DATA from OBD TECH 411002E6
06-08 18:58:03.504: D/com.obd.reader.io.ObdGatewayService(25158): Taking job[62/1] from queue..
06-08 18:58:03.504: D/com.obd.reader.io.ObdGatewayService(25158): Job state is NEW. Run it..
06-08 18:58:03.504: I/System.out(25158): Command Executed TECH 01 11
06-08 18:58:03.513: W/bt_hci_packet_fragmenter(6717): reassemble_and_dispatch complete l2cap packet received:l2cap full length 6 and hci length 14.
06-08 18:58:03.545: W/bt_hci_packet_fragmenter(6717): reassemble_and_dispatch complete l2cap packet received:l2cap full length 17 and hci length 25.
06-08 18:58:03.708: I/System.out(25158): DATA from OBD TECH 41113F
06-08 18:58:03.711: D/com.obd.reader.io.ObdGatewayService(25158): Taking job[63/0] from queue..
06-08 18:58:03.711: D/com.obd.reader.io.ObdGatewayService(25158): Job state is NEW. Run it..
06-08 18:58:03.711: I/System.out(25158): Command Executed TECH 01 0D 1
06-08 18:58:03.748: W/bt_hci_packet_fragmenter(6717): reassemble_and_dispatch complete l2cap packet received:l2cap full length 17 and hci length 25.
06-08 18:58:03.922: I/System.out(25158): DATA from OBD TECH 410D12
06-08 18:58:03.924: I/System.out(25158): ((MainActivity) ctx).commandResult {MAF=7.42g/s, ENGINE_RPM=880RPM, ENGINE_LOAD=87.8%, TROUBLE_CODES=4300, THROTTLE_POS=24.7%, ENGINE_RUNTIME=00:02:11}
06-08 18:58:03.924: I/System.out(25158): Referring to old Speed 0
06-08 18:58:03.925: I/ActivityManager(1043): Start proc 25997:com.mobstac.thehindu/u0a166 for broadcast com.mobstac.thehindu/com.google.android.gms.gcm.GcmReceiver
06-08 18:58:03.938: D/Network(25158): Network
06-08 18:58:03.941: I/System.out(25158): Device IMEI is 352494060195210
06-08 18:58:03.941: I/System.out(25158): LAT18.5103421LONG73.7932355
06-08 18:58:03.948: I/System.out(25158): MSG 0.0,0.0,7.420000076293945,24.700000762939453,0.0,880.0,0.0,352494060195210,18.5103421,73.7932355,1496928483927
06-08 18:58:03.948: D/com.obd.activity.MainActivity(25158): throttle,vss,rpm 24.700000762939453,0.0,880.0
06-08 18:58:03.949: I/System.out(25158): url  http://env-9683988.ind-cloud.everdata.com:8080/CenteralServer/pages/tiles/save.jsp?lngsend=73.7932355&load_pct=0.0&temp=0.0&throttlepos=24.700000762939453&method=send&time=1496928483927&imei=352494060195210&latsend=18.5103421&rpm=880.0&ctime=08-Jun-2017+18%3A58%3A03&maf=7.420000076293945&vss=0.0&iat=0.0
06-08 18:58:03.950: V/HttpView(25158): http://env-9683988.ind-cloud.everdata.com:8080/CenteralServer/pages/tiles/save.jsp?lngsend=73.7932355&load_pct=0.0&temp=0.0&throttlepos=24.700000762939453&method=send&time=1496928483927&imei=352494060195210&latsend=18.5103421&rpm=880.0&ctime=08-Jun-2017+18%3A58%3A03&maf=7.420000076293945&vss=0.0&iat=0.0
06-08 18:58:04.098: I/MultiDex(25997): VM with version 2.1.0 has multidex support
06-08 18:58:04.098: I/MultiDex(25997): install
06-08 18:58:04.098: I/MultiDex(25997): VM has multidex support, MultiDex support library is disabled.
06-08 18:58:04.164: I/FirebaseInitProvider(25997): FirebaseApp initialization unsuccessful
06-08 18:58:04.267: I/Ads(24444): Ad is not visible. Not refreshing ad.
06-08 18:58:04.267: I/Ads(24444): Scheduling ad refresh 60000 milliseconds from now.
06-08 18:58:04.312: I/CrashlyticsCore(25997): Initializing Crashlytics 2.3.11.142
06-08 18:58:04.367: D/Network(25158): Got Location Updates 18.51039822 73.79332525
06-08 18:58:04.381: W/ctxmgr(4881): [AclManager]No 2 for (accnt=account#1618635401#, com.google.android.gms(10030):UserLocationProducer, vrsn=11055000, 0, 3pPkg = null ,  3pMdlId = null ,  pid = 4881). Was: 2 for 1, account#1618635401#
06-08 18:58:04.387: I/System.out(25158): Device IMEI is 352494060195210
06-08 18:58:04.433: W/System(25997): ClassLoader referenced unknown path: /system/framework/tcmclient.jar
06-08 18:58:04.450: I/GAv4(25997): Google Analytics 10.0.84 is starting up. To enable debug logging on a device run:
06-08 18:58:04.450: I/GAv4(25997):   adb shell setprop log.tag.GAv4 DEBUG
06-08 18:58:04.450: I/GAv4(25997):   adb logcat -s GAv4
06-08 18:58:04.468: W/GAv4(25997): AnalyticsReceiver is not registered or is disabled. Register the receiver for reliable dispatching on non-Google Play devices. See http://goo.gl/8Rd3yj for instructions.
06-08 18:58:04.470: W/GAv4(25997): CampaignTrackingReceiver is not registered, not exported or is disabled. Installation campaign tracking is not possible. See http://goo.gl/8Rd3yj for instructions.
06-08 18:58:04.474: W/GAv4(25997): AnalyticsService not registered in the app manifest. Hits might not be delivered reliably. See http://goo.gl/8Rd3yj for instructions.
06-08 18:58:04.531: W/Settings(25997): Setting airplane_mode_on has moved from android.provider.Settings.System to android.provider.Settings.Global, returning read-only value.
06-08 18:58:04.574: I/HinduMoEngGcm(25997): onMessageReceived: Notification not enabled from setting page
06-08 18:58:04.597: I/ActivityManager(1043): Killing 24340:mobi.infolife.appbackup/u0a227 (adj 15): empty #17
06-08 18:58:05.309: D/==FindMyPhone==(26284): 1496928485309
06-08 18:58:05.376: W/ctxmgr(4881): [AclManager]No 2 for (accnt=account#1618635401#, com.google.android.gms(10030):UserLocationProducer, vrsn=11055000, 0, 3pPkg = null ,  3pMdlId = null ,  pid = 4881). Was: 2 for 1, account#1618635401#
06-08 18:58:05.571: D/com.obd.reader.io.AbstractGatewayService(25158): Adding job[64] to queue..
06-08 18:58:05.571: D/com.obd.reader.io.AbstractGatewayService(25158): Job queued successfully.
06-08 18:58:05.571: D/com.obd.reader.io.AbstractGatewayService(25158): Adding job[65] to queue..
06-08 18:58:05.572: D/com.obd.reader.io.AbstractGatewayService(25158): Job queued successfully.
06-08 18:58:05.572: D/com.obd.reader.io.AbstractGatewayService(25158): Adding job[66] to queue..
06-08 18:58:05.572: D/com.obd.reader.io.AbstractGatewayService(25158): Job queued successfully.
06-08 18:58:05.572: D/com.obd.reader.io.AbstractGatewayService(25158): Adding job[67] to queue..
06-08 18:58:05.572: D/com.obd.reader.io.AbstractGatewayService(25158): Job queued successfully.
06-08 18:58:05.572: D/com.obd.reader.io.AbstractGatewayService(25158): Adding job[68] to queue..
06-08 18:58:05.572: D/com.obd.reader.io.AbstractGatewayService(25158): Job queued successfully.
06-08 18:58:05.573: D/com.obd.reader.io.AbstractGatewayService(25158): Adding job[69] to queue..
06-08 18:58:05.573: D/com.obd.reader.io.AbstractGatewayService(25158): Job queued successfully.
06-08 18:58:05.573: D/com.obd.reader.io.AbstractGatewayService(25158): Adding job[70] to queue..
06-08 18:58:05.573: D/com.obd.reader.io.AbstractGatewayService(25158): Job queued successfully.
06-08 18:58:05.573: I/System.out(25158): LAT18.51039822LONG73.79332525
06-08 18:58:05.574: W/System.err(25158): java.lang.StringIndexOutOfBoundsException: length=5; regionStart=0; regionLength=7
06-08 18:58:05.574: W/System.err(25158): 	at java.lang.String.startEndAndLength(String.java:298)
06-08 18:58:05.574: W/System.err(25158): 	at java.lang.String.substring(String.java:1087)
06-08 18:58:05.575: W/System.err(25158): 	at com.obd.activity.MainActivity$2.run(MainActivity.java:189)
06-08 18:58:05.575: W/System.err(25158): 	at android.os.Handler.handleCallback(Handler.java:739)
06-08 18:58:05.575: W/System.err(25158): 	at android.os.Handler.dispatchMessage(Handler.java:95)
06-08 18:58:05.575: W/System.err(25158): 	at android.os.Looper.loop(Looper.java:234)
06-08 18:58:05.575: W/System.err(25158): 	at android.app.ActivityThread.main(ActivityThread.java:5526)
06-08 18:58:05.580: W/System.err(25158): 	at java.lang.reflect.Method.invoke(Native Method)
06-08 18:58:05.580: W/System.err(25158): 	at com.android.internal.os.ZygoteInit$MethodAndArgsCaller.run(ZygoteInit.java:726)
06-08 18:58:05.580: W/System.err(25158): 	at com.android.internal.os.ZygoteInit.main(ZygoteInit.java:616)
06-08 18:58:06.369: D/Network(25158): Got Location Updates 18.51039572 73.79342648
06-08 18:58:06.392: W/ctxmgr(4881): [AclManager]No 2 for (accnt=account#1618635401#, com.google.android.gms(10030):UserLocationProducer, vrsn=11055000, 0, 3pPkg = null ,  3pMdlId = null ,  pid = 4881). Was: 2 for 1, account#1618635401#
06-08 18:58:06.401: I/System.out(25158): Device IMEI is 352494060195210
06-08 18:58:07.379: W/ctxmgr(4881): [AclManager]No 2 for (accnt=account#1618635401#, com.google.android.gms(10030):UserLocationProducer, vrsn=11055000, 0, 3pPkg = null ,  3pMdlId = null ,  pid = 4881). Was: 2 for 1, account#1618635401#
06-08 18:58:07.397: I/Gobi(445): vendor/qcom/proprietary/RIDL/RIDLClient/RIDLSQL.cpp:2500: GetTransState() EBADF
06-08 18:58:07.397: I/Gobi(445): vendor/qcom/proprietary/RIDL/RIDLClient/MainCore.cpp:1550: Failed to get TransState, rc 9
06-08 18:58:07.397: I/Gobi(445): vendor/qcom/proprietary/RIDL/RIDLClient/RIDLSQL.cpp:2500: GetTransState() EBADF
06-08 18:58:07.397: I/Gobi(445): vendor/qcom/proprietary/RIDL/RIDLClient/RIDLSQL.cpp:2500: GetTransState() EBADF
06-08 18:58:08.347: D/==FindMyPhone==(26284): 1496928488347
06-08 18:58:08.375: D/Network(25158): Got Location Updates 18.51039793 73.7935876
06-08 18:58:08.383: W/ctxmgr(4881): [AclManager]No 2 for (accnt=account#1618635401#, com.google.android.gms(10030):UserLocationProducer, vrsn=11055000, 0, 3pPkg = null ,  3pMdlId = null ,  pid = 4881). Was: 2 for 1, account#1618635401#
06-08 18:58:08.422: I/System.out(25158): Device IMEI is 352494060195210
06-08 18:58:09.382: W/ctxmgr(4881): [AclManager]No 2 for (accnt=account#1618635401#, com.google.android.gms(10030):UserLocationProducer, vrsn=11055000, 0, 3pPkg = null ,  3pMdlId = null ,  pid = 4881). Was: 2 for 1, account#1618635401#
06-08 18:58:09.529: D/bt_btm_pm(6717): btm_pm_snd_md_req switching from ACTIVE to SNIFF.
06-08 18:58:09.564: D/bt_btm_pm(6717): btm_pm_proc_mode_change switched from UNKNOWN to ACTIVE.
06-08 18:58:09.564: E/bt_btif(6717): bta_dm_pm_btm_status hci_status=36
06-08 18:58:10.368: D/Network(25158): Got Location Updates 18.51041665 73.79371977
06-08 18:58:10.383: W/ctxmgr(4881): [AclManager]No 2 for (accnt=account#1618635401#, com.google.android.gms(10030):UserLocationProducer, vrsn=11055000, 0, 3pPkg = null ,  3pMdlId = null ,  pid = 4881). Was: 2 for 1, account#1618635401#
06-08 18:58:10.389: I/System.out(25158): Device IMEI is 352494060195210
06-08 18:58:11.375: W/ctxmgr(4881): [AclManager]No 2 for (accnt=account#1618635401#, com.google.android.gms(10030):UserLocationProducer, vrsn=11055000, 0, 3pPkg = null ,  3pMdlId = null ,  pid = 4881). Was: 2 for 1, account#1618635401#
06-08 18:58:11.385: D/==FindMyPhone==(26284): 1496928491385
06-08 18:58:12.366: D/Network(25158): Got Location Updates 18.51041981 73.79385485
06-08 18:58:12.383: W/ctxmgr(4881): [AclManager]No 2 for (accnt=account#1618635401#, com.google.android.gms(10030):UserLocationProducer, vrsn=11055000, 0, 3pPkg = null ,  3pMdlId = null ,  pid = 4881). Was: 2 for 1, account#1618635401#
06-08 18:58:12.385: I/System.out(25158): Device IMEI is 352494060195210
06-08 18:58:13.103: W/toolbox(26088): type=1400 audit(0.0:4691201): avc: denied { getattr } for path="/proc/1" dev="proc" ino=9224 scontext=u:r:untrusted_app:s0:c512,c768 tcontext=u:r:init:s0 tclass=dir permissive=0 ppid=26085 pcomm="sh" tgid=26085 tgcomm="sh"
06-08 18:58:13.103: W/toolbox(26088): type=1400 audit(0.0:4691202): avc: denied { search } for name="1" dev="proc" ino=9224 scontext=u:r:untrusted_app:s0:c512,c768 tcontext=u:r:init:s0 tclass=dir permissive=0 ppid=26085 pcomm="sh" tgid=26085 tgcomm="sh"
06-08 18:58:13.103: W/toolbox(26088): type=1400 audit(0.0:4691203): avc: denied { search } for name="1" dev="proc" ino=9224 scontext=u:r:untrusted_app:s0:c512,c768 tcontext=u:r:init:s0 tclass=dir permissive=0 ppid=26085 pcomm="sh" tgid=26085 tgcomm="sh"
06-08 18:58:13.103: W/toolbox(26088): type=1400 audit(0.0:4691204): avc: denied { getattr } for path="/proc/2" dev="proc" ino=11460 scontext=u:r:untrusted_app:s0:c512,c768 tcontext=u:r:kernel:s0 tclass=dir permissive=0 ppid=26085 pcomm="sh" tgid=26085 tgcomm="sh"
06-08 18:58:13.103: W/toolbox(26088): type=1400 audit(0.0:4691205): avc: denied { search } for name="2" dev="proc" ino=11460 scontext=u:r:untrusted_app:s0:c512,c768 tcontext=u:r:kernel:s0 tclass=dir permissive=0 ppid=26085 pcomm="sh" tgid=26085 tgcomm="sh"
06-08 18:58:13.371: W/ctxmgr(4881): [AclManager]No 2 for (accnt=account#1618635401#, com.google.android.gms(10030):UserLocationProducer, vrsn=11055000, 0, 3pPkg = null ,  3pMdlId = null ,  pid = 4881). Was: 2 for 1, account#1618635401#
06-08 18:58:14.361: D/Network(25158): Got Location Updates 18.51043842 73.79395963
06-08 18:58:14.382: I/System.out(25158): Device IMEI is 352494060195210
06-08 18:58:14.386: W/ctxmgr(4881): [AclManager]No 2 for (accnt=account#1618635401#, com.google.android.gms(10030):UserLocationProducer, vrsn=11055000, 0, 3pPkg = null ,  3pMdlId = null ,  pid = 4881). Was: 2 for 1, account#1618635401#
06-08 18:58:14.418: D/==FindMyPhone==(26284): 1496928494418
06-08 18:58:15.380: W/ctxmgr(4881): [AclManager]No 2 for (accnt=account#1618635401#, com.google.android.gms(10030):UserLocationProducer, vrsn=11055000, 0, 3pPkg = null ,  3pMdlId = null ,  pid = 4881). Was: 2 for 1, account#1618635401#
06-08 18:58:16.384: W/ctxmgr(4881): [AclManager]No 2 for (accnt=account#1618635401#, com.google.android.gms(10030):UserLocationProducer, vrsn=11055000, 0, 3pPkg = null ,  3pMdlId = null ,  pid = 4881). Was: 2 for 1, account#1618635401#
06-08 18:58:16.915: W/System.err(25158): java.io.FileNotFoundException: http://env-9683988.ind-cloud.everdata.com:8080/CenteralServer/pages/tiles/save.jsp?lngsend=73.7932355&load_pct=0.0&temp=0.0&throttlepos=24.700000762939453&method=send&time=1496928483927&imei=352494060195210&latsend=18.5103421&rpm=880.0&ctime=08-Jun-2017+18%3A58%3A03&maf=7.420000076293945&vss=0.0&iat=0.0
