06-08 18:56:26.935: W/bt_hci_packet_fragmenter(6717): reassemble_and_dispatch complete l2cap packet received:l2cap full length 18 and hci length 26.
06-08 18:56:27.311: I/Gobi(445): vendor/qcom/proprietary/RIDL/RIDLClient/RIDLSQL.cpp:2500: GetTransState() EBADF
06-08 18:56:27.311: I/Gobi(445): vendor/qcom/proprietary/RIDL/RIDLClient/MainCore.cpp:1550: Failed to get TransState, rc 9
06-08 18:56:27.311: I/Gobi(445): vendor/qcom/proprietary/RIDL/RIDLClient/RIDLSQL.cpp:2500: GetTransState() EBADF
06-08 18:56:27.311: I/Gobi(445): vendor/qcom/proprietary/RIDL/RIDLClient/RIDLSQL.cpp:2500: GetTransState() EBADF
06-08 18:56:27.990: W/bt_hci_packet_fragmenter(6717): reassemble_and_dispatch complete l2cap packet received:l2cap full length 15 and hci length 23.
06-08 18:56:27.993: I/System.out(25158): DATA from OBD TECH ...NODATA
06-08 18:56:27.994: E/com.obd.reader.io.ObdGatewayService(25158): Failed to run command. -> Error running 01 46, response: ...NODATA
06-08 18:56:27.994: D/com.obd.reader.io.ObdGatewayService(25158): Taking job[1/6] from queue..
06-08 18:56:27.994: D/com.obd.reader.io.ObdGatewayService(25158): Job state is NEW. Run it..
06-08 18:56:27.994: I/System.out(25158): Command Executed TECH 03
06-08 18:56:28.090: W/bt_hci_packet_fragmenter(6717): reassemble_and_dispatch complete l2cap packet received:l2cap full length 12 and hci length 20.
06-08 18:56:28.091: W/bt_hci_packet_fragmenter(6717): reassemble_and_dispatch complete l2cap packet received:l2cap full length 7 and hci length 15.
06-08 18:56:28.191: D/==FindMyPhone==(26284): 1496928388191
06-08 18:56:28.206: E/com.obd.reader.io.ObdGatewayService(25158): Failed to run command. -> length=4; regionStart=3; regionLength=3
06-08 18:56:28.206: D/com.obd.reader.io.ObdGatewayService(25158): Taking job[2/5] from queue..
06-08 18:56:28.207: D/com.obd.reader.io.ObdGatewayService(25158): Job state is NEW. Run it..
06-08 18:56:28.207: I/System.out(25158): Command Executed TECH 01 04
06-08 18:56:28.214: W/bt_hci_packet_fragmenter(6717): reassemble_and_dispatch complete l2cap packet received:l2cap full length 6 and hci length 14.
06-08 18:56:28.250: W/bt_hci_packet_fragmenter(6717): reassemble_and_dispatch complete l2cap packet received:l2cap full length 15 and hci length 23.
06-08 18:56:28.252: W/bt_hci_packet_fragmenter(6717): reassemble_and_dispatch complete l2cap packet received:l2cap full length 7 and hci length 15.
06-08 18:56:28.420: I/System.out(25158): DATA from OBD TECH 410444
06-08 18:56:28.427: D/com.obd.reader.io.ObdGatewayService(25158): Taking job[3/4] from queue..
06-08 18:56:28.428: D/com.obd.reader.io.ObdGatewayService(25158): Job state is NEW. Run it..
06-08 18:56:28.428: I/System.out(25158): Command Executed TECH 01 0C
06-08 18:56:28.465: W/bt_hci_packet_fragmenter(6717): reassemble_and_dispatch complete l2cap packet received:l2cap full length 20 and hci length 28.
06-08 18:56:28.631: I/System.out(25158): DATA from OBD TECH 410C0B24
06-08 18:56:28.645: D/com.obd.reader.io.ObdGatewayService(25158): Taking job[4/3] from queue..
06-08 18:56:28.648: D/com.obd.reader.io.ObdGatewayService(25158): Job state is NEW. Run it..
06-08 18:56:28.648: I/System.out(25158): Command Executed TECH 01 1F
06-08 18:56:28.724: W/bt_hci_packet_fragmenter(6717): reassemble_and_dispatch complete l2cap packet received:l2cap full length 20 and hci length 28.
06-08 18:56:28.859: I/System.out(25158): DATA from OBD TECH 411F0024
06-08 18:56:28.866: D/com.obd.reader.io.ObdGatewayService(25158): Taking job[5/2] from queue..
06-08 18:56:28.866: D/com.obd.reader.io.ObdGatewayService(25158): Job state is NEW. Run it..
06-08 18:56:28.866: I/System.out(25158): Command Executed TECH 01 10
06-08 18:56:28.873: W/bt_hci_packet_fragmenter(6717): reassemble_and_dispatch complete l2cap packet received:l2cap full length 6 and hci length 14.
06-08 18:56:28.906: W/bt_hci_packet_fragmenter(6717): reassemble_and_dispatch complete l2cap packet received:l2cap full length 18 and hci length 26.
06-08 18:56:28.908: W/bt_hci_packet_fragmenter(6717): reassemble_and_dispatch complete l2cap packet received:l2cap full length 7 and hci length 15.
06-08 18:56:29.068: I/System.out(25158): DATA from OBD TECH 411000AF
06-08 18:56:29.072: D/com.obd.reader.io.ObdGatewayService(25158): Taking job[6/1] from queue..
06-08 18:56:29.072: D/com.obd.reader.io.ObdGatewayService(25158): Job state is NEW. Run it..
06-08 18:56:29.072: I/System.out(25158): Command Executed TECH 01 11
06-08 18:56:29.144: W/bt_hci_packet_fragmenter(6717): reassemble_and_dispatch complete l2cap packet received:l2cap full length 17 and hci length 25.
06-08 18:56:29.279: I/System.out(25158): DATA from OBD TECH 411127
06-08 18:56:29.289: D/com.obd.reader.io.ObdGatewayService(25158): Taking job[7/0] from queue..
06-08 18:56:29.289: D/com.obd.reader.io.ObdGatewayService(25158): Job state is NEW. Run it..
06-08 18:56:29.290: I/System.out(25158): Command Executed TECH 01 0D 1
06-08 18:56:29.326: W/bt_hci_packet_fragmenter(6717): reassemble_and_dispatch complete l2cap packet received:l2cap full length 15 and hci length 23.
06-08 18:56:29.328: W/bt_hci_packet_fragmenter(6717): reassemble_and_dispatch complete l2cap packet received:l2cap full length 7 and hci length 15.
06-08 18:56:29.487: D/com.obd.reader.io.AbstractGatewayService(25158): Adding job[8] to queue..
06-08 18:56:29.487: D/com.obd.reader.io.AbstractGatewayService(25158): Job queued successfully.
06-08 18:56:29.487: D/com.obd.reader.io.AbstractGatewayService(25158): Adding job[9] to queue..
06-08 18:56:29.487: D/com.obd.reader.io.AbstractGatewayService(25158): Job queued successfully.
06-08 18:56:29.488: D/com.obd.reader.io.AbstractGatewayService(25158): Adding job[10] to queue..
06-08 18:56:29.488: D/com.obd.reader.io.AbstractGatewayService(25158): Job queued successfully.
06-08 18:56:29.488: D/com.obd.reader.io.AbstractGatewayService(25158): Adding job[11] to queue..
06-08 18:56:29.488: D/com.obd.reader.io.AbstractGatewayService(25158): Job queued successfully.
06-08 18:56:29.488: D/com.obd.reader.io.AbstractGatewayService(25158): Adding job[12] to queue..
06-08 18:56:29.488: D/com.obd.reader.io.AbstractGatewayService(25158): Job queued successfully.
06-08 18:56:29.488: D/com.obd.reader.io.AbstractGatewayService(25158): Adding job[13] to queue..
06-08 18:56:29.488: D/com.obd.reader.io.AbstractGatewayService(25158): Job queued successfully.
06-08 18:56:29.488: D/com.obd.reader.io.AbstractGatewayService(25158): Adding job[14] to queue..
06-08 18:56:29.489: D/com.obd.reader.io.AbstractGatewayService(25158): Job queued successfully.
06-08 18:56:29.494: I/System.out(25158): DATA from OBD TECH 410D00
06-08 18:56:29.503: D/com.obd.reader.io.ObdGatewayService(25158): Taking job[8/6] from queue..
06-08 18:56:29.503: D/com.obd.reader.io.ObdGatewayService(25158): Job state is NEW. Run it..
06-08 18:56:29.503: I/System.out(25158): Command Executed TECH 03
06-08 18:56:29.509: W/bt_hci_packet_fragmenter(6717): reassemble_and_dispatch complete l2cap packet received:l2cap full length 6 and hci length 14.
06-08 18:56:29.562: W/bt_hci_packet_fragmenter(6717): reassemble_and_dispatch complete l2cap packet received:l2cap full length 14 and hci length 22.
06-08 18:56:29.716: E/com.obd.reader.io.ObdGatewayService(25158): Failed to run command. -> length=4; regionStart=3; regionLength=3
06-08 18:56:29.719: D/com.obd.reader.io.ObdGatewayService(25158): Taking job[9/5] from queue..
06-08 18:56:29.719: D/com.obd.reader.io.ObdGatewayService(25158): Job state is NEW. Run it..
06-08 18:56:29.719: I/System.out(25158): Command Executed TECH 01 04
06-08 18:56:29.806: W/bt_hci_packet_fragmenter(6717): reassemble_and_dispatch complete l2cap packet received:l2cap full length 17 and hci length 25.
06-08 18:56:29.920: I/System.out(25158): DATA from OBD TECH 4104D0
06-08 18:56:29.922: D/com.obd.reader.io.ObdGatewayService(25158): Taking job[10/4] from queue..
06-08 18:56:29.922: D/com.obd.reader.io.ObdGatewayService(25158): Job state is NEW. Run it..
06-08 18:56:29.922: I/System.out(25158): Command Executed TECH 01 0C
06-08 18:56:30.006: W/bt_hci_packet_fragmenter(6717): reassemble_and_dispatch complete l2cap packet received:l2cap full length 18 and hci length 26.
06-08 18:56:30.008: W/bt_hci_packet_fragmenter(6717): reassemble_and_dispatch complete l2cap packet received:l2cap full length 7 and hci length 15.
06-08 18:56:30.127: I/System.out(25158): DATA from OBD TECH 410C18F0
06-08 18:56:30.131: D/com.obd.reader.io.ObdGatewayService(25158): Taking job[11/3] from queue..
06-08 18:56:30.131: D/com.obd.reader.io.ObdGatewayService(25158): Job state is NEW. Run it..
06-08 18:56:30.131: I/System.out(25158): Command Executed TECH 01 1F
06-08 18:56:30.157: W/bt_hci_packet_fragmenter(6717): reassemble_and_dispatch complete l2cap packet received:l2cap full length 6 and hci length 14.
06-08 18:56:30.211: W/bt_hci_packet_fragmenter(6717): reassemble_and_dispatch complete l2cap packet received:l2cap full length 20 and hci length 28.
06-08 18:56:30.343: I/System.out(25158): DATA from OBD TECH 411F0026
06-08 18:56:30.353: D/com.obd.reader.io.ObdGatewayService(25158): Taking job[12/2] from queue..
06-08 18:56:30.353: D/com.obd.reader.io.ObdGatewayService(25158): Job state is NEW. Run it..
06-08 18:56:30.353: I/System.out(25158): Command Executed TECH 01 10
06-08 18:56:30.367: D/Network(25158): Got Location Updates 18.51105047 73.79472946
06-08 18:56:30.379: W/ctxmgr(4881): [AclManager]No 2 for (accnt=account#1618635401#, com.google.android.gms(10030):UserLocationProducer, vrsn=11055000, 0, 3pPkg = null ,  3pMdlId = null ,  pid = 4881). Was: 2 for 1, account#1618635401#
06-08 18:56:30.384: I/System.out(25158): Device IMEI is 352494060195210
06-08 18:56:30.440: W/bt_hci_packet_fragmenter(6717): reassemble_and_dispatch complete l2cap packet received:l2cap full length 18 and hci length 26.
06-08 18:56:30.441: W/bt_hci_packet_fragmenter(6717): reassemble_and_dispatch complete l2cap packet received:l2cap full length 7 and hci length 15.
06-08 18:56:30.494: I/System.out(25285): There is callback from service
06-08 18:56:30.555: I/System.out(25158): DATA from OBD TECH 41100340
06-08 18:56:30.561: D/com.obd.reader.io.ObdGatewayService(25158): Taking job[13/1] from queue..
06-08 18:56:30.561: D/com.obd.reader.io.ObdGatewayService(25158): Job state is NEW. Run it..
06-08 18:56:30.561: I/System.out(25158): Command Executed TECH 01 11
06-08 18:56:30.611: I/System.out(25285): There is callback from service
06-08 18:56:30.641: W/bt_hci_packet_fragmenter(6717): reassemble_and_dispatch complete l2cap packet received:l2cap full length 17 and hci length 25.
06-08 18:56:30.735: I/ActivityManager(1043): Killing 24304:com.mobisystems.ubreader_west/u0a11 (adj 15): empty #17
06-08 18:56:30.763: I/System.out(25158): DATA from OBD TECH 411136
06-08 18:56:30.766: D/com.obd.reader.io.ObdGatewayService(25158): Taking job[14/0] from queue..
06-08 18:56:30.766: D/com.obd.reader.io.ObdGatewayService(25158): Job state is NEW. Run it..
06-08 18:56:30.766: I/System.out(25158): Command Executed TECH 01 0D 1
06-08 18:56:30.774: W/bt_hci_packet_fragmenter(6717): reassemble_and_dispatch complete l2cap packet received:l2cap full length 6 and hci length 14.
06-08 18:56:30.805: W/bt_hci_packet_fragmenter(6717): reassemble_and_dispatch complete l2cap packet received:l2cap full length 15 and hci length 23.
06-08 18:56:30.808: W/bt_hci_packet_fragmenter(6717): reassemble_and_dispatch complete l2cap packet received:l2cap full length 7 and hci length 15.
06-08 18:56:30.981: I/System.out(25158): DATA from OBD TECH 410D00
06-08 18:56:30.994: I/System.out(25158): ((MainActivity) ctx).commandResult {MAF=8.32g/s, ENGINE_RPM=1596RPM, ENGINE_LOAD=81.6%, TROUBLE_CODES=4300, THROTTLE_POS=21.2%, ENGINE_RUNTIME=00:00:38, SPEED=0km/h}
06-08 18:56:30.994: I/System.out(25158): Referring to New Speed 
06-08 18:56:31.004: D/Network(25158): Network
06-08 18:56:31.019: I/System.out(25158): Device IMEI is 352494060195210
06-08 18:56:31.019: I/System.out(25158): LAT18.5110115LONG73.7932693
06-08 18:56:31.022: I/System.out(25158): MSG 0.0,0.0,8.319999694824219,21.200000762939453,0.0,1596.0,0.0,352494060195210,18.5110115,73.7932693,1496928391001
06-08 18:56:31.022: D/com.obd.activity.MainActivity(25158): throttle,vss,rpm 21.200000762939453,0.0,1596.0
06-08 18:56:31.025: I/System.out(25158): url  http://env-9683988.ind-cloud.everdata.com:8080/CenteralServer/pages/tiles/save.jsp?lngsend=73.7932693&load_pct=0.0&temp=0.0&throttlepos=21.200000762939453&method=send&time=1496928391001&imei=352494060195210&latsend=18.5110115&rpm=1596.0&ctime=08-Jun-2017+18%3A56%3A31&maf=8.319999694824219&vss=0.0&iat=0.0
06-08 18:56:31.026: V/HttpView(25158): http://env-9683988.ind-cloud.everdata.com:8080/CenteralServer/pages/tiles/save.jsp?lngsend=73.7932693&load_pct=0.0&temp=0.0&throttlepos=21.200000762939453&method=send&time=1496928391001&imei=352494060195210&latsend=18.5110115&rpm=1596.0&ctime=08-Jun-2017+18%3A56%3A31&maf=8.319999694824219&vss=0.0&iat=0.0
06-08 18:56:31.028: W/System(25158): ClassLoader referenced unknown path: /system/framework/tcmclient.jar
06-08 18:56:31.221: D/==FindMyPhone==(26284): 1496928391220
06-08 18:56:31.369: D/Network(25158): Got Location Updates 18.51097292 73.79433143
06-08 18:56:31.387: W/ctxmgr(4881): [AclManager]No 2 for (accnt=account#1618635401#, com.google.android.gms(10030):UserLocationProducer, vrsn=11055000, 0, 3pPkg = null ,  3pMdlId = null ,  pid = 4881). Was: 2 for 1, account#1618635401#
06-08 18:56:31.399: I/System.out(25158): Device IMEI is 352494060195210
06-08 18:56:32.370: D/Network(25158): Got Location Updates 18.51093753 73.79362024
06-08 18:56:32.384: W/ctxmgr(4881): [AclManager]No 2 for (accnt=account#1618635401#, com.google.android.gms(10030):UserLocationProducer, vrsn=11055000, 0, 3pPkg = null ,  3pMdlId = null ,  pid = 4881). Was: 2 for 1, account#1618635401#
06-08 18:56:32.393: I/System.out(25158): Device IMEI is 352494060195210
06-08 18:56:32.723: W/toolbox(25380): type=1400 audit(0.0:4683119): avc: denied { getattr } for path="/proc/1" dev="proc" ino=9224 scontext=u:r:untrusted_app:s0:c512,c768 tcontext=u:r:init:s0 tclass=dir permissive=0 ppid=25377 pcomm="sh" tgid=25377 tgcomm="sh"
06-08 18:56:32.723: W/toolbox(25380): type=1400 audit(0.0:4683120): avc: denied { search } for name="1" dev="proc" ino=9224 scontext=u:r:untrusted_app:s0:c512,c768 tcontext=u:r:init:s0 tclass=dir permissive=0 ppid=25377 pcomm="sh" tgid=25377 tgcomm="sh"
06-08 18:56:32.723: W/toolbox(25380): type=1400 audit(0.0:4683121): avc: denied { search } for name="1" dev="proc" ino=9224 scontext=u:r:untrusted_app:s0:c512,c768 tcontext=u:r:init:s0 tclass=dir permissive=0 ppid=25377 pcomm="sh" tgid=25377 tgcomm="sh"
06-08 18:56:32.723: W/toolbox(25380): type=1400 audit(0.0:4683122): avc: denied { getattr } for path="/proc/2" dev="proc" ino=11460 scontext=u:r:untrusted_app:s0:c512,c768 tcontext=u:r:kernel:s0 tclass=dir permissive=0 ppid=25377 pcomm="sh" tgid=25377 tgcomm="sh"
06-08 18:56:32.723: W/toolbox(25380): type=1400 audit(0.0:4683123): avc: denied { search } for name="2" dev="proc" ino=11460 scontext=u:r:untrusted_app:s0:c512,c768 tcontext=u:r:kernel:s0 tclass=dir permissive=0 ppid=25377 pcomm="sh" tgid=25377 tgcomm="sh"
06-08 18:56:32.723: W/toolbox(25380): type=1400 audit(0.0:4683124): avc: denied { search } for name="2" dev="proc" ino=11460 scontext=u:r:untrusted_app:s0:c512,c768 tcontext=u:r:kernel:s0 tclass=dir permissive=0 ppid=25377 pcomm="sh" tgid=25377 tgcomm="sh"
06-08 18:56:32.723: W/toolbox(25380): type=1400 audit(0.0:4683125): avc: denied { getattr } for path="/proc/3" dev="proc" ino=11461 scontext=u:r:untrusted_app:s0:c512,c768 tcontext=u:r:kernel:s0 tclass=dir permissive=0 ppid=25377 pcomm="sh" tgid=25377 tgcomm="sh"
06-08 18:56:32.723: W/toolbox(25380): type=1400 audit(0.0:4683126): avc: denied { search } for name="3" dev="proc" ino=11461 scontext=u:r:untrusted_app:s0:c512,c768 tcontext=u:r:kernel:s0 tclass=dir permissive=0 ppid=25377 pcomm="sh" tgid=25377 tgcomm="sh"
06-08 18:56:32.723: W/toolbox(25380): type=1400 audit(0.0:4683127): avc: denied { search } for name="3" dev="proc" ino=11461 scontext=u:r:untrusted_app:s0:c512,c768 tcontext=u:r:kernel:s0 tclass=dir permissive=0 ppid=25377 pcomm="sh" tgid=25377 tgcomm="sh"
06-08 18:56:33.364: D/Network(25158): Got Location Updates 18.51093459 73.79340831
06-08 18:56:33.381: W/ctxmgr(4881): [AclManager]No 2 for (accnt=account#1618635401#, com.google.android.gms(10030):UserLocationProducer, vrsn=11055000, 0, 3pPkg = null ,  3pMdlId = null ,  pid = 4881). Was: 2 for 1, account#1618635401#
06-08 18:56:33.408: I/System.out(25158): Device IMEI is 352494060195210
06-08 18:56:33.489: D/com.obd.reader.io.AbstractGatewayService(25158): Adding job[15] to queue..
06-08 18:56:33.489: D/com.obd.reader.io.AbstractGatewayService(25158): Job queued successfully.
06-08 18:56:33.489: D/com.obd.reader.io.AbstractGatewayService(25158): Adding job[16] to queue..
06-08 18:56:33.490: D/com.obd.reader.io.AbstractGatewayService(25158): Job queued successfully.
06-08 18:56:33.490: D/com.obd.reader.io.AbstractGatewayService(25158): Adding job[17] to queue..
06-08 18:56:33.490: D/com.obd.reader.io.AbstractGatewayService(25158): Job queued successfully.
06-08 18:56:33.490: D/com.obd.reader.io.AbstractGatewayService(25158): Adding job[18] to queue..
06-08 18:56:33.490: D/com.obd.reader.io.AbstractGatewayService(25158): Job queued successfully.
06-08 18:56:33.490: D/com.obd.reader.io.AbstractGatewayService(25158): Adding job[19] to queue..
06-08 18:56:33.490: D/com.obd.reader.io.AbstractGatewayService(25158): Job queued successfully.
06-08 18:56:33.490: D/com.obd.reader.io.AbstractGatewayService(25158): Adding job[20] to queue..
06-08 18:56:33.490: D/com.obd.reader.io.AbstractGatewayService(25158): Job queued successfully.
06-08 18:56:33.490: D/com.obd.reader.io.AbstractGatewayService(25158): Adding job[21] to queue..
06-08 18:56:33.490: D/com.obd.reader.io.AbstractGatewayService(25158): Job queued successfully.
06-08 18:56:33.490: I/System.out(25158): LAT18.51093459LONG73.79340831
06-08 18:56:33.490: W/System.err(25158): java.lang.StringIndexOutOfBoundsException: length=5; regionStart=0; regionLength=7
06-08 18:56:33.490: W/System.err(25158): 	at java.lang.String.startEndAndLength(String.java:298)
06-08 18:56:33.490: W/System.err(25158): 	at java.lang.String.substring(String.java:1087)
06-08 18:56:33.490: W/System.err(25158): 	at com.obd.activity.MainActivity$2.run(MainActivity.java:189)
06-08 18:56:33.490: W/System.err(25158): 	at android.os.Handler.handleCallback(Handler.java:739)
06-08 18:56:33.490: W/System.err(25158): 	at android.os.Handler.dispatchMessage(Handler.java:95)
06-08 18:56:33.490: W/System.err(25158): 	at android.os.Looper.loop(Looper.java:234)
06-08 18:56:33.490: W/System.err(25158): 	at android.app.ActivityThread.main(ActivityThread.java:5526)
06-08 18:56:33.490: W/System.err(25158): 	at java.lang.reflect.Method.invoke(Native Method)
06-08 18:56:33.490: W/System.err(25158): 	at com.android.internal.os.ZygoteInit$MethodAndArgsCaller.run(ZygoteInit.java:726)
06-08 18:56:33.490: W/System.err(25158): 	at com.android.internal.os.ZygoteInit.main(ZygoteInit.java:616)
06-08 18:56:33.495: W/art(29500): Suspending all threads took: 5.652ms
06-08 18:56:34.261: D/==FindMyPhone==(26284): 1496928394261
06-08 18:56:34.368: D/Network(25158): Got Location Updates 18.51091696 73.79328321
06-08 18:56:34.381: W/ctxmgr(4881): [AclManager]No 2 for (accnt=account#1618635401#, com.google.android.gms(10030):UserLocationProducer, vrsn=11055000, 0, 3pPkg = null ,  3pMdlId = null ,  pid = 4881). Was: 2 for 1, account#1618635401#
06-08 18:56:34.393: I/System.out(25158): Device IMEI is 352494060195210
06-08 18:56:34.961: I/System.out(25285): There is callback from service
06-08 18:56:35.370: D/Network(25158): Got Location Updates 18.51090538 73.79316991
06-08 18:56:35.390: W/ctxmgr(4881): [AclManager]No 2 for (accnt=account#1618635401#, com.google.android.gms(10030):UserLocationProducer, vrsn=11055000, 0, 3pPkg = null ,  3pMdlId = null ,  pid = 4881). Was: 2 for 1, account#1618635401#
06-08 18:56:35.394: I/System.out(25158): Device IMEI is 352494060195210
06-08 18:56:36.162: D/bt_btm_pm(6717): btm_pm_snd_md_req switching from ACTIVE to SNIFF.
06-08 18:56:36.210: D/bt_btm_pm(6717): btm_pm_proc_mode_change switched from UNKNOWN to ACTIVE.
06-08 18:56:36.211: E/bt_btif(6717): bta_dm_pm_btm_status hci_status=36
06-08 18:56:36.383: W/ctxmgr(4881): [AclManager]No 2 for (accnt=account#1618635401#, com.google.android.gms(10030):UserLocationProducer, vrsn=11055000, 0, 3pPkg = null ,  3pMdlId = null ,  pid = 4881). Was: 2 for 1, account#1618635401#
06-08 18:56:37.302: D/==FindMyPhone==(26284): 1496928397302
06-08 18:56:37.317: I/Gobi(445): vendor/qcom/proprietary/RIDL/RIDLClient/RIDLSQL.cpp:2500: GetTransState() EBADF
06-08 18:56:37.317: I/Gobi(445): vendor/qcom/proprietary/RIDL/RIDLClient/MainCore.cpp:1550: Failed to get TransState, rc 9
06-08 18:56:37.317: I/Gobi(445): vendor/qcom/proprietary/RIDL/RIDLClient/RIDLSQL.cpp:2500: GetTransState() EBADF
06-08 18:56:37.317: I/Gobi(445): vendor/qcom/proprietary/RIDL/RIDLClient/RIDLSQL.cpp:2500: GetTransState() EBADF
06-08 18:56:37.369: D/Network(25158): Got Location Updates 18.51095909 73.79307352
06-08 18:56:37.386: W/ctxmgr(4881): [AclManager]No 2 for (accnt=account#1618635401#, com.google.android.gms(10030):UserLocationProducer, vrsn=11055000, 0, 3pPkg = null ,  3pMdlId = null ,  pid = 4881). Was: 2 for 1, account#1618635401#
06-08 18:56:37.396: I/System.out(25158): Device IMEI is 352494060195210
06-08 18:56:38.384: W/ctxmgr(4881): [AclManager]No 2 for (accnt=account#1618635401#, com.google.android.gms(10030):UserLocationProducer, vrsn=11055000, 0, 3pPkg = null ,  3pMdlId = null ,  pid = 4881). Was: 2 for 1, account#1618635401#
06-08 18:56:38.926: D/WifiService(1043): acquireWifiLockLocked: WifiLock{NlpWifiLock type=2 binder=android.os.BinderProxy@8b5e21}
06-08 18:56:38.930: I/TWILIGHT(4358): [18:56:38.929, main]: Service start foreground
06-08 18:56:38.930: I/TWILIGHT(4358): [18:56:38.930, main]: Extra android.intent.extra.ALARM_COUNT
06-08 18:56:38.980: I/TWILIGHT(4358): [18:56:38.980, main]: VIEW: final Sunrise Thu Jun 08 02:30:38 GMT+05:30 2017 Sunset Thu Jun 08 18:32:38 GMT+05:30 2017
06-08 18:56:38.987: I/TWILIGHT(4358): [18:56:38.987, main]: VIEW: Sunrise / Sunset = Fri Jun 09 02:30:38 GMT+05:30 2017 / Thu Jun 08 18:32:38 GMT+05:30 2017
06-08 18:56:38.990: I/TWILIGHT(4358): [18:56:38.990, main]: Needs foreground -1
06-08 18:56:38.991: I/TWILIGHT(4358): [18:56:38.991, main]: VIEW: Finally Update current 100 1500
06-08 18:56:39.374: D/Network(25158): Got Location Updates 18.51095548 73.79294943
06-08 18:56:39.388: W/ctxmgr(4881): [AclManager]No 2 for (accnt=account#1618635401#, com.google.android.gms(10030):UserLocationProducer, vrsn=11055000, 0, 3pPkg = null ,  3pMdlId = null ,  pid = 4881). Was: 2 for 1, account#1618635401#
06-08 18:56:39.409: I/System.out(25158): Device IMEI is 352494060195210
06-08 18:56:39.536: D/ConnectivityService(1043): notifyType CAP_CHANGED for NetworkAgentInfo [WIFI () - 143]
06-08 18:56:40.337: D/==FindMyPhone==(26284): 1496928400337
06-08 18:56:40.382: W/ctxmgr(4881): [AclManager]No 2 for (accnt=account#1618635401#, com.google.android.gms(10030):UserLocationProducer, vrsn=11055000, 0, 3pPkg = null ,  3pMdlId = null ,  pid = 4881). Was: 2 for 1, account#1618635401#
06-08 18:56:41.388: W/ctxmgr(4881): [AclManager]No 2 for (accnt=account#1618635401#, com.google.android.gms(10030):UserLocationProducer, vrsn=11055000, 0, 3pPkg = null ,  3pMdlId = null ,  pid = 4881). Was: 2 for 1, account#1618635401#
06-08 18:56:42.363: D/Network(25158): Got Location Updates 18.51098771 73.79280541
06-08 18:56:42.380: W/ctxmgr(4881): [AclManager]No 2 for (accnt=account#1618635401#, com.google.android.gms(10030):UserLocationProducer, vrsn=11055000, 0, 3pPkg = null ,  3pMdlId = null ,  pid = 4881). Was: 2 for 1, account#1618635401#
06-08 18:56:42.391: I/System.out(25158): Device IMEI is 352494060195210
06-08 18:56:42.439: W/System.err(25158): java.io.FileNotFoundException: http://env-9683988.ind-cloud.everdata.com:8080/CenteralServer/pages/tiles/save.jsp?lngsend=73.7932693&load_pct=0.0&temp=0.0&throttlepos=21.200000762939453&method=send&time=1496928391001&imei=352494060195210&latsend=18.5110115&rpm=1596.0&ctime=08-Jun-2017+18%3A56%3A31&maf=8.319999694824219&vss=0.0&iat=0.0
06-08 18:56:42.439: W/System.err(25158): 	at com.android.okhttp.internal.huc.HttpURLConnectionImpl.getInputStream(HttpURLConnectionImpl.java:238)
06-08 18:56:42.439: W/System.err(25158): 	at com.util.HttpView.connect2Server(HttpView.java:58)
06-08 18:56:42.439: W/System.err(25158): 	at com.util.HttpView.createURL(HttpView.java:339)
06-08 18:56:42.439: W/System.err(25158): 	at com.obd.activity.MainActivity.sendData(MainActivity.java:482)
06-08 18:56:42.439: W/System.err(25158): 	at com.obd.reader.io.ObdGatewayService.executeQueue(ObdGatewayService.java:306)
06-08 18:56:42.439: W/System.err(25158): 	at com.obd.reader.io.AbstractGatewayService$1.run(AbstractGatewayService.java:38)
06-08 18:56:42.439: W/System.err(25158): 	at java.lang.Thread.run(Thread.java:818)
06-08 18:56:42.440: V/HttpView(25158): HttpView.count -1
06-08 18:56:42.440: D/com.obd.reader.io.ObdGatewayService(25158): Taking job[15/6] from queue..
06-08 18:56:42.440: D/com.obd.reader.io.ObdGatewayService(25158): Job state is NEW. Run it..
06-08 18:56:42.440: I/System.out(25158): Command Executed TECH 03
06-08 18:56:42.471: D/WifiService(1043): releaseWifiLockLocked: WifiLock{NlpWifiLock type=2 binder=android.os.BinderProxy@8b5e21}
06-08 18:56:42.473: W/ctxmgr(4881): [AclManager]No 2 for (accnt=account#1618635401#, com.google.android.gms(10030):UserLocationProducer, vrsn=11055000, 0, 3pPkg = null ,  3pMdlId = null ,  pid = 4881). Was: 2 for 1, account#1618635401#
06-08 18:56:42.491: W/bt_hci_packet_fragmenter(6717): reassemble_and_dispatch complete l2cap packet received:l2cap full length 12 and hci length 20.
06-08 18:56:42.548: D/ConnectivityService(1043): notifyType CAP_CHANGED for NetworkAgentInfo [WIFI () - 143]
06-08 18:56:42.552: W/bt_hci_packet_fragmenter(6717): reassemble_and_dispatch complete l2cap packet received:l2cap full length 7 and hci length 15.
06-08 18:56:42.655: E/com.obd.reader.io.ObdGatewayService(25158): Failed to run command. -> length=4; regionStart=3; regionLength=3
06-08 18:56:42.656: D/com.obd.reader.io.ObdGatewayService(25158): Taking job[16/5] from queue..
06-08 18:56:42.656: D/com.obd.reader.io.ObdGatewayService(25158): Job state is NEW. Run it..
06-08 18:56:42.656: I/System.out(25158): Command Executed TECH 01 04
06-08 18:56:42.691: W/bt_hci_packet_fragmenter(6717): reassemble_and_dispatch complete l2cap packet received:l2cap full length 15 and hci length 23.
06-08 18:56:42.693: W/bt_hci_packet_fragmenter(6717): reassemble_and_dispatch complete l2cap packet received:l2cap full length 7 and hci length 15.
06-08 18:56:42.743: W/toolbox(25453): type=1400 audit(0.0:4683950): avc: denied { getattr } for path="/proc/1" dev="proc" ino=9224 scontext=u:r:untrusted_app:s0:c512,c768 tcontext=u:r:init:s0 tclass=dir permissive=0 ppid=25445 pcomm="sh" tgid=25445 tgcomm="sh"
06-08 18:56:42.763: W/toolbox(25453): type=1400 audit(0.0:4683951): avc: denied { search } for name="1" dev="proc" ino=9224 scontext=u:r:untrusted_app:s0:c512,c768 tcontext=u:r:init:s0 tclass=dir permissive=0 ppid=25445 pcomm="sh" tgid=25445 tgcomm="sh"
06-08 18:56:42.763: W/toolbox(25453): type=1400 audit(0.0:4683952): avc: denied { search } for name="1" dev="proc" ino=9224 scontext=u:r:untrusted_app:s0:c512,c768 tcontext=u:r:init:s0 tclass=dir permissive=0 ppid=25445 pcomm="sh" tgid=25445 tgcomm="sh"
06-08 18:56:42.763: W/toolbox(25453): type=1400 audit(0.0:4683953): avc: denied { getattr } for path="/proc/2" dev="proc" ino=11460 scontext=u:r:untrusted_app:s0:c512,c768 tcontext=u:r:kernel:s0 tclass=dir permissive=0 ppid=25445 pcomm="sh" tgid=25445 tgcomm="sh"
06-08 18:56:42.763: W/toolbox(25453): type=1400 audit(0.0:4683954): avc: denied { search } for name="2" dev="proc" ino=11460 scontext=u:r:untrusted_app:s0:c512,c768 tcontext=u:r:kernel:s0 tclass=dir permissive=0 ppid=25445 pcomm="sh" tgid=25445 tgcomm="sh"
06-08 18:56:42.876: I/System.out(25158): DATA from OBD TECH 4104FF
06-08 18:56:42.880: D/com.obd.reader.io.ObdGatewayService(25158): Taking job[17/4] from queue..
06-08 18:56:42.880: D/com.obd.reader.io.ObdGatewayService(25158): Job state is NEW. Run it..
06-08 18:56:42.880: I/System.out(25158): Command Executed TECH 01 0C
06-08 18:56:42.886: W/bt_hci_packet_fragmenter(6717): reassemble_and_dispatch complete l2cap packet received:l2cap full length 6 and hci length 14.
06-08 18:56:42.897: V/OSNPGlue_jni(1043): Entering  : void onJavaLocationChanged(JNIEnv*, jobject, jboolean, jlong, jboolean, jlong, jboolean, jdouble, jboolean, jdouble, jboolean, jfloat, jboolean, jdouble, jboolean, jfloat, jboolean, jfloat)
06-08 18:56:42.899: E/LocSvc_LBSApiV02(1043): E/virtual int lbs_core::LBSApiV02::injectCoarsePosition(const CoarsePositionInfo&):320]: Error : st = 3, ind.status = 4
06-08 18:56:42.904: D/Network(25158): Got Location Updates 18.5110595 73.7928984
06-08 18:56:42.919: W/bt_hci_packet_fragmenter(6717): reassemble_and_dispatch complete l2cap packet received:l2cap full length 18 and hci length 26.
06-08 18:56:42.922: W/bt_hci_packet_fragmenter(6717): reassemble_and_dispatch complete l2cap packet received:l2cap full length 7 and hci length 15.
06-08 18:56:42.923: I/System.out(25158): Device IMEI is 352494060195210
06-08 18:56:43.091: I/System.out(25158): DATA from OBD TECH 410C15A0
06-08 18:56:43.097: D/com.obd.reader.io.ObdGatewayService(25158): Taking job[18/3] from queue..
06-08 18:56:43.097: D/com.obd.reader.io.ObdGatewayService(25158): Job state is NEW. Run it..
06-08 18:56:43.097: I/System.out(25158): Command Executed TECH 01 1F
06-08 18:56:43.133: W/bt_hci_packet_fragmenter(6717): reassemble_and_dispatch complete l2cap packet received:l2cap full length 18 and hci length 26.
06-08 18:56:43.135: W/bt_hci_packet_fragmenter(6717): reassemble_and_dispatch complete l2cap packet received:l2cap full length 7 and hci length 15.
06-08 18:56:43.300: I/System.out(25158): DATA from OBD TECH 411F0033
06-08 18:56:43.312: D/com.obd.reader.io.ObdGatewayService(25158): Taking job[19/2] from queue..
06-08 18:56:43.312: D/com.obd.reader.io.ObdGatewayService(25158): Job state is NEW. Run it..
06-08 18:56:43.313: I/System.out(25158): Command Executed TECH 01 10
06-08 18:56:43.349: W/bt_hci_packet_fragmenter(6717): reassemble_and_dispatch complete l2cap packet received:l2cap full length 18 and hci length 26.
06-08 18:56:43.351: W/bt_hci_packet_fragmenter(6717): reassemble_and_dispatch complete l2cap packet received:l2cap full length 7 and hci length 15.
06-08 18:56:43.378: D/==FindMyPhone==(26284): 1496928403378
06-08 18:56:43.378: W/ctxmgr(4881): [AclManager]No 2 for (accnt=account#1618635401#, com.google.android.gms(10030):UserLocationProducer, vrsn=11055000, 0, 3pPkg = null ,  3pMdlId = null ,  pid = 4881). Was: 2 for 1, account#1618635401#
06-08 18:56:43.524: I/System.out(25158): DATA from OBD TECH 4110035D
06-08 18:56:43.527: D/com.obd.reader.io.ObdGatewayService(25158): Taking job[20/1] from queue..
06-08 18:56:43.527: D/com.obd.reader.io.ObdGatewayService(25158): Job state is NEW. Run it..
06-08 18:56:43.527: I/System.out(25158): Command Executed TECH 01 11
06-08 18:56:43.533: W/bt_hci_packet_fragmenter(6717): reassemble_and_dispatch complete l2cap packet received:l2cap full length 6 and hci length 14.
06-08 18:56:43.568: W/bt_hci_packet_fragmenter(6717): reassemble_and_dispatch complete l2cap packet received:l2cap full length 17 and hci length 25.
06-08 18:56:43.741: I/System.out(25158): DATA from OBD TECH 411138
06-08 18:56:43.753: D/com.obd.reader.io.ObdGatewayService(25158): Taking job[21/0] from queue..
06-08 18:56:43.754: D/com.obd.reader.io.ObdGatewayService(25158): Job state is NEW. Run it..
06-08 18:56:43.754: I/System.out(25158): Command Executed TECH 01 0D 1
06-08 18:56:43.782: W/bt_hci_packet_fragmenter(6717): reassemble_and_dispatch complete l2cap packet received:l2cap full length 17 and hci length 25.
06-08 18:56:43.963: I/System.out(25158): DATA from OBD TECH 410D15
06-08 18:56:43.971: I/System.out(25158): ((MainActivity) ctx).commandResult {MAF=8.61g/s, ENGINE_RPM=1384RPM, ENGINE_LOAD=100.0%, TROUBLE_CODES=4300, THROTTLE_POS=22.0%, ENGINE_RUNTIME=00:00:51}
06-08 18:56:43.971: I/System.out(25158): Referring to old Speed 0
06-08 18:56:43.981: D/Network(25158): Network
06-08 18:56:43.990: I/System.out(25158): Device IMEI is 352494060195210
06-08 18:56:43.990: I/System.out(25158): LAT18.5110595LONG73.7928984
06-08 18:56:43.992: I/System.out(25158): MSG 0.0,0.0,8.609999656677246,22.0,0.0,1384.0,0.0,352494060195210,18.5110595,73.7928984,1496928403976
06-08 18:56:43.992: D/com.obd.activity.MainActivity(25158): throttle,vss,rpm 22.0,0.0,1384.0
06-08 18:56:43.995: I/System.out(25158): url  http://env-9683988.ind-cloud.everdata.com:8080/CenteralServer/pages/tiles/save.jsp?lngsend=73.7928984&load_pct=0.0&temp=0.0&throttlepos=22.0&method=send&time=1496928403976&imei=352494060195210&latsend=18.5110595&rpm=1384.0&ctime=08-Jun-2017+18%3A56%3A43&maf=8.609999656677246&vss=0.0&iat=0.0
06-08 18:56:43.995: V/HttpView(25158): http://env-9683988.ind-cloud.everdata.com:8080/CenteralServer/pages/tiles/save.jsp?lngsend=73.7928984&load_pct=0.0&temp=0.0&throttlepos=22.0&method=send&time=1496928403976&imei=352494060195210&latsend=18.5110595&rpm=1384.0&ctime=08-Jun-2017+18%3A56%3A43&maf=8.609999656677246&vss=0.0&iat=0.0
06-08 18:56:44.380: W/ctxmgr(4881): [AclManager]No 2 for (accnt=account#1618635401#, com.google.android.gms(10030):UserLocationProducer, vrsn=11055000, 0, 3pPkg = null ,  3pMdlId = null ,  pid = 4881). Was: 2 for 1, account#1618635401#
06-08 18:56:45.378: D/Network(25158): Got Location Updates 18.51099516 73.79266154
06-08 18:56:45.393: W/ctxmgr(4881): [AclManager]No 2 for (accnt=account#1618635401#, com.google.android.gms(10030):UserLocationProducer, vrsn=11055000, 0, 3pPkg = null ,  3pMdlId = null ,  pid = 4881). Was: 2 for 1, account#1618635401#
06-08 18:56:45.402: I/System.out(25158): Device IMEI is 352494060195210
06-08 18:56:45.492: D/com.obd.reader.io.AbstractGatewayService(25158): Adding job[22] to queue..
06-08 18:56:45.492: D/com.obd.reader.io.AbstractGatewayService(25158): Job queued successfully.
06-08 18:56:45.492: D/com.obd.reader.io.AbstractGatewayService(25158): Adding job[23] to queue..
06-08 18:56:45.493: D/com.obd.reader.io.AbstractGatewayService(25158): Job queued successfully.
06-08 18:56:45.493: D/com.obd.reader.io.AbstractGatewayService(25158): Adding job[24] to queue..
06-08 18:56:45.493: D/com.obd.reader.io.AbstractGatewayService(25158): Job queued successfully.
06-08 18:56:45.493: D/com.obd.reader.io.AbstractGatewayService(25158): Adding job[25] to queue..
06-08 18:56:45.493: D/com.obd.reader.io.AbstractGatewayService(25158): Job queued successfully.
06-08 18:56:45.493: D/com.obd.reader.io.AbstractGatewayService(25158): Adding job[26] to queue..
06-08 18:56:45.494: D/com.obd.reader.io.AbstractGatewayService(25158): Job queued successfully.
06-08 18:56:45.494: D/com.obd.reader.io.AbstractGatewayService(25158): Adding job[27] to queue..
06-08 18:56:45.494: D/com.obd.reader.io.AbstractGatewayService(25158): Job queued successfully.
06-08 18:56:45.494: D/com.obd.reader.io.AbstractGatewayService(25158): Adding job[28] to queue..
06-08 18:56:45.494: D/com.obd.reader.io.AbstractGatewayService(25158): Job queued successfully.
06-08 18:56:45.496: I/System.out(25158): LAT18.51099516LONG73.79266154
06-08 18:56:45.498: W/System.err(25158): java.lang.StringIndexOutOfBoundsException: length=5; regionStart=0; regionLength=7
06-08 18:56:45.498: W/System.err(25158): 	at java.lang.String.startEndAndLength(String.java:298)
06-08 18:56:45.498: W/System.err(25158): 	at java.lang.String.substring(String.java:1087)
06-08 18:56:45.498: W/System.err(25158): 	at com.obd.activity.MainActivity$2.run(MainActivity.java:189)
06-08 18:56:45.499: W/System.err(25158): 	at android.os.Handler.handleCallback(Handler.java:739)
06-08 18:56:45.499: W/System.err(25158): 	at android.os.Handler.dispatchMessage(Handler.java:95)
06-08 18:56:45.499: W/System.err(25158): 	at android.os.Looper.loop(Looper.java:234)
06-08 18:56:45.499: W/System.err(25158): 	at android.app.ActivityThread.main(ActivityThread.java:5526)
06-08 18:56:45.499: W/System.err(25158): 	at java.lang.reflect.Method.invoke(Native Method)
06-08 18:56:45.499: W/System.err(25158): 	at com.android.internal.os.ZygoteInit$MethodAndArgsCaller.run(ZygoteInit.java:726)
06-08 18:56:45.499: W/System.err(25158): 	at com.android.internal.os.ZygoteInit.main(ZygoteInit.java:616)
06-08 18:56:46.382: W/ctxmgr(4881): [AclManager]No 2 for (accnt=account#1618635401#, com.google.android.gms(10030):UserLocationProducer, vrsn=11055000, 0, 3pPkg = null ,  3pMdlId = null ,  pid = 4881). Was: 2 for 1, account#1618635401#
06-08 18:56:46.401: D/==FindMyPhone==(26284): 1496928406401
06-08 18:56:46.511: V/sysmon-dc_watt_limit(467): uevent_handler [349] LOCK 0xb64bc06c from 630
06-08 18:56:46.512: V/sysmon-dc_watt_limit(467): uevent_handler mutex 0xb64bc06c GOT by 630
06-08 18:56:46.532: V/sysmon-dc_watt_limit(467): uevent_handler [383] UNLOCK 0xb64bc06c from 630
06-08 18:56:46.585: D/HeadsetStateMachine(6717): Disconnected process message: 10, size: 0
06-08 18:56:46.588: D/TransmitPowerReceiver(3930): Old PowerLevel: 6, current PowerLevel: 6
06-08 18:56:46.623: D/HeadsetStateMachine(6717): Disconnected process message: 10, size: 0
06-08 18:56:46.624: D/TransmitPowerReceiver(3930): Old PowerLevel: 6, current PowerLevel: 6
06-08 18:56:47.326: I/Gobi(445): vendor/qcom/proprietary/RIDL/RIDLClient/RIDLSQL.cpp:2500: GetTransState() EBADF
06-08 18:56:47.326: I/Gobi(445): vendor/qcom/proprietary/RIDL/RIDLClient/MainCore.cpp:1550: Failed to get TransState, rc 9
06-08 18:56:47.326: I/Gobi(445): vendor/qcom/proprietary/RIDL/RIDLClient/RIDLSQL.cpp:2500: GetTransState() EBADF
06-08 18:56:47.326: I/Gobi(445): vendor/qcom/proprietary/RIDL/RIDLClient/RIDLSQL.cpp:2500: GetTransState() EBADF
06-08 18:56:47.378: W/ctxmgr(4881): [AclManager]No 2 for (accnt=account#1618635401#, com.google.android.gms(10030):UserLocationProducer, vrsn=11055000, 0, 3pPkg = null ,  3pMdlId = null ,  pid = 4881). Was: 2 for 1, account#1618635401#
06-08 18:56:47.379: D/Network(25158): Got Location Updates 18.51103616 73.79253347
06-08 18:56:47.404: I/System.out(25158): Device IMEI is 352494060195210
06-08 18:56:48.377: W/ctxmgr(4881): [AclManager]No 2 for (accnt=account#1618635401#, com.google.android.gms(10030):UserLocationProducer, vrsn=11055000, 0, 3pPkg = null ,  3pMdlId = null ,  pid = 4881). Was: 2 for 1, account#1618635401#
06-08 18:56:48.660: D/bt_btm_pm(6717): btm_pm_snd_md_req switching from ACTIVE to SNIFF.
06-08 18:56:48.695: D/bt_btm_pm(6717): btm_pm_proc_mode_change switched from UNKNOWN to ACTIVE.
06-08 18:56:48.695: E/bt_btif(6717): bta_dm_pm_btm_status hci_status=36
06-08 18:56:49.369: D/Network(25158): Got Location Updates 18.51100688 73.79237116
06-08 18:56:49.387: W/ctxmgr(4881): [AclManager]No 2 for (accnt=account#1618635401#, com.google.android.gms(10030):UserLocationProducer, vrsn=11055000, 0, 3pPkg = null ,  3pMdlId = null ,  pid = 4881). Was: 2 for 1, account#1618635401#
06-08 18:56:49.388: I/System.out(25158): Device IMEI is 352494060195210
06-08 18:56:49.442: D/==FindMyPhone==(26284): 1496928409442
06-08 18:56:49.735: W/System.err(25158): java.io.FileNotFoundException: http://env-9683988.ind-cloud.everdata.com:8080/CenteralServer/pages/tiles/save.jsp?lngsend=73.7928984&load_pct=0.0&temp=0.0&throttlepos=22.0&method=send&time=1496928403976&imei=352494060195210&latsend=18.5110595&rpm=1384.0&ctime=08-Jun-2017+18%3A56%3A43&maf=8.609999656677246&vss=0.0&iat=0.0
06-08 18:56:49.736: W/System.err(25158): 	at com.android.okhttp.internal.huc.HttpURLConnectionImpl.getInputStream(HttpURLConnectionImpl.java:238)
06-08 18:56:49.737: W/System.err(25158): 	at com.util.HttpView.connect2Server(HttpView.java:58)
06-08 18:56:49.738: W/System.err(25158): 	at com.util.HttpView.createURL(HttpView.java:339)
06-08 18:56:49.738: W/System.err(25158): 	at com.obd.activity.MainActivity.sendData(MainActivity.java:482)
06-08 18:56:49.738: W/System.err(25158): 	at com.obd.reader.io.ObdGatewayService.executeQueue(ObdGatewayService.java:306)
06-08 18:56:49.738: W/System.err(25158): 	at com.obd.reader.io.AbstractGatewayService$1.run(AbstractGatewayService.java:38)
06-08 18:56:49.738: W/System.err(25158): 	at java.lang.Thread.run(Thread.java:818)
06-08 18:56:49.739: V/HttpView(25158): HttpView.count -1
06-08 18:56:49.739: D/com.obd.reader.io.ObdGatewayService(25158): Taking job[22/6] from queue..
06-08 18:56:49.739: D/com.obd.reader.io.ObdGatewayService(25158): Job state is NEW. Run it..
06-08 18:56:49.739: I/System.out(25158): Command Executed TECH 03
06-08 18:56:49.821: W/bt_hci_packet_fragmenter(6717): reassemble_and_dispatch complete l2cap packet received:l2cap full length 12 and hci length 20.
06-08 18:56:49.822: W/bt_hci_packet_fragmenter(6717): reassemble_and_dispatch complete l2cap packet received:l2cap full length 7 and hci length 15.
06-08 18:56:49.958: E/com.obd.reader.io.ObdGatewayService(25158): Failed to run command. -> length=4; regionStart=3; regionLength=3
06-08 18:56:49.961: D/com.obd.reader.io.ObdGatewayService(25158): Taking job[23/5] from queue..
06-08 18:56:49.961: D/com.obd.reader.io.ObdGatewayService(25158): Job state is NEW. Run it..
06-08 18:56:49.961: I/System.out(25158): Command Executed TECH 01 04
06-08 18:56:49.969: W/bt_hci_packet_fragmenter(6717): reassemble_and_dispatch complete l2cap packet received:l2cap full length 6 and hci length 14.
06-08 18:56:49.976: W/bt_hci_packet_fragmenter(6717): reassemble_and_dispatch complete l2cap packet received:l2cap full length 15 and hci length 23.
06-08 18:56:50.010: W/bt_hci_packet_fragmenter(6717): reassemble_and_dispatch complete l2cap packet received:l2cap full length 7 and hci length 15.
06-08 18:56:50.165: I/System.out(25158): DATA from OBD TECH 410443
06-08 18:56:50.178: D/com.obd.reader.io.ObdGatewayService(25158): Taking job[24/4] from queue..
06-08 18:56:50.178: D/com.obd.reader.io.ObdGatewayService(25158): Job state is NEW. Run it..
06-08 18:56:50.178: I/System.out(25158): Command Executed TECH 01 0C
06-08 18:56:50.215: W/bt_hci_packet_fragmenter(6717): reassemble_and_dispatch complete l2cap packet received:l2cap full length 18 and hci length 26.
06-08 18:56:50.217: W/bt_hci_packet_fragmenter(6717): reassemble_and_dispatch complete l2cap packet received:l2cap full length 7 and hci length 15.
06-08 18:56:50.382: I/System.out(25158): DATA from OBD TECH 410C0C7C
06-08 18:56:50.382: W/ctxmgr(4881): [AclManager]No 2 for (accnt=account#1618635401#, com.google.android.gms(10030):UserLocationProducer, vrsn=11055000, 0, 3pPkg = null ,  3pMdlId = null ,  pid = 4881). Was: 2 for 1, account#1618635401#
06-08 18:56:50.389: D/com.obd.reader.io.ObdGatewayService(25158): Taking job[25/3] from queue..
06-08 18:56:50.389: D/com.obd.reader.io.ObdGatewayService(25158): Job state is NEW. Run it..
06-08 18:56:50.389: I/System.out(25158): Command Executed TECH 01 1F
06-08 18:56:50.426: W/bt_hci_packet_fragmenter(6717): reassemble_and_dispatch complete l2cap packet received:l2cap full length 20 and hci length 28.
06-08 18:56:50.592: I/System.out(25158): DATA from OBD TECH 411F003A
06-08 18:56:50.598: D/com.obd.reader.io.ObdGatewayService(25158): Taking job[26/2] from queue..
06-08 18:56:50.598: D/com.obd.reader.io.ObdGatewayService(25158): Job state is NEW. Run it..
06-08 18:56:50.598: I/System.out(25158): Command Executed TECH 01 10
06-08 18:56:50.604: W/bt_hci_packet_fragmenter(6717): reassemble_and_dispatch complete l2cap packet received:l2cap full length 6 and hci length 14.
06-08 18:56:50.638: W/bt_hci_packet_fragmenter(6717): reassemble_and_dispatch complete l2cap packet received:l2cap full length 20 and hci length 28.
06-08 18:56:50.800: I/System.out(25158): DATA from OBD TECH 411000C1
06-08 18:56:50.808: D/com.obd.reader.io.ObdGatewayService(25158): Taking job[27/1] from queue..
06-08 18:56:50.808: D/com.obd.reader.io.ObdGatewayService(25158): Job state is NEW. Run it..
06-08 18:56:50.808: I/System.out(25158): Command Executed TECH 01 11
06-08 18:56:50.844: W/bt_hci_packet_fragmenter(6717): reassemble_and_dispatch complete l2cap packet received:l2cap full length 15 and hci length 23.
06-08 18:56:50.846: W/bt_hci_packet_fragmenter(6717): reassemble_and_dispatch complete l2cap packet received:l2cap full length 7 and hci length 15.
06-08 18:56:51.020: I/System.out(25158): DATA from OBD TECH 411128
06-08 18:56:51.025: D/com.obd.reader.io.ObdGatewayService(25158): Taking job[28/0] from queue..
06-08 18:56:51.025: D/com.obd.reader.io.ObdGatewayService(25158): Job state is NEW. Run it..
06-08 18:56:51.025: I/System.out(25158): Command Executed TECH 01 0D 1
06-08 18:56:51.061: W/bt_hci_packet_fragmenter(6717): reassemble_and_dispatch complete l2cap packet received:l2cap full length 15 and hci length 23.
06-08 18:56:51.064: W/bt_hci_packet_fragmenter(6717): reassemble_and_dispatch complete l2cap packet received:l2cap full length 7 and hci length 15.
06-08 18:56:51.229: I/System.out(25158): DATA from OBD TECH 410D15
06-08 18:56:51.240: I/System.out(25158): ((MainActivity) ctx).commandResult {MAF=1.93g/s, ENGINE_RPM=799RPM, ENGINE_LOAD=26.3%, TROUBLE_CODES=4300, THROTTLE_POS=15.7%, ENGINE_RUNTIME=00:00:58}
06-08 18:56:51.240: I/System.out(25158): Referring to old Speed 0
06-08 18:56:51.251: D/Network(25158): Network
06-08 18:56:51.278: I/System.out(25158): Device IMEI is 352494060195210
06-08 18:56:51.278: I/System.out(25158): LAT18.5110595LONG73.7928984
06-08 18:56:51.280: I/System.out(25158): MSG 0.0,0.0,1.9299999475479126,15.699999809265137,0.0,799.0,0.0,352494060195210,18.5110595,73.7928984,1496928411249
06-08 18:56:51.280: D/com.obd.activity.MainActivity(25158): throttle,vss,rpm 15.699999809265137,0.0,799.0
06-08 18:56:51.280: I/System.out(25158): url  http://env-9683988.ind-cloud.everdata.com:8080/CenteralServer/pages/tiles/save.jsp?lngsend=73.7928984&load_pct=0.0&temp=0.0&throttlepos=15.699999809265137&method=send&time=1496928411249&imei=352494060195210&latsend=18.5110595&rpm=799.0&ctime=08-Jun-2017+18%3A56%3A51&maf=1.9299999475479126&vss=0.0&iat=0.0
06-08 18:56:51.280: V/HttpView(25158): http://env-9683988.ind-cloud.everdata.com:8080/CenteralServer/pages/tiles/save.jsp?lngsend=73.7928984&load_pct=0.0&temp=0.0&throttlepos=15.699999809265137&method=send&time=1496928411249&imei=352494060195210&latsend=18.5110595&rpm=799.0&ctime=08-Jun-2017+18%3A56%3A51&maf=1.9299999475479126&vss=0.0&iat=0.0
06-08 18:56:51.362: D/Network(25158): Got Location Updates 18.51098001 73.79226041
06-08 18:56:51.378: W/ctxmgr(4881): [AclManager]No 2 for (accnt=account#1618635401#, com.google.android.gms(10030):UserLocationProducer, vrsn=11055000, 0, 3pPkg = null ,  3pMdlId = null ,  pid = 4881). Was: 2 for 1, account#1618635401#
06-08 18:56:51.385: I/System.out(25158): Device IMEI is 352494060195210
06-08 18:56:52.383: W/ctxmgr(4881): [AclManager]No 2 for (accnt=account#1618635401#, com.google.android.gms(10030):UserLocationProducer, vrsn=11055000, 0, 3pPkg = null ,  3pMdlId = null ,  pid = 4881). Was: 2 for 1, account#1618635401#
06-08 18:56:52.459: D/==FindMyPhone==(26284): 1496928412459
06-08 18:56:52.700: D/QcrilMsgTunnelSocket(4353): readRilMessage: Buffer = [B@c379f6d HexData = [010000000404000011000000514f454d484f4f4bef0308000100000003]
06-08 18:56:52.700: D/QcrilMsgTunnelSocket(4353): Rcvd UNSOL response with 28 bytes data for SUB0
06-08 18:56:52.700: D/QcrilMsgTunnelSocket(4353): Response ID 525295 is not served in this process.
06-08 18:56:52.700: D/QcrilMsgTunnelSocket(4353): To broadcast an Intent via the notifier to external apps
06-08 18:56:52.701: D/QcrilMsgTunnelIfaceManager(4353): handleMessage what = 0
06-08 18:56:52.705: D/QC_RIL_OEM_HOOK(3930): Received Broadcast Intent ACTION_UNSOL_RESPONSE_OEM_HOOK_RAW
06-08 18:56:52.705: D/QC_RIL_OEM_HOOK(3930): Oem ID in QCRILHOOK UNSOL RESP is QOEMHOOK
06-08 18:56:52.733: V/ConfigResourceUtil(3930): resourceName = config_spn_display_control resourceId = 2130837514resourceValue = false
06-08 18:56:52.793: W/toolbox(25544): type=1400 audit(0.0:4684766): avc: denied { getattr } for path="/proc/1" dev="proc" ino=9224 scontext=u:r:untrusted_app:s0:c512,c768 tcontext=u:r:init:s0 tclass=dir permissive=0 ppid=25541 pcomm="sh" tgid=25541 tgcomm="sh"
06-08 18:56:52.793: W/toolbox(25544): type=1400 audit(0.0:4684767): avc: denied { search } for name="1" dev="proc" ino=9224 scontext=u:r:untrusted_app:s0:c512,c768 tcontext=u:r:init:s0 tclass=dir permissive=0 ppid=25541 pcomm="sh" tgid=25541 tgcomm="sh"
06-08 18:56:52.793: W/toolbox(25544): type=1400 audit(0.0:4684768): avc: denied { search } for name="1" dev="proc" ino=9224 scontext=u:r:untrusted_app:s0:c512,c768 tcontext=u:r:init:s0 tclass=dir permissive=0 ppid=25541 pcomm="sh" tgid=25541 tgcomm="sh"
06-08 18:56:52.793: W/toolbox(25544): type=1400 audit(0.0:4684769): avc: denied { getattr } for path="/proc/2" dev="proc" ino=11460 scontext=u:r:untrusted_app:s0:c512,c768 tcontext=u:r:kernel:s0 tclass=dir permissive=0 ppid=25541 pcomm="sh" tgid=25541 tgcomm="sh"
06-08 18:56:52.793: W/toolbox(25544): type=1400 audit(0.0:4684770): avc: denied { search } for name="2" dev="proc" ino=11460 scontext=u:r:untrusted_app:s0:c512,c768 tcontext=u:r:kernel:s0 tclass=dir permissive=0 ppid=25541 pcomm="sh" tgid=25541 tgcomm="sh"
06-08 18:56:53.365: D/Network(25158): Got Location Updates 18.51097514 73.79214407
06-08 18:56:53.379: W/ctxmgr(4881): [AclManager]No 2 for (accnt=account#1618635401#, com.google.android.gms(10030):UserLocationProducer, vrsn=11055000, 0, 3pPkg = null ,  3pMdlId = null ,  pid = 4881). Was: 2 for 1, account#1618635401#
