06-08 18:56:53.388: I/System.out(25158): Device IMEI is 352494060195210
06-08 18:56:53.501: D/com.obd.reader.io.AbstractGatewayService(25158): Adding job[29] to queue..
06-08 18:56:53.501: D/com.obd.reader.io.AbstractGatewayService(25158): Job queued successfully.
06-08 18:56:53.501: D/com.obd.reader.io.AbstractGatewayService(25158): Adding job[30] to queue..
06-08 18:56:53.501: D/com.obd.reader.io.AbstractGatewayService(25158): Job queued successfully.
06-08 18:56:53.501: D/com.obd.reader.io.AbstractGatewayService(25158): Adding job[31] to queue..
06-08 18:56:53.501: D/com.obd.reader.io.AbstractGatewayService(25158): Job queued successfully.
06-08 18:56:53.501: D/com.obd.reader.io.AbstractGatewayService(25158): Adding job[32] to queue..
06-08 18:56:53.501: D/com.obd.reader.io.AbstractGatewayService(25158): Job queued successfully.
06-08 18:56:53.501: D/com.obd.reader.io.AbstractGatewayService(25158): Adding job[33] to queue..
06-08 18:56:53.501: D/com.obd.reader.io.AbstractGatewayService(25158): Job queued successfully.
06-08 18:56:53.501: D/com.obd.reader.io.AbstractGatewayService(25158): Adding job[34] to queue..
06-08 18:56:53.501: D/com.obd.reader.io.AbstractGatewayService(25158): Job queued successfully.
06-08 18:56:53.501: D/com.obd.reader.io.AbstractGatewayService(25158): Adding job[35] to queue..
06-08 18:56:53.501: D/com.obd.reader.io.AbstractGatewayService(25158): Job queued successfully.
06-08 18:56:53.501: I/System.out(25158): LAT18.51097514LONG73.79214407
06-08 18:56:53.501: W/System.err(25158): java.lang.StringIndexOutOfBoundsException: length=5; regionStart=0; regionLength=7
06-08 18:56:53.501: W/System.err(25158): 	at java.lang.String.startEndAndLength(String.java:298)
06-08 18:56:53.501: W/System.err(25158): 	at java.lang.String.substring(String.java:1087)
06-08 18:56:53.501: W/System.err(25158): 	at com.obd.activity.MainActivity$2.run(MainActivity.java:189)
06-08 18:56:53.501: W/System.err(25158): 	at android.os.Handler.handleCallback(Handler.java:739)
06-08 18:56:53.501: W/System.err(25158): 	at android.os.Handler.dispatchMessage(Handler.java:95)
06-08 18:56:53.502: W/System.err(25158): 	at android.os.Looper.loop(Looper.java:234)
06-08 18:56:53.502: W/System.err(25158): 	at android.app.ActivityThread.main(ActivityThread.java:5526)
06-08 18:56:53.502: W/System.err(25158): 	at java.lang.reflect.Method.invoke(Native Method)
06-08 18:56:53.502: W/System.err(25158): 	at com.android.internal.os.ZygoteInit$MethodAndArgsCaller.run(ZygoteInit.java:726)
06-08 18:56:53.502: W/System.err(25158): 	at com.android.internal.os.ZygoteInit.main(ZygoteInit.java:616)
06-08 18:56:54.387: W/ctxmgr(4881): [AclManager]No 2 for (accnt=account#1618635401#, com.google.android.gms(10030):UserLocationProducer, vrsn=11055000, 0, 3pPkg = null ,  3pMdlId = null ,  pid = 4881). Was: 2 for 1, account#1618635401#
06-08 18:56:55.370: D/Network(25158): Got Location Updates 18.51097329 73.79204454
06-08 18:56:55.383: W/ctxmgr(4881): [AclManager]No 2 for (accnt=account#1618635401#, com.google.android.gms(10030):UserLocationProducer, vrsn=11055000, 0, 3pPkg = null ,  3pMdlId = null ,  pid = 4881). Was: 2 for 1, account#1618635401#
06-08 18:56:55.396: I/System.out(25158): Device IMEI is 352494060195210
06-08 18:56:55.468: D/==FindMyPhone==(26284): 1496928415468
06-08 18:56:56.382: W/ctxmgr(4881): [AclManager]No 2 for (accnt=account#1618635401#, com.google.android.gms(10030):UserLocationProducer, vrsn=11055000, 0, 3pPkg = null ,  3pMdlId = null ,  pid = 4881). Was: 2 for 1, account#1618635401#
06-08 18:56:56.841: D/bt_btm_pm(6717): btm_pm_snd_md_req switching from ACTIVE to SNIFF.
06-08 18:56:56.880: D/bt_btm_pm(6717): btm_pm_proc_mode_change switched from UNKNOWN to ACTIVE.
06-08 18:56:56.880: E/bt_btif(6717): bta_dm_pm_btm_status hci_status=36
06-08 18:56:57.327: I/Gobi(445): vendor/qcom/proprietary/RIDL/RIDLClient/RIDLSQL.cpp:2500: GetTransState() EBADF
06-08 18:56:57.327: I/Gobi(445): vendor/qcom/proprietary/RIDL/RIDLClient/MainCore.cpp:1550: Failed to get TransState, rc 9
06-08 18:56:57.327: I/Gobi(445): vendor/qcom/proprietary/RIDL/RIDLClient/RIDLSQL.cpp:2500: GetTransState() EBADF
06-08 18:56:57.327: I/Gobi(445): vendor/qcom/proprietary/RIDL/RIDLClient/RIDLSQL.cpp:2500: GetTransState() EBADF
06-08 18:56:57.373: D/Network(25158): Got Location Updates 18.51097282 73.79193855
06-08 18:56:57.393: W/ctxmgr(4881): [AclManager]No 2 for (accnt=account#1618635401#, com.google.android.gms(10030):UserLocationProducer, vrsn=11055000, 0, 3pPkg = null ,  3pMdlId = null ,  pid = 4881). Was: 2 for 1, account#1618635401#
06-08 18:56:57.404: I/System.out(25158): Device IMEI is 352494060195210
06-08 18:56:58.389: W/ctxmgr(4881): [AclManager]No 2 for (accnt=account#1618635401#, com.google.android.gms(10030):UserLocationProducer, vrsn=11055000, 0, 3pPkg = null ,  3pMdlId = null ,  pid = 4881). Was: 2 for 1, account#1618635401#
06-08 18:56:58.493: D/==FindMyPhone==(26284): 1496928418493
06-08 18:56:58.940: D/WifiService(1043): acquireWifiLockLocked: WifiLock{NlpWifiLock type=2 binder=android.os.BinderProxy@8b5e21}
06-08 18:56:59.369: D/Network(25158): Got Location Updates 18.5109847 73.79183283
06-08 18:56:59.388: W/ctxmgr(4881): [AclManager]No 2 for (accnt=account#1618635401#, com.google.android.gms(10030):UserLocationProducer, vrsn=11055000, 0, 3pPkg = null ,  3pMdlId = null ,  pid = 4881). Was: 2 for 1, account#1618635401#
06-08 18:56:59.393: I/System.out(25158): Device IMEI is 352494060195210
06-08 18:57:00.389: W/ctxmgr(4881): [AclManager]No 2 for (accnt=account#1618635401#, com.google.android.gms(10030):UserLocationProducer, vrsn=11055000, 0, 3pPkg = null ,  3pMdlId = null ,  pid = 4881). Was: 2 for 1, account#1618635401#
06-08 18:57:01.381: W/ctxmgr(4881): [AclManager]No 2 for (accnt=account#1618635401#, com.google.android.gms(10030):UserLocationProducer, vrsn=11055000, 0, 3pPkg = null ,  3pMdlId = null ,  pid = 4881). Was: 2 for 1, account#1618635401#
06-08 18:57:01.531: D/==FindMyPhone==(26284): 1496928421530
06-08 18:57:02.229: W/System.err(25158): java.io.FileNotFoundException: http://env-9683988.ind-cloud.everdata.com:8080/CenteralServer/pages/tiles/save.jsp?lngsend=73.7928984&load_pct=0.0&temp=0.0&throttlepos=15.699999809265137&method=send&time=1496928411249&imei=352494060195210&latsend=18.5110595&rpm=799.0&ctime=08-Jun-2017+18%3A56%3A51&maf=1.9299999475479126&vss=0.0&iat=0.0
06-08 18:57:02.229: W/System.err(25158): 	at com.android.okhttp.internal.huc.HttpURLConnectionImpl.getInputStream(HttpURLConnectionImpl.java:238)
06-08 18:57:02.229: W/System.err(25158): 	at com.util.HttpView.connect2Server(HttpView.java:58)
06-08 18:57:02.229: W/System.err(25158): 	at com.util.HttpView.createURL(HttpView.java:339)
06-08 18:57:02.230: W/System.err(25158): 	at com.obd.activity.MainActivity.sendData(MainActivity.java:482)
06-08 18:57:02.230: W/System.err(25158): 	at com.obd.reader.io.ObdGatewayService.executeQueue(ObdGatewayService.java:306)
06-08 18:57:02.230: W/System.err(25158): 	at com.obd.reader.io.AbstractGatewayService$1.run(AbstractGatewayService.java:38)
06-08 18:57:02.230: W/System.err(25158): 	at java.lang.Thread.run(Thread.java:818)
06-08 18:57:02.230: V/HttpView(25158): HttpView.count -1
06-08 18:57:02.231: D/com.obd.reader.io.ObdGatewayService(25158): Taking job[29/6] from queue..
06-08 18:57:02.231: D/com.obd.reader.io.ObdGatewayService(25158): Job state is NEW. Run it..
06-08 18:57:02.232: I/System.out(25158): Command Executed TECH 03
06-08 18:57:02.263: W/bt_hci_packet_fragmenter(6717): reassemble_and_dispatch complete l2cap packet received:l2cap full length 6 and hci length 14.
06-08 18:57:02.265: W/bt_hci_packet_fragmenter(6717): reassemble_and_dispatch complete l2cap packet received:l2cap full length 12 and hci length 20.
06-08 18:57:02.266: W/bt_hci_packet_fragmenter(6717): reassemble_and_dispatch complete l2cap packet received:l2cap full length 7 and hci length 15.
06-08 18:57:02.370: D/Network(25158): Got Location Updates 18.51097208 73.79171374
06-08 18:57:02.391: W/ctxmgr(4881): [AclManager]No 2 for (accnt=account#1618635401#, com.google.android.gms(10030):UserLocationProducer, vrsn=11055000, 0, 3pPkg = null ,  3pMdlId = null ,  pid = 4881). Was: 2 for 1, account#1618635401#
06-08 18:57:02.391: I/System.out(25158): Device IMEI is 352494060195210
06-08 18:57:02.424: D/WifiService(1043): acquireWifiLockLocked: WifiLock{NlpWifiLock type=2 binder=android.os.BinderProxy@8b5246}
06-08 18:57:02.444: E/com.obd.reader.io.ObdGatewayService(25158): Failed to run command. -> length=4; regionStart=3; regionLength=3
06-08 18:57:02.445: D/com.obd.reader.io.ObdGatewayService(25158): Taking job[30/5] from queue..
06-08 18:57:02.445: D/com.obd.reader.io.ObdGatewayService(25158): Job state is NEW. Run it..
06-08 18:57:02.445: I/System.out(25158): Command Executed TECH 01 04
06-08 18:57:02.524: W/bt_hci_packet_fragmenter(6717): reassemble_and_dispatch complete l2cap packet received:l2cap full length 15 and hci length 23.
06-08 18:57:02.570: W/bt_hci_packet_fragmenter(6717): reassemble_and_dispatch complete l2cap packet received:l2cap full length 7 and hci length 15.
06-08 18:57:02.646: I/System.out(25158): DATA from OBD TECH 41044B
06-08 18:57:02.656: D/com.obd.reader.io.ObdGatewayService(25158): Taking job[31/4] from queue..
06-08 18:57:02.656: D/com.obd.reader.io.ObdGatewayService(25158): Job state is NEW. Run it..
06-08 18:57:02.656: I/System.out(25158): Command Executed TECH 01 0C
06-08 18:57:02.693: W/bt_hci_packet_fragmenter(6717): reassemble_and_dispatch complete l2cap packet received:l2cap full length 20 and hci length 28.
06-08 18:57:02.858: I/System.out(25158): DATA from OBD TECH 410C0B3C
06-08 18:57:02.862: D/com.obd.reader.io.ObdGatewayService(25158): Taking job[32/3] from queue..
06-08 18:57:02.862: D/com.obd.reader.io.ObdGatewayService(25158): Job state is NEW. Run it..
06-08 18:57:02.862: I/System.out(25158): Command Executed TECH 01 1F
06-08 18:57:02.833: W/toolbox(25596): type=1400 audit(0.0:4685567): avc: denied { getattr } for path="/proc/1" dev="proc" ino=9224 scontext=u:r:untrusted_app:s0:c512,c768 tcontext=u:r:init:s0 tclass=dir permissive=0 ppid=25593 pcomm="sh" tgid=25593 tgcomm="sh"
06-08 18:57:02.833: W/toolbox(25596): type=1400 audit(0.0:4685568): avc: denied { search } for name="1" dev="proc" ino=9224 scontext=u:r:untrusted_app:s0:c512,c768 tcontext=u:r:init:s0 tclass=dir permissive=0 ppid=25593 pcomm="sh" tgid=25593 tgcomm="sh"
06-08 18:57:02.919: W/bt_hci_packet_fragmenter(6717): reassemble_and_dispatch complete l2cap packet received:l2cap full length 6 and hci length 14.
06-08 18:57:02.833: W/toolbox(25596): type=1400 audit(0.0:4685569): avc: denied { search } for name="1" dev="proc" ino=9224 scontext=u:r:untrusted_app:s0:c512,c768 tcontext=u:r:init:s0 tclass=dir permissive=0 ppid=25593 pcomm="sh" tgid=25593 tgcomm="sh"
06-08 18:57:02.833: W/toolbox(25596): type=1400 audit(0.0:4685570): avc: denied { getattr } for path="/proc/2" dev="proc" ino=11460 scontext=u:r:untrusted_app:s0:c512,c768 tcontext=u:r:kernel:s0 tclass=dir permissive=0 ppid=25593 pcomm="sh" tgid=25593 tgcomm="sh"
06-08 18:57:02.833: W/toolbox(25596): type=1400 audit(0.0:4685571): avc: denied { search } for name="2" dev="proc" ino=11460 scontext=u:r:untrusted_app:s0:c512,c768 tcontext=u:r:kernel:s0 tclass=dir permissive=0 ppid=25593 pcomm="sh" tgid=25593 tgcomm="sh"
06-08 18:57:02.975: W/bt_hci_packet_fragmenter(6717): reassemble_and_dispatch complete l2cap packet received:l2cap full length 20 and hci length 28.
06-08 18:57:02.975: D/WifiService(1043): releaseWifiLockLocked: WifiLock{NlpWifiLock type=2 binder=android.os.BinderProxy@8b5246}
06-08 18:57:02.987: V/OSNPGlue_jni(1043): Entering  : void onJavaLocationChanged(JNIEnv*, jobject, jboolean, jlong, jboolean, jlong, jboolean, jdouble, jboolean, jdouble, jboolean, jfloat, jboolean, jdouble, jboolean, jfloat, jboolean, jfloat)
06-08 18:57:02.988: D/Network(25158): Got Location Updates 18.5108909 73.7916649
06-08 18:57:02.990: E/LocSvc_LBSApiV02(1043): E/virtual int lbs_core::LBSApiV02::injectCoarsePosition(const CoarsePositionInfo&):320]: Error : st = 3, ind.status = 0
06-08 18:57:02.997: D/WifiService(1043): releaseWifiLockLocked: WifiLock{NlpWifiLock type=2 binder=android.os.BinderProxy@8b5e21}
06-08 18:57:03.002: W/ctxmgr(4881): [AclManager]No 2 for (accnt=account#1618635401#, com.google.android.gms(10030):UserLocationProducer, vrsn=11055000, 0, 3pPkg = null ,  3pMdlId = null ,  pid = 4881). Was: 2 for 1, account#1618635401#
06-08 18:57:03.003: I/System.out(25158): Device IMEI is 352494060195210
06-08 18:57:03.084: I/System.out(25158): DATA from OBD TECH 411F0047
06-08 18:57:03.089: D/com.obd.reader.io.ObdGatewayService(25158): Taking job[33/2] from queue..
06-08 18:57:03.089: D/com.obd.reader.io.ObdGatewayService(25158): Job state is NEW. Run it..
06-08 18:57:03.089: I/System.out(25158): Command Executed TECH 01 10
06-08 18:57:03.169: W/bt_hci_packet_fragmenter(6717): reassemble_and_dispatch complete l2cap packet received:l2cap full length 18 and hci length 26.
06-08 18:57:03.172: W/bt_hci_packet_fragmenter(6717): reassemble_and_dispatch complete l2cap packet received:l2cap full length 7 and hci length 15.
06-08 18:57:03.292: I/System.out(25158): DATA from OBD TECH 411000BB
06-08 18:57:03.301: D/com.obd.reader.io.ObdGatewayService(25158): Taking job[34/1] from queue..
06-08 18:57:03.301: D/com.obd.reader.io.ObdGatewayService(25158): Job state is NEW. Run it..
06-08 18:57:03.301: I/System.out(25158): Command Executed TECH 01 11
06-08 18:57:03.337: W/bt_hci_packet_fragmenter(6717): reassemble_and_dispatch complete l2cap packet received:l2cap full length 15 and hci length 23.
06-08 18:57:03.339: W/bt_hci_packet_fragmenter(6717): reassemble_and_dispatch complete l2cap packet received:l2cap full length 7 and hci length 15.
06-08 18:57:03.377: W/ctxmgr(4881): [AclManager]No 2 for (accnt=account#1618635401#, com.google.android.gms(10030):UserLocationProducer, vrsn=11055000, 0, 3pPkg = null ,  3pMdlId = null ,  pid = 4881). Was: 2 for 1, account#1618635401#
06-08 18:57:03.513: I/System.out(25158): DATA from OBD TECH 411128
06-08 18:57:03.517: D/com.obd.reader.io.ObdGatewayService(25158): Taking job[35/0] from queue..
06-08 18:57:03.517: D/com.obd.reader.io.ObdGatewayService(25158): Job state is NEW. Run it..
06-08 18:57:03.517: I/System.out(25158): Command Executed TECH 01 0D 1
06-08 18:57:03.527: W/bt_hci_packet_fragmenter(6717): reassemble_and_dispatch complete l2cap packet received:l2cap full length 6 and hci length 14.
06-08 18:57:03.560: W/bt_hci_packet_fragmenter(6717): reassemble_and_dispatch complete l2cap packet received:l2cap full length 17 and hci length 25.
06-08 18:57:03.721: I/System.out(25158): DATA from OBD TECH 410D0A
06-08 18:57:03.731: I/System.out(25158): ((MainActivity) ctx).commandResult {MAF=1.87g/s, ENGINE_RPM=719RPM, ENGINE_LOAD=29.4%, TROUBLE_CODES=4300, THROTTLE_POS=15.7%, ENGINE_RUNTIME=00:01:11}
06-08 18:57:03.731: I/System.out(25158): Referring to old Speed 0
06-08 18:57:03.737: D/Network(25158): Network
06-08 18:57:03.740: I/System.out(25158): Device IMEI is 352494060195210
06-08 18:57:03.740: I/System.out(25158): LAT18.5108909LONG73.7916649
06-08 18:57:03.742: I/System.out(25158): MSG 0.0,0.0,1.8700000047683716,15.699999809265137,0.0,719.0,0.0,352494060195210,18.5108909,73.7916649,1496928423735
06-08 18:57:03.742: D/com.obd.activity.MainActivity(25158): throttle,vss,rpm 15.699999809265137,0.0,719.0
06-08 18:57:03.743: I/System.out(25158): url  http://env-9683988.ind-cloud.everdata.com:8080/CenteralServer/pages/tiles/save.jsp?lngsend=73.7916649&load_pct=0.0&temp=0.0&throttlepos=15.699999809265137&method=send&time=1496928423735&imei=352494060195210&latsend=18.5108909&rpm=719.0&ctime=08-Jun-2017+18%3A57%3A03&maf=1.8700000047683716&vss=0.0&iat=0.0
06-08 18:57:03.743: V/HttpView(25158): http://env-9683988.ind-cloud.everdata.com:8080/CenteralServer/pages/tiles/save.jsp?lngsend=73.7916649&load_pct=0.0&temp=0.0&throttlepos=15.699999809265137&method=send&time=1496928423735&imei=352494060195210&latsend=18.5108909&rpm=719.0&ctime=08-Jun-2017+18%3A57%3A03&maf=1.8700000047683716&vss=0.0&iat=0.0
06-08 18:57:04.208: I/Ads(24444): Ad is not visible. Not refreshing ad.
06-08 18:57:04.208: I/Ads(24444): Scheduling ad refresh 60000 milliseconds from now.
06-08 18:57:04.379: W/ctxmgr(4881): [AclManager]No 2 for (accnt=account#1618635401#, com.google.android.gms(10030):UserLocationProducer, vrsn=11055000, 0, 3pPkg = null ,  3pMdlId = null ,  pid = 4881). Was: 2 for 1, account#1618635401#
06-08 18:57:04.567: D/==FindMyPhone==(26284): 1496928424567
06-08 18:57:05.378: W/ctxmgr(4881): [AclManager]No 2 for (accnt=account#1618635401#, com.google.android.gms(10030):UserLocationProducer, vrsn=11055000, 0, 3pPkg = null ,  3pMdlId = null ,  pid = 4881). Was: 2 for 1, account#1618635401#
06-08 18:57:05.506: D/com.obd.reader.io.AbstractGatewayService(25158): Adding job[36] to queue..
06-08 18:57:05.509: D/com.obd.reader.io.AbstractGatewayService(25158): Job queued successfully.
06-08 18:57:05.509: D/com.obd.reader.io.AbstractGatewayService(25158): Adding job[37] to queue..
06-08 18:57:05.509: D/com.obd.reader.io.AbstractGatewayService(25158): Job queued successfully.
06-08 18:57:05.510: D/com.obd.reader.io.AbstractGatewayService(25158): Adding job[38] to queue..
06-08 18:57:05.510: D/com.obd.reader.io.AbstractGatewayService(25158): Job queued successfully.
06-08 18:57:05.510: D/com.obd.reader.io.AbstractGatewayService(25158): Adding job[39] to queue..
06-08 18:57:05.510: D/com.obd.reader.io.AbstractGatewayService(25158): Job queued successfully.
06-08 18:57:05.510: D/com.obd.reader.io.AbstractGatewayService(25158): Adding job[40] to queue..
06-08 18:57:05.510: D/com.obd.reader.io.AbstractGatewayService(25158): Job queued successfully.
06-08 18:57:05.510: D/com.obd.reader.io.AbstractGatewayService(25158): Adding job[41] to queue..
06-08 18:57:05.510: D/com.obd.reader.io.AbstractGatewayService(25158): Job queued successfully.
06-08 18:57:05.510: D/com.obd.reader.io.AbstractGatewayService(25158): Adding job[42] to queue..
06-08 18:57:05.510: D/com.obd.reader.io.AbstractGatewayService(25158): Job queued successfully.
06-08 18:57:05.510: I/System.out(25158): LAT18.5109378LONG73.79165021
06-08 18:57:05.510: W/System.err(25158): java.lang.StringIndexOutOfBoundsException: length=5; regionStart=0; regionLength=7
06-08 18:57:05.510: W/System.err(25158): 	at java.lang.String.startEndAndLength(String.java:298)
06-08 18:57:05.510: W/System.err(25158): 	at java.lang.String.substring(String.java:1087)
06-08 18:57:05.511: W/System.err(25158): 	at com.obd.activity.MainActivity$2.run(MainActivity.java:189)
06-08 18:57:05.511: W/System.err(25158): 	at android.os.Handler.handleCallback(Handler.java:739)
06-08 18:57:05.511: W/System.err(25158): 	at android.os.Handler.dispatchMessage(Handler.java:95)
06-08 18:57:05.511: W/System.err(25158): 	at android.os.Looper.loop(Looper.java:234)
06-08 18:57:05.511: W/System.err(25158): 	at android.app.ActivityThread.main(ActivityThread.java:5526)
06-08 18:57:05.511: W/System.err(25158): 	at java.lang.reflect.Method.invoke(Native Method)
06-08 18:57:05.511: W/System.err(25158): 	at com.android.internal.os.ZygoteInit$MethodAndArgsCaller.run(ZygoteInit.java:726)
06-08 18:57:05.511: W/System.err(25158): 	at com.android.internal.os.ZygoteInit.main(ZygoteInit.java:616)
06-08 18:57:06.372: W/ctxmgr(4881): [AclManager]No 2 for (accnt=account#1618635401#, com.google.android.gms(10030):UserLocationProducer, vrsn=11055000, 0, 3pPkg = null ,  3pMdlId = null ,  pid = 4881). Was: 2 for 1, account#1618635401#
06-08 18:57:07.337: I/Gobi(445): vendor/qcom/proprietary/RIDL/RIDLClient/RIDLSQL.cpp:2500: GetTransState() EBADF
06-08 18:57:07.337: I/Gobi(445): vendor/qcom/proprietary/RIDL/RIDLClient/MainCore.cpp:1550: Failed to get TransState, rc 9
06-08 18:57:07.338: I/Gobi(445): vendor/qcom/proprietary/RIDL/RIDLClient/RIDLSQL.cpp:2500: GetTransState() EBADF
06-08 18:57:07.338: I/Gobi(445): vendor/qcom/proprietary/RIDL/RIDLClient/RIDLSQL.cpp:2500: GetTransState() EBADF
06-08 18:57:07.364: D/Network(25158): Got Location Updates 18.51089934 73.79163208
06-08 18:57:07.377: W/ctxmgr(4881): [AclManager]No 2 for (accnt=account#1618635401#, com.google.android.gms(10030):UserLocationProducer, vrsn=11055000, 0, 3pPkg = null ,  3pMdlId = null ,  pid = 4881). Was: 2 for 1, account#1618635401#
06-08 18:57:07.395: I/System.out(25158): Device IMEI is 352494060195210
06-08 18:57:07.609: D/==FindMyPhone==(26284): 1496928427609
06-08 18:57:08.390: W/ctxmgr(4881): [AclManager]No 2 for (accnt=account#1618635401#, com.google.android.gms(10030):UserLocationProducer, vrsn=11055000, 0, 3pPkg = null ,  3pMdlId = null ,  pid = 4881). Was: 2 for 1, account#1618635401#
06-08 18:57:09.343: D/bt_btm_pm(6717): btm_pm_snd_md_req switching from ACTIVE to SNIFF.
06-08 18:57:09.373: W/ctxmgr(4881): [AclManager]No 2 for (accnt=account#1618635401#, com.google.android.gms(10030):UserLocationProducer, vrsn=11055000, 0, 3pPkg = null ,  3pMdlId = null ,  pid = 4881). Was: 2 for 1, account#1618635401#
06-08 18:57:09.426: D/bt_btm_pm(6717): btm_pm_proc_mode_change switched from UNKNOWN to ACTIVE.
06-08 18:57:09.426: E/bt_btif(6717): bta_dm_pm_btm_status hci_status=36
06-08 18:57:10.379: W/ctxmgr(4881): [AclManager]No 2 for (accnt=account#1618635401#, com.google.android.gms(10030):UserLocationProducer, vrsn=11055000, 0, 3pPkg = null ,  3pMdlId = null ,  pid = 4881). Was: 2 for 1, account#1618635401#
06-08 18:57:10.649: D/==FindMyPhone==(26284): 1496928430648
06-08 18:57:11.369: D/Network(25158): Got Location Updates 18.51079064 73.79163263
06-08 18:57:11.382: W/ctxmgr(4881): [AclManager]No 2 for (accnt=account#1618635401#, com.google.android.gms(10030):UserLocationProducer, vrsn=11055000, 0, 3pPkg = null ,  3pMdlId = null ,  pid = 4881). Was: 2 for 1, account#1618635401#
06-08 18:57:11.405: I/System.out(25158): Device IMEI is 352494060195210
06-08 18:57:12.377: W/ctxmgr(4881): [AclManager]No 2 for (accnt=account#1618635401#, com.google.android.gms(10030):UserLocationProducer, vrsn=11055000, 0, 3pPkg = null ,  3pMdlId = null ,  pid = 4881). Was: 2 for 1, account#1618635401#
06-08 18:57:12.873: W/toolbox(25633): type=1400 audit(0.0:4686368): avc: denied { getattr } for path="/proc/1" dev="proc" ino=9224 scontext=u:r:untrusted_app:s0:c512,c768 tcontext=u:r:init:s0 tclass=dir permissive=0 ppid=25630 pcomm="sh" tgid=25630 tgcomm="sh"
06-08 18:57:12.873: W/toolbox(25633): type=1400 audit(0.0:4686369): avc: denied { search } for name="1" dev="proc" ino=9224 scontext=u:r:untrusted_app:s0:c512,c768 tcontext=u:r:init:s0 tclass=dir permissive=0 ppid=25630 pcomm="sh" tgid=25630 tgcomm="sh"
06-08 18:57:12.873: W/toolbox(25633): type=1400 audit(0.0:4686370): avc: denied { search } for name="1" dev="proc" ino=9224 scontext=u:r:untrusted_app:s0:c512,c768 tcontext=u:r:init:s0 tclass=dir permissive=0 ppid=25630 pcomm="sh" tgid=25630 tgcomm="sh"
06-08 18:57:12.873: W/toolbox(25633): type=1400 audit(0.0:4686371): avc: denied { getattr } for path="/proc/2" dev="proc" ino=11460 scontext=u:r:untrusted_app:s0:c512,c768 tcontext=u:r:kernel:s0 tclass=dir permissive=0 ppid=25630 pcomm="sh" tgid=25630 tgcomm="sh"
06-08 18:57:12.873: W/toolbox(25633): type=1400 audit(0.0:4686372): avc: denied { search } for name="2" dev="proc" ino=11460 scontext=u:r:untrusted_app:s0:c512,c768 tcontext=u:r:kernel:s0 tclass=dir permissive=0 ppid=25630 pcomm="sh" tgid=25630 tgcomm="sh"
06-08 18:57:13.367: D/Network(25158): Got Location Updates 18.51069951 73.79166267
06-08 18:57:13.380: I/System.out(25158): Device IMEI is 352494060195210
06-08 18:57:13.387: W/ctxmgr(4881): [AclManager]No 2 for (accnt=account#1618635401#, com.google.android.gms(10030):UserLocationProducer, vrsn=11055000, 0, 3pPkg = null ,  3pMdlId = null ,  pid = 4881). Was: 2 for 1, account#1618635401#
06-08 18:57:13.437: I/CastDatabase(3716): Saving the database
06-08 18:57:13.437: I/SQLiteCastStore(3716): Saving 0 CastNetworkInfo instances, 0 CastDeviceInfo instances, 0 paired guest mode devices.
06-08 18:57:13.470: E/SQLiteCastStore(3716): End saving paired guest mode devices
06-08 18:57:13.687: D/==FindMyPhone==(26284): 1496928433687
06-08 18:57:14.379: W/ctxmgr(4881): [AclManager]No 2 for (accnt=account#1618635401#, com.google.android.gms(10030):UserLocationProducer, vrsn=11055000, 0, 3pPkg = null ,  3pMdlId = null ,  pid = 4881). Was: 2 for 1, account#1618635401#
06-08 18:57:15.366: D/Network(25158): Got Location Updates 18.51060063 73.79165576
06-08 18:57:15.394: I/System.out(25158): Device IMEI is 352494060195210
06-08 18:57:15.398: W/ctxmgr(4881): [AclManager]No 2 for (accnt=account#1618635401#, com.google.android.gms(10030):UserLocationProducer, vrsn=11055000, 0, 3pPkg = null ,  3pMdlId = null ,  pid = 4881). Was: 2 for 1, account#1618635401#
06-08 18:57:16.376: W/ctxmgr(4881): [AclManager]No 2 for (accnt=account#1618635401#, com.google.android.gms(10030):UserLocationProducer, vrsn=11055000, 0, 3pPkg = null ,  3pMdlId = null ,  pid = 4881). Was: 2 for 1, account#1618635401#
06-08 18:57:16.701: D/==FindMyPhone==(26284): 1496928436701
06-08 18:57:17.347: I/Gobi(445): vendor/qcom/proprietary/RIDL/RIDLClient/RIDLSQL.cpp:2500: GetTransState() EBADF
06-08 18:57:17.347: I/Gobi(445): vendor/qcom/proprietary/RIDL/RIDLClient/MainCore.cpp:1550: Failed to get TransState, rc 9
06-08 18:57:17.347: I/Gobi(445): vendor/qcom/proprietary/RIDL/RIDLClient/RIDLSQL.cpp:2500: GetTransState() EBADF
06-08 18:57:17.347: I/Gobi(445): vendor/qcom/proprietary/RIDL/RIDLClient/RIDLSQL.cpp:2500: GetTransState() EBADF
06-08 18:57:17.366: D/Network(25158): Got Location Updates 18.51050831 73.79167944
06-08 18:57:17.387: W/ctxmgr(4881): [AclManager]No 2 for (accnt=account#1618635401#, com.google.android.gms(10030):UserLocationProducer, vrsn=11055000, 0, 3pPkg = null ,  3pMdlId = null ,  pid = 4881). Was: 2 for 1, account#1618635401#
06-08 18:57:17.398: I/System.out(25158): Device IMEI is 352494060195210
06-08 18:57:18.382: W/ctxmgr(4881): [AclManager]No 2 for (accnt=account#1618635401#, com.google.android.gms(10030):UserLocationProducer, vrsn=11055000, 0, 3pPkg = null ,  3pMdlId = null ,  pid = 4881). Was: 2 for 1, account#1618635401#
06-08 18:57:18.953: D/WifiService(1043): acquireWifiLockLocked: WifiLock{NlpWifiLock type=2 binder=android.os.BinderProxy@8b5e21}
06-08 18:57:19.382: W/ctxmgr(4881): [AclManager]No 2 for (accnt=account#1618635401#, com.google.android.gms(10030):UserLocationProducer, vrsn=11055000, 0, 3pPkg = null ,  3pMdlId = null ,  pid = 4881). Was: 2 for 1, account#1618635401#
06-08 18:57:19.737: D/==FindMyPhone==(26284): 1496928439737
06-08 18:57:20.378: W/ctxmgr(4881): [AclManager]No 2 for (accnt=account#1618635401#, com.google.android.gms(10030):UserLocationProducer, vrsn=11055000, 0, 3pPkg = null ,  3pMdlId = null ,  pid = 4881). Was: 2 for 1, account#1618635401#
06-08 18:57:21.375: W/ctxmgr(4881): [AclManager]No 2 for (accnt=account#1618635401#, com.google.android.gms(10030):UserLocationProducer, vrsn=11055000, 0, 3pPkg = null ,  3pMdlId = null ,  pid = 4881). Was: 2 for 1, account#1618635401#
06-08 18:57:22.365: D/Network(25158): Got Location Updates 18.51040721 73.79169593
06-08 18:57:22.380: W/ctxmgr(4881): [AclManager]No 2 for (accnt=account#1618635401#, com.google.android.gms(10030):UserLocationProducer, vrsn=11055000, 0, 3pPkg = null ,  3pMdlId = null ,  pid = 4881). Was: 2 for 1, account#1618635401#
06-08 18:57:22.392: I/System.out(25158): Device IMEI is 352494060195210
06-08 18:57:22.479: V/OSNPGlue_jni(1043): Entering  : void onJavaLocationChanged(JNIEnv*, jobject, jboolean, jlong, jboolean, jlong, jboolean, jdouble, jboolean, jdouble, jboolean, jfloat, jboolean, jdouble, jboolean, jfloat, jboolean, jfloat)
06-08 18:57:22.481: E/LocSvc_LBSApiV02(1043): E/virtual int lbs_core::LBSApiV02::injectCoarsePosition(const CoarsePositionInfo&):320]: Error : st = 3, ind.status = -1727159900
06-08 18:57:22.488: D/Network(25158): Got Location Updates 18.5104557 73.7914688
06-08 18:57:22.492: D/WifiService(1043): releaseWifiLockLocked: WifiLock{NlpWifiLock type=2 binder=android.os.BinderProxy@8b5e21}
06-08 18:57:22.508: I/System.out(25158): Device IMEI is 352494060195210
06-08 18:57:22.770: D/==FindMyPhone==(26284): 1496928442770
06-08 18:57:22.923: W/toolbox(25746): type=1400 audit(0.0:4687169): avc: denied { getattr } for path="/proc/1" dev="proc" ino=9224 scontext=u:r:untrusted_app:s0:c512,c768 tcontext=u:r:init:s0 tclass=dir permissive=0 ppid=25743 pcomm="sh" tgid=25743 tgcomm="sh"
06-08 18:57:22.923: W/toolbox(25746): type=1400 audit(0.0:4687170): avc: denied { search } for name="1" dev="proc" ino=9224 scontext=u:r:untrusted_app:s0:c512,c768 tcontext=u:r:init:s0 tclass=dir permissive=0 ppid=25743 pcomm="sh" tgid=25743 tgcomm="sh"
06-08 18:57:22.923: W/toolbox(25746): type=1400 audit(0.0:4687171): avc: denied { search } for name="1" dev="proc" ino=9224 scontext=u:r:untrusted_app:s0:c512,c768 tcontext=u:r:init:s0 tclass=dir permissive=0 ppid=25743 pcomm="sh" tgid=25743 tgcomm="sh"
06-08 18:57:22.923: W/toolbox(25746): type=1400 audit(0.0:4687172): avc: denied { getattr } for path="/proc/2" dev="proc" ino=11460 scontext=u:r:untrusted_app:s0:c512,c768 tcontext=u:r:kernel:s0 tclass=dir permissive=0 ppid=25743 pcomm="sh" tgid=25743 tgcomm="sh"
06-08 18:57:22.923: W/toolbox(25746): type=1400 audit(0.0:4687173): avc: denied { search } for name="2" dev="proc" ino=11460 scontext=u:r:untrusted_app:s0:c512,c768 tcontext=u:r:kernel:s0 tclass=dir permissive=0 ppid=25743 pcomm="sh" tgid=25743 tgcomm="sh"
06-08 18:57:23.395: W/ctxmgr(4881): [AclManager]No 2 for (accnt=account#1618635401#, com.google.android.gms(10030):UserLocationProducer, vrsn=11055000, 0, 3pPkg = null ,  3pMdlId = null ,  pid = 4881). Was: 2 for 1, account#1618635401#
06-08 18:57:24.380: W/ctxmgr(4881): [AclManager]No 2 for (accnt=account#1618635401#, com.google.android.gms(10030):UserLocationProducer, vrsn=11055000, 0, 3pPkg = null ,  3pMdlId = null ,  pid = 4881). Was: 2 for 1, account#1618635401#
06-08 18:57:24.387: E/NetlinkEvent(398): NetlinkEvent::FindParam(): Parameter 'TIME_NS' not found
06-08 18:57:24.387: E/NetlinkEvent(398): NetlinkEvent::FindParam(): Parameter 'UID' not found
06-08 18:57:25.386: W/ctxmgr(4881): [AclManager]No 2 for (accnt=account#1618635401#, com.google.android.gms(10030):UserLocationProducer, vrsn=11055000, 0, 3pPkg = null ,  3pMdlId = null ,  pid = 4881). Was: 2 for 1, account#1618635401#
06-08 18:57:25.807: D/==FindMyPhone==(26284): 1496928445807
06-08 18:57:26.384: W/ctxmgr(4881): [AclManager]No 2 for (accnt=account#1618635401#, com.google.android.gms(10030):UserLocationProducer, vrsn=11055000, 0, 3pPkg = null ,  3pMdlId = null ,  pid = 4881). Was: 2 for 1, account#1618635401#
06-08 18:57:27.357: I/Gobi(445): vendor/qcom/proprietary/RIDL/RIDLClient/RIDLSQL.cpp:2500: GetTransState() EBADF
06-08 18:57:27.357: I/Gobi(445): vendor/qcom/proprietary/RIDL/RIDLClient/MainCore.cpp:1550: Failed to get TransState, rc 9
06-08 18:57:27.357: I/Gobi(445): vendor/qcom/proprietary/RIDL/RIDLClient/RIDLSQL.cpp:2500: GetTransState() EBADF
06-08 18:57:27.357: I/Gobi(445): vendor/qcom/proprietary/RIDL/RIDLClient/RIDLSQL.cpp:2500: GetTransState() EBADF
06-08 18:57:27.369: D/Network(25158): Got Location Updates 18.51035327 73.79178072
06-08 18:57:27.387: W/ctxmgr(4881): [AclManager]No 2 for (accnt=account#1618635401#, com.google.android.gms(10030):UserLocationProducer, vrsn=11055000, 0, 3pPkg = null ,  3pMdlId = null ,  pid = 4881). Was: 2 for 1, account#1618635401#
06-08 18:57:27.406: I/System.out(25158): Device IMEI is 352494060195210
06-08 18:57:28.382: W/ctxmgr(4881): [AclManager]No 2 for (accnt=account#1618635401#, com.google.android.gms(10030):UserLocationProducer, vrsn=11055000, 0, 3pPkg = null ,  3pMdlId = null ,  pid = 4881). Was: 2 for 1, account#1618635401#
06-08 18:57:28.848: D/==FindMyPhone==(26284): 1496928448848
06-08 18:57:29.387: W/ctxmgr(4881): [AclManager]No 2 for (accnt=account#1618635401#, com.google.android.gms(10030):UserLocationProducer, vrsn=11055000, 0, 3pPkg = null ,  3pMdlId = null ,  pid = 4881). Was: 2 for 1, account#1618635401#
06-08 18:57:30.368: D/Network(25158): Got Location Updates 18.51035905 73.79190156
06-08 18:57:30.390: W/ctxmgr(4881): [AclManager]No 2 for (accnt=account#1618635401#, com.google.android.gms(10030):UserLocationProducer, vrsn=11055000, 0, 3pPkg = null ,  3pMdlId = null ,  pid = 4881). Was: 2 for 1, account#1618635401#
06-08 18:57:30.399: I/System.out(25158): Device IMEI is 352494060195210
06-08 18:57:30.480: W/System.err(25158): java.io.FileNotFoundException: http://env-9683988.ind-cloud.everdata.com:8080/CenteralServer/pages/tiles/save.jsp?lngsend=73.7916649&load_pct=0.0&temp=0.0&throttlepos=15.699999809265137&method=send&time=1496928423735&imei=352494060195210&latsend=18.5108909&rpm=719.0&ctime=08-Jun-2017+18%3A57%3A03&maf=1.8700000047683716&vss=0.0&iat=0.0
06-08 18:57:30.481: W/System.err(25158): 	at com.android.okhttp.internal.huc.HttpURLConnectionImpl.getInputStream(HttpURLConnectionImpl.java:238)
06-08 18:57:30.482: E/NetlinkEvent(398): NetlinkEvent::FindParam(): Parameter 'TIME_NS' not found
06-08 18:57:30.482: E/NetlinkEvent(398): NetlinkEvent::FindParam(): Parameter 'UID' not found
06-08 18:57:30.481: W/System.err(25158): 	at com.util.HttpView.connect2Server(HttpView.java:58)
06-08 18:57:30.491: W/System.err(25158): 	at com.util.HttpView.createURL(HttpView.java:339)
06-08 18:57:30.491: W/System.err(25158): 	at com.obd.activity.MainActivity.sendData(MainActivity.java:482)
06-08 18:57:30.491: W/System.err(25158): 	at com.obd.reader.io.ObdGatewayService.executeQueue(ObdGatewayService.java:306)
06-08 18:57:30.491: W/System.err(25158): 	at com.obd.reader.io.AbstractGatewayService$1.run(AbstractGatewayService.java:38)
06-08 18:57:30.491: W/System.err(25158): 	at java.lang.Thread.run(Thread.java:818)
06-08 18:57:30.491: V/HttpView(25158): HttpView.count -1
06-08 18:57:30.491: D/com.obd.reader.io.ObdGatewayService(25158): Taking job[36/6] from queue..
06-08 18:57:30.492: D/com.obd.reader.io.ObdGatewayService(25158): Job state is NEW. Run it..
06-08 18:57:30.492: I/System.out(25158): Command Executed TECH 03
06-08 18:57:30.576: W/bt_hci_packet_fragmenter(6717): reassemble_and_dispatch complete l2cap packet received:l2cap full length 12 and hci length 20.
06-08 18:57:30.578: W/bt_hci_packet_fragmenter(6717): reassemble_and_dispatch complete l2cap packet received:l2cap full length 7 and hci length 15.
06-08 18:57:30.710: E/com.obd.reader.io.ObdGatewayService(25158): Failed to run command. -> length=4; regionStart=3; regionLength=3
06-08 18:57:30.712: D/com.obd.reader.io.ObdGatewayService(25158): Taking job[37/5] from queue..
06-08 18:57:30.712: D/com.obd.reader.io.ObdGatewayService(25158): Job state is NEW. Run it..
06-08 18:57:30.712: I/System.out(25158): Command Executed TECH 01 04
06-08 18:57:30.748: W/bt_hci_packet_fragmenter(6717): reassemble_and_dispatch complete l2cap packet received:l2cap full length 15 and hci length 23.
06-08 18:57:30.750: W/bt_hci_packet_fragmenter(6717): reassemble_and_dispatch complete l2cap packet received:l2cap full length 7 and hci length 15.
06-08 18:57:30.929: I/System.out(25158): DATA from OBD TECH 410487
06-08 18:57:30.934: D/com.obd.reader.io.ObdGatewayService(25158): Taking job[38/4] from queue..
06-08 18:57:30.934: D/com.obd.reader.io.ObdGatewayService(25158): Job state is NEW. Run it..
06-08 18:57:30.934: I/System.out(25158): Command Executed TECH 01 0C
06-08 18:57:30.945: W/bt_hci_packet_fragmenter(6717): reassemble_and_dispatch complete l2cap packet received:l2cap full length 6 and hci length 14.
06-08 18:57:30.978: W/bt_hci_packet_fragmenter(6717): reassemble_and_dispatch complete l2cap packet received:l2cap full length 18 and hci length 26.
06-08 18:57:30.980: W/bt_hci_packet_fragmenter(6717): reassemble_and_dispatch complete l2cap packet received:l2cap full length 7 and hci length 15.
06-08 18:57:31.152: I/System.out(25158): DATA from OBD TECH 410C1314
06-08 18:57:31.159: D/com.obd.reader.io.ObdGatewayService(25158): Taking job[39/3] from queue..
06-08 18:57:31.159: D/com.obd.reader.io.ObdGatewayService(25158): Job state is NEW. Run it..
06-08 18:57:31.159: I/System.out(25158): Command Executed TECH 01 1F
06-08 18:57:31.195: W/bt_hci_packet_fragmenter(6717): reassemble_and_dispatch complete l2cap packet received:l2cap full length 18 and hci length 26.
06-08 18:57:31.198: W/bt_hci_packet_fragmenter(6717): reassemble_and_dispatch complete l2cap packet received:l2cap full length 7 and hci length 15.
06-08 18:57:31.365: I/System.out(25158): DATA from OBD TECH 411F0063
06-08 18:57:31.379: D/com.obd.reader.io.ObdGatewayService(25158): Taking job[40/2] from queue..
06-08 18:57:31.379: D/com.obd.reader.io.ObdGatewayService(25158): Job state is NEW. Run it..
06-08 18:57:31.379: I/System.out(25158): Command Executed TECH 01 10
06-08 18:57:31.399: W/ctxmgr(4881): [AclManager]No 2 for (accnt=account#1618635401#, com.google.android.gms(10030):UserLocationProducer, vrsn=11055000, 0, 3pPkg = null ,  3pMdlId = null ,  pid = 4881). Was: 2 for 1, account#1618635401#
06-08 18:57:31.416: W/bt_hci_packet_fragmenter(6717): reassemble_and_dispatch complete l2cap packet received:l2cap full length 20 and hci length 28.
06-08 18:57:31.595: I/System.out(25158): DATA from OBD TECH 411003C7
06-08 18:57:31.607: D/com.obd.reader.io.ObdGatewayService(25158): Taking job[41/1] from queue..
06-08 18:57:31.607: D/com.obd.reader.io.ObdGatewayService(25158): Job state is NEW. Run it..
06-08 18:57:31.607: I/System.out(25158): Command Executed TECH 01 11
06-08 18:57:31.614: W/bt_hci_packet_fragmenter(6717): reassemble_and_dispatch complete l2cap packet received:l2cap full length 6 and hci length 14.
06-08 18:57:31.647: W/bt_hci_packet_fragmenter(6717): reassemble_and_dispatch complete l2cap packet received:l2cap full length 15 and hci length 23.
06-08 18:57:31.650: W/bt_hci_packet_fragmenter(6717): reassemble_and_dispatch complete l2cap packet received:l2cap full length 7 and hci length 15.
06-08 18:57:31.814: I/System.out(25158): DATA from OBD TECH 411139
06-08 18:57:31.826: D/com.obd.reader.io.ObdGatewayService(25158): Taking job[42/0] from queue..
06-08 18:57:31.826: D/com.obd.reader.io.ObdGatewayService(25158): Job state is NEW. Run it..
06-08 18:57:31.826: I/System.out(25158): Command Executed TECH 01 0D 1
06-08 18:57:31.862: W/bt_hci_packet_fragmenter(6717): reassemble_and_dispatch complete l2cap packet received:l2cap full length 15 and hci length 23.
06-08 18:57:31.864: W/bt_hci_packet_fragmenter(6717): reassemble_and_dispatch complete l2cap packet received:l2cap full length 7 and hci length 15.
06-08 18:57:31.889: D/==FindMyPhone==(26284): 1496928451889
06-08 18:57:32.030: I/System.out(25158): DATA from OBD TECH 410D12
06-08 18:57:32.039: I/System.out(25158): ((MainActivity) ctx).commandResult {MAF=9.67g/s, ENGINE_RPM=1221RPM, ENGINE_LOAD=52.9%, TROUBLE_CODES=4300, THROTTLE_POS=22.4%, ENGINE_RUNTIME=00:01:39}
06-08 18:57:32.039: I/System.out(25158): Referring to old Speed 0
06-08 18:57:32.048: D/Network(25158): Network
06-08 18:57:32.070: I/System.out(25158): Device IMEI is 352494060195210
06-08 18:57:32.070: I/System.out(25158): LAT18.5104557LONG73.7914688
06-08 18:57:32.072: I/System.out(25158): MSG 0.0,0.0,9.670000076293945,22.399999618530273,0.0,1221.0,0.0,352494060195210,18.5104557,73.7914688,1496928452046
06-08 18:57:32.072: D/com.obd.activity.MainActivity(25158): throttle,vss,rpm 22.399999618530273,0.0,1221.0
06-08 18:57:32.072: I/System.out(25158): url  http://env-9683988.ind-cloud.everdata.com:8080/CenteralServer/pages/tiles/save.jsp?lngsend=73.7914688&load_pct=0.0&temp=0.0&throttlepos=22.399999618530273&method=send&time=1496928452046&imei=352494060195210&latsend=18.5104557&rpm=1221.0&ctime=08-Jun-2017+18%3A57%3A32&maf=9.670000076293945&vss=0.0&iat=0.0
06-08 18:57:32.072: V/HttpView(25158): http://env-9683988.ind-cloud.everdata.com:8080/CenteralServer/pages/tiles/save.jsp?lngsend=73.7914688&load_pct=0.0&temp=0.0&throttlepos=22.399999618530273&method=send&time=1496928452046&imei=352494060195210&latsend=18.5104557&rpm=1221.0&ctime=08-Jun-2017+18%3A57%3A32&maf=9.670000076293945&vss=0.0&iat=0.0
06-08 18:57:32.366: D/Network(25158): Got Location Updates 18.51035832 73.79200547
06-08 18:57:32.390: W/ctxmgr(4881): [AclManager]No 2 for (accnt=account#1618635401#, com.google.android.gms(10030):UserLocationProducer, vrsn=11055000, 0, 3pPkg = null ,  3pMdlId = null ,  pid = 4881). Was: 2 for 1, account#1618635401#
06-08 18:57:32.401: I/System.out(25158): Device IMEI is 352494060195210
06-08 18:57:32.973: W/toolbox(25771): type=1400 audit(0.0:4687982): avc: denied { getattr } for path="/proc/1" dev="proc" ino=9224 scontext=u:r:untrusted_app:s0:c512,c768 tcontext=u:r:init:s0 tclass=dir permissive=0 ppid=25768 pcomm="sh" tgid=25768 tgcomm="sh"
06-08 18:57:32.973: W/toolbox(25771): type=1400 audit(0.0:4687983): avc: denied { search } for name="1" dev="proc" ino=9224 scontext=u:r:untrusted_app:s0:c512,c768 tcontext=u:r:init:s0 tclass=dir permissive=0 ppid=25768 pcomm="sh" tgid=25768 tgcomm="sh"
06-08 18:57:32.973: W/toolbox(25771): type=1400 audit(0.0:4687984): avc: denied { search } for name="1" dev="proc" ino=9224 scontext=u:r:untrusted_app:s0:c512,c768 tcontext=u:r:init:s0 tclass=dir permissive=0 ppid=25768 pcomm="sh" tgid=25768 tgcomm="sh"
06-08 18:57:32.973: W/toolbox(25771): type=1400 audit(0.0:4687985): avc: denied { getattr } for path="/proc/2" dev="proc" ino=11460 scontext=u:r:untrusted_app:s0:c512,c768 tcontext=u:r:kernel:s0 tclass=dir permissive=0 ppid=25768 pcomm="sh" tgid=25768 tgcomm="sh"
06-08 18:57:32.973: W/toolbox(25771): type=1400 audit(0.0:4687986): avc: denied { search } for name="2" dev="proc" ino=11460 scontext=u:r:untrusted_app:s0:c512,c768 tcontext=u:r:kernel:s0 tclass=dir permissive=0 ppid=25768 pcomm="sh" tgid=25768 tgcomm="sh"
06-08 18:57:33.380: W/ctxmgr(4881): [AclManager]No 2 for (accnt=account#1618635401#, com.google.android.gms(10030):UserLocationProducer, vrsn=11055000, 0, 3pPkg = null ,  3pMdlId = null ,  pid = 4881). Was: 2 for 1, account#1618635401#
06-08 18:57:33.528: D/com.obd.reader.io.AbstractGatewayService(25158): Adding job[43] to queue..
06-08 18:57:33.529: D/com.obd.reader.io.AbstractGatewayService(25158): Job queued successfully.
06-08 18:57:33.529: D/com.obd.reader.io.AbstractGatewayService(25158): Adding job[44] to queue..
06-08 18:57:33.529: D/com.obd.reader.io.AbstractGatewayService(25158): Job queued successfully.
06-08 18:57:33.529: D/com.obd.reader.io.AbstractGatewayService(25158): Adding job[45] to queue..
06-08 18:57:33.529: D/com.obd.reader.io.AbstractGatewayService(25158): Job queued successfully.
06-08 18:57:33.529: D/com.obd.reader.io.AbstractGatewayService(25158): Adding job[46] to queue..
06-08 18:57:33.529: D/com.obd.reader.io.AbstractGatewayService(25158): Job queued successfully.
06-08 18:57:33.529: D/com.obd.reader.io.AbstractGatewayService(25158): Adding job[47] to queue..
06-08 18:57:33.529: D/com.obd.reader.io.AbstractGatewayService(25158): Job queued successfully.
06-08 18:57:33.529: D/com.obd.reader.io.AbstractGatewayService(25158): Adding job[48] to queue..
06-08 18:57:33.529: D/com.obd.reader.io.AbstractGatewayService(25158): Job queued successfully.
06-08 18:57:33.529: D/com.obd.reader.io.AbstractGatewayService(25158): Adding job[49] to queue..
06-08 18:57:33.529: D/com.obd.reader.io.AbstractGatewayService(25158): Job queued successfully.
06-08 18:57:33.529: I/System.out(25158): LAT18.51036656LONG73.79206173
06-08 18:57:33.529: W/System.err(25158): java.lang.StringIndexOutOfBoundsException: length=5; regionStart=0; regionLength=7
06-08 18:57:33.530: W/System.err(25158): 	at java.lang.String.startEndAndLength(String.java:298)
06-08 18:57:33.530: W/System.err(25158): 	at java.lang.String.substring(String.java:1087)
06-08 18:57:33.530: W/System.err(25158): 	at com.obd.activity.MainActivity$2.run(MainActivity.java:189)
06-08 18:57:33.530: W/System.err(25158): 	at android.os.Handler.handleCallback(Handler.java:739)
06-08 18:57:33.530: W/System.err(25158): 	at android.os.Handler.dispatchMessage(Handler.java:95)
06-08 18:57:33.530: W/System.err(25158): 	at android.os.Looper.loop(Looper.java:234)
06-08 18:57:33.530: W/System.err(25158): 	at android.app.ActivityThread.main(ActivityThread.java:5526)
06-08 18:57:33.530: W/System.err(25158): 	at java.lang.reflect.Method.invoke(Native Method)
06-08 18:57:33.530: W/System.err(25158): 	at com.android.internal.os.ZygoteInit$MethodAndArgsCaller.run(ZygoteInit.java:726)
06-08 18:57:33.530: W/System.err(25158): 	at com.android.internal.os.ZygoteInit.main(ZygoteInit.java:616)
06-08 18:57:34.368: D/Network(25158): Got Location Updates 18.51036959 73.79212212
06-08 18:57:34.384: W/ctxmgr(4881): [AclManager]No 2 for (accnt=account#1618635401#, com.google.android.gms(10030):UserLocationProducer, vrsn=11055000, 0, 3pPkg = null ,  3pMdlId = null ,  pid = 4881). Was: 2 for 1, account#1618635401#
06-08 18:57:34.391: I/System.out(25158): Device IMEI is 352494060195210
06-08 18:57:34.928: D/==FindMyPhone==(26284): 1496928454928
06-08 18:57:35.384: W/ctxmgr(4881): [AclManager]No 2 for (accnt=account#1618635401#, com.google.android.gms(10030):UserLocationProducer, vrsn=11055000, 0, 3pPkg = null ,  3pMdlId = null ,  pid = 4881). Was: 2 for 1, account#1618635401#
06-08 18:57:36.398: W/ctxmgr(4881): [AclManager]No 2 for (accnt=account#1618635401#, com.google.android.gms(10030):UserLocationProducer, vrsn=11055000, 0, 3pPkg = null ,  3pMdlId = null ,  pid = 4881). Was: 2 for 1, account#1618635401#
06-08 18:57:37.367: I/Gobi(445): vendor/qcom/proprietary/RIDL/RIDLClient/RIDLSQL.cpp:2500: GetTransState() EBADF
06-08 18:57:37.367: I/Gobi(445): vendor/qcom/proprietary/RIDL/RIDLClient/MainCore.cpp:1550: Failed to get TransState, rc 9
06-08 18:57:37.367: I/Gobi(445): vendor/qcom/proprietary/RIDL/RIDLClient/RIDLSQL.cpp:2500: GetTransState() EBADF
06-08 18:57:37.367: I/Gobi(445): vendor/qcom/proprietary/RIDL/RIDLClient/RIDLSQL.cpp:2500: GetTransState() EBADF
06-08 18:57:37.368: D/Network(25158): Got Location Updates 18.51034747 73.79226495
06-08 18:57:37.388: I/System.out(25158): Device IMEI is 352494060195210
06-08 18:57:37.396: W/ctxmgr(4881): [AclManager]No 2 for (accnt=account#1618635401#, com.google.android.gms(10030):UserLocationProducer, vrsn=11055000, 0, 3pPkg = null ,  3pMdlId = null ,  pid = 4881). Was: 2 for 1, account#1618635401#
06-08 18:57:37.633: D/bt_btm_pm(6717): btm_pm_snd_md_req switching from ACTIVE to SNIFF.
06-08 18:57:37.709: D/bt_btm_pm(6717): btm_pm_proc_mode_change switched from UNKNOWN to ACTIVE.
06-08 18:57:37.709: E/bt_btif(6717): bta_dm_pm_btm_status hci_status=36
06-08 18:57:37.967: D/==FindMyPhone==(26284): 1496928457967
06-08 18:57:38.377: W/ctxmgr(4881): [AclManager]No 2 for (accnt=account#1618635401#, com.google.android.gms(10030):UserLocationProducer, vrsn=11055000, 0, 3pPkg = null ,  3pMdlId = null ,  pid = 4881). Was: 2 for 1, account#1618635401#
06-08 18:57:38.968: D/WifiService(1043): acquireWifiLockLocked: WifiLock{NlpWifiLock type=2 binder=android.os.BinderProxy@8b5e21}
06-08 18:57:39.383: W/ctxmgr(4881): [AclManager]No 2 for (accnt=account#1618635401#, com.google.android.gms(10030):UserLocationProducer, vrsn=11055000, 0, 3pPkg = null ,  3pMdlId = null ,  pid = 4881). Was: 2 for 1, account#1618635401#
06-08 18:57:40.361: D/Network(25158): Got Location Updates 18.51033229 73.79237229
06-08 18:57:40.380: W/ctxmgr(4881): [AclManager]No 2 for (accnt=account#1618635401#, com.google.android.gms(10030):UserLocationProducer, vrsn=11055000, 0, 3pPkg = null ,  3pMdlId = null ,  pid = 4881). Was: 2 for 1, account#1618635401#
06-08 18:57:40.390: I/System.out(25158): Device IMEI is 352494060195210
06-08 18:57:41.007: D/==FindMyPhone==(26284): 1496928461007
06-08 18:57:41.381: W/ctxmgr(4881): [AclManager]No 2 for (accnt=account#1618635401#, com.google.android.gms(10030):UserLocationProducer, vrsn=11055000, 0, 3pPkg = null ,  3pMdlId = null ,  pid = 4881). Was: 2 for 1, account#1618635401#
06-08 18:57:42.381: W/ctxmgr(4881): [AclManager]No 2 for (accnt=account#1618635401#, com.google.android.gms(10030):UserLocationProducer, vrsn=11055000, 0, 3pPkg = null ,  3pMdlId = null ,  pid = 4881). Was: 2 for 1, account#1618635401#
06-08 18:57:42.415: V/OSNPGlue_jni(1043): Entering  : void onJavaLocationChanged(JNIEnv*, jobject, jboolean, jlong, jboolean, jlong, jboolean, jdouble, jboolean, jdouble, jboolean, jfloat, jboolean, jdouble, jboolean, jfloat, jboolean, jfloat)
06-08 18:57:42.416: E/LocSvc_LBSApiV02(1043): E/virtual int lbs_core::LBSApiV02::injectCoarsePosition(const CoarsePositionInfo&):320]: Error : st = 3, ind.status = -1727159900
06-08 18:57:42.422: D/WifiService(1043): releaseWifiLockLocked: WifiLock{NlpWifiLock type=2 binder=android.os.BinderProxy@8b5e21}
06-08 18:57:42.429: D/Network(25158): Got Location Updates 18.5103196 73.7923437
06-08 18:57:42.443: W/ctxmgr(4881): [AclManager]No 2 for (accnt=account#1618635401#, com.google.android.gms(10030):UserLocationProducer, vrsn=11055000, 0, 3pPkg = null ,  3pMdlId = null ,  pid = 4881). Was: 2 for 1, account#1618635401#
06-08 18:57:42.446: I/System.out(25158): Device IMEI is 352494060195210
06-08 18:57:42.975: W/System.err(25158): java.io.FileNotFoundException: http://env-9683988.ind-cloud.everdata.com:8080/CenteralServer/pages/tiles/save.jsp?lngsend=73.7914688&load_pct=0.0&temp=0.0&throttlepos=22.399999618530273&method=send&time=1496928452046&imei=352494060195210&latsend=18.5104557&rpm=1221.0&ctime=08-Jun-2017+18%3A57%3A32&maf=9.670000076293945&vss=0.0&iat=0.0
06-08 18:57:42.975: W/System.err(25158): 	at com.android.okhttp.internal.huc.HttpURLConnectionImpl.getInputStream(HttpURLConnectionImpl.java:238)
06-08 18:57:42.975: W/System.err(25158): 	at com.util.HttpView.connect2Server(HttpView.java:58)
06-08 18:57:42.975: W/System.err(25158): 	at com.util.HttpView.createURL(HttpView.java:339)
